-------------------------------------------------------------------------------
      name:  <unnamed>
       log:  C:/Users/Usuario/Documents/GitHub/twfe_survey/replications/2015-20
> 19/Pierce and Schott (2016)/run_twowayfe.log
  log type:  text
 opened on:   2 Jul 2026, 05:11:21

. 
. * ===========================================================================
> ==
. * STEP 1: Load panel_GTD.dta
. * ===========================================================================
> ==
. di _n "============================================================"

============================================================

. di "  STEP 1: DATA PREPARATION"
  STEP 1: DATA PREPARATION

. di "============================================================"
============================================================

. 
. use "$datadir/panel_GTD.dta", clear

. 
. di "Panel obs: " _N
Panel obs: 5814

. 
. * Panel structure
. qui tab fam50

. local n_groups = r(r)

. qui tab year

. local n_years = r(r)

. di "Industry families (G): " `n_groups'
Industry families (G): 323

. di "Years (T): " `n_years'
Years (T): 18

. di "Panel: " `n_groups' " x " `n_years' " = " `n_groups' * `n_years'
Panel: 323 x 18 = 5814

. 
. di _n "--- Treatment: s1999_post (NTR gap x post) ---"

--- Treatment: s1999_post (NTR gap x post) ---

. sum s1999_post, detail

          D×T: NTR gap × post (main DID variable)
-------------------------------------------------------------
      Percentiles      Smallest
 1%            0              0
 5%            0              0
10%            0              0       Obs               5,814
25%            0              0       Sum of wgt.       5,814

50%            0                      Mean           .1252425
                        Largest       Std. dev.      .1812214
75%     .2868182            .77
90%       .39525            .77       Variance       .0328412
95%     .4729566            .77       Skewness       1.137149
99%     .6137663            .77       Kurtosis       3.058726

. 
. di _n "--- Outcome: lemp (log employment) ---"

--- Outcome: lemp (log employment) ---

. sum lemp, detail

             Y: Log employment (NBER-CES, 1000s)
-------------------------------------------------------------
      Percentiles      Smallest
 1%     .4054651      -.3566749
 5%     1.252763      -.3566749
10%     1.667707      -.3566749       Obs               5,814
25%     2.272126      -.2231435       Sum of wgt.       5,814

50%     2.949688                      Mean           3.003063
                        Largest       Std. dev.      1.103583
75%     3.732896       6.445085
90%     4.435567        6.45567       Variance       1.217896
95%     4.884316       6.455827       Skewness       .0853911
99%      5.59731       6.478971       Kurtosis       3.084823

. 
. di _n "--- Weight: emp1990 ---"

--- Weight: emp1990 ---

. sum emp1990, detail

              W: Employment weight (1990 level)
-------------------------------------------------------------
      Percentiles      Smallest
 1%          2.2            1.4
 5%          4.9            1.4
10%          7.3            1.4       Obs               5,814
25%         11.7            1.4       Sum of wgt.       5,814

50%         21.4                      Mean           41.94613
                        Largest       Std. dev.      64.05373
75%         46.2          651.3
90%         90.3          651.3       Variance        4102.88
95%          145          651.3       Skewness       4.750998
99%        314.5          651.3       Kurtosis        34.8861

. 
. * ===========================================================================
> ==
. * STEP 2: Replicate Table 1
. * ===========================================================================
> ==
. di _n "============================================================"

============================================================

. di "  STEP 2: TABLE 1 REPLICATION"
  STEP 2: TABLE 1 REPLICATION

. di "============================================================"
============================================================

. 
. * --- Col 1: Industry FE + Year dummies (main TWFE spec) ---
. di _n "--- Table 1, Col 1: areg lemp s1999_post d???? [aw=emp1990], a(fam50) 
> ---"

--- Table 1, Col 1: areg lemp s1999_post d???? [aw=emp1990], a(fam50) ---

. areg lemp s1999_post d1991-d2007 [aw=emp1990], a(fam50) cl(fam50) robust
(sum of wgt is 243,874.800363064)

Linear regression, absorbing indicators             Number of obs     =  5,814
Absorbed variable: fam50                            No. of categories =    323
                                                    F(18, 322)        =  49.39
                                                    Prob > F          = 0.0000
                                                    R-squared         = 0.9744
                                                    Adj R-squared     = 0.9728
                                                    Root MSE          = 0.1903

                                (Std. err. adjusted for 323 clusters in fam50)
------------------------------------------------------------------------------
             |               Robust
        lemp | Coefficient  std. err.      t    P>|t|     [95% conf. interval]
-------------+----------------------------------------------------------------
  s1999_post |  -.8341043   .2368945    -3.52   0.000    -1.300161   -.3680479
       d1991 |  -.0486353   .0042311   -11.49   0.000    -.0569595   -.0403112
       d1992 |  -.0470633   .0091647    -5.14   0.000    -.0650935   -.0290331
       d1993 |  -.0564715   .0135661    -4.16   0.000     -.083161    -.029782
       d1994 |  -.0619223   .0189197    -3.27   0.001    -.0991442   -.0247005
       d1995 |  -.0498414   .0221417    -2.25   0.025    -.0934021   -.0062808
       d1996 |  -.0612102   .0237102    -2.58   0.010    -.1078566   -.0145638
       d1997 |  -.0557922   .0252946    -2.21   0.028    -.1055557   -.0060287
       d1998 |  -.0560739   .0256876    -2.18   0.030    -.1066106   -.0055372
       d1999 |  -.0795842   .0292687    -2.72   0.007    -.1371662   -.0220022
       d2000 |  -.0942001   .0324512    -2.90   0.004    -.1580433    -.030357
       d2001 |    .111953   .0773911     1.45   0.149    -.0403031    .2642091
       d2002 |   .0182089   .0720996     0.25   0.801     -.123637    .1600547
       d2003 |   -.043687   .0700099    -0.62   0.533    -.1814217    .0940476
       d2004 |  -.0929905   .0688243    -1.35   0.178    -.2283925    .0424115
       d2005 |  -.1214837   .0674465    -1.80   0.073    -.2541751    .0112078
       d2006 |  -.1423732   .0655612    -2.17   0.031    -.2713555   -.0133909
       d2007 |  -.1171814   .0614675    -1.91   0.057    -.2381101    .0037474
       _cons |   4.362516    .023515   185.52   0.000     4.316253    4.408778
------------------------------------------------------------------------------

. 
. local beta_c1 = _b[s1999_post]

. local se_c1   = _se[s1999_post]

. local n_c1    = e(N)

. local r2_c1   = e(r2)

. local t_c1    = `beta_c1' / `se_c1'

. local stars_c1 = ""

. if abs(`t_c1') > 2.576      local stars_c1 = "***"

. else if abs(`t_c1') > 1.960 local stars_c1 = "**"

. else if abs(`t_c1') > 1.645 local stars_c1 = "*"

. 
. di "  beta = " %9.4f `beta_c1' " `stars_c1'"
  beta =   -0.8341 ***

. di "  se   = " %9.4f `se_c1'
  se   =    0.2369

. di "  N    = " `n_c1'
  N    = 5814

. di "  R2   = " %6.4f `r2_c1'
  R2   = 0.9744

. 
. * --- Col 2: + capital/skill controls ---
. di _n "--- Table 1, Col 2: + lkl1990_post lsl1990_post ---"

--- Table 1, Col 2: + lkl1990_post lsl1990_post ---

. areg lemp s1999_post lkl1990_post lsl1990_post d1991-d2007 [aw=emp1990], a(fa
> m50) cl(fam50) robust
(sum of wgt is 243,874.800363064)

Linear regression, absorbing indicators             Number of obs     =  5,814
Absorbed variable: fam50                            No. of categories =    323
                                                    F(20, 322)        =  46.63
                                                    Prob > F          = 0.0000
                                                    R-squared         = 0.9749
                                                    Adj R-squared     = 0.9733
                                                    Root MSE          = 0.1888

                                (Std. err. adjusted for 323 clusters in fam50)
------------------------------------------------------------------------------
             |               Robust
        lemp | Coefficient  std. err.      t    P>|t|     [95% conf. interval]
-------------+----------------------------------------------------------------
  s1999_post |  -.7150801   .2195999    -3.26   0.001    -1.147112   -.2830483
lkl1990_post |   .0407703   .0305427     1.33   0.183    -.0193182    .1008589
lsl1990_post |   .0777841   .0625851     1.24   0.215    -.0453432    .2009114
       d1991 |  -.0486353   .0042319   -11.49   0.000     -.056961   -.0403096
       d1992 |  -.0470633   .0091663    -5.13   0.000    -.0650968   -.0290298
       d1993 |  -.0564715   .0135686    -4.16   0.000    -.0831658   -.0297772
       d1994 |  -.0619223   .0189232    -3.27   0.001     -.099151   -.0246937
       d1995 |  -.0498414   .0221457    -2.25   0.025      -.09341   -.0062728
       d1996 |  -.0612102   .0237145    -2.58   0.010    -.1078651   -.0145553
       d1997 |  -.0557922   .0252992    -2.21   0.028    -.1055648   -.0060196
       d1998 |  -.0560739   .0256923    -2.18   0.030    -.1066198    -.005528
       d1999 |  -.0795842    .029274    -2.72   0.007    -.1371767   -.0219917
       d2000 |  -.0942001   .0324571    -2.90   0.004     -.158055   -.0303453
       d2001 |   .0027348    .177247     0.02   0.988    -.3459736    .3514432
       d2002 |  -.0910094   .1772003    -0.51   0.608    -.4396259    .2576072
       d2003 |  -.1529052   .1759612    -0.87   0.386    -.4990841    .1932736
       d2004 |  -.2022087   .1766212    -1.14   0.253    -.5496859    .1452685
       d2005 |  -.2307019   .1762941    -1.31   0.192    -.5775356    .1161319
       d2006 |  -.2515914   .1752387    -1.44   0.152    -.5963488    .0931659
       d2007 |  -.2263996   .1728882    -1.31   0.191    -.5665326    .1137334
       _cons |   4.362516   .0236882   184.16   0.000     4.315913    4.409119
------------------------------------------------------------------------------

. 
. local beta_c2 = _b[s1999_post]

. local se_c2   = _se[s1999_post]

. local n_c2    = e(N)

. local r2_c2   = e(r2)

. local t_c2    = `beta_c2' / `se_c2'

. local stars_c2 = ""

. if abs(`t_c2') > 2.576      local stars_c2 = "***"

. else if abs(`t_c2') > 1.960 local stars_c2 = "**"

. else if abs(`t_c2') > 1.645 local stars_c2 = "*"

. 
. local beta_lkl_c2 = _b[lkl1990_post]

. local se_lkl_c2   = _se[lkl1990_post]

. local beta_lsl_c2 = _b[lsl1990_post]

. local se_lsl_c2   = _se[lsl1990_post]

. 
. di "  beta(s1999_post)  = " %9.4f `beta_c2' " `stars_c2'"
  beta(s1999_post)  =   -0.7151 ***

. di "  se(s1999_post)    = " %9.4f `se_c2'
  se(s1999_post)    =    0.2196

. 
. * --- Col 3: + all robustness controls ---
. di _n "--- Table 1, Col 3: + all controls ---"

--- Table 1, Col 3: + all controls ---

. areg lemp s1999_post lkl1990_post lsl1990_post contract_post dr_post ///
>      atp_post sfw_mwt_sum_new ntr mem d1991-d2007 [aw=emp1990], a(fam50) cl(f
> am50) robust
(sum of wgt is 243,874.800363064)

Linear regression, absorbing indicators             Number of obs     =  5,814
Absorbed variable: fam50                            No. of categories =    323
                                                    F(26, 322)        =  70.13
                                                    Prob > F          = 0.0000
                                                    R-squared         = 0.9793
                                                    Adj R-squared     = 0.9780
                                                    Root MSE          = 0.1714

                                (Std. err. adjusted for 323 clusters in fam50)
------------------------------------------------------------------------------
             |               Robust
        lemp | Coefficient  std. err.      t    P>|t|     [95% conf. interval]
-------------+----------------------------------------------------------------
  s1999_post |  -.4938555   .1710415    -2.89   0.004    -.8303554   -.1573555
lkl1990_post |  -.0292242   .0272513    -1.07   0.284    -.0828371    .0243888
lsl1990_post |   .1191346   .0596353     2.00   0.047     .0018105    .2364587
contract_p~t |  -.2875644   .1073222    -2.68   0.008    -.4987056   -.0764232
     dr_post |  -.1490171   .1575086    -0.95   0.345    -.4588929    .1608588
    atp_post |  -.0759506   .0579315    -1.31   0.191    -.1899227    .0380216
sfw_mwt_su~w |  -3579.365   404.3207    -8.85   0.000    -4374.808   -2783.921
         ntr |  -.2366126   .8596008    -0.28   0.783    -1.927756     1.45453
         mem |  -.0013224   .0022718    -0.58   0.561    -.0057918    .0031471
       d1991 |  -.0487861    .004272   -11.42   0.000    -.0571907   -.0403815
       d1992 |  -.0482936   .0092931    -5.20   0.000    -.0665765   -.0300106
       d1993 |  -.0586523   .0138137    -4.25   0.000    -.0858288   -.0314757
       d1994 |   -.065349   .0190992    -3.42   0.001     -.102924   -.0277741
       d1995 |  -.0544154   .0213407    -2.55   0.011    -.0964001   -.0124306
       d1996 |  -.0672421   .0231798    -2.90   0.004     -.112845   -.0216391
       d1997 |  -.0630633   .0251665    -2.51   0.013    -.1125748   -.0135518
       d1998 |  -.0654003   .0268163    -2.44   0.015    -.1181575    -.012643
       d1999 |  -.0903438   .0313308    -2.88   0.004    -.1519827   -.0287048
       d2000 |  -.1063037   .0349662    -3.04   0.003    -.1750947   -.0375127
       d2001 |   .4354724   .1934471     2.25   0.025     .0548926    .8160522
       d2002 |   .3411203    .191139     1.78   0.075    -.0349187    .7171592
       d2003 |   .2776431   .1905275     1.46   0.146    -.0971927    .6524789
       d2004 |   .2677737   .1904235     1.41   0.161    -.1068576     .642405
       d2005 |     .23918   .1902467     1.26   0.210    -.1351034    .6134634
       d2006 |   .2168436   .1893353     1.15   0.253    -.1556469    .5893341
       d2007 |   .2416231   .1893025     1.28   0.203    -.1308029     .614049
       _cons |   4.402132    .064648    68.09   0.000     4.274947    4.529318
------------------------------------------------------------------------------

. 
. local beta_c3 = _b[s1999_post]

. local se_c3   = _se[s1999_post]

. local n_c3    = e(N)

. local r2_c3   = e(r2)

. local t_c3    = `beta_c3' / `se_c3'

. local stars_c3 = ""

. if abs(`t_c3') > 2.576      local stars_c3 = "***"

. else if abs(`t_c3') > 1.960 local stars_c3 = "**"

. else if abs(`t_c3') > 1.645 local stars_c3 = "*"

. 
. di "  beta(s1999_post)  = " %9.4f `beta_c3' " `stars_c3'"
  beta(s1999_post)  =   -0.4939 ***

. di "  se(s1999_post)    = " %9.4f `se_c3'
  se(s1999_post)    =    0.1710

. 
. * ===========================================================================
> ==
. * STEP 3: twowayfeweights decomposition
. * ===========================================================================
> ==
. di _n "============================================================"

============================================================

. di "  STEP 3: TWOWAYFEWEIGHTS DECOMPOSITION"
  STEP 3: TWOWAYFEWEIGHTS DECOMPOSITION

. di "  Y = lemp, G = fam50, T = year, D = s1999_post"
  Y = lemp, G = fam50, T = year, D = s1999_post

. di "  weight = emp1990"
  weight = emp1990

. di "============================================================"
============================================================

. 
. * --- 3a. feTR ---
. di _n "--- feTR decomposition ---"

--- feTR decomposition ---

. cap scalar drop nplus nminus beta sumplus summinus

. cap noisily twowayfeweights lemp fam50 year s1999_post, type(feTR) weight(emp
> 1990) summary_measures

Under the common trends assumption,
the TWFE coefficient beta, equal to -0.8341, estimates a weighted sum of 2261 A
> TTs. 
1344 ATTs receive a positive weight, and 917 receive a negative weight.
------------------------------------------------
Treat. var: s1999_post  # ATTs      Σ weights  
------------------------------------------------
Positive weights        1344        1.4089      
Negative weights        917         -0.4089     
------------------------------------------------
Total                   2261        1.0000      
------------------------------------------------

Summary Measures:
TWFE coefficient (β_fe) =   -0.8341
min σ(Δ) compatible with β_fe and Δ_TR = 0:    0.3720
min σ(Δ) compatible with treatment effect of opposite sign than β_fe in all (g,
> t) cells:    0.7444
Reference: Corollary 1, de Chaisemartin, C and D'Haultfoeuille, X (2020a)


The development of this package was funded by the European Union (ERC, REALLYCR
> EDIBLE,GA N°101043899).

. local twfe_rc = _rc

. 
. local fetr_ok = 0

. local fetr_beta = .

. local fetr_npos = .

. local fetr_nneg = .

. local fetr_sumpos = .

. local fetr_sumneg = .

. local fetr_sens1 = .

. local fetr_sens2 = .

. 
. if `twfe_rc' == 0 {
.     local fetr_ok = 1
.     cap local fetr_beta    = e(beta)
.     cap local fetr_npos    = el(e(M),1,1)
.     cap local fetr_nneg    = el(e(M),2,1)
.     cap local fetr_sumpos  = el(e(M),1,2)
.     cap local fetr_sumneg  = el(e(M),2,2)
.     cap local fetr_sens1   = e(lb_se_te)
.     cap local fetr_sens2   = e(lb_se_te2)
. }

. else {
.     di "  twowayfeweights returned rc=`twfe_rc', trying fallback..."
.     cap local fetr_beta    = scalar(beta)
.     cap local fetr_npos    = scalar(nplus)
.     cap local fetr_nneg    = scalar(nminus)
.     cap local fetr_sumpos  = scalar(sumplus)
.     cap local fetr_sumneg  = scalar(summinus)
.     if `fetr_npos' != . & `fetr_nneg' != . {
.         local fetr_ok = 1
.         di "  Fallback OK"
.     }
.     else {
.         di "  Fallback FAILED"
.     }
. }

. 
. if `fetr_ok' == 1 {
.     local fetr_ntot = `fetr_npos' + `fetr_nneg'
.     if `fetr_ntot' > 0 {
.         local fetr_pneg = 100 * `fetr_nneg' / `fetr_ntot'
.     }
.     else {
.         local fetr_pneg = 0
.     }
.     di _n "--- feTR Summary ---"

--- feTR Summary ---
.     di "  beta       = " %12.6f `fetr_beta'
  beta       =    -0.834104
.     di "  Pos weights: " %9.0f `fetr_npos'
  Pos weights:      1344
.     di "  Neg weights: " %9.0f `fetr_nneg'
  Neg weights:       917
.     di "  % Negative:  " %5.1f `fetr_pneg' "%"
  % Negative:   40.6%
.     di "  Sum pos w:   " %9.4f `fetr_sumpos'
  Sum pos w:      1.4089
.     di "  Sum neg w:   " %9.4f `fetr_sumneg'
  Sum neg w:     -0.4089
.     if `fetr_sens1' != . di "  min sigma for zero:  " %9.4f `fetr_sens1'
  min sigma for zero:     0.3720
.     if `fetr_sens2' != . di "  min sigma for opp:   " %9.4f `fetr_sens2'
  min sigma for opp:      0.7444
. }

. else {
.     di "feTR FAILED completely with rc=`twfe_rc'"
. }

. 
. * --- 3b. fdTR ---
. di _n "--- fdTR decomposition ---"

--- fdTR decomposition ---

. cap scalar drop nplus nminus beta sumplus summinus

. cap noisily twowayfeweights lemp fam50 year s1999_post, type(fdTR) weight(emp
> 1990) summary_measures
invalid syntax

. local twfe_rc_fd = _rc

. 
. local fdtr_ok = 0

. local fdtr_beta = .

. local fdtr_npos = .

. local fdtr_nneg = .

. local fdtr_sumpos = .

. local fdtr_sumneg = .

. local fdtr_sens1 = .

. local fdtr_sens2 = .

. 
. if `twfe_rc_fd' == 0 {
.     local fdtr_ok = 1
.     cap local fdtr_beta    = e(beta)
.     cap local fdtr_npos    = el(e(M),1,1)
.     cap local fdtr_nneg    = el(e(M),2,1)
.     cap local fdtr_sumpos  = el(e(M),1,2)
.     cap local fdtr_sumneg  = el(e(M),2,2)
.     cap local fdtr_sens1   = e(lb_se_te)
.     cap local fdtr_sens2   = e(lb_se_te2)
. }

. else {
.     di "  twowayfeweights fdTR returned rc=`twfe_rc_fd', trying fallback..."
  twowayfeweights fdTR returned rc=198, trying fallback...
.     cap local fdtr_beta    = scalar(beta)
.     cap local fdtr_npos    = scalar(nplus)
.     cap local fdtr_nneg    = scalar(nminus)
.     cap local fdtr_sumpos  = scalar(sumplus)
.     cap local fdtr_sumneg  = scalar(summinus)
.     if `fdtr_npos' != . & `fdtr_nneg' != . {
.         local fdtr_ok = 1
.         di "  Fallback OK"
.     }
.     else {
.         di "  Fallback FAILED"
  Fallback FAILED
.     }
. }

. 
. if `fdtr_ok' == 1 {
.     local fdtr_ntot = `fdtr_npos' + `fdtr_nneg'
.     if `fdtr_ntot' > 0 {
.         local fdtr_pneg = 100 * `fdtr_nneg' / `fdtr_ntot'
.     }
.     else {
.         local fdtr_pneg = 0
.     }
.     di _n "--- fdTR Summary ---"
.     di "  beta       = " %12.6f `fdtr_beta'
.     di "  Pos weights: " %9.0f `fdtr_npos'
.     di "  Neg weights: " %9.0f `fdtr_nneg'
.     di "  % Negative:  " %5.1f `fdtr_pneg' "%"
.     di "  Sum pos w:   " %9.4f `fdtr_sumpos'
.     di "  Sum neg w:   " %9.4f `fdtr_sumneg'
.     if `fdtr_sens1' != . di "  min sigma for zero:  " %9.4f `fdtr_sens1'
.     if `fdtr_sens2' != . di "  min sigma for opp:   " %9.4f `fdtr_sens2'
. }

. else {
.     di "fdTR FAILED completely with rc=`twfe_rc_fd'"
fdTR FAILED completely with rc=198
. }

. 
. * ===========================================================================
> ==
. * STEP 3c: classify_design
. * ===========================================================================
> ==
. di _n "============================================================"

============================================================

. di "  STEP 3c: CLASSIFY DESIGN"
  STEP 3c: CLASSIFY DESIGN

. di "============================================================"
============================================================

. 
. use "$datadir/panel_GTD.dta", clear

. classify_design fam50 year s1999_post

===== classify_design =====
  Group  : fam50
  Time   : year
  Treat  : s1999_post
(5,491 missing values generated)

Your dataset corresponds to Design HAD (Heterogeneous Adoption Design).
  Common adoption period t* = 12 (ranked time).
  E[D|t*] =    0.3221, Var[D|t*, D>0] =    0.0211
  Groups receiving a positive dose at t*: 323.

. 
. local design  "`r(design)'"

. local subtype "`r(subtype)'"

. di _n "Design:  `design'"

Design:  HAD

. di "Subtype: `subtype'"
Subtype: 

. 
. * ===========================================================================
> ==
. * STEP 4: LaTeX output
. * ===========================================================================
> ==
. di _n "============================================================"

============================================================

. di "  STEP 4: LaTeX OUTPUT"
  STEP 4: LaTeX OUTPUT

. di "============================================================"
============================================================

. 
. * --- Table 1 replication ---
. cap file close texfile

. file open texfile using "$texdir/table1_replication.tex", write replace
(file
    C:/Users/Usuario/Documents/GitHub/twfe_survey/replications/2015-2019/Pier
    > ce and Schott (2016)/table1_replication.tex not found)

. 
. file write texfile "\begin{table}[htbp]" _n

. file write texfile "\centering" _n

. file write texfile "\caption{Replication of Pierce and Schott (2016), Table 1
> }" _n

. file write texfile "\label{tab:pierce_schott_t1}" _n

. file write texfile "\begin{adjustbox}{max width=\textwidth}" _n

. file write texfile "\begin{tabular}{lccc}" _n

. file write texfile "\toprule" _n

. file write texfile " & (1) & (2) & (3) \\" _n

. file write texfile " & Log Emp & Log Emp & Log Emp \\" _n

. file write texfile "\midrule" _n

. 
. * s1999_post row
. file write texfile "NTR Gap $\times$ Post"

. file write texfile " & " %9.4f (`beta_c1') "`stars_c1'"

. file write texfile " & " %9.4f (`beta_c2') "`stars_c2'"

. file write texfile " & " %9.4f (`beta_c3') "`stars_c3'"

. file write texfile " \\" _n

. 
. * SE row
. file write texfile " & (" %9.4f (`se_c1') ")"

. file write texfile " & (" %9.4f (`se_c2') ")"

. file write texfile " & (" %9.4f (`se_c3') ")"

. file write texfile " \\" _n

. 
. file write texfile "\addlinespace" _n

. 
. * Controls indicators
. file write texfile "Industry family FE & Yes & Yes & Yes \\" _n

. file write texfile "Year dummies & Yes & Yes & Yes \\" _n

. file write texfile "Factor intensity controls & No & Yes & Yes \\" _n

. file write texfile "Trade/institutional controls & No & No & Yes \\" _n

. file write texfile "Weights (emp 1990) & Yes & Yes & Yes \\" _n

. 
. file write texfile "\midrule" _n

. 
. * N and R2
. file write texfile "N & " %9.0fc (`n_c1') " & " %9.0fc (`n_c2') " & " %9.0fc 
> (`n_c3') " \\" _n

. file write texfile "$R^2$ & " %6.4f (`r2_c1') " & " %6.4f (`r2_c2') " & " %6.
> 4f (`r2_c3') " \\" _n

. 
. file write texfile "\bottomrule" _n

. file write texfile "\multicolumn{4}{p{0.90\linewidth}}{\footnotesize" _n

. file write texfile "\textit{Notes:} Replication using NBER-CES public data (o
> riginal uses restricted Census LBD). " _n

. file write texfile "NTR Gap is the difference between non-NTR and NTR tariff 
> rates as of 1999. " _n

. file write texfile "Robust standard errors clustered by industry family in pa
> rentheses. " _n

. file write texfile "*** $p<0.01$, ** $p<0.05$, * $p<0.10$.}" _n

. file write texfile "\end{tabular}" _n

. file write texfile "\end{adjustbox}" _n

. file write texfile "\end{table}" _n

. 
. file close texfile

. di "  Saved: table1_replication.tex"
  Saved: table1_replication.tex

. 
. * --- twowayfeweights table ---
. cap file close texfile

. file open texfile using "$texdir/table_twowayfeweights.tex", write replace
(file
    C:/Users/Usuario/Documents/GitHub/twfe_survey/replications/2015-2019/Pier
    > ce and Schott (2016)/table_twowayfeweights.tex not found)

. 
. file write texfile "\begin{table}[htbp]" _n

. file write texfile "\centering" _n

. file write texfile "\caption{TWFE Weight Decomposition: Pierce and Schott (20
> 16)}" _n

. file write texfile "\label{tab:pierce_schott_weights}" _n

. file write texfile "\begin{tabular}{lcc}" _n

. file write texfile "\toprule" _n

. file write texfile " & feTR & fdTR \\" _n

. file write texfile "\midrule" _n

. 
. * beta
. if `fetr_ok' == 1 {
.     file write texfile "$\hat{\beta}_{fe}$ & " %9.4f (`fetr_beta') " & "
. }

. else {
.     file write texfile "$\hat{\beta}_{fe}$ & --- & "
. }

. if `fdtr_ok' == 1 {
.     file write texfile %9.4f (`fdtr_beta') " \\" _n
. }

. else {
.     file write texfile "--- \\" _n
. }

. 
. * Positive weights
. if `fetr_ok' == 1 {
.     file write texfile "Positive weights & " %9.0f (`fetr_npos') " & "
. }

. else {
.     file write texfile "Positive weights & --- & "
. }

. if `fdtr_ok' == 1 {
.     file write texfile %9.0f (`fdtr_npos') " \\" _n
. }

. else {
.     file write texfile "--- \\" _n
. }

. 
. * Negative weights
. if `fetr_ok' == 1 {
.     file write texfile "Negative weights & " %9.0f (`fetr_nneg') " & "
. }

. else {
.     file write texfile "Negative weights & --- & "
. }

. if `fdtr_ok' == 1 {
.     file write texfile %9.0f (`fdtr_nneg') " \\" _n
. }

. else {
.     file write texfile "--- \\" _n
. }

. 
. * % Negative
. if `fetr_ok' == 1 {
.     file write texfile "\% Negative & " %5.1f (`fetr_pneg') "\% & "
. }

. else {
.     file write texfile "\% Negative & --- & "
. }

. if `fdtr_ok' == 1 {
.     file write texfile %5.1f (`fdtr_pneg') "\% \\" _n
. }

. else {
.     file write texfile "--- \\" _n
. }

. 
. * Sum weights
. if `fetr_ok' == 1 {
.     file write texfile "$\sum w^+$ & " %9.4f (`fetr_sumpos') " & "
. }

. else {
.     file write texfile "$\sum w^+$ & --- & "
. }

. if `fdtr_ok' == 1 {
.     file write texfile %9.4f (`fdtr_sumpos') " \\" _n
. }

. else {
.     file write texfile "--- \\" _n
. }

. 
. if `fetr_ok' == 1 & `fetr_sumneg' != . {
.     file write texfile "$\sum w^-$ & $-$" %9.4f (abs(`fetr_sumneg')) " & "
. }

. else {
.     file write texfile "$\sum w^-$ & --- & "
. }

. if `fdtr_ok' == 1 & `fdtr_sumneg' != . {
.     file write texfile "$-$" %9.4f (abs(`fdtr_sumneg')) " \\" _n
. }

. else {
.     file write texfile "--- \\" _n
. }

. 
. file write texfile "\midrule" _n

. 
. * Sensitivity measures
. if `fetr_sens1' != . {
.     file write texfile "\multicolumn{3}{l}{\footnotesize Min $\sigma(\Delta)$
>  for $\beta_{fe}=0$: " %9.4f (`fetr_sens1') "} \\" _n
. }

. if `fetr_sens2' != . {
.     file write texfile "\multicolumn{3}{l}{\footnotesize Min $\sigma(\Delta)$
>  for opposite sign: " %9.4f (`fetr_sens2') "} \\" _n
. }

. 
. file write texfile "\addlinespace" _n

. file write texfile "\multicolumn{3}{l}{\footnotesize Design classification: `
> design'" _n

. if "`subtype'" != "" {
.     file write texfile " (`subtype')" _n
. }

. file write texfile "} \\" _n

. 
. file write texfile "\midrule" _n

. file write texfile "\multicolumn{3}{p{0.85\linewidth}}{\footnotesize" _n

. file write texfile "Spec: industry family FE + year FE. " _n

. file write texfile "$Y$ = log employment (NBER-CES). " _n

. file write texfile "$D$ = NTR Gap $\times$ Post (continuous). " _n

. file write texfile "$G$ = industry family. $T$ = year (1990--2007). " _n

. file write texfile "Weighted by 1990 employment.}" _n

. file write texfile "\end{tabular}" _n

. file write texfile "\end{table}" _n

. 
. file close texfile

. di "  Saved: table_twowayfeweights.tex"
  Saved: table_twowayfeweights.tex

. 
. * --- Master LaTeX document ---
. cap file close texfile

. file open texfile using "$texdir/pierce_schott_tables.tex", write replace
(file
    C:/Users/Usuario/Documents/GitHub/twfe_survey/replications/2015-2019/Pier
    > ce and Schott (2016)/pierce_schott_tables.tex not found)

. 
. file write texfile "\documentclass[12pt]{article}" _n

. file write texfile "\usepackage[margin=1in]{geometry}" _n

. file write texfile "\usepackage{booktabs,caption,adjustbox,amsmath,amsfonts}"
>  _n

. file write texfile "\captionsetup{labelsep=endash, font=normalsize, justifica
> tion=centering}" _n

. file write texfile "\begin{document}" _n _n

. 
. file write texfile "\begin{center}" _n

. file write texfile "{\Large\bfseries Pierce and Schott (2016)}\\" _n

. file write texfile "{\large The Surprisingly Swift Decline of US Manufacturin
> g Employment}\\" _n

. file write texfile "\vspace{0.5em}" _n

. file write texfile "{\normalsize \textit{American Economic Review}, 106(7), 1
> 632--1662}" _n

. file write texfile "\end{center}" _n _n

. 
. file write texfile "\vspace{1em}" _n _n

. 
. file write texfile "\input{table1_replication}" _n _n

. file write texfile "\input{table_twowayfeweights}" _n _n

. 
. file write texfile "\end{document}" _n

. 
. file close texfile

. di "  Saved: pierce_schott_tables.tex"
  Saved: pierce_schott_tables.tex

. 
. * ===========================================================================
> ==
. * STEP 5: Final summary
. * ===========================================================================
> ==
. di _n "============================================================"

============================================================

. di "  FINAL SUMMARY: Pierce and Schott (2016)"
  FINAL SUMMARY: Pierce and Schott (2016)

. di "============================================================"
============================================================

. di "  Table 1 Replication (NBER-CES data)"
  Table 1 Replication (NBER-CES data)

. di "------------------------------------------------------------"
------------------------------------------------------------

. di "  Col 1: beta = " %9.4f `beta_c1' " `stars_c1'  (se = " %9.4f `se_c1' ")"
  Col 1: beta =   -0.8341 ***  (se =    0.2369)

. di "  Col 2: beta = " %9.4f `beta_c2' " `stars_c2'  (se = " %9.4f `se_c2' ")"
  Col 2: beta =   -0.7151 ***  (se =    0.2196)

. di "  Col 3: beta = " %9.4f `beta_c3' " `stars_c3'  (se = " %9.4f `se_c3' ")"
  Col 3: beta =   -0.4939 ***  (se =    0.1710)

. di "  N = " `n_c1' " (" `n_groups' " industries x " `n_years' " years)"
  N = 5814 (323 industries x 18 years)

. di "------------------------------------------------------------"
------------------------------------------------------------

. di "  twowayfeweights:"
  twowayfeweights:

. if `fetr_ok' {
.     di "    feTR: " %9.0f `fetr_npos' " pos, " %9.0f `fetr_nneg' " neg (" %5.
> 1f `fetr_pneg' "% negative)"
    feTR:      1344 pos,       917 neg ( 40.6% negative)
.     di "          Sum pos: " %9.4f `fetr_sumpos' "  Sum neg: " %9.4f `fetr_su
> mneg'
          Sum pos:    1.4089  Sum neg:   -0.4089
. }

. else {
.     di "    feTR: FAILED"
. }

. if `fdtr_ok' {
.     di "    fdTR: " %9.0f `fdtr_npos' " pos, " %9.0f `fdtr_nneg' " neg (" %5.
> 1f `fdtr_pneg' "% negative)"
.     di "          Sum pos: " %9.4f `fdtr_sumpos' "  Sum neg: " %9.4f `fdtr_su
> mneg'
. }

. else {
.     di "    fdTR: FAILED"
    fdTR: FAILED
. }

. di "------------------------------------------------------------"
------------------------------------------------------------

. di "  Design: `design'"
  Design: HAD

. if "`subtype'" != "" di "  Subtype: `subtype'"

. di "============================================================"
============================================================

. 
. log close
      name:  <unnamed>
       log:  C:/Users/Usuario/Documents/GitHub/twfe_survey/replications/2015-20
> 19/Pierce and Schott (2016)/run_twowayfe.log
  log type:  text
 closed on:   2 Jul 2026, 05:11:23
-------------------------------------------------------------------------------
