-------------------------------------------------------------------------------
      name:  t3
       log:  C:/Users/Usuario/Documents/GitHub/twfe_survey/replications/2010-20
> 12/Acemoglu et al. (2011)/full/table3.log
  log type:  text
 opened on:   6 May 2026, 00:03:52

. 
. sort id year

. 
. * Column 1: West of Elbe, weighted
. di _n "--- Table 3, Column 1: West of Elbe, weighted ---"

--- Table 3, Column 1: West of Elbe, weighted ---

. xtreg urbrate fpresence1750 fpresence1800 fpresence1850 fpresence1875 fpresen
> ce1900 yr* ///
>     if westelbe==1 [aweight=totalpop1750], fe i(id) cluster(id)
note: yr1900 omitted because of collinearity.

Fixed-effects (within) regression               Number of obs     =         74
Group variable: id                              Number of groups  =         13

R-squared:                                      Obs per group:
     Within  = 0.9188                                         min =          5
     Between = 0.1275                                         avg =        5.7
     Overall = 0.6743                                         max =          6

                                                F(10,12)          =     935.92
corr(u_i, Xb) = 0.0165                          Prob > F          =     0.0000

                                    (Std. err. adjusted for 13 clusters in id)
------------------------------------------------------------------------------
             |               Robust
     urbrate | Coefficient  std. err.      t    P>|t|     [95% conf. interval]
-------------+----------------------------------------------------------------
fpresen~1750 |  -.4910237   .2487343    -1.97   0.072    -1.032969    .0509218
fpresen~1800 |  -.2474441   .2251383    -1.10   0.293    -.7379783      .24309
fpresen~1850 |  -.1602948   .2501326    -0.64   0.534    -.7052869    .3846972
fpresen~1875 |    .402126   .3256276     1.23   0.240    -.3073556    1.111608
fpresen~1900 |   .6338689   .4075106     1.56   0.146    -.2540205    1.521758
      yr1700 |  -29.21852   4.246675    -6.88   0.000    -38.47123   -19.96581
      yr1750 |  -25.94389   3.390967    -7.65   0.000    -33.33217   -18.55561
      yr1800 |  -24.91925   3.599626    -6.92   0.000    -32.76216   -17.07634
      yr1850 |  -21.84132   2.862168    -7.63   0.000    -28.07745   -15.60519
      yr1875 |  -12.94605   1.372624    -9.43   0.000    -15.93674   -9.955362
      yr1900 |          0  (omitted)
       _cons |   36.31077    3.37137    10.77   0.000     28.96519    43.65636
-------------+----------------------------------------------------------------
     sigma_u |  6.7749955
     sigma_e |  4.3452422
         rho |   .7085422   (fraction of variance due to u_i)
------------------------------------------------------------------------------

. test fpresence1850 fpresence1875 fpresence1900

 ( 1)  fpresence1850 = 0
 ( 2)  fpresence1875 = 0
 ( 3)  fpresence1900 = 0

       F(  3,    12) =    3.41
            Prob > F =    0.0532

. local test1=r(p)

. outreg2 fpresence1750 fpresence1800 fpresence1850 fpresence1875 fpresence1900
>  ///
>     using "$outdir/table3_results.xls", ctitle("Col 1: W.Elbe, wgt") br noast
> er nocons ///
>     addstat(Number of States, e(df_a)+1, p-value joint signif after 1800,`tes
> t1') ///
>     replace
c:\ado\plus/o/outreg2.ado
C:/Users/Usuario/Documents/GitHub/twfe_survey/replications/2010-2012/Acemoglu e
> t al. (2011)/full/table3_results.xls
dir : seeout

. 
. * Column 2: West of Elbe, unweighted
. di _n "--- Table 3, Column 2: West of Elbe, unweighted ---"

--- Table 3, Column 2: West of Elbe, unweighted ---

. xtreg urbrate fpresence1750 fpresence1800 fpresence1850 fpresence1875 fpresen
> ce1900 yr* ///
>     if westelbe==1, fe i(id) cluster(id)
note: yr1900 omitted because of collinearity.

Fixed-effects (within) regression               Number of obs     =         74
Group variable: id                              Number of groups  =         13

R-squared:                                      Obs per group:
     Within  = 0.8442                                         min =          5
     Between = 0.1749                                         avg =        5.7
     Overall = 0.6879                                         max =          6

                                                F(10,12)          =     193.21
corr(u_i, Xb) = 0.0235                          Prob > F          =     0.0000

                                    (Std. err. adjusted for 13 clusters in id)
------------------------------------------------------------------------------
             |               Robust
     urbrate | Coefficient  std. err.      t    P>|t|     [95% conf. interval]
-------------+----------------------------------------------------------------
fpresen~1750 |  -.2517311   .1723752    -1.46   0.170    -.6273044    .1238422
fpresen~1800 |  -.0425451   .1534457    -0.28   0.786    -.3768745    .2917843
fpresen~1850 |   .0331917   .1534879     0.22   0.832    -.3012297     .367613
fpresen~1875 |   .3540444   .2949798     1.20   0.253    -.2886614    .9967502
fpresen~1900 |   .5288898   .4014873     1.32   0.212     -.345876    1.403656
      yr1700 |  -30.71882   4.729697    -6.49   0.000    -41.02395    -20.4137
      yr1750 |   -27.2305   4.391724    -6.20   0.000    -36.79925   -17.66176
      yr1800 |  -25.84024   3.609844    -7.16   0.000    -33.70541   -17.97506
      yr1850 |  -23.10901   3.701157    -6.24   0.000    -31.17314   -15.04489
      yr1875 |  -13.72183   1.894331    -7.24   0.000    -17.84923    -9.59444
      yr1900 |          0  (omitted)
       _cons |   36.23391   3.098298    11.69   0.000      29.4833    42.98452
-------------+----------------------------------------------------------------
     sigma_u |  6.6007385
     sigma_e |  6.1047228
         rho |  .53898016   (fraction of variance due to u_i)
------------------------------------------------------------------------------

. test fpresence1850 fpresence1875 fpresence1900

 ( 1)  fpresence1850 = 0
 ( 2)  fpresence1875 = 0
 ( 3)  fpresence1900 = 0

       F(  3,    12) =    0.91
            Prob > F =    0.4632

. local test2=r(p)

. outreg2 fpresence1750 fpresence1800 fpresence1850 fpresence1875 fpresence1900
>  ///
>     using "$outdir/table3_results.xls", ctitle("Col 2: W.Elbe, unwgt") br noa
> ster nocons ///
>     addstat(Number of States, e(df_a)+1, p-value joint signif after 1800,`tes
> t2')
C:/Users/Usuario/Documents/GitHub/twfe_survey/replications/2010-2012/Acemoglu e
> t al. (2011)/full/table3_results.xls
dir : seeout

. 
. * Column 3: All Germany, weighted
. di _n "--- Table 3, Column 3: All Germany, weighted ---"

--- Table 3, Column 3: All Germany, weighted ---

. xtreg urbrate fpresence1750 fpresence1800 fpresence1850 fpresence1875 fpresen
> ce1900 yr* ///
>     [aweight=totalpop1750], fe i(id) cluster(id)
note: yr1900 omitted because of collinearity.

Fixed-effects (within) regression               Number of obs     =        109
Group variable: id                              Number of groups  =         19

R-squared:                                      Obs per group:
     Within  = 0.8948                                         min =          5
     Between = 0.0170                                         avg =        5.7
     Overall = 0.6401                                         max =          6

                                                F(10,18)          =     222.22
corr(u_i, Xb) = 0.0007                          Prob > F          =     0.0000

                                    (Std. err. adjusted for 19 clusters in id)
------------------------------------------------------------------------------
             |               Robust
     urbrate | Coefficient  std. err.      t    P>|t|     [95% conf. interval]
-------------+----------------------------------------------------------------
fpresen~1750 |  -.4877689   .2346843    -2.08   0.052    -.9808224    .0052846
fpresen~1800 |  -.2683187   .2271092    -1.18   0.253    -.7454574      .20882
fpresen~1850 |  -.2205774   .2492595    -0.88   0.388    -.7442522    .3030974
fpresen~1875 |     .26588   .3031231     0.88   0.392     -.370958    .9027179
fpresen~1900 |   .5033205   .3757051     1.34   0.197    -.2860066    1.292648
      yr1700 |  -30.76349   3.623264    -8.49   0.000    -38.37568   -23.15129
      yr1750 |   -27.9112   3.143763    -8.88   0.000      -34.516    -21.3064
      yr1800 |  -26.53178   3.043012    -8.72   0.000    -32.92491   -20.13865
      yr1850 |  -22.87444    2.21262   -10.34   0.000    -27.52298   -18.22589
      yr1875 |  -12.86228   1.168029   -11.01   0.000    -15.31622   -10.40834
      yr1900 |          0  (omitted)
       _cons |   38.30368    2.66125    14.39   0.000      32.7126    43.89476
-------------+----------------------------------------------------------------
     sigma_u |  7.2220801
     sigma_e |   4.798038
         rho |  .69378441   (fraction of variance due to u_i)
------------------------------------------------------------------------------

. test fpresence1850 fpresence1875 fpresence1900

 ( 1)  fpresence1850 = 0
 ( 2)  fpresence1875 = 0
 ( 3)  fpresence1900 = 0

       F(  3,    18) =    4.19
            Prob > F =    0.0205

. local test3=r(p)

. outreg2 fpresence1750 fpresence1800 fpresence1850 fpresence1875 fpresence1900
>  ///
>     using "$outdir/table3_results.xls", ctitle("Col 3: All, wgt") br noaster 
> nocons ///
>     addstat(Number of States, e(df_a)+1, p-value joint signif after 1800,`tes
> t3')
C:/Users/Usuario/Documents/GitHub/twfe_survey/replications/2010-2012/Acemoglu e
> t al. (2011)/full/table3_results.xls
dir : seeout

. 
. * Column 4: All Germany, unweighted
. di _n "--- Table 3, Column 4: All Germany, unweighted ---"

--- Table 3, Column 4: All Germany, unweighted ---

. xtreg urbrate fpresence1750 fpresence1800 fpresence1850 fpresence1875 fpresen
> ce1900 yr*, ///
>     fe i(id) cluster(id)
note: yr1900 omitted because of collinearity.

Fixed-effects (within) regression               Number of obs     =        109
Group variable: id                              Number of groups  =         19

R-squared:                                      Obs per group:
     Within  = 0.8424                                         min =          5
     Between = 0.0585                                         avg =        5.7
     Overall = 0.6501                                         max =          6

                                                F(10,18)          =     468.64
corr(u_i, Xb) = 0.0058                          Prob > F          =     0.0000

                                    (Std. err. adjusted for 19 clusters in id)
------------------------------------------------------------------------------
             |               Robust
     urbrate | Coefficient  std. err.      t    P>|t|     [95% conf. interval]
-------------+----------------------------------------------------------------
fpresen~1750 |  -.1973438   .1636937    -1.21   0.244    -.5412515    .1465639
fpresen~1800 |  -.0470785   .1784083    -0.26   0.795    -.4219004    .3277433
fpresen~1850 |  -.0234889   .1812587    -0.13   0.898    -.4042994    .3573215
fpresen~1875 |   .2524087   .2991659     0.84   0.410    -.3761155    .8809329
fpresen~1900 |   .5059934   .4229584     1.20   0.247    -.3826092    1.394596
      yr1700 |  -30.98946   3.534578    -8.77   0.000    -38.41533   -23.56359
      yr1750 |  -28.22213     3.3135    -8.52   0.000    -35.18353   -21.26072
      yr1800 |  -26.07585   2.905187    -8.98   0.000    -32.17943   -19.97228
      yr1850 |  -22.67553    2.52654    -8.97   0.000    -27.98359   -17.36747
      yr1875 |  -12.71153   1.376103    -9.24   0.000    -15.60261   -9.820446
      yr1900 |          0  (omitted)
       _cons |   37.03718   2.306508    16.06   0.000     32.19139    41.88297
-------------+----------------------------------------------------------------
     sigma_u |  7.0855315
     sigma_e |  5.8278844
         rho |  .59647567   (fraction of variance due to u_i)
------------------------------------------------------------------------------

. test fpresence1850 fpresence1875 fpresence1900

 ( 1)  fpresence1850 = 0
 ( 2)  fpresence1875 = 0
 ( 3)  fpresence1900 = 0

       F(  3,    18) =    1.65
            Prob > F =    0.2140

. local test4=r(p)

. outreg2 fpresence1750 fpresence1800 fpresence1850 fpresence1875 fpresence1900
>  ///
>     using "$outdir/table3_results.xls", ctitle("Col 4: All, unwgt") br noaste
> r nocons ///
>     addstat(Number of States, e(df_a)+1, p-value joint signif after 1800,`tes
> t4')
C:/Users/Usuario/Documents/GitHub/twfe_survey/replications/2010-2012/Acemoglu e
> t al. (2011)/full/table3_results.xls
dir : seeout

. 
. log close t3
      name:  t3
       log:  C:/Users/Usuario/Documents/GitHub/twfe_survey/replications/2010-20
> 12/Acemoglu et al. (2011)/full/table3.log
  log type:  text
 closed on:   6 May 2026, 00:03:55
-------------------------------------------------------------------------------
