-------------------------------------------------------------------------------
      name:  t1
       log:  C:/Users/Usuario/Documents/GitHub/twfe_survey/replications/2010-20
> 12/Forman et al. (2012)/full/table1.log
  log type:  text
 opened on:   6 May 2026, 01:00:25

. 
. use countygrowth, clear

. summ wagediff empdiff estdiff surv_deeppost00 indivhomeinternet00_cty missing
>  iv_othcprogrammerswt iv_first_p iv_cost iv_num_a iv_num_b iv_competitiondeep
>  iv_bartik $controls $change if year==2000

    Variable |        Obs        Mean    Std. dev.       Min        Max
-------------+---------------------------------------------------------
    wagediff |      3,135    .1871129    .0903313  -1.752229   1.116762
     empdiff |      3,135    .0770538    .1383763  -.6418538   1.618917
     estdiff |      3,135    .0759909    .0989351   -.427444   .7764235
surv_deep~00 |      2,744    .0889594    .1331851          0          1
indivhomei~y |      3,135     .030559    .1161843          0   .7647059
-------------+---------------------------------------------------------
     missing |      3,135    .9311005    .2533236          0          1
iv_othcpro~t |      2,743    47.31817    71.09334          0   1137.619
iv_first_p~p |      2,743    94.96682     3.08191         87         99
iv_cost_pe~y |      2,743    24.06399     3.92138   14.91693   36.42939
iv_num_arp~s |      2,743    .0215093    .2383163          0          7
-------------+---------------------------------------------------------
iv_num_bit~t |      2,743    .1596792    .6912131          0         15
iv_competi~p |      2,741    .1055303    .1671708          0   1.308935
   iv_bartik |      2,744    .1125898    .0216388          0   .2663786
       lnpop |      3,133    10.13724    1.362377   5.869297   15.99741
  pctblk1990 |      3,133    .0859135    .1434077          0   .8623599
-------------+---------------------------------------------------------
pctunivp1990 |      3,133     .135626    .0659502   .0369234    .536558
  pctHSp1990 |      3,133    .6980041    .1038917    .316821   .9620341
pctbelo~1990 |      3,133    .1666633     .079341   .0218017   .6311771
medhhinc1990 |      3,133    23.98513    6.611217      8.595     59.284
carnegie1_~r |      3,135    .0073315    .0650162          0   2.615438
-------------+---------------------------------------------------------
frac_in_en~g |      3,135    .0009166    .0055113          0   .1124744
npatent1980s |      3,135    .1367949    .6516501          0     20.417
      frprof |      3,135     .352158    .0658086   .1601852   .6743993
  pct65p1990 |      3,133    .1485615    .0441805   .0086516   .3408993
    netmig95 |      3,135    .2517496    3.625649   -138.933     72.891
-------------+---------------------------------------------------------
change_tot~p |      3,133    .0961921    .1334301  -.5506092   1.068313
change_pct~k |      3,133    .0014116    .0175287  -.0993582   .2724413
change_pc~vp |      3,133   -.0265676    .0209848  -.1461147   .0748242
change_pc~Sp |      3,133   -.1874276    .0522072  -.3237122  -.0293158
change_pct65 |      3,133     -.00112    .0145117  -.0918587   .0851139
-------------+---------------------------------------------------------
change_net~g |      3,135   -.1436606     3.28659    -54.679    141.387

. 
. log close t1
      name:  t1
       log:  C:/Users/Usuario/Documents/GitHub/twfe_survey/replications/2010-20
> 12/Forman et al. (2012)/full/table1.log
  log type:  text
 closed on:   6 May 2026, 01:00:26
-------------------------------------------------------------------------------
