-------------------------------------------------------------------------------
      name:  <unnamed>
       log:  C:\Users\Usuario\Documents\GitHub\twfe_survey\data\2010-2012\Aaron
> son et al. (2012)\Supplemental-Files-for-AAF\unix_files\cps_table1.log
  log type:  text
 opened on:   4 May 2026, 16:40:47

. ***********
. * Table 1 *
. ***********
. 
. *Column 2 
. xtreg tot_inc minwage y1-y27 adults kids if firstsharemw==0, fe cluster(id)

Fixed-effects (within) regression               Number of obs     =    688,354
Group variable: id                              Number of groups  =    350,236

R-squared:                                      Obs per group:
     Within  = 0.0005                                         min =          1
     Between = 0.0001                                         avg =        2.0
     Overall = 0.0002                                         max =          2

                                                F(30,350235)      =       6.56
corr(u_i, Xb) = -0.0300                         Prob > F          =     0.0000

                               (Std. err. adjusted for 350,236 clusters in id)
------------------------------------------------------------------------------
             |               Robust
     tot_inc | Coefficient  std. err.      t    P>|t|     [95% conf. interval]
-------------+----------------------------------------------------------------
     minwage |  -29.08976   42.48204    -0.68   0.493    -112.3533     54.1738
          y1 |   972.4677   242.2983     4.01   0.000     497.5701    1447.365
          y2 |   776.1679    239.791     3.24   0.001     306.1845    1246.151
          y3 |   547.3379   236.2422     2.32   0.021     84.31006    1010.366
          y4 |   457.3245   233.7075     1.96   0.050    -.7355031    915.3844
          y5 |   514.1132   231.5534     2.22   0.026     60.27524    967.9511
          y6 |   546.5555   226.9247     2.41   0.016     101.7898    991.3211
          y7 |   578.1325   217.5338     2.66   0.008     151.7726    1004.492
          y8 |    565.041    216.062     2.62   0.009     141.5659    988.5162
          y9 |   526.3889   214.5643     2.45   0.014     105.8492    946.9287
         y10 |   520.1098   213.1633     2.44   0.015      102.316    937.9036
         y11 |   457.7991   208.8303     2.19   0.028     48.49782    867.1004
         y12 |   316.0335    203.647     1.55   0.121    -83.10865    715.1757
         y13 |   194.7353    200.621     0.97   0.332    -198.4759    587.9465
         y14 |   212.0192   198.4064     1.07   0.285    -176.8516    600.8899
         y15 |    433.143   194.1228     2.23   0.026     52.66795     813.618
         y16 |   199.5377   176.8958     1.13   0.259    -147.1728    546.2483
         y17 |   240.8997   157.6483     1.53   0.126    -68.08638    549.8857
         y18 |    337.277   149.1612     2.26   0.024     44.92549    629.6286
         y19 |   417.1943   142.1429     2.94   0.003     138.5983    695.7903
         y20 |   387.2824   133.5934     2.90   0.004     125.4432    649.1217
         y21 |   361.2246   124.2464     2.91   0.004     117.7052     604.744
         y22 |    364.586   114.0684     3.20   0.001     141.0153    588.1567
         y23 |   310.6033   104.5133     2.97   0.003     105.7602    515.4464
         y24 |   228.3013   95.04399     2.40   0.016     42.01789    414.5848
         y25 |   145.3327   81.86218     1.78   0.076    -15.11472    305.7802
         y26 |   135.7809   66.76674     2.03   0.042     4.919994    266.6417
         y27 |   128.9028   49.65172     2.60   0.009     31.58684    226.2187
      adults |   105.2907   22.03723     4.78   0.000     62.09842    148.4831
        kids |   12.34025   19.42739     0.64   0.525    -25.73686    50.41737
       _cons |   9103.848   299.3715    30.41   0.000     8517.089    9690.608
-------------+----------------------------------------------------------------
     sigma_u |  5040.5835
     sigma_e |  3441.8917
         rho |  .68200497   (fraction of variance due to u_i)
------------------------------------------------------------------------------

. xtreg tot_inc minwage y1-y27 adults kids if firstsharemw>0 & firstsharemw<., 
> fe cluster(id)

Fixed-effects (within) regression               Number of obs     =    121,264
Group variable: id                              Number of groups  =     62,708

R-squared:                                      Obs per group:
     Within  = 0.0334                                         min =          1
     Between = 0.0002                                         avg =        1.9
     Overall = 0.0006                                         max =          2

                                                F(30,62707)       =      62.08
corr(u_i, Xb) = -0.8170                         Prob > F          =     0.0000

                                (Std. err. adjusted for 62,708 clusters in id)
------------------------------------------------------------------------------
             |               Robust
     tot_inc | Coefficient  std. err.      t    P>|t|     [95% conf. interval]
-------------+----------------------------------------------------------------
     minwage |   277.1844   102.4454     2.71   0.007      76.3912    477.9776
          y1 |  -20514.78   522.4131   -39.27   0.000    -21538.71   -19490.85
          y2 |  -20232.74   518.6248   -39.01   0.000    -21249.25   -19216.24
          y3 |  -19926.84   512.3483   -38.89   0.000    -20931.05   -18922.64
          y4 |  -19562.19   508.2582   -38.49   0.000    -20558.37      -18566
          y5 |  -18886.64     505.09   -37.39   0.000    -19876.62   -17896.66
          y6 |  -18183.56   498.7862   -36.46   0.000    -19161.19   -17205.94
          y7 |   -17554.3   487.2157   -36.03   0.000    -18509.24   -16599.36
          y8 |  -17031.42   484.4405   -35.16   0.000    -17980.93   -16081.92
          y9 |  -16463.88   482.7529   -34.10   0.000    -17410.08   -15517.69
         y10 |  -15810.68   480.3074   -32.92   0.000    -16752.08   -14869.27
         y11 |  -15210.84   470.0106   -32.36   0.000    -16132.07   -14289.62
         y12 |  -14861.87   458.8898   -32.39   0.000    -15761.29   -13962.44
         y13 |  -14264.12   454.8299   -31.36   0.000    -15155.58   -13372.65
         y14 |   -13708.3   452.2261   -30.31   0.000    -14594.66   -12821.93
         y15 |  -12738.73   443.7095   -28.71   0.000     -13608.4   -11869.05
         y16 |  -11860.49   421.4774   -28.14   0.000    -12686.58   -11034.39
         y17 |  -11109.32   377.7124   -29.41   0.000    -11849.63      -10369
         y18 |  -10215.92   362.8046   -28.16   0.000    -10927.02   -9504.825
         y19 |  -9217.788   351.6707   -26.21   0.000    -9907.063   -8528.512
         y20 |  -8270.007   341.8787   -24.19   0.000     -8940.09   -7599.925
         y21 |  -7222.398   325.0895   -22.22   0.000    -7859.574   -6585.222
         y22 |  -6197.045   305.8597   -20.26   0.000     -6796.53   -5597.559
         y23 |  -5168.088   282.2988   -18.31   0.000    -5721.395   -4614.782
         y24 |  -4266.709     258.15   -16.53   0.000    -4772.684   -3760.735
         y25 |  -3325.364   224.5019   -14.81   0.000    -3765.388    -2885.34
         y26 |  -1925.501   181.9224   -10.58   0.000    -2282.069   -1568.933
         y27 |  -832.4634   130.2158    -6.39   0.000    -1087.687   -577.2402
      adults |   57.43284   39.35952     1.46   0.145    -19.71189    134.5776
        kids |  -37.59768   35.05162    -1.07   0.283    -106.2989    31.10356
       _cons |   18308.11   739.7743    24.75   0.000     16858.15    19758.07
-------------+----------------------------------------------------------------
     sigma_u |  7015.9908
     sigma_e |  2772.6011
         rho |  .86492494   (fraction of variance due to u_i)
------------------------------------------------------------------------------

. xtreg tot_inc minwage y1-y27 adults kids if firstsharemw>=0.2 & firstsharemw<
> ., fe cluster(id)

Fixed-effects (within) regression               Number of obs     =     93,836
Group variable: id                              Number of groups  =     48,738

R-squared:                                      Obs per group:
     Within  = 0.0601                                         min =          1
     Between = 0.0007                                         avg =        1.9
     Overall = 0.0016                                         max =          2

                                                F(30,48737)       =      94.81
corr(u_i, Xb) = -0.8911                         Prob > F          =     0.0000

                                (Std. err. adjusted for 48,738 clusters in id)
------------------------------------------------------------------------------
             |               Robust
     tot_inc | Coefficient  std. err.      t    P>|t|     [95% conf. interval]
-------------+----------------------------------------------------------------
     minwage |   251.5327   104.9961     2.40   0.017     45.73896    457.3264
          y1 |  -24497.19   524.4852   -46.71   0.000    -25525.19   -23469.19
          y2 |  -23997.05   520.6277   -46.09   0.000    -25017.49   -22976.62
          y3 |  -23396.42   514.1234   -45.51   0.000    -24404.11   -22388.74
          y4 |  -22714.44     509.92   -44.55   0.000    -23713.89   -21714.99
          y5 |  -21753.03   506.4074   -42.96   0.000    -22745.59   -20760.46
          y6 |  -20760.32   499.9727   -41.52   0.000    -21740.27   -19780.37
          y7 |  -19935.24   488.1862   -40.84   0.000    -20892.09   -18978.39
          y8 |  -19031.21   485.7903   -39.18   0.000    -19983.37   -18079.06
          y9 |   -18193.1   484.1825   -37.57   0.000    -19142.11    -17244.1
         y10 |  -17251.27   481.5939   -35.82   0.000     -18195.2   -16307.34
         y11 |  -16601.42   470.8707   -35.26   0.000    -17524.33   -15678.51
         y12 |  -16149.63   459.8515   -35.12   0.000    -17050.94   -15248.32
         y13 |  -15413.85   455.5756   -33.83   0.000    -16306.78   -14520.91
         y14 |  -14831.54   453.4297   -32.71   0.000    -15720.27   -13942.81
         y15 |  -13773.84   443.3422   -31.07   0.000     -14642.8   -12904.89
         y16 |  -12585.26   424.8216   -29.62   0.000    -13417.92   -11752.61
         y17 |  -11911.71   377.4159   -31.56   0.000    -12651.45   -11171.97
         y18 |  -10888.71   362.1189   -30.07   0.000    -11598.47   -10178.95
         y19 |  -9805.331   350.5256   -27.97   0.000    -10492.37   -9118.296
         y20 |  -8873.954    340.071   -26.09   0.000    -9540.497    -8207.41
         y21 |  -7804.859   325.6577   -23.97   0.000    -8443.152   -7166.566
         y22 |   -6665.08   304.0151   -21.92   0.000    -7260.954   -6069.207
         y23 |  -5529.485   284.5701   -19.43   0.000    -6087.246   -4971.724
         y24 |  -4604.238   259.0625   -17.77   0.000    -5112.004   -4096.472
         y25 |  -3591.939   223.1085   -16.10   0.000    -4029.234   -3154.643
         y26 |  -2155.909    181.763   -11.86   0.000    -2512.167   -1799.651
         y27 |  -1046.825   129.3832    -8.09   0.000    -1300.418   -793.2323
      adults |   86.88921   39.40253     2.21   0.027      9.65975    164.1187
        kids |  -34.66888   34.14949    -1.02   0.310    -101.6023    32.26455
       _cons |   20294.59   755.0926    26.88   0.000     18814.59    21774.58
-------------+----------------------------------------------------------------
     sigma_u |  7593.2178
     sigma_e |  2392.8313
         rho |   .9096654   (fraction of variance due to u_i)
------------------------------------------------------------------------------

. 
. *Column 6 - Minimum Wage Worker = 120-300% of minimum
. xtreg tot_inc minwage y1-y27 adults kids if firstsharemw_120300==0, fe cluste
> r(id)

Fixed-effects (within) regression               Number of obs     =    153,338
Group variable: id                              Number of groups  =     77,592

R-squared:                                      Obs per group:
     Within  = 0.0286                                         min =          1
     Between = 0.0081                                         avg =        2.0
     Overall = 0.0056                                         max =          2

                                                F(30,77591)       =      65.95
corr(u_i, Xb) = -0.8252                         Prob > F          =     0.0000

                                (Std. err. adjusted for 77,592 clusters in id)
------------------------------------------------------------------------------
             |               Robust
     tot_inc | Coefficient  std. err.      t    P>|t|     [95% conf. interval]
-------------+----------------------------------------------------------------
     minwage |   54.49879   97.73392     0.56   0.577    -137.0592    246.0567
          y1 |   24434.85   613.2384    39.85   0.000      23232.9    25636.79
          y2 |   23555.44   605.7268    38.89   0.000     22368.22    24742.66
          y3 |   22620.85   595.3408    38.00   0.000     21453.99    23787.72
          y4 |   21935.95   589.6994    37.20   0.000     20780.14    23091.76
          y5 |   21463.99   584.8291    36.70   0.000     20317.73    22610.25
          y6 |   20964.81   574.7903    36.47   0.000     19838.22    22091.39
          y7 |    20865.5   557.1218    37.45   0.000     19773.55    21957.46
          y8 |    20402.8   554.7562    36.78   0.000     19315.49    21490.12
          y9 |    19890.3   552.4959    36.00   0.000     18807.41    20973.19
         y10 |   19501.18   550.2765    35.44   0.000     18422.64    20579.72
         y11 |   18958.45    541.593    35.00   0.000     17896.93    20019.97
         y12 |   18273.72   530.6279    34.44   0.000     17233.69    19313.75
         y13 |   17447.47   523.2003    33.35   0.000        16422    18472.94
         y14 |   17064.76   517.5678    32.97   0.000     16050.33    18079.19
         y15 |   16491.39   509.4896    32.37   0.000      15492.8    17489.99
         y16 |   14875.43   457.1323    32.54   0.000     13979.46    15771.41
         y17 |   13853.49   417.0097    33.22   0.000     13036.15    14670.82
         y18 |   13062.59   397.2405    32.88   0.000        12284    13841.18
         y19 |   11914.96   374.2162    31.84   0.000      11181.5    12648.42
         y20 |   10600.31   342.4716    30.95   0.000     9929.071    11271.56
         y21 |   8972.496   310.7904    28.87   0.000     8363.349    9581.644
         y22 |   7666.377   282.3212    27.15   0.000     7113.029    8219.725
         y23 |   6407.129   253.4741    25.28   0.000     5910.322    6903.937
         y24 |    5010.36   228.5521    21.92   0.000     4562.399    5458.321
         y25 |   3762.434   195.0751    19.29   0.000     3380.088     4144.78
         y26 |    2555.33   159.3756    16.03   0.000     2242.954    2867.705
         y27 |   1442.675   120.3849    11.98   0.000     1206.722    1678.629
      adults |    236.411   55.04277     4.30   0.000     128.5275    344.2946
        kids |   59.78406    48.9964     1.22   0.222    -36.24862    155.8167
       _cons |  -1874.234   708.7264    -2.64   0.008    -3263.334   -485.1342
-------------+----------------------------------------------------------------
     sigma_u |  9448.7139
     sigma_e |  4097.6754
         rho |  .84169812   (fraction of variance due to u_i)
------------------------------------------------------------------------------

. xtreg tot_inc minwage y1-y27 adults kids if firstsharemw_120300>0 & firstshar
> emw_120300<., fe cluster(id)

Fixed-effects (within) regression               Number of obs     =    535,016
Group variable: id                              Number of groups  =    272,644

R-squared:                                      Obs per group:
     Within  = 0.0033                                         min =          1
     Between = 0.0029                                         avg =        2.0
     Overall = 0.0027                                         max =          2

                                                F(30,272643)      =      24.91
corr(u_i, Xb) = -0.3363                         Prob > F          =     0.0000

                               (Std. err. adjusted for 272,644 clusters in id)
------------------------------------------------------------------------------
             |               Robust
     tot_inc | Coefficient  std. err.      t    P>|t|     [95% conf. interval]
-------------+----------------------------------------------------------------
     minwage |   14.27631   45.03824     0.32   0.751    -73.99742      102.55
          y1 |  -5806.032   254.7251   -22.79   0.000    -6305.286   -5306.777
          y2 |  -5863.984   252.0604   -23.26   0.000    -6358.015   -5369.952
          y3 |  -5951.252   248.3104   -23.97   0.000    -6437.934   -5464.571
          y4 |   -5888.99   245.4897   -23.99   0.000    -6370.143   -5407.837
          y5 |  -5681.035   243.0968   -23.37   0.000    -6157.498   -5204.572
          y6 |  -5490.373   237.8108   -23.09   0.000    -5956.476   -5024.271
          y7 |   -5410.14   226.5196   -23.88   0.000    -5854.112   -4966.168
          y8 |  -5266.815   224.7218   -23.44   0.000    -5707.263   -4826.366
          y9 |  -5133.307   222.8098   -23.04   0.000    -5570.009   -4696.606
         y10 |  -4992.066   221.0601   -22.58   0.000    -5425.338   -4558.794
         y11 |   -4892.14   216.0218   -22.65   0.000    -5315.537   -4468.744
         y12 |  -4873.032   210.0772   -23.20   0.000    -5284.777   -4461.286
         y13 |  -4789.448   206.7776   -23.16   0.000    -5194.726   -4384.169
         y14 |  -4651.119   204.3785   -22.76   0.000    -5051.695   -4250.542
         y15 |  -4189.925   199.2213   -21.03   0.000    -4580.393   -3799.457
         y16 |  -3939.814   185.3417   -21.26   0.000    -4303.078   -3576.549
         y17 |  -3571.804   163.9394   -21.79   0.000    -3893.121   -3250.487
         y18 |  -3231.566   154.6624   -20.89   0.000    -3534.701   -2928.432
         y19 |  -2870.009    147.652   -19.44   0.000    -3159.403   -2580.616
         y20 |  -2605.554   139.5569   -18.67   0.000    -2879.081   -2332.026
         y21 |  -2241.735   130.5637   -17.17   0.000    -2497.637   -1985.834
         y22 |  -1903.101   119.9035   -15.87   0.000    -2138.108   -1668.093
         y23 |  -1621.792   110.4707   -14.68   0.000    -1838.311   -1405.272
         y24 |   -1314.29   100.6691   -13.06   0.000    -1511.599   -1116.981
         y25 |  -1037.888   86.82452   -11.95   0.000    -1208.062   -867.7146
         y26 |  -644.2118     70.799    -9.10   0.000    -782.9759   -505.4478
         y27 |  -282.5619   52.25465    -5.41   0.000    -384.9795   -180.1442
      adults |   49.58505   23.47882     2.11   0.035     3.567199     95.6029
        kids |   4.333833   20.85003     0.21   0.835    -36.53165    45.19931
       _cons |    12099.4   317.7188    38.08   0.000     11476.68    12722.12
-------------+----------------------------------------------------------------
     sigma_u |  4840.3191
     sigma_e |  3201.9139
         rho |  .69560672   (fraction of variance due to u_i)
------------------------------------------------------------------------------

. xtreg tot_inc minwage y1-y27 adults kids if firstsharemw_120300>=0.2 & firsts
> haremw_120300<., fe cluster(id)

Fixed-effects (within) regression               Number of obs     =    501,929
Group variable: id                              Number of groups  =    256,036

R-squared:                                      Obs per group:
     Within  = 0.0042                                         min =          1
     Between = 0.0043                                         avg =        2.0
     Overall = 0.0041                                         max =          2

                                                F(30,256035)      =      31.39
corr(u_i, Xb) = -0.3870                         Prob > F          =     0.0000

                               (Std. err. adjusted for 256,036 clusters in id)
------------------------------------------------------------------------------
             |               Robust
     tot_inc | Coefficient  std. err.      t    P>|t|     [95% conf. interval]
-------------+----------------------------------------------------------------
     minwage |   7.653542      44.03     0.17   0.862    -78.64409    93.95117
          y1 |  -6702.894   251.3103   -26.67   0.000    -7195.456   -6210.333
          y2 |  -6717.152    248.736   -27.01   0.000    -7204.668   -6229.636
          y3 |  -6755.177    245.094   -27.56   0.000    -7235.554   -6274.799
          y4 |  -6644.841   242.4092   -27.41   0.000    -7119.957   -6169.726
          y5 |  -6361.571    240.161   -26.49   0.000     -6832.28   -5890.862
          y6 |   -6095.09   234.9871   -25.94   0.000    -6555.658   -5634.521
          y7 |  -5945.703   223.7856   -26.57   0.000    -6384.317   -5507.089
          y8 |  -5733.825   221.9815   -25.83   0.000    -6168.903   -5298.748
          y9 |  -5499.665   220.1104   -24.99   0.000    -5931.075   -5068.254
         y10 |  -5285.505   218.4174   -24.20   0.000    -5713.597   -4857.412
         y11 |  -5161.171   213.3739   -24.19   0.000    -5579.378   -4742.964
         y12 |  -5156.275   207.5628   -24.84   0.000    -5563.092   -4749.457
         y13 |  -5033.561   204.2705   -24.64   0.000    -5433.926   -4633.197
         y14 |  -4850.063   201.8221   -24.03   0.000    -5245.629   -4454.497
         y15 |  -4384.785   196.4354   -22.32   0.000    -4769.793   -3999.777
         y16 |  -4127.748   182.9587   -22.56   0.000    -4486.343   -3769.154
         y17 |  -3712.968   161.0449   -23.06   0.000    -4028.612   -3397.325
         y18 |  -3382.001   152.0246   -22.25   0.000    -3679.965   -3084.037
         y19 |  -3010.489   145.0591   -20.75   0.000    -3294.801   -2726.177
         y20 |  -2733.086   137.2129   -19.92   0.000     -3002.02   -2464.153
         y21 |  -2337.695   128.2869   -18.22   0.000    -2589.134   -2086.256
         y22 |  -1941.398   117.8763   -16.47   0.000    -2172.433   -1710.364
         y23 |  -1639.577   108.3662   -15.13   0.000    -1851.972   -1427.182
         y24 |   -1289.95   99.00159   -13.03   0.000    -1483.991    -1095.91
         y25 |  -1006.466   85.11846   -11.82   0.000    -1173.296    -839.636
         y26 |  -629.8686   70.13213    -8.98   0.000    -767.3256   -492.4115
         y27 |  -290.4594   51.98016    -5.59   0.000    -392.3391   -188.5796
      adults |   60.31184   23.32798     2.59   0.010     14.58963    106.0341
        kids |  -4.222603   20.33404    -0.21   0.835    -44.07677    35.63157
       _cons |   12456.53   311.7819    39.95   0.000     11845.44    13067.61
-------------+----------------------------------------------------------------
     sigma_u |   4741.948
     sigma_e |  3036.4572
         rho |  .70920234   (fraction of variance due to u_i)
------------------------------------------------------------------------------

. 
. 
. log close
      name:  <unnamed>
       log:  C:\Users\Usuario\Documents\GitHub\twfe_survey\data\2010-2012\Aaron
> son et al. (2012)\Supplemental-Files-for-AAF\unix_files\cps_table1.log
  log type:  text
 closed on:   4 May 2026, 16:42:00
-------------------------------------------------------------------------------
