--------------------------------------------------------------------------------------------------------------------------------
      name:  <unnamed>
       log:  /Users/anzony.quisperojas/Documents/GitHub/twfe_survey/replications/2010-2012/Wang (2011)/run_twowayfe.log
  log type:  text
 opened on:  23 Jun 2026, 10:33:16

. 
. * Install packages if needed
. cap which estout

. if _rc ssc install estout, replace

. cap which twowayfeweights

. if _rc ssc install twowayfeweights, replace

. 
. 
. /*==============================================================================
>   STEP 0: GENERATE MISMATCH VARIABLE (replicating Table 2 data prep)
> 
>   The mismatch Δ_i measures the gap between the housing a household WOULD
>   have chosen in a free market vs what they actually got under state allocation.
>   Estimated from a hedonic regression on private-market households (pre-reform).
> ==============================================================================*/
. 
. use "$datadir/data_aersubmit.dta", clear

. 
. 
. 
. 
. use data_aersubmit.dta, clear

. 
. ***                     ***
. *** Table 2 ***
. ***                     ***
. 
. * estimate the degree of mismatch
. 
. sort hhidc year id

. * Table 2, Column 1
. xi: regress logapt_rentval logwage_broadhh_ logtot_assets age_head age_head2 age_head3 eduyr_head i.province*i.year if year<=1
> 993 & apt_nonmrkt==0 & (hhidc!=hhidc[_n-1] | year!=year[_n-1]), cluster(hhidc)
i.province        _Iprovince_21-52    (naturally coded; _Iprovince_21 omitted)
i.year            _Iyear_1989-2004    (naturally coded; _Iyear_1989 omitted)
i.pro~e*i.year    _IproXyea_#_#       (coded as above)
note: _Iprovince_23 omitted because of collinearity.
note: _Iyear_1997 omitted because of collinearity.
note: _Iyear_2000 omitted because of collinearity.
note: _Iyear_2004 omitted because of collinearity.
note: _IproXyea_23_1991 omitted because of collinearity.
note: _IproXyea_23_1993 omitted because of collinearity.
note: _IproXyea_23_1997 omitted because of collinearity.
note: _IproXyea_23_2000 omitted because of collinearity.
note: _IproXyea_23_2004 omitted because of collinearity.
note: _IproXyea_32_1997 omitted because of collinearity.
note: _IproXyea_32_2000 omitted because of collinearity.
note: _IproXyea_32_2004 omitted because of collinearity.
note: _IproXyea_37_1997 omitted because of collinearity.
note: _IproXyea_37_2000 omitted because of collinearity.
note: _IproXyea_37_2004 omitted because of collinearity.
note: _IproXyea_41_1997 omitted because of collinearity.
note: _IproXyea_41_2000 omitted because of collinearity.
note: _IproXyea_41_2004 omitted because of collinearity.
note: _IproXyea_42_1997 omitted because of collinearity.
note: _IproXyea_42_2000 omitted because of collinearity.
note: _IproXyea_42_2004 omitted because of collinearity.
note: _IproXyea_43_1997 omitted because of collinearity.
note: _IproXyea_43_2000 omitted because of collinearity.
note: _IproXyea_43_2004 omitted because of collinearity.
note: _IproXyea_45_1997 omitted because of collinearity.
note: _IproXyea_45_2000 omitted because of collinearity.
note: _IproXyea_45_2004 omitted because of collinearity.
note: _IproXyea_52_1997 omitted because of collinearity.
note: _IproXyea_52_2000 omitted because of collinearity.
note: _IproXyea_52_2004 omitted because of collinearity.

Linear regression                               Number of obs     =      1,212
                                                F(29, 683)        =       8.43
                                                Prob > F          =     0.0000
                                                R-squared         =     0.1725
                                                Root MSE          =     .77074

                                       (Std. err. adjusted for 684 clusters in hhidc)
-------------------------------------------------------------------------------------
                    |               Robust
     logapt_rentval | Coefficient  std. err.      t    P>|t|     [95% conf. interval]
--------------------+----------------------------------------------------------------
logwage_broadhh_adj |   .1419257   .0353092     4.02   0.000      .072598    .2112534
      logtot_assets |   .0536817   .0109566     4.90   0.000      .032169    .0751944
           age_head |   .0806925   .0594001     1.36   0.175    -.0359363    .1973213
          age_head2 |  -.0014648   .0012341    -1.19   0.236     -.003888    .0009583
          age_head3 |   8.76e-06   8.21e-06     1.07   0.287    -7.37e-06    .0000249
         eduyr_head |   .0032069   .0070125     0.46   0.648    -.0105618    .0169755
      _Iprovince_23 |          0  (omitted)
      _Iprovince_32 |    .143231   .1332372     1.08   0.283    -.1183728    .4048347
      _Iprovince_37 |   .0424731   .1176674     0.36   0.718    -.1885602    .2735063
      _Iprovince_41 |    -.70118   .1901613    -3.69   0.000    -1.074551   -.3278091
      _Iprovince_42 |   .0266372   .1113547     0.24   0.811    -.1920015    .2452759
      _Iprovince_43 |   .2135018   .1228627     1.74   0.083    -.0277322    .4547358
      _Iprovince_45 |  -.2120397   .2368311    -0.90   0.371    -.6770443    .2529648
      _Iprovince_52 |  -.2681454   .1732732    -1.55   0.122    -.6083575    .0720667
        _Iyear_1991 |  -.1261177   .1281374    -0.98   0.325    -.3777083    .1254729
        _Iyear_1993 |  -.4375211    .138995    -3.15   0.002      -.71043   -.1646122
        _Iyear_1997 |          0  (omitted)
        _Iyear_2000 |          0  (omitted)
        _Iyear_2004 |          0  (omitted)
  _IproXyea_23_1991 |          0  (omitted)
  _IproXyea_23_1993 |          0  (omitted)
  _IproXyea_23_1997 |          0  (omitted)
  _IproXyea_23_2000 |          0  (omitted)
  _IproXyea_23_2004 |          0  (omitted)
  _IproXyea_32_1991 |   .2179172    .162159     1.34   0.179    -.1004728    .5363071
  _IproXyea_32_1993 |   .4688012     .18249     2.57   0.010     .1104924    .8271099
  _IproXyea_32_1997 |          0  (omitted)
  _IproXyea_32_2000 |          0  (omitted)
  _IproXyea_32_2004 |          0  (omitted)
  _IproXyea_37_1991 |    .129494    .150734     0.86   0.391    -.1664636    .4254516
  _IproXyea_37_1993 |   .6737725   .1655487     4.07   0.000     .3487271    .9988179
  _IproXyea_37_1997 |          0  (omitted)
  _IproXyea_37_2000 |          0  (omitted)
  _IproXyea_37_2004 |          0  (omitted)
  _IproXyea_41_1991 |   .6331336   .2792507     2.27   0.024     .0848407    1.181426
  _IproXyea_41_1993 |   .6242013   .3455839     1.81   0.071    -.0543331    1.302736
  _IproXyea_41_1997 |          0  (omitted)
  _IproXyea_41_2000 |          0  (omitted)
  _IproXyea_41_2004 |          0  (omitted)
  _IproXyea_42_1991 |   .3590953   .1489224     2.41   0.016     .0666947    .6514959
  _IproXyea_42_1993 |   .3535369   .2353842     1.50   0.134    -.1086267    .8157005
  _IproXyea_42_1997 |          0  (omitted)
  _IproXyea_42_2000 |          0  (omitted)
  _IproXyea_42_2004 |          0  (omitted)
  _IproXyea_43_1991 |   .2536082   .1642591     1.54   0.123    -.0689053    .5761217
  _IproXyea_43_1993 |   .4451745   .2004737     2.22   0.027     .0515557    .8387933
  _IproXyea_43_1997 |          0  (omitted)
  _IproXyea_43_2000 |          0  (omitted)
  _IproXyea_43_2004 |          0  (omitted)
  _IproXyea_45_1991 |   .1658801   .3177672     0.52   0.602    -.4580378    .7897981
  _IproXyea_45_1993 |   .4696427   .3348186     1.40   0.161    -.1877547     1.12704
  _IproXyea_45_1997 |          0  (omitted)
  _IproXyea_45_2000 |          0  (omitted)
  _IproXyea_45_2004 |          0  (omitted)
  _IproXyea_52_1991 |   .1520947   .2081648     0.73   0.465     -.256625    .5608145
  _IproXyea_52_1993 |   .4384807   .2314742     1.89   0.059    -.0160058    .8929672
  _IproXyea_52_1997 |          0  (omitted)
  _IproXyea_52_2000 |          0  (omitted)
  _IproXyea_52_2004 |          0  (omitted)
              _cons |   1.736004   .9048084     1.92   0.055    -.0405355    3.512545
-------------------------------------------------------------------------------------

. predict pred_logapt_rentval if year<=1993 & (hhidc!=hhidc[_n-1] | year!=year[_n-1]), xb
(28,691 missing values generated)

. 
. * Table 2 Column 2
. xi: regress logapt_rentval logwage_broadhh_ logtot_assets  age_head age_head2 age_head3 eduyr_head i.province*i.year if year>1
> 993 & apt_nonmrkt93==0 & (hhidc!=hhidc[_n-1] | year!=year[_n-1]), cluster(hhidc)
i.province        _Iprovince_21-52    (naturally coded; _Iprovince_21 omitted)
i.year            _Iyear_1989-2004    (naturally coded; _Iyear_1989 omitted)
i.pro~e*i.year    _IproXyea_#_#       (coded as above)
note: _Iprovince_23 omitted because of collinearity.
note: _Iyear_1991 omitted because of collinearity.
note: _Iyear_1993 omitted because of collinearity.
note: _Iyear_2004 omitted because of collinearity.
note: _IproXyea_23_1991 omitted because of collinearity.
note: _IproXyea_23_1993 omitted because of collinearity.
note: _IproXyea_23_1997 omitted because of collinearity.
note: _IproXyea_23_2000 omitted because of collinearity.
note: _IproXyea_23_2004 omitted because of collinearity.
note: _IproXyea_32_1991 omitted because of collinearity.
note: _IproXyea_32_1993 omitted because of collinearity.
note: _IproXyea_32_1997 omitted because of collinearity.
note: _IproXyea_37_1991 omitted because of collinearity.
note: _IproXyea_37_1993 omitted because of collinearity.
note: _IproXyea_37_2004 omitted because of collinearity.
note: _IproXyea_41_1991 omitted because of collinearity.
note: _IproXyea_41_1993 omitted because of collinearity.
note: _IproXyea_41_1997 omitted because of collinearity.
note: _IproXyea_41_2000 omitted because of collinearity.
note: _IproXyea_42_1991 omitted because of collinearity.
note: _IproXyea_42_1993 omitted because of collinearity.
note: _IproXyea_42_1997 omitted because of collinearity.
note: _IproXyea_43_1991 omitted because of collinearity.
note: _IproXyea_43_1993 omitted because of collinearity.
note: _IproXyea_43_2004 omitted because of collinearity.
note: _IproXyea_45_1991 omitted because of collinearity.
note: _IproXyea_45_1993 omitted because of collinearity.
note: _IproXyea_45_1997 omitted because of collinearity.
note: _IproXyea_52_1991 omitted because of collinearity.
note: _IproXyea_52_1993 omitted because of collinearity.
note: _IproXyea_52_2004 omitted because of collinearity.

Linear regression                               Number of obs     =        535
                                                F(28, 348)        =      13.56
                                                Prob > F          =     0.0000
                                                R-squared         =     0.3552
                                                Root MSE          =     .71351

                                       (Std. err. adjusted for 349 clusters in hhidc)
-------------------------------------------------------------------------------------
                    |               Robust
     logapt_rentval | Coefficient  std. err.      t    P>|t|     [95% conf. interval]
--------------------+----------------------------------------------------------------
logwage_broadhh_adj |   .1834731   .0507035     3.62   0.000     .0837492     .283197
      logtot_assets |   .1383534   .0285285     4.85   0.000     .0822435    .1944633
           age_head |  -.0328466   .1051203    -0.31   0.755    -.2395977    .1739044
          age_head2 |   .0008458    .001934     0.44   0.662    -.0029581    .0046497
          age_head3 |  -6.06e-06   .0000115    -0.53   0.598    -.0000286    .0000165
         eduyr_head |  -.0184504   .0099408    -1.86   0.064     -.038002    .0011013
      _Iprovince_23 |          0  (omitted)
      _Iprovince_32 |   1.123062   .3168793     3.54   0.000     .4998224    1.746302
      _Iprovince_37 |   -.116488   .2156566    -0.54   0.589    -.5406422    .3076663
      _Iprovince_41 |   .3009549    .225511     1.33   0.183    -.1425812    .7444909
      _Iprovince_42 |   .5923882   .3033272     1.95   0.052    -.0041969    1.188973
      _Iprovince_43 |   .2956221     .18393     1.61   0.109    -.0661321    .6573764
      _Iprovince_45 |   .8268371    .335653     2.46   0.014     .1666734    1.487001
      _Iprovince_52 |  -.3052468   .3059418    -1.00   0.319    -.9069745    .2964808
        _Iyear_1991 |          0  (omitted)
        _Iyear_1993 |          0  (omitted)
        _Iyear_1997 |  -.2999719   .2952651    -1.02   0.310    -.8807005    .2807566
        _Iyear_2000 |  -.1835821   .1456879    -1.26   0.208    -.4701216    .1029575
        _Iyear_2004 |          0  (omitted)
  _IproXyea_23_1991 |          0  (omitted)
  _IproXyea_23_1993 |          0  (omitted)
  _IproXyea_23_1997 |          0  (omitted)
  _IproXyea_23_2000 |          0  (omitted)
  _IproXyea_23_2004 |          0  (omitted)
  _IproXyea_32_1991 |          0  (omitted)
  _IproXyea_32_1993 |          0  (omitted)
  _IproXyea_32_1997 |          0  (omitted)
  _IproXyea_32_2000 |   -.166642   .2986507    -0.56   0.577    -.7540295    .4207455
  _IproXyea_32_2004 |  -.0482748   .3276626    -0.15   0.883    -.6927229    .5961733
  _IproXyea_37_1991 |          0  (omitted)
  _IproXyea_37_1993 |          0  (omitted)
  _IproXyea_37_1997 |   .6328019   .3764098     1.68   0.094    -.1075224    1.373126
  _IproXyea_37_2000 |   .5590048    .244975     2.28   0.023     .0771869    1.040823
  _IproXyea_37_2004 |          0  (omitted)
  _IproXyea_41_1991 |          0  (omitted)
  _IproXyea_41_1993 |          0  (omitted)
  _IproXyea_41_1997 |          0  (omitted)
  _IproXyea_41_2000 |          0  (omitted)
  _IproXyea_41_2004 |  -.5081178   .2485295    -2.04   0.042    -.9969267   -.0193089
  _IproXyea_42_1991 |          0  (omitted)
  _IproXyea_42_1993 |          0  (omitted)
  _IproXyea_42_1997 |          0  (omitted)
  _IproXyea_42_2000 |  -.3250505   .2882997    -1.13   0.260    -.8920795    .2419785
  _IproXyea_42_2004 |  -.7746315   .3488797    -2.22   0.027    -1.460809   -.0884535
  _IproXyea_43_1991 |          0  (omitted)
  _IproXyea_43_1993 |          0  (omitted)
  _IproXyea_43_1997 |   .3828478   .3550054     1.08   0.282    -.3153783    1.081074
  _IproXyea_43_2000 |    .237979     .24486     0.97   0.332    -.2436128    .7195707
  _IproXyea_43_2004 |          0  (omitted)
  _IproXyea_45_1991 |          0  (omitted)
  _IproXyea_45_1993 |          0  (omitted)
  _IproXyea_45_1997 |          0  (omitted)
  _IproXyea_45_2000 |  -.4063619   .3158248    -1.29   0.199    -1.027527    .2148035
  _IproXyea_45_2004 |  -.3472999   .3843738    -0.90   0.367    -1.103288     .408688
  _IproXyea_52_1991 |          0  (omitted)
  _IproXyea_52_1993 |          0  (omitted)
  _IproXyea_52_1997 |   .4683703   .4286111     1.09   0.275    -.3746238    1.311364
  _IproXyea_52_2000 |   .8022443   .3428971     2.34   0.020     .1278328    1.476656
  _IproXyea_52_2004 |          0  (omitted)
              _cons |    2.60659   1.856676     1.40   0.161    -1.045129    6.258308
-------------------------------------------------------------------------------------

. predict postpred_logapt_rentval if year>1993 & (hhidc!=hhidc[_n-1] | year!=year[_n-1]), xb
(28,950 missing values generated)

. 
. gen log_mismatch_post = postpred_logapt_rentval - logapt_rentval
(29,554 missing values generated)

. gen log_mismatch = pred_logapt_rentval - logapt_rentval  
(29,184 missing values generated)

. 
. ***                     ***
. *** Table 3 ***
. ***                     ***
. 
. * Table 3 Column 1 *
. sum log_mismatch if apt_nonmrkt==1

    Variable |        Obs        Mean    Std. dev.       Min        Max
-------------+---------------------------------------------------------
log_mismatch |      1,274    .1504254    .8544407  -2.407669   4.066094

. sum log_mismatch if apt_nonmrkt==0

    Variable |        Obs        Mean    Std. dev.       Min        Max
-------------+---------------------------------------------------------
log_mismatch |      1,212    1.57e-09    .7614526   -2.63414   3.237361

. regress log_mismatch apt_nonmrkt 

      Source |       SS           df       MS      Number of obs   =     2,486
-------------+----------------------------------   F(1, 2484)      =     21.40
       Model |  14.0544336         1  14.0544336   Prob > F        =    0.0000
    Residual |  1631.52767     2,484  .656814682   R-squared       =    0.0085
-------------+----------------------------------   Adj R-squared   =    0.0081
       Total |   1645.5821     2,485  .662206078   Root MSE        =    .81044

------------------------------------------------------------------------------
log_mismatch | Coefficient  Std. err.      t    P>|t|     [95% conf. interval]
-------------+----------------------------------------------------------------
 apt_nonmrkt |   .1504254   .0325189     4.63   0.000     .0866585    .2141924
       _cons |   1.57e-09   .0232793     0.00   1.000    -.0456489    .0456489
------------------------------------------------------------------------------

. 
. * Table 3 Column 2 *
. sum log_mismatch_post if apt_nonmrkt93==1

    Variable |        Obs        Mean    Std. dev.       Min        Max
-------------+---------------------------------------------------------
log_mismat~t |        394   -.0164372    .7066864  -2.704879   2.392084

. sum log_mismatch_post if apt_nonmrkt93==0

    Variable |        Obs        Mean    Std. dev.       Min        Max
-------------+---------------------------------------------------------
log_mismat~t |        535    3.34e-09     .694552  -2.737618   1.798099

. regress log_mismatch_post apt_nonmrkt93 

      Source |       SS           df       MS      Number of obs   =       929
-------------+----------------------------------   F(1, 927)       =      0.13
       Model |  .061304282         1  .061304282   Prob > F        =    0.7235
    Residual |  453.869358       927  .489610958   R-squared       =    0.0001
-------------+----------------------------------   Adj R-squared   =   -0.0009
       Total |  453.930663       928  .489149421   Root MSE        =    .69972

-------------------------------------------------------------------------------
log_mismatc~t | Coefficient  Std. err.      t    P>|t|     [95% conf. interval]
--------------+----------------------------------------------------------------
apt_nonmrkt93 |  -.0164372   .0464524    -0.35   0.724    -.1076013    .0747269
        _cons |   3.34e-09   .0302516     0.00   1.000    -.0593696    .0593696
-------------------------------------------------------------------------------

. 
. gen mpre = log_mismatch if year<=1993
(29,184 missing values generated)

. 
. bysort hhidc: egen log_mismatchpre = mean(mpre)
(11,556 missing values generated)

. gen mpre_aptnon = log_mismatch if year<=1993 & apt_nonmrkt==1
(30,403 missing values generated)

. bysort province: egen log_mismatchpre_prov = mean(mpre_aptnon)
(1,377 missing values generated)

. 
. bysort province year: egen logapt_rentval_prov = mean(logapt_rentval)
(4 missing values generated)

. drop mpre* 

. 
. sort hhidc year id

. 
. 
. ***                 ***
. *** Table 4 ***
. ***                     ***
. 
. 
. gen abs_mismatch = abs(log_mismatchpre)
(11,556 missing values generated)

. 
. * Table 4, Column 1
. xi:dprobit move_attrit abs_mismatch age_head age_head2 eduyr_head i.year i.province if hhidc==hhidc[_n-1] & year!=year[_n-1] &
>  apt_nonmrkt[_n-1]==1 & regime2==0,cluster(hhidc) 
i.year            _Iyear_1989-2004    (naturally coded; _Iyear_1989 omitted)
i.province        _Iprovince_21-52    (naturally coded; _Iprovince_21 omitted)

note: _Iyear_1993 omitted because of collinearity.
note: _Iyear_1997 omitted because of collinearity.
note: _Iyear_2000 omitted because of collinearity.
note: _Iyear_2004 omitted because of collinearity.
note: _Iprovince_23 omitted because of collinearity.
Iteration 0:  Log pseudolikelihood =  -326.2779
Iteration 1:  Log pseudolikelihood = -316.80068
Iteration 2:  Log pseudolikelihood = -316.65393
Iteration 3:  Log pseudolikelihood = -316.65344

Probit regression, reporting marginal effects           Number of obs =   1080
                                                        Wald chi2(12) =  15.10
                                                        Prob > chi2   = 0.2361
Log pseudolikelihood = -316.65344                       Pseudo R2     = 0.0295

                                (Std. err. adjusted for 629 clusters in hhidc)
------------------------------------------------------------------------------
         |               Robust
move_a~t |      dF/dx   Std. err.      z    P>|z|     x-bar  [    95% C.I.   ]
---------+--------------------------------------------------------------------
abs_mi~h |   .0301465   .0172849     1.73   0.083   .585108  -.003731  .064024
age_head |  -.0071324   .0046834    -1.52   0.129   50.2784  -.016312  .002047
age_he~2 |    .000065   .0000466     1.39   0.164   2707.05  -.000026  .000156
eduyr_~d |  -.0031533   .0019588    -1.59   0.112   8.55278  -.006993  .000686
_Iy~1991*|   .0198604   .0155496     1.26   0.208   .543519  -.010616  .050337
_Ipro~32*|  -.0388717   .0234675    -1.39   0.164   .116667  -.084867  .007124
_Ipro~37*|  -.0227208    .028408    -0.72   0.469   .092593    -.0784  .032958
_Ipro~41*|  -.0279879   .0258466    -0.96   0.336   .115741  -.078646  .022671
_Ipro~42*|  -.0318941   .0245119    -1.13   0.257   .117593  -.079937  .016148
_Ipro~43*|  -.0203021   .0224556    -0.84   0.398   .155556  -.064314   .02371
_Ipro~45*|  -.0741882   .0177243    -2.17   0.030   .060185  -.108927 -.039449
_Ipro~52*|   .0212891   .0327056     0.69   0.487   .118519  -.042813  .085391
---------+--------------------------------------------------------------------
  obs. P |   .0898148
 pred. P |   .0838008  (at x-bar)
------------------------------------------------------------------------------
(*) dF/dx is for discrete change of dummy variable from 0 to 1
    z and P>|z| correspond to the test of the underlying coefficient being 0

. 
. * Table 4, Column 2
. xi:dprobit move_attrit abs_mismatch age_head age_head2 eduyr_head i.year i.province if (hhidc!=hhidc[_n-1] | year!=year[_n-1])
>  & apt_nonmrkt93==1 & regime2==1,cluster(hhidc) 
i.year            _Iyear_1989-2004    (naturally coded; _Iyear_1989 omitted)
i.province        _Iprovince_21-52    (naturally coded; _Iprovince_21 omitted)

note: _Iprovince_37 != 0 predicts failure perfectly;
      _Iprovince_37 omitted and 56 obs not used.

note: _Iyear_1991 omitted because of collinearity.
note: _Iyear_1993 omitted because of collinearity.
note: _Iyear_2004 omitted because of collinearity.
note: _Iprovince_23 omitted because of collinearity.
Iteration 0:  Log pseudolikelihood = -379.99668
Iteration 1:  Log pseudolikelihood = -327.94138
Iteration 2:  Log pseudolikelihood = -325.35013
Iteration 3:  Log pseudolikelihood = -325.29037
Iteration 4:  Log pseudolikelihood = -325.29029

Probit regression, reporting marginal effects           Number of obs =    831
                                                        Wald chi2(12) = 107.84
                                                        Prob > chi2   = 0.0000
Log pseudolikelihood = -325.29029                       Pseudo R2     = 0.1440

                                (Std. err. adjusted for 371 clusters in hhidc)
------------------------------------------------------------------------------
         |               Robust
move_a~t |      dF/dx   Std. err.      z    P>|z|     x-bar  [    95% C.I.   ]
---------+--------------------------------------------------------------------
abs_mi~h |   .0917837   .0240087     3.77   0.000   .572506   .044728   .13884
age_head |  -.0208343   .0082041    -2.60   0.009    55.482  -.036914 -.004755
age_he~2 |   .0001501   .0000757     2.02   0.043   3246.43   1.8e-06  .000298
eduyr_~d |   .0107714   .0026915     4.04   0.000   9.23105   .005496  .016047
_Iy~1997*|   .1037048   .0390806     2.81   0.005   .351384   .027108  .180301
_Iy~2000*|   .0507065    .035715     1.46   0.144   .371841  -.019294  .120707
_Ipro~32*|  -.1114931   .0274045    -2.48   0.013   .098676  -.165205 -.057781
_Ipro~41*|   .0132131   .0441847     0.31   0.760   .154031  -.073387  .099814
_Ipro~42*|   .0094567   .0402844     0.24   0.812   .191336  -.069499  .088413
_Ipro~43*|   .0036621    .040223     0.09   0.927   .245487  -.075173  .082498
_Ipro~45*|  -.1023471   .0329666    -1.94   0.052   .072202   -.16696 -.037734
_Ipro~52*|   .0383509   .0535915     0.77   0.442   .105897  -.066686  .143388
---------+--------------------------------------------------------------------
  obs. P |   .1708785
 pred. P |   .1303234  (at x-bar)
------------------------------------------------------------------------------
(*) dF/dx is for discrete change of dummy variable from 0 to 1
    z and P>|z| correspond to the test of the underlying coefficient being 0

. 
. 
. 
. ***                     ***
. *** Table 5 ***
. ***                     ***
. 
. * Table 5 Column 1 
. xi: regress logapt_sqm i.regime2*log_mismatchpre  logwage_broadhh logtot_assets  age_head age_head2 age_head3 eduyr_head  i.pr
> ovince*i.year if (hhidc!=hhidc[_n-1] | year!=year[_n-1]) & apt_nonmrkt93==1, cluster(hhidc) vce(bootstrap, reps(200))
i.regime2         _Iregime2_0-1       (naturally coded; _Iregime2_0 omitted)
i.regi~2*log_~e   _IregXlog_m_#       (coded as above)
i.province        _Iprovince_21-52    (naturally coded; _Iprovince_21 omitted)
i.year            _Iyear_1989-2004    (naturally coded; _Iyear_1989 omitted)
i.pro~e*i.year    _IproXyea_#_#       (coded as above)
note: _Iprovince_23 omitted because of collinearity.
note: _Iyear_2004 omitted because of collinearity.
note: _IproXyea_23_1991 omitted because of collinearity.
note: _IproXyea_23_1993 omitted because of collinearity.
note: _IproXyea_23_1997 omitted because of collinearity.
note: _IproXyea_23_2000 omitted because of collinearity.
note: _IproXyea_23_2004 omitted because of collinearity.
note: _IproXyea_52_1997 omitted because of collinearity.
(running regress on estimation sample)

Bootstrap replications (200): ..x.xx.xx10.x..x....20..x.....x30x.x...x.x40xx..xxx..50........x60.x.xx..x.70.xx.x....80x......x.9
> 0xx.......x....x..x.xx.....x.x120x...xx...xx.x..x..x140..xx...xx150x...x....160x..x.x.xx170...x...x.180xxxx.xx..190...x..x.xx 
> done
x: Error occurred when bootstrap executed regress.

Linear regression                                     Number of obs =    1,867
                                                      Replications  =      132
                                                      Wald chi2(54) = 21911.99
                                                      Prob > chi2   =   0.0000
                                                      R-squared     =   0.2477
                                                      Adj R-squared =   0.2253
                                                      Root MSE      =   0.4782

                                      (Replications based on 502 clusters in hhidc)
-----------------------------------------------------------------------------------
                  |   Observed   Bootstrap                         Normal-based
       logapt_sqm | coefficient  std. err.      z    P>|z|     [95% conf. interval]
------------------+----------------------------------------------------------------
      _Iregime2_1 |   .4258177   .1109351     3.84   0.000     .2083888    .6432466
  log_mismatchpre |   -.185308   .0283759    -6.53   0.000    -.2409237   -.1296922
    _IregXlog_m_1 |   .2084493   .0460016     4.53   0.000     .1182878    .2986108
  logwage_broadhh |   .0221759   .0173461     1.28   0.201    -.0118217    .0561736
    logtot_assets |   .0200097   .0059841     3.34   0.001      .008281    .0317384
         age_head |   .0174105   .0480894     0.36   0.717    -.0768429    .1116639
        age_head2 |   .0001218   .0009879     0.12   0.902    -.0018145    .0020581
        age_head3 |  -3.06e-06   6.58e-06    -0.47   0.642     -.000016    9.84e-06
       eduyr_head |  -.0003736   .0037614    -0.10   0.921    -.0077459    .0069987
    _Iprovince_23 |          0  (omitted)
    _Iprovince_32 |   .2556843   .0880333     2.90   0.004     .0831421    .4282264
    _Iprovince_37 |   .2335445   .1250323     1.87   0.062    -.0115144    .4786033
    _Iprovince_41 |   .3421854   .0848387     4.03   0.000     .1759046    .5084661
    _Iprovince_42 |   .4570102   .0879789     5.19   0.000     .2845746    .6294457
    _Iprovince_43 |   .4171703   .0752897     5.54   0.000     .2696052    .5647355
    _Iprovince_45 |   .1184826   .1217097     0.97   0.330    -.1200641    .3570294
    _Iprovince_52 |   .3110389   .0838113     3.71   0.000     .1467717    .4753061
      _Iyear_1991 |  -.0877112   .0780912    -1.12   0.261    -.2407673    .0653448
      _Iyear_1993 |  -.1095538   .0782193    -1.40   0.161    -.2628608    .0437532
      _Iyear_1997 |  -.2885228   .1772968    -1.63   0.104    -.6360181    .0589725
      _Iyear_2000 |  -.0588684   .1296601    -0.45   0.650    -.3129975    .1952608
      _Iyear_2004 |          0  (omitted)
_IproXyea_23_1991 |          0  (omitted)
_IproXyea_23_1993 |          0  (omitted)
_IproXyea_23_1997 |          0  (omitted)
_IproXyea_23_2000 |          0  (omitted)
_IproXyea_23_2004 |          0  (omitted)
_IproXyea_32_1991 |  -.0015497   .0934777    -0.02   0.987    -.1847626    .1816632
_IproXyea_32_1993 |   .0333661   .0940787     0.35   0.723    -.1510248     .217757
_IproXyea_32_1997 |  -.3449145   .1522436    -2.27   0.023    -.6433066   -.0465225
_IproXyea_32_2000 |  -.6917802   .1558645    -4.44   0.000     -.997269   -.3862913
_IproXyea_32_2004 |  -.6724832   .1696214    -3.96   0.000    -1.004935   -.3400314
_IproXyea_37_1991 |  -.0091783   .0977957    -0.09   0.925    -.2008544    .1824977
_IproXyea_37_1993 |   .0768102   .1181375     0.65   0.516    -.1547351    .3083556
_IproXyea_37_1997 |  -.2618496   .3078709    -0.85   0.395    -.8652655    .3415662
_IproXyea_37_2000 |  -.5318482   .2080751    -2.56   0.011    -.9396678   -.1240285
_IproXyea_37_2004 |  -.4475519    .218838    -2.05   0.041    -.8764666   -.0186372
_IproXyea_41_1991 |  -.0244607   .0896397    -0.27   0.785    -.2001512    .1512299
_IproXyea_41_1993 |   .0211658    .092946     0.23   0.820    -.1610049    .2033366
_IproXyea_41_1997 |  -.0706226   .1501437    -0.47   0.638    -.3648989    .2236536
_IproXyea_41_2000 |   -.206459    .179129    -1.15   0.249    -.5575453    .1446273
_IproXyea_41_2004 |  -.2987309   .1764066    -1.69   0.090    -.6444814    .0470196
_IproXyea_42_1991 |  -.1338324    .101501    -1.32   0.187    -.3327708     .065106
_IproXyea_42_1993 |  -.1246189   .1063337    -1.17   0.241    -.3330292    .0837914
_IproXyea_42_1997 |  -.1485931   .1388099    -1.07   0.284    -.4206556    .1234693
_IproXyea_42_2000 |  -.3213224   .1435892    -2.24   0.025     -.602752   -.0398927
_IproXyea_42_2004 |  -.3597435   .1272518    -2.83   0.005    -.6091524   -.1103346
_IproXyea_43_1991 |   .0772931   .0856869     0.90   0.367    -.0906502    .2452363
_IproXyea_43_1993 |   .1975008   .0885068     2.23   0.026     .0240306     .370971
_IproXyea_43_1997 |   .0974851   .1623607     0.60   0.548    -.2207361    .4157063
_IproXyea_43_2000 |  -.0687595   .1767692    -0.39   0.697    -.4152208    .2777019
_IproXyea_43_2004 |    .027403   .1486481     0.18   0.854    -.2639418    .3187479
_IproXyea_45_1991 |   .1808529   .1325428     1.36   0.172    -.0789263     .440632
_IproXyea_45_1993 |   .3375427   .1400256     2.41   0.016     .0630976    .6119879
_IproXyea_45_1997 |   .1675412   .2617475     0.64   0.522    -.3454745    .6805569
_IproXyea_45_2000 |  -.0859372   .2280504    -0.38   0.706    -.5329078    .3610334
_IproXyea_45_2004 |   1.329927   .1706395     7.79   0.000     .9954799    1.664375
_IproXyea_52_1991 |  -.0821591    .093417    -0.88   0.379    -.2652531     .100935
_IproXyea_52_1993 |  -.0087056   .0965709    -0.09   0.928     -.197981    .1805699
_IproXyea_52_1997 |          0  (omitted)
_IproXyea_52_2000 |  -.2023654   .1691075    -1.20   0.231    -.5338099    .1290791
_IproXyea_52_2004 |  -.3241393   .1733589    -1.87   0.062    -.6639165    .0156379
            _cons |   2.494261    .790713     3.15   0.002     .9444924     4.04403
-----------------------------------------------------------------------------------
Note: One or more parameters could not be estimated in 68 bootstrap replicates;
      standard-error estimates include only complete replications.

. 
. 
. keep if (hhidc!=hhidc[_n-1] | year!=year[_n-1]) & apt_nonmrkt93==1
(28,944 observations deleted)

. egen province_num = group(province)

. gen post_mismatch = regime2*log_mismatchpre
(251 missing values generated)

. keep province_num year post_mismatch logapt_sqm ///
>         logwage_broadhh logtot_assets regime2 log_mismatchpre ///
>         age_head age_head2 age_head3 eduyr_head hhidc

. 
. label variable province_num   "G: Province numeric ID"

. label variable year           "T: Survey year (1989-2004)"

. label variable post_mismatch  "D: Post x Mismatch interaction"

. label variable logapt_sqm     "Y: Log apartment size (sqm)"

. label variable hhidc "Household ID"

. rename province_num G

. rename year T

. rename logapt_sqm Y

. rename post_mismatch D

. rename hhidc cluster

. egen aux = group(T)

. replace T = aux
(2,733 real changes made)

. drop aux

. 
. save "$outdir/panel_GTD.dta", replace
file /Users/anzony.quisperojas/Documents/GitHub/twfe_survey/replications/2010-2012/Wang (2011)/panel_GTD.dta saved

. di "  -> panel_GTD.dta saved with " _N " observations"
  -> panel_GTD.dta saved with 2733 observations

. di "  G = province_num, T = year, D = post_mismatch"
  G = province_num, T = year, D = post_mismatch

. 
. log close _all
      name:  <unnamed>
       log:  /Users/anzony.quisperojas/Documents/GitHub/twfe_survey/replications/2010-2012/Wang (2011)/run_twowayfe.log
  log type:  text
 closed on:  23 Jun 2026, 10:33:19
--------------------------------------------------------------------------------------------------------------------------------
