-------------------------------------------------------------------------------
      name:  dv
       log:  C:/Users/Usuario/Documents/GitHub/twfe_survey/replications/2010-20
> 12/Simcoe (2012)/full/tables/olsRobustDV.log
  log type:  text
 opened on:   6 May 2026, 01:00:56

. 
. replace stbafl1yr = stbafl1yr/100
(2,287 real changes made)

. replace st_stbafl1yr = st_stbafl1yr/100
(1,813 real changes made)

. 
. qui xi: reg age st_stbafl1yr st_lwgipr st_othDum stbafl1yr lwgipr othDum `st_
> controls' `controls' i.techarea i.pubCohort strfc if ((strfc|nsrfc) & cSample
>  & match_samp2), cluster(wg)

. est store dv1

. qui xi: xtreg age st_stbafl1yr st_lwgipr st_othDum stbafl1yr lwgipr othDum `s
> t_controls' `controls' i.pubCohort strfc if ((strfc|nsrfc) & cSample & match_
> samp2), fe i(wg) r

. est store dv2

. qui xi: reg lnDur st_stbafl1yr st_lwgipr st_othDum stbafl1yr lwgipr othDum `s
> t_controls' `controls' i.techarea i.pubCohort strfc if ((strfc|nsrfc) & cSamp
> le & match_samp2), cluster(wg)

. est store dv3

. qui xi: xtreg lnDur st_stbafl1yr st_lwgipr st_othDum stbafl1yr lwgipr othDum 
> `st_controls' `controls' i.pubCohort strfc if ((strfc|nsrfc) & cSample & matc
> h_samp2), fe i(wg) robust

. est store dv4

. 
. estout dv1 dv2 dv3 dv4, cells(b(fmt(2)) se(par fmt(2) star)) stats(N r2 df_m 
> N_g, fmt(0 %8.2f 0 0)) drop(`st_controls' `controls' _I*) style(tex) starleve
> ls(+ 0.1 * 0.05 ** 0.01 *** 0.001)

            &         dv1   &         dv2   &         dv3   &         dv4   \\
            &        b/se   &        b/se   &        b/se   &        b/se   \\
st_stbafl1yr&        3.38   &        2.98   &        0.87   &        0.71   \\
            &      (1.97)+  &      (1.94)   &      (0.41)*  &      (0.40)+  \\
st_lwgipr   &       -0.04   &        0.04   &        0.00   &       -0.00   \\
            &      (0.09)   &      (0.09)   &      (0.02)   &      (0.02)   \\
st_othDum   &        0.50   &       -0.36   &        0.19   &        0.09   \\
            &      (0.55)   &      (0.60)   &      (0.14)   &      (0.14)   \\
stbafl1yr   &       -1.05   &        1.66   &       -0.11   &        0.40   \\
            &      (1.67)   &      (2.10)   &      (0.34)   &      (0.50)   \\
lwgipr      &        0.05   &        0.06   &        0.01   &        0.02   \\
            &      (0.07)   &      (0.10)   &      (0.02)   &      (0.02)   \\
othDum      &       -0.22   &        0.09   &       -0.09   &       -0.05   \\
            &      (0.57)   &      (0.65)   &      (0.13)   &      (0.15)   \\
strfc       &       -7.01   &       -8.94   &       -0.89   &       -0.75   \\
            &      (2.97)*  &      (3.11)** &      (0.83)   &      (0.86)   \\
_cons       &        2.09   &        2.02   &        4.67   &        4.42   \\
            &      (2.02)   &      (2.73)   &      (0.71)***&      (0.76)***\\
N           &         952   &         952   &         952   &         952   \\
r2          &        0.21   &        0.17   &        0.19   &        0.08   \\
df_m        &          31   &          25   &          31   &          25   \\
N_g         &               &         151   &               &         151   \\

. 
. replace stbafl1yr = stbafl1yr*100
(2,287 real changes made)

. replace st_stbafl1yr = st_stbafl1yr*100
(1,813 real changes made)

. 
. log close dv
      name:  dv
       log:  C:/Users/Usuario/Documents/GitHub/twfe_survey/replications/2010-20
> 12/Simcoe (2012)/full/tables/olsRobustDV.log
  log type:  text
 closed on:   6 May 2026, 01:00:56
-------------------------------------------------------------------------------
