----------------------------------------------------------------------------------
      name:  <unnamed>
       log:  /Users/anzony.quisperojas/Documents/GitHub/twfe_survey/replications/2
> 015-2019/Antecol et al. (2018)/full/run_antecol_full.log
  log type:  text
 opened on:  18 May 2026, 11:11:33

. 
. * Define control variable lists (used across tables)
. local ulist phd_rank phd_rank_miss post_doc ug_students grad_students faculty fu
> ll_av_salary assist_av_salary revenue female_ratio full_ratio faculty_miss reven
> ue_miss female_ratio_miss full_ratio_miss

. local plist focs f_focs gncs f_gncs focs0 f_focs0 gncs0 f_gncs0

. local extralist top_pubs7 mean_ca7 PUBS7 max_csstops max_csstops_miss

. 
. * =============================================================================
. * FIGURE 1: Gender composition by profession
. * =============================================================================
. 
end of do-file

. do "/var/folders/gb/56xms55d53n734tnp7xq55bh0000gq/T//SD07020.000000"

. clear

. use aer_primarysample

. 
end of do-file

. isid pol_u
variable pol_u does not uniquely identify the observations
r(459);

. isid pol_u time_policy
variables pol_u and time_policy do not uniquely identify the observations
r(459);

. tab time_policy

time_policy |      Freq.     Percent        Cum.
------------+-----------------------------------
          0 |          1        0.07        0.07
          1 |         34        2.44        2.51
          2 |         77        5.53        8.05
          3 |        112        8.05       16.09
          4 |        158       11.35       27.44
          5 |        218       15.66       43.10
          6 |        318       22.84       65.95
          7 |        263       18.89       84.84
          8 |        121        8.69       93.53
          9 |         65        4.67       98.20
         10 |         17        1.22       99.43
         11 |          4        0.29       99.71
         13 |          3        0.22       99.93
         15 |          1        0.07      100.00
------------+-----------------------------------
      Total |      1,392      100.00

. do "/var/folders/gb/56xms55d53n734tnp7xq55bh0000gq/T//SD07020.000000"

.         cd "~/Dropbox/sa_fires/proj_bureaucrats_farms"
/Users/anzony.quisperojas/Library/CloudStorage/Dropbox/sa_fires/proj_bureaucrats_f
> arms

. 
end of do-file

. do "/var/folders/gb/56xms55d53n734tnp7xq55bh0000gq/T//SD07020.000000"

.         use "data_output/intermediate/iv_tmp", clear

. 
end of do-file

. do "/var/folders/gb/56xms55d53n734tnp7xq55bh0000gq/T//SD07020.000000"

.         import delimited "data_output/intermediate/0_master_merge_data_gen.csv",
>  clear varnames(1)
(encoding automatically selected: ISO-8859-2)
(77 vars, 14,837,592 obs)

.         replace count = count * 1000
variable count was int now long
(668,477 real changes made)

.         
.         keep if year < 2022 | (year == 2022 & month <= 8)
(2,807,112 observations deleted)

. 
.         global controls av_wind_speed wind_direction

.         global treat downup_ac

.         global cluster unique_small_grid_id monthyear#ac_uq_id

.         global cluster2 unique_small_grid_id monthyear#distr_id

. 
end of do-file

. do "/var/folders/gb/56xms55d53n734tnp7xq55bh0000gq/T//SD07020.000000"

.         gen x = 1

.         collapse (rawsum) const_exposed = downup_ac_pop distr_exposed = downup_p
> op  tot_grids = x count (firstnm) district distr_id month year province, by(prov
> ince district distr_id ac_uq_id monthyear)
province may not be both target and by()
r(198);

end of do-file

r(198);

. do "/var/folders/gb/56xms55d53n734tnp7xq55bh0000gq/T//SD07020.000000"

.         collapse (rawsum) const_exposed = downup_ac_pop distr_exposed = downup_p
> op  tot_grids = x count, by(province district distr_id ac_uq_id monthyear)

. 
end of do-file

. do "/var/folders/gb/56xms55d53n734tnp7xq55bh0000gq/T//SD07020.000000"

.         gen sh_ac_popexposed = const_exposed/tot_grids 

. 
end of do-file

. do "/var/folders/gb/56xms55d53n734tnp7xq55bh0000gq/T//SD07020.000000"

.         drop if year<2012 | (year==2012 & month<9)
year not found
r(111);

end of do-file

r(111);

. do "/var/folders/gb/56xms55d53n734tnp7xq55bh0000gq/T//SD07020.000000"

.         import delimited "data_output/intermediate/0_master_merge_data_gen.csv",
>  clear varnames(1)
(encoding automatically selected: ISO-8859-2)
(77 vars, 14,837,592 obs)

.         replace count = count * 1000
variable count was int now long
(668,477 real changes made)

.         
.         keep if year < 2022 | (year == 2022 & month <= 8)
(2,807,112 observations deleted)

. 
.         global controls av_wind_speed wind_direction

.         global treat downup_ac

.         global cluster unique_small_grid_id monthyear#ac_uq_id

.         global cluster2 unique_small_grid_id monthyear#distr_id

. 
. **# Share of pop in a constituency exposed to pollution in a given monthyear 
.         * Aggregate at the constituency level
.         * monthyear is a number from 1 to 120
.         
.         gen x = 1

.         collapse (rawsum) const_exposed = downup_ac_pop distr_exposed = downup_p
> op  tot_grids = x count (firstnm) month year, by(province district distr_id ac_u
> q_id monthyear)

.         
.         gen sh_ac_popexposed = const_exposed/tot_grids 

. 
. **# Merge with Nature data on fir and population exposed to pollution at the dis
> trict level
.         drop if year<2012 | (year==2012 & month<9)
(0 observations deleted)

.         drop if year>2022 | (year==2022 & month>8)
(0 observations deleted)

.         drop if year>2018 
(38,748 observations deleted)

.         
.         merge m:1 district month year using "data_output/intermediate/fir_nature
> "
(variable year was int, now float to accommodate using data's values)
(variable month was byte, now float to accommodate using data's values)

    Result                      Number of obs
    -----------------------------------------
    Not matched                         1,207
        from master                     1,131  (_merge==1)
        from using                         76  (_merge==2)

    Matched                            65,825  (_merge==3)
    -----------------------------------------

.         
. 
end of do-file

. br if _merge == 1

. tab district if _merge == 1

                 district |      Freq.     Percent        Cum.
--------------------------+-----------------------------------
                  Aligarh |         35        3.09        3.09
                   Ambala |         16        1.41        4.51
                 Bathinda |         30        2.65        7.16
                Ghaziabad |         28        2.48        9.64
                Gorakhpur |         90        7.96       17.60
                 Gurugram |         28        2.48       20.07
                Jehanabad |         30        2.65       22.72
          Kaimur (bhabua) |        304       26.88       49.60
                  Kaithal |         25        2.21       51.81
             Kanpur Nagar |         50        4.42       56.23
                Kaushambi |         36        3.18       59.42
                  Lucknow |         18        1.59       61.01
                 Ludhiana |        126       11.14       72.15
                 Mainpuri |          4        0.35       72.50
                  Mathura |         45        3.98       76.48
            Muzaffarnagar |         18        1.59       78.07
                  Patiala |          8        0.71       78.78
Sahibzada Ajit Singh Nag* |         24        2.12       80.90
               Samastipur |        110        9.73       90.63
                  Sitapur |         45        3.98       94.61
                Sonbhadra |         55        4.86       99.47
                    Unnao |          6        0.53      100.00
--------------------------+-----------------------------------
                    Total |      1,131      100.00

. tab province if _merge == 1

     province |      Freq.     Percent        Cum.
--------------+-----------------------------------
        Bihar |        444       39.26       39.26
      Haryana |         69        6.10       45.36
   Punjab_IND |        188       16.62       61.98
Uttar Pradesh |        430       38.02      100.00
--------------+-----------------------------------
        Total |      1,131      100.00

. tab province if _merge == 2
no observations

. do "/var/folders/gb/56xms55d53n734tnp7xq55bh0000gq/T//SD07020.000000"

.         import delimited "data_output/intermediate/0_master_merge_data_gen.csv", clear varnames(1)
(encoding automatically selected: ISO-8859-2)
--Break--
r(1);

end of do-file

--Break--
r(1);

. do "/var/folders/gb/56xms55d53n734tnp7xq55bh0000gq/T//SD07020.000000"

.         import delimited "data_output/intermediate/0_master_merge_data_gen.csv", clear varnames(1)
(encoding automatically selected: ISO-8859-2)
