-------------------------------------------------------------------------------
      name:  t8
       log:  C:/Users/Usuario/Documents/GitHub/twfe_survey/replications/2015-20
> 19/Antecol et al. (2018)/full/table8.log
  log type:  text
 opened on:   6 May 2026, 00:04:00

. 
. clear

. use aer_primarysample

. 
. local pplist focs f_focs gncs f_gncs

. local ppplist focs gncs

. 
. xi: reg female `ppplist' i.pol_u i.pol_job_start, cluster(pol_u)
i.pol_u           _Ipol_u_1-49        (naturally coded; _Ipol_u_1 omitted)
i.pol_job_start   _Ipol_job_s_1-26    (naturally coded; _Ipol_job_s_1 omitted)

Linear regression                               Number of obs     =      1,392
                                                F(26, 48)         =          .
                                                Prob > F          =          .
                                                R-squared         =     0.0580
                                                Root MSE          =      .3783

                                 (Std. err. adjusted for 49 clusters in pol_u)
------------------------------------------------------------------------------
             |               Robust
      female | Coefficient  std. err.      t    P>|t|     [95% conf. interval]
-------------+----------------------------------------------------------------
        focs |   .0059023   .0328162     0.18   0.858     -.060079    .0718837
        gncs |   .0035056   .0419007     0.08   0.934    -.0807415    .0877526
   _Ipol_u_2 |   .1207334   .0313932     3.85   0.000     .0576132    .1838536
   _Ipol_u_3 |    .013827   .0170909     0.81   0.422    -.0205366    .0481905
   _Ipol_u_4 |  -.0526423   .0266965    -1.97   0.054    -.1063193    .0010346
   _Ipol_u_5 |    .117268    .019126     6.13   0.000     .0788126    .1557234
   _Ipol_u_6 |   .0390033   .0301088     1.30   0.201    -.0215345    .0995412
   _Ipol_u_7 |   .0362748   .0234609     1.55   0.129    -.0108966    .0834461
   _Ipol_u_8 |   .1945949   .0236104     8.24   0.000      .147123    .2420669
   _Ipol_u_9 |   .0156634   .0224883     0.70   0.489    -.0295523    .0608791
  _Ipol_u_10 |   .2041094   .0163499    12.48   0.000     .1712358     .236983
  _Ipol_u_11 |  -.0128946    .025298    -0.51   0.613    -.0637596    .0379704
  _Ipol_u_12 |  -.0685014   .0115791    -5.92   0.000    -.0917827   -.0452201
  _Ipol_u_13 |   -.009144   .0174994    -0.52   0.604    -.0443288    .0260409
  _Ipol_u_14 |   .0827071   .0173721     4.76   0.000     .0477781    .1176361
  _Ipol_u_15 |   .2661547   .0243417    10.93   0.000     .2172125    .3150969
  _Ipol_u_16 |   .0067867   .0217905     0.31   0.757     -.037026    .0505995
  _Ipol_u_17 |  -.0722085   .0216712    -3.33   0.002    -.1157813   -.0286357
  _Ipol_u_18 |    .115933   .0169577     6.84   0.000     .0818372    .1500287
  _Ipol_u_19 |  -.0616212   .0245211    -2.51   0.015    -.1109241   -.0123182
  _Ipol_u_20 |  -.1205509   .0245744    -4.91   0.000     -.169961   -.0711408
  _Ipol_u_21 |  -.0269672    .017309    -1.56   0.126    -.0617693    .0078348
  _Ipol_u_22 |   .0509294   .0183094     2.78   0.008     .0141158    .0877429
  _Ipol_u_23 |  -.0291372   .0259479    -1.12   0.267    -.0813089    .0230344
  _Ipol_u_24 |   .0906865   .0275145     3.30   0.002     .0353649    .1460081
  _Ipol_u_25 |   .1652206   .0213818     7.73   0.000     .1222296    .2082115
  _Ipol_u_26 |  -.0054511   .0216687    -0.25   0.802    -.0490189    .0381167
  _Ipol_u_27 |   .0004907   .0203936     0.02   0.981    -.0405134    .0414948
  _Ipol_u_28 |    .076742   .0110685     6.93   0.000     .0544874    .0989967
  _Ipol_u_29 |  -.0296373   .0420504    -0.70   0.484    -.1141852    .0549107
  _Ipol_u_30 |  -.0040587   .0260476    -0.16   0.877    -.0564309    .0483135
  _Ipol_u_31 |   .0544547    .020299     2.68   0.010     .0136408    .0952686
  _Ipol_u_32 |    .014004   .0238456     0.59   0.560    -.0339409    .0619488
  _Ipol_u_33 |   -.013661   .0150657    -0.91   0.369    -.0439527    .0166306
  _Ipol_u_34 |   .0596929   .0183012     3.26   0.002     .0228959    .0964898
  _Ipol_u_35 |  -.0027603   .0259556    -0.11   0.916    -.0549475    .0494269
  _Ipol_u_36 |  -.0256531    .021957    -1.17   0.248    -.0698006    .0184944
  _Ipol_u_37 |   .0543249   .0208953     2.60   0.012      .012312    .0963377
  _Ipol_u_38 |   .0525646   .0201345     2.61   0.012     .0120814    .0930478
  _Ipol_u_39 |   .2372717   .0236206    10.05   0.000     .1897794     .284764
  _Ipol_u_40 |  -.0034978   .0226603    -0.15   0.878    -.0490594    .0420637
  _Ipol_u_41 |   .0565436   .0187724     3.01   0.004     .0187991    .0942881
  _Ipol_u_42 |   .0678284   .0258242     2.63   0.012     .0159053    .1197515
  _Ipol_u_43 |   .1685718   .0262719     6.42   0.000     .1157486     .221395
  _Ipol_u_44 |  -.0003922   .0203516    -0.02   0.985    -.0413118    .0405274
  _Ipol_u_45 |  -.0566108   .0185216    -3.06   0.004    -.0938509   -.0193707
  _Ipol_u_46 |   .0639741   .0245506     2.61   0.012     .0146117    .1133365
  _Ipol_u_47 |    .057058   .0205588     2.78   0.008     .0157218    .0983941
  _Ipol_u_48 |   .1145715   .0216071     5.30   0.000     .0711275    .1580154
  _Ipol_u_49 |  -.0387389   .0238974    -1.62   0.112     -.086788    .0093101
_Ipol_job~_2 |   .0691412   .0859519     0.80   0.425    -.1036768    .2419591
_Ipol_job~_3 |   .0944993   .0776254     1.22   0.229    -.0615771    .2505756
_Ipol_job~_4 |   .1027504   .0907768     1.13   0.263    -.0797686    .2852695
_Ipol_job~_5 |   .0502173    .060076     0.84   0.407    -.0705737    .1710083
_Ipol_job~_6 |   .0741576   .0687985     1.08   0.286    -.0641711    .2124863
_Ipol_job~_7 |   .1667919   .0922677     1.81   0.077    -.0187247    .3523085
_Ipol_job~_8 |   .0287611   .0576811     0.50   0.620    -.0872146    .1447367
_Ipol_job~_9 |   .0333094   .0718336     0.46   0.645    -.1111218    .1777406
_Ipol_job~10 |   .1598478   .0879822     1.82   0.075    -.0170523    .3367478
_Ipol_job~11 |   .0281098   .0655145     0.43   0.670     -.103616    .1598355
_Ipol_job~12 |   .1040462    .066193     1.57   0.123    -.0290437    .2371362
_Ipol_job~13 |   .0223924   .0622601     0.36   0.721      -.10279    .1475748
_Ipol_job~14 |   .0072713   .0646703     0.11   0.911     -.122757    .1372995
_Ipol_job~15 |  -.0636617   .0555597    -1.15   0.258     -.175372    .0480487
_Ipol_job~16 |   .0427776   .0837435     0.51   0.612    -.1255999    .2111552
_Ipol_job~17 |   .0812509   .0781952     1.04   0.304    -.0759712    .2384729
_Ipol_job~18 |   .0655344   .0598526     1.09   0.279    -.0548073    .1858762
_Ipol_job~19 |  -.0040725   .0557272    -0.07   0.942    -.1161197    .1079746
_Ipol_job~20 |   .1204072   .0877258     1.37   0.176    -.0559774    .2967918
_Ipol_job~21 |   .1998765   .0952545     2.10   0.041     .0083545    .3913984
_Ipol_job~22 |  -.0467474   .0603444    -0.77   0.442     -.168078    .0745832
_Ipol_job~23 |   .1211195   .0907684     1.33   0.188    -.0613826    .3036217
_Ipol_job~24 |   .1014074   .0724993     1.40   0.168    -.0443622    .2471769
_Ipol_job~25 |   .0679295   .0662399     1.03   0.310    -.0652548    .2011138
_Ipol_job~26 |   .1645357    .080373     2.05   0.046      .002935    .3261364
       _cons |   .0804878   .0499368     1.61   0.114    -.0199169    .1808924
------------------------------------------------------------------------------

. xi: reg phd_rank `pplist' i.female*i.pol_u i.female*i.pol_job_start, cluster(
> pol_u)
i.female          _Ifemale_0-1        (naturally coded; _Ifemale_0 omitted)
i.pol_u           _Ipol_u_1-49        (naturally coded; _Ipol_u_1 omitted)
i.fem~e*i.pol_u   _IfemXpol_#_#       (coded as above)
i.pol_job_start   _Ipol_job_s_1-26    (naturally coded; _Ipol_job_s_1 omitted)
i.fem~e*i.pol~t   _IfemXpola#_#       (coded as above)
note: _Ifemale_1 omitted because of collinearity.

Linear regression                               Number of obs     =      1,392
                                                F(47, 48)         =          .
                                                Prob > F          =          .
                                                R-squared         =     0.2372
                                                Root MSE          =     1.2276

                                 (Std. err. adjusted for 49 clusters in pol_u)
------------------------------------------------------------------------------
             |               Robust
    phd_rank | Coefficient  std. err.      t    P>|t|     [95% conf. interval]
-------------+----------------------------------------------------------------
        focs |   .1823406   .1967857     0.93   0.359    -.2133235    .5780046
      f_focs |   .0930533    .400172     0.23   0.817    -.7115464    .8976529
        gncs |   .2210783   .1799916     1.23   0.225    -.1408191    .5829757
      f_gncs |   .3814985    .414241     0.92   0.362     -.451389    1.214386
  _Ifemale_1 |  -.9689423   .5374249    -1.80   0.078    -2.049507    .1116228
   _Ipol_u_2 |   .5755973   .1196574     4.81   0.000       .33501    .8161847
   _Ipol_u_3 |   .2982874   .0723607     4.12   0.000     .1527965    .4437783
   _Ipol_u_4 |   2.019384    .122114    16.54   0.000     1.773858    2.264911
   _Ipol_u_5 |   1.040453   .1155977     9.00   0.000     .8080282    1.272878
   _Ipol_u_6 |   1.397623    .125671    11.12   0.000     1.144945    1.650301
   _Ipol_u_7 |   .2592999   .1056582     2.45   0.018     .0468598      .47174
   _Ipol_u_8 |   .6044557   .1065009     5.68   0.000     .3903213      .81859
   _Ipol_u_9 |  -.1399251   .1168648    -1.20   0.237    -.3748974    .0950473
  _Ipol_u_10 |   .9330323   .1069084     8.73   0.000     .7180786    1.147986
  _Ipol_u_11 |   .4259152   .1199256     3.55   0.001     .1847886    .6670418
  _Ipol_u_12 |   .5987005   .0552206    10.84   0.000     .4876719     .709729
  _Ipol_u_13 |  -.0895244   .0984286    -0.91   0.368    -.2874284    .1083795
  _Ipol_u_14 |   .5493006   .0881283     6.23   0.000     .3721069    .7264944
  _Ipol_u_15 |   .8378712   .1138997     7.36   0.000     .6088605    1.066882
  _Ipol_u_16 |   .9959552   .1198462     8.31   0.000     .7549884    1.236922
  _Ipol_u_17 |     .03115   .1031785     0.30   0.764    -.1763043    .2386042
  _Ipol_u_18 |   .9865199   .0719514    13.71   0.000      .841852    1.131188
  _Ipol_u_19 |  -.1586061   .1189354    -1.33   0.189    -.3977418    .0805296
  _Ipol_u_20 |   .1690771   .1162649     1.45   0.152    -.0646892    .4028434
  _Ipol_u_21 |   1.006726     .07257    13.87   0.000     .8608138    1.152637
  _Ipol_u_22 |   .7549326   .0736062    10.26   0.000     .6069374    .9029278
  _Ipol_u_23 |  -.2305403   .1252456    -1.84   0.072    -.4823635    .0212828
  _Ipol_u_24 |   .7742024   .1348538     5.74   0.000     .5030608    1.045344
  _Ipol_u_25 |   .7929583    .112411     7.05   0.000     .5669408    1.018976
  _Ipol_u_26 |   .0149833   .1122081     0.13   0.894    -.2106262    .2405928
  _Ipol_u_27 |   .3610992   .1079726     3.34   0.002     .1440057    .5781927
  _Ipol_u_28 |   .5012227   .0531081     9.44   0.000     .3944417    .6080037
  _Ipol_u_29 |  -.3027298   .1886439    -1.60   0.115    -.6820237    .0765641
  _Ipol_u_30 |   1.512202   .1275091    11.86   0.000     1.255828    1.768577
  _Ipol_u_31 |   .3691443   .1017777     3.63   0.001     .1645066     .573782
  _Ipol_u_32 |   1.053762   .1262741     8.35   0.000      .799871    1.307653
  _Ipol_u_33 |  -.3723633   .0588471    -6.33   0.000    -.4906833   -.2540433
  _Ipol_u_34 |  -.3814308   .0975495    -3.91   0.000    -.5775672   -.1852944
  _Ipol_u_35 |  -.1646431   .1172033    -1.40   0.167    -.4002961    .0710099
  _Ipol_u_36 |   .7856872   .1118926     7.02   0.000     .5607121    1.010662
  _Ipol_u_37 |  -.2292019   .1086236    -2.11   0.040    -.4476042   -.0107996
  _Ipol_u_38 |  -.0347398   .0891362    -0.39   0.698    -.2139601    .1444805
  _Ipol_u_39 |   1.941068   .1167109    16.63   0.000     1.706405     2.17573
  _Ipol_u_40 |   1.527718   .1099773    13.89   0.000     1.306594    1.748842
  _Ipol_u_41 |   .3080904   .0953263     3.23   0.002      .116424    .4997567
  _Ipol_u_42 |   .9694526   .1116063     8.69   0.000     .7450532    1.193852
  _Ipol_u_43 |    1.28379   .1095978    11.71   0.000     1.063429    1.504151
  _Ipol_u_44 |  -.7305984   .1034746    -7.06   0.000    -.9386479   -.5225488
  _Ipol_u_45 |  -.2701735   .1080899    -2.50   0.016    -.4875028   -.0528441
  _Ipol_u_46 |   .5110579   .1195327     4.28   0.000     .2707214    .7513945
  _Ipol_u_47 |     .88534   .0985764     8.98   0.000     .6871389    1.083541
  _Ipol_u_48 |   .3498674   .0982678     3.56   0.001     .1522868     .547448
  _Ipol_u_49 |   .2624328   .1242122     2.11   0.040     .0126874    .5121781
_IfemXp~_1_2 |   .2407102   .3742228     0.64   0.523    -.5117151    .9931355
_IfemXp~_1_3 |  -.7072205   .2778667    -2.55   0.014    -1.265909   -.1485321
_IfemXp~_1_4 |   .9918714   .4244969     2.34   0.024     .1383632     1.84538
_IfemXp~_1_5 |   .4188987   .3026677     1.38   0.173    -.1896554    1.027453
_IfemXp~_1_6 |    .526492   .3433972     1.53   0.132    -.1639544    1.216938
_IfemXp~_1_7 |   .7283004   .3391771     2.15   0.037     .0463391    1.410262
_IfemXp~_1_8 |   -.531564   .2985958    -1.78   0.081    -1.131931    .0688032
_IfemXp~_1_9 |   .9201497   .4290552     2.14   0.037     .0574763    1.782823
_IfemX~_1_10 |   .3197886   .2961863     1.08   0.286     -.275734    .9153111
_IfemX~_1_11 |  -.6871817   .3328965    -2.06   0.044    -1.356515   -.0178485
_IfemX~_1_12 |   .8306343   .2906996     2.86   0.006     .2461436    1.415125
_IfemX~_1_13 |    .157278   .3537893     0.44   0.659     -.554063    .8686191
_IfemX~_1_14 |   .1006863   .3132925     0.32   0.749    -.5292304     .730603
_IfemX~_1_15 |  -.7068349    .346629    -2.04   0.047    -1.403779   -.0098906
_IfemX~_1_16 |   .0827145   .2910828     0.28   0.778    -.5025466    .6679756
_IfemX~_1_17 |   2.176693     .42339     5.14   0.000      1.32541    3.027975
_IfemX~_1_18 |    .780932   .2759828     2.83   0.007     .2260314    1.335833
_IfemX~_1_19 |   1.292372   .3366367     3.84   0.000     .6155189    1.969226
_IfemX~_1_20 |  -1.901837    .396762    -4.79   0.000    -2.699581   -1.104094
_IfemX~_1_21 |  -.7617711   .3319564    -2.29   0.026    -1.429214   -.0943279
_IfemX~_1_22 |  -.0489421   .2201714    -0.22   0.825    -.4916263    .3937422
_IfemX~_1_23 |    .777911   .4364214     1.78   0.081     -.099573    1.655395
_IfemX~_1_24 |    1.12097   .3365888     3.33   0.002     .4442132    1.797728
_IfemX~_1_25 |  -.1952645   .2983667    -0.65   0.516     -.795171    .4046419
_IfemX~_1_26 |   1.068787   .3236197     3.30   0.002      .418106    1.719468
_IfemXpol~27 |   .8943937   .3049225     2.93   0.005      .281306    1.507481
_IfemXpol~28 |   .8789577   .1633598     5.38   0.000     .5505007    1.207415
_IfemXpol~29 |   .4088386   .4337632     0.94   0.351    -.4633007    1.280978
_IfemXpol~30 |   -.727237   .4277982    -1.70   0.096    -1.587383    .1329089
_IfemXpol~31 |   .1871156   .2577551     0.73   0.471    -.3311359     .705367
_IfemXpol~32 |   .9792692   .3460631     2.83   0.007     .2834627    1.675076
_IfemXpol~33 |   .0713116   .2410093     0.30   0.769    -.4132701    .5558933
_IfemXpol~34 |   .3062476   .2948433     1.04   0.304    -.2865746    .8990698
_IfemXpol~35 |  -.5997386   .3788554    -1.58   0.120    -1.361478    .1620012
_IfemXpol~36 |   .8991956   .4427443     2.03   0.048     .0089986    1.789393
_IfemXpol~37 |   .8235795   .2851592     2.89   0.006     .2502286     1.39693
_IfemXpol~38 |  -.5692877   .3056407    -1.86   0.069    -1.183819     .045244
_IfemXpol~39 |  -.3593988    .300345    -1.20   0.237    -.9632829    .2444854
_IfemXpol~40 |   .6433291   .3500608     1.84   0.072    -.0605153    1.347173
_IfemXpol~41 |  -.3459061   .2908367    -1.19   0.240    -.9306725    .2388603
_IfemXpol~42 |   .0413577   .2963815     0.14   0.890    -.5545573    .6372726
_IfemXpol~43 |   .1179425   .3300489     0.36   0.722    -.5456653    .7815502
_IfemXpol~44 |  -.3098123   .3477531    -0.89   0.377    -1.009017    .3893922
_IfemXpol~45 |   .5836873    .284013     2.06   0.045      .012641    1.154734
_IfemXpol~46 |   .9313308   .3804563     2.45   0.018     .1663723    1.696289
_IfemXpol~47 |   1.064639   .3617531     2.94   0.005     .3372852    1.791992
_IfemXpol~48 |   .2416222   .4516613     0.53   0.595    -.6665038    1.149748
_IfemXpol~49 |   .7244344   .4422092     1.64   0.108    -.1646868    1.613556
  _Ifemale_1 |          0  (omitted)
_Ipol_job~_2 |  -.4021087   .3043518    -1.32   0.193    -1.014049    .2098316
_Ipol_job~_3 |   .0059181   .2357713     0.03   0.980     -.468132    .4799681
_Ipol_job~_4 |   -.192031   .3142519    -0.61   0.544    -.8238768    .4398149
_Ipol_job~_5 |  -.2384543   .2944744    -0.81   0.422    -.8305348    .3536263
_Ipol_job~_6 |  -.0062174   .2740437    -0.02   0.982    -.5572192    .5447844
_Ipol_job~_7 |   .0818493   .2445612     0.33   0.739     -.409874    .5735726
_Ipol_job~_8 |  -.3231227   .1914978    -1.69   0.098    -.7081549    .0619095
_Ipol_job~_9 |   .2006973   .2253958     0.89   0.378    -.2524913    .6538859
_Ipol_job~10 |   .2699184    .302499     0.89   0.377    -.3382966    .8781334
_Ipol_job~11 |  -.1069598   .2852235    -0.38   0.709    -.6804401    .4665204
_Ipol_job~12 |   .1468952   .2509186     0.59   0.561    -.3576105     .651401
_Ipol_job~13 |  -.0736819   .2800612    -0.26   0.794    -.6367827    .4894189
_Ipol_job~14 |  -.2122845   .2241887    -0.95   0.348     -.663046     .238477
_Ipol_job~15 |   -.259137   .2910714    -0.89   0.378    -.8443754    .3261014
_Ipol_job~16 |   .0294009   .3516462     0.08   0.934    -.6776311    .7364329
_Ipol_job~17 |   .2174824   .3244755     0.67   0.506    -.4349193    .8698841
_Ipol_job~18 |   .0536208   .2387062     0.22   0.823    -.4263303    .5335718
_Ipol_job~19 |  -.2398637   .2648649    -0.91   0.370    -.7724102    .2926828
_Ipol_job~20 |  -.0399732   .2999335    -0.13   0.895    -.6430299    .5630835
_Ipol_job~21 |  -.2673187   .3058097    -0.87   0.386    -.8821902    .3475529
_Ipol_job~22 |  -.0050249   .2629326    -0.02   0.985    -.5336863    .5236364
_Ipol_job~23 |   -.199164   .2780429    -0.72   0.477    -.7582068    .3598787
_Ipol_job~24 |  -.2357097   .3276216    -0.72   0.475    -.8944371    .4230177
_Ipol_job~25 |  -.1527729   .2838391    -0.54   0.593    -.7234696    .4179237
_Ipol_job~26 |   .2806738   .3753392     0.75   0.458    -.4739963    1.035344
_IfemXp~a1_2 |   1.254341   .8489769     1.48   0.146    -.4526416    2.961323
_IfemXp~a1_3 |   .5663894   .6555887     0.86   0.392      -.75176    1.884539
_IfemXp~a1_4 |   .8563895   .7978057     1.07   0.288    -.7477064    2.460485
_IfemXp~a1_5 |    .559205   .6208243     0.90   0.372    -.6890459    1.807456
_IfemXp~a1_6 |   1.292624   .7530705     1.72   0.093     -.221526    2.806774
_IfemXp~a1_7 |   .3246261   .8372011     0.39   0.700     -1.35868    2.007932
_IfemXp~a1_8 |   1.206958    .540648     2.23   0.030     .1199119    2.294003
_IfemXp~a1_9 |   .7555032    .803544     0.94   0.352    -.8601303    2.371137
_IfemX~a1_10 |   .3997753   .8412882     0.48   0.637    -1.291748    2.091299
_IfemX~a1_11 |   .3841594   .7092251     0.54   0.591    -1.041833    1.810152
_IfemX~a1_12 |   1.058192   .7301657     1.45   0.154    -.4099041    2.526289
_IfemX~a1_13 |   .9200627   .6668041     1.38   0.174    -.4206369    2.260762
_IfemX~a1_14 |   1.100286   .5710273     1.93   0.060    -.0478412    2.248413
_IfemX~a1_15 |   1.939102   .8612495     2.25   0.029     .2074438     3.67076
_IfemX~a1_16 |   .2509249   .8935079     0.28   0.780    -1.545593    2.047443
_IfemX~a1_17 |   .7875697   .7054507     1.12   0.270    -.6308339    2.205973
_IfemX~a1_18 |  -.0567927   .6024113    -0.09   0.925    -1.268022    1.154436
_IfemX~a1_19 |  -.1289152   .6984912    -0.18   0.854    -1.533326    1.275495
_IfemX~a1_20 |    .431119   .8339874     0.52   0.608    -1.245725    2.107963
_IfemX~a1_21 |    .679109   .7362237     0.92   0.361     -.801168    2.159386
_IfemX~a1_22 |   .1998815   .6865494     0.29   0.772    -1.180519    1.580282
_IfemX~a1_23 |   .9042833   .7517734     1.20   0.235    -.6072585    2.415825
_IfemX~a1_24 |   .2283909   .7662709     0.30   0.767      -1.3123    1.769082
_IfemX~a1_25 |   .8161609   .7987129     1.02   0.312    -.7897589    2.422081
_IfemX~a1_26 |   .0669252   .7682364     0.09   0.931    -1.477718    1.611568
       _cons |   2.094074   .2135351     9.81   0.000     1.664732    2.523415
------------------------------------------------------------------------------

. lincom focs

 ( 1)  focs = 0

------------------------------------------------------------------------------
    phd_rank | Coefficient  Std. err.      t    P>|t|     [95% conf. interval]
-------------+----------------------------------------------------------------
         (1) |   .1823406   .1967857     0.93   0.359    -.2133235    .5780046
------------------------------------------------------------------------------

. lincom focs+f_focs

 ( 1)  focs + f_focs = 0

------------------------------------------------------------------------------
    phd_rank | Coefficient  Std. err.      t    P>|t|     [95% conf. interval]
-------------+----------------------------------------------------------------
         (1) |   .2753938   .3433031     0.80   0.426    -.4148633     .965651
------------------------------------------------------------------------------

. lincom gncs

 ( 1)  gncs = 0

------------------------------------------------------------------------------
    phd_rank | Coefficient  Std. err.      t    P>|t|     [95% conf. interval]
-------------+----------------------------------------------------------------
         (1) |   .2210783   .1799916     1.23   0.225    -.1408191    .5829757
------------------------------------------------------------------------------

. lincom gncs+f_gncs

 ( 1)  gncs + f_gncs = 0

------------------------------------------------------------------------------
    phd_rank | Coefficient  Std. err.      t    P>|t|     [95% conf. interval]
-------------+----------------------------------------------------------------
         (1) |   .6025768   .3629723     1.66   0.103    -.1272279    1.332381
------------------------------------------------------------------------------

. lincom -f_focs

 ( 1)  - f_focs = 0

------------------------------------------------------------------------------
    phd_rank | Coefficient  Std. err.      t    P>|t|     [95% conf. interval]
-------------+----------------------------------------------------------------
         (1) |  -.0930533    .400172    -0.23   0.817    -.8976529    .7115464
------------------------------------------------------------------------------

. lincom -f_gncs

 ( 1)  - f_gncs = 0

------------------------------------------------------------------------------
    phd_rank | Coefficient  Std. err.      t    P>|t|     [95% conf. interval]
-------------+----------------------------------------------------------------
         (1) |  -.3814985    .414241    -0.92   0.362    -1.214386     .451389
------------------------------------------------------------------------------

. 
. xi: reg post_doc `pplist' i.female*i.pol_u i.female*i.pol_job_start, cluster(
> pol_u)
i.female          _Ifemale_0-1        (naturally coded; _Ifemale_0 omitted)
i.pol_u           _Ipol_u_1-49        (naturally coded; _Ipol_u_1 omitted)
i.fem~e*i.pol_u   _IfemXpol_#_#       (coded as above)
i.pol_job_start   _Ipol_job_s_1-26    (naturally coded; _Ipol_job_s_1 omitted)
i.fem~e*i.pol~t   _IfemXpola#_#       (coded as above)
note: _Ifemale_1 omitted because of collinearity.

Linear regression                               Number of obs     =      1,392
                                                F(47, 48)         =          .
                                                Prob > F          =          .
                                                R-squared         =     0.1161
                                                Root MSE          =     .18537

                                 (Std. err. adjusted for 49 clusters in pol_u)
------------------------------------------------------------------------------
             |               Robust
    post_doc | Coefficient  std. err.      t    P>|t|     [95% conf. interval]
-------------+----------------------------------------------------------------
        focs |  -.0102421    .024624    -0.42   0.679    -.0597519    .0392677
      f_focs |  -.0241905   .0560937    -0.43   0.668    -.1369746    .0885935
        gncs |   .0049254   .0264371     0.19   0.853    -.0482299    .0580808
      f_gncs |   .0355953   .0693341     0.51   0.610    -.1038104    .1750009
  _Ifemale_1 |  -.0598588   .0592047    -1.01   0.317    -.1788978    .0591801
   _Ipol_u_2 |  -.1244318   .0152235    -8.17   0.000    -.1550408   -.0938229
   _Ipol_u_3 |  -.0729826   .0111648    -6.54   0.000     -.095431   -.0505342
   _Ipol_u_4 |   .0029847   .0140364     0.21   0.833    -.0252374    .0312068
   _Ipol_u_5 |  -.1300146   .0126354   -10.29   0.000    -.1554199   -.1046094
   _Ipol_u_6 |   -.067926   .0181607    -3.74   0.000    -.1044406   -.0314115
   _Ipol_u_7 |  -.0842023   .0129003    -6.53   0.000      -.11014   -.0582645
   _Ipol_u_8 |  -.1206573    .016616    -7.26   0.000    -.1540661   -.0872486
   _Ipol_u_9 |  -.1405408   .0148707    -9.45   0.000    -.1704404   -.1106412
  _Ipol_u_10 |  -.1274296   .0137649    -9.26   0.000    -.1551059   -.0997534
  _Ipol_u_11 |  -.1359434   .0115883   -11.73   0.000    -.1592431   -.1126436
  _Ipol_u_12 |  -.0814708   .0072399   -11.25   0.000    -.0960277    -.066914
  _Ipol_u_13 |  -.0906877   .0133374    -6.80   0.000    -.1175044    -.063871
  _Ipol_u_14 |    .097513   .0099445     9.81   0.000     .0775182    .1175077
  _Ipol_u_15 |    .022222   .0180812     1.23   0.225    -.0141326    .0585767
  _Ipol_u_16 |  -.1318422   .0130973   -10.07   0.000    -.1581762   -.1055083
  _Ipol_u_17 |   -.088882   .0124205    -7.16   0.000    -.1138552   -.0639089
  _Ipol_u_18 |  -.1239183   .0118824   -10.43   0.000    -.1478096   -.1000271
  _Ipol_u_19 |  -.1291125   .0150768    -8.56   0.000    -.1594264   -.0987985
  _Ipol_u_20 |  -.0983938   .0112789    -8.72   0.000    -.1210715   -.0757161
  _Ipol_u_21 |  -.1246818   .0121512   -10.26   0.000    -.1491135   -.1002501
  _Ipol_u_22 |  -.1346537   .0127809   -10.54   0.000    -.1603514   -.1089559
  _Ipol_u_23 |  -.1041087   .0142498    -7.31   0.000    -.1327599   -.0754575
  _Ipol_u_24 |  -.1359158   .0174079    -7.81   0.000    -.1709168   -.1009148
  _Ipol_u_25 |  -.1257633    .014538    -8.65   0.000    -.1549938   -.0965327
  _Ipol_u_26 |  -.1402228   .0140515    -9.98   0.000    -.1684752   -.1119703
  _Ipol_u_27 |  -.0436278   .0130644    -3.34   0.002    -.0698955   -.0173601
  _Ipol_u_28 |  -.0540793   .0094214    -5.74   0.000    -.0730222   -.0351364
  _Ipol_u_29 |  -.1365387   .0237295    -5.75   0.000    -.1842501   -.0888273
  _Ipol_u_30 |  -.0785488   .0156498    -5.02   0.000    -.1100148   -.0470828
  _Ipol_u_31 |  -.0159218   .0125498    -1.27   0.211    -.0411549    .0093113
  _Ipol_u_32 |  -.1328987   .0153817    -8.64   0.000    -.1638258   -.1019717
  _Ipol_u_33 |  -.0676027   .0087133    -7.76   0.000    -.0851219   -.0500835
  _Ipol_u_34 |  -.1239716   .0129241    -9.59   0.000    -.1499572    -.097986
  _Ipol_u_35 |  -.1028474   .0151859    -6.77   0.000    -.1333807   -.0723142
  _Ipol_u_36 |  -.1206791   .0159617    -7.56   0.000    -.1527722   -.0885859
  _Ipol_u_37 |  -.0954488   .0142282    -6.71   0.000    -.1240565    -.066841
  _Ipol_u_38 |  -.0166126   .0115023    -1.44   0.155    -.0397395    .0065143
  _Ipol_u_39 |  -.1011512   .0145436    -6.96   0.000     -.130393   -.0719094
  _Ipol_u_40 |  -.1200838   .0104744   -11.46   0.000    -.1411441   -.0990235
  _Ipol_u_41 |  -.1231141   .0124539    -9.89   0.000    -.1481542   -.0980739
  _Ipol_u_42 |  -.0819345   .0156259    -5.24   0.000    -.1133525   -.0505165
  _Ipol_u_43 |  -.1181583   .0158561    -7.45   0.000    -.1500392   -.0862774
  _Ipol_u_44 |  -.0933683   .0116123    -8.04   0.000    -.1167163   -.0700202
  _Ipol_u_45 |  -.0693086    .012417    -5.58   0.000    -.0942746   -.0443427
  _Ipol_u_46 |  -.1297281   .0136421    -9.51   0.000    -.1571573   -.1022989
  _Ipol_u_47 |  -.1239034   .0121126   -10.23   0.000    -.1482575   -.0995493
  _Ipol_u_48 |  -.0663682    .012103    -5.48   0.000     -.090703   -.0420335
  _Ipol_u_49 |  -.1362768   .0170423    -8.00   0.000    -.1705426    -.102011
_IfemXp~_1_2 |  -.0298308   .0813692    -0.37   0.716    -.1934346     .133773
_IfemXp~_1_3 |   .0476463   .0379101     1.26   0.215     -.028577    .1238697
_IfemXp~_1_4 |  -.1330961   .0941072    -1.41   0.164    -.3223113    .0561191
_IfemXp~_1_5 |   .1326011   .0480969     2.76   0.008     .0358958    .2293063
_IfemXp~_1_6 |  -.0438161   .0597233    -0.73   0.467    -.1638979    .0762657
_IfemXp~_1_7 |  -.0508059   .0692936    -0.73   0.467      -.19013    .0885182
_IfemXp~_1_8 |   .2926953   .0449924     6.51   0.000     .2022319    .3831587
_IfemXp~_1_9 |    .253321   .0754039     3.36   0.002     .1017114    .4049307
_IfemX~_1_10 |    .005409   .0537699     0.10   0.920    -.1027027    .1135207
_IfemX~_1_11 |   .0494517   .0683673     0.72   0.473      -.08801    .1869133
_IfemX~_1_12 |   .0190576   .0549523     0.35   0.730    -.0914315    .1295466
_IfemX~_1_13 |   .0658241    .048962     1.34   0.185    -.0326206    .1642689
_IfemX~_1_14 |  -.1625574   .0455104    -3.57   0.001    -.2540621   -.0710526
_IfemX~_1_15 |  -.1026782    .064978    -1.58   0.121    -.2333251    .0279688
_IfemX~_1_16 |   .0313228    .061211     0.51   0.611    -.0917501    .1543957
_IfemX~_1_17 |   .0733001   .0615796     1.19   0.240    -.0505141    .1971142
_IfemX~_1_18 |   .1799052   .0447495     4.02   0.000     .0899304    .2698801
_IfemX~_1_19 |  -.0084676   .0645264    -0.13   0.896    -.1382067    .1212714
_IfemX~_1_20 |   .0076874   .0570643     0.13   0.893     -.107048    .1224228
_IfemX~_1_21 |   .0765308   .0438903     1.74   0.088    -.0117164    .1647781
_IfemX~_1_22 |   .0724427   .0451056     1.61   0.115    -.0182482    .1631335
_IfemX~_1_23 |   .1848034   .0616687     3.00   0.004     .0608101    .3087967
_IfemX~_1_24 |    .024095   .0484033     0.50   0.621    -.0732263    .1214164
_IfemX~_1_25 |    .022512   .0550847     0.41   0.685    -.0882431    .1332671
_IfemX~_1_26 |   .0486494   .0570155     0.85   0.398    -.0659879    .1632868
_IfemXpol~27 |  -.0374357   .0463068    -0.81   0.423    -.1305417    .0556703
_IfemXpol~28 |   .1403009   .0271388     5.17   0.000     .0857348    .1948671
_IfemXpol~29 |   .0659327   .0752556     0.88   0.385    -.0853788    .2172441
_IfemXpol~30 |   .0142472   .0570463     0.25   0.804     -.100452    .1289464
_IfemXpol~31 |  -.0508329   .0350582    -1.45   0.154    -.1213222    .0196564
_IfemXpol~32 |   .0723969   .0552343     1.31   0.196    -.0386591    .1834529
_IfemXpol~33 |    .009701   .0368014     0.26   0.793    -.0642932    .0836952
_IfemXpol~34 |   .1049818   .0443196     2.37   0.022     .0158712    .1940924
_IfemXpol~35 |   .0449041   .0610343     0.74   0.465    -.0778135    .1676217
_IfemXpol~36 |   .0813835   .0649653     1.25   0.216     -.049238     .212005
_IfemXpol~37 |    .299777   .0432483     6.93   0.000     .2128206    .3867335
_IfemXpol~38 |  -.0598419   .0520037    -1.15   0.256    -.1644023    .0447184
_IfemXpol~39 |  -.0198382   .0538239    -0.37   0.714    -.1280583    .0883819
_IfemXpol~40 |  -.0063085   .0688655    -0.09   0.927    -.1447719    .1321549
_IfemXpol~41 |   .0843794   .0464682     1.82   0.076    -.0090512      .17781
_IfemXpol~42 |   .0116132   .0471288     0.25   0.806    -.0831456    .1063719
_IfemXpol~43 |   .0121726   .0488076     0.25   0.804    -.0859617    .1103069
_IfemXpol~44 |   .0522982   .0596124     0.88   0.385    -.0675605    .1721569
_IfemXpol~45 |  -.0050016   .0525968    -0.10   0.925    -.1107545    .1007513
_IfemXpol~46 |   .2687279   .0713936     3.76   0.000     .1251815    .4122743
_IfemXpol~47 |   .2397901   .0462556     5.18   0.000     .1467869    .3327933
_IfemXpol~48 |  -.0480048    .053552    -0.90   0.375    -.1556783    .0596687
_IfemXpol~49 |     .07667   .0486176     1.58   0.121    -.0210824    .1744223
  _Ifemale_1 |          0  (omitted)
_Ipol_job~_2 |   -.044557   .0346031    -1.29   0.204    -.1141312    .0250173
_Ipol_job~_3 |  -.0065552    .049392    -0.13   0.895    -.1058643     .092754
_Ipol_job~_4 |  -.0198513   .0483304    -0.41   0.683     -.117026    .0773235
_Ipol_job~_5 |  -.0403535   .0277366    -1.45   0.152    -.0961218    .0154147
_Ipol_job~_6 |   -.050429    .029899    -1.69   0.098    -.1105449    .0096869
_Ipol_job~_7 |   .0388505   .0571815     0.68   0.500    -.0761207    .1538216
_Ipol_job~_8 |   .0468159   .0350252     1.34   0.188     -.023607    .1172387
_Ipol_job~_9 |  -.0419054   .0296875    -1.41   0.165    -.1015961    .0177853
_Ipol_job~10 |  -.0071808   .0520016    -0.14   0.891     -.111737    .0973754
_Ipol_job~11 |  -.0522757   .0302938    -1.73   0.091    -.1131854     .008634
_Ipol_job~12 |  -.0529203   .0320304    -1.65   0.105    -.1173217    .0114812
_Ipol_job~13 |  -.0569658     .03096    -1.84   0.072     -.119215    .0052835
_Ipol_job~14 |  -.0097366   .0390999    -0.25   0.804    -.0883522    .0688791
_Ipol_job~15 |  -.0180189   .0416137    -0.43   0.667    -.1016888     .065651
_Ipol_job~16 |  -.0616302   .0313199    -1.97   0.055    -.1246031    .0013426
_Ipol_job~17 |    .015411   .0362293     0.43   0.672     -.057433     .088255
_Ipol_job~18 |  -.0110427   .0425331    -0.26   0.796    -.0965613    .0744759
_Ipol_job~19 |  -.0567542   .0324083    -1.75   0.086    -.1219155     .008407
_Ipol_job~20 |   .0215725   .0538664     0.40   0.691    -.0867331    .1298782
_Ipol_job~21 |   -.014998    .044188    -0.34   0.736    -.1038439    .0738479
_Ipol_job~22 |  -.0313847   .0389058    -0.81   0.424    -.1096101    .0468408
_Ipol_job~23 |  -.0174623   .0443749    -0.39   0.696    -.1066841    .0717595
_Ipol_job~24 |   .0438486   .0481567     0.91   0.367     -.052977    .1406742
_Ipol_job~25 |  -.0278107   .0405285    -0.69   0.496    -.1092988    .0536774
_Ipol_job~26 |  -.0222313    .053818    -0.41   0.681    -.1304397     .085977
_IfemXp~a1_2 |  -.0582469   .0611785    -0.95   0.346    -.1812546    .0647607
_IfemXp~a1_3 |   -.051044   .0561109    -0.91   0.368    -.1638625    .0617745
_IfemXp~a1_4 |  -.0814475   .0824576    -0.99   0.328    -.2472396    .0843446
_IfemXp~a1_5 |   .1311893   .1420029     0.92   0.360    -.1543266    .4167053
_IfemXp~a1_6 |  -.0066185   .0541692    -0.12   0.903     -.115533     .102296
_IfemXp~a1_7 |  -.0406727   .1256441    -0.32   0.748     -.293297    .2119516
_IfemXp~a1_8 |   .0007979   .1116548     0.01   0.994    -.2236991    .2252948
_IfemXp~a1_9 |   .1534437   .1297848     1.18   0.243    -.1075061    .4143936
_IfemX~a1_10 |  -.0315658   .0969015    -0.33   0.746    -.2263993    .1632677
_IfemX~a1_11 |   .0038924   .0535659     0.07   0.942     -.103809    .1115938
_IfemX~a1_12 |  -.0226193   .0584759    -0.39   0.701    -.1401929    .0949543
_IfemX~a1_13 |   .0323654   .0476246     0.68   0.500    -.0633902     .128121
_IfemX~a1_14 |  -.0162612   .0502177    -0.32   0.747    -.1172307    .0847082
_IfemX~a1_15 |   .0439916   .0642895     0.68   0.497    -.0852711    .1732543
_IfemX~a1_16 |   .1074343   .1184344     0.91   0.369    -.1306941    .3455626
_IfemX~a1_17 |  -.0508299   .0633487    -0.80   0.426    -.1782011    .0765412
_IfemX~a1_18 |   .0753571   .1109939     0.68   0.500    -.1478112    .2985253
_IfemX~a1_19 |   .1312066   .1450671     0.90   0.370    -.1604704    .4228836
_IfemX~a1_20 |  -.1039228   .0779166    -1.33   0.189    -.2605846     .052739
_IfemX~a1_21 |  -.0910958   .0630016    -1.45   0.155     -.217769    .0355775
_IfemX~a1_22 |  -.0439924   .0742755    -0.59   0.556    -.1933333    .1053486
_IfemX~a1_23 |  -.0610392   .0747552    -0.82   0.418    -.2113446    .0892662
_IfemX~a1_24 |  -.0672096   .0723518    -0.93   0.358    -.2126826    .0782634
_IfemX~a1_25 |   .0981607   .1123011     0.87   0.386    -.1276358    .3239571
_IfemX~a1_26 |    .068075   .1013973     0.67   0.505    -.1357979    .2719478
       _cons |   .1454634   .0304102     4.78   0.000     .0843196    .2066073
------------------------------------------------------------------------------

. lincom focs

 ( 1)  focs = 0

------------------------------------------------------------------------------
    post_doc | Coefficient  Std. err.      t    P>|t|     [95% conf. interval]
-------------+----------------------------------------------------------------
         (1) |  -.0102421    .024624    -0.42   0.679    -.0597519    .0392677
------------------------------------------------------------------------------

. lincom focs+f_focs

 ( 1)  focs + f_focs = 0

------------------------------------------------------------------------------
    post_doc | Coefficient  Std. err.      t    P>|t|     [95% conf. interval]
-------------+----------------------------------------------------------------
         (1) |  -.0344327   .0443113    -0.78   0.441    -.1235265    .0546611
------------------------------------------------------------------------------

. lincom gncs

 ( 1)  gncs = 0

------------------------------------------------------------------------------
    post_doc | Coefficient  Std. err.      t    P>|t|     [95% conf. interval]
-------------+----------------------------------------------------------------
         (1) |   .0049254   .0264371     0.19   0.853    -.0482299    .0580808
------------------------------------------------------------------------------

. lincom gncs+f_gncs

 ( 1)  gncs + f_gncs = 0

------------------------------------------------------------------------------
    post_doc | Coefficient  Std. err.      t    P>|t|     [95% conf. interval]
-------------+----------------------------------------------------------------
         (1) |   .0405207   .0608227     0.67   0.508    -.0817715     .162813
------------------------------------------------------------------------------

. lincom -f_focs

 ( 1)  - f_focs = 0

------------------------------------------------------------------------------
    post_doc | Coefficient  Std. err.      t    P>|t|     [95% conf. interval]
-------------+----------------------------------------------------------------
         (1) |   .0241905   .0560937     0.43   0.668    -.0885935    .1369746
------------------------------------------------------------------------------

. lincom -f_gncs

 ( 1)  - f_gncs = 0

------------------------------------------------------------------------------
    post_doc | Coefficient  Std. err.      t    P>|t|     [95% conf. interval]
-------------+----------------------------------------------------------------
         (1) |  -.0355953   .0693341    -0.51   0.610    -.1750009    .1038104
------------------------------------------------------------------------------

. 
. xi: reg top_pubs1 `pplist' i.female*i.pol_u i.female*i.pol_job_start, cluster
> (pol_u)
i.female          _Ifemale_0-1        (naturally coded; _Ifemale_0 omitted)
i.pol_u           _Ipol_u_1-49        (naturally coded; _Ipol_u_1 omitted)
i.fem~e*i.pol_u   _IfemXpol_#_#       (coded as above)
i.pol_job_start   _Ipol_job_s_1-26    (naturally coded; _Ipol_job_s_1 omitted)
i.fem~e*i.pol~t   _IfemXpola#_#       (coded as above)
note: _Ifemale_1 omitted because of collinearity.

Linear regression                               Number of obs     =      1,392
                                                F(47, 48)         =          .
                                                Prob > F          =          .
                                                R-squared         =     0.0856
                                                Root MSE          =     .25962

                                 (Std. err. adjusted for 49 clusters in pol_u)
------------------------------------------------------------------------------
             |               Robust
   top_pubs1 | Coefficient  std. err.      t    P>|t|     [95% conf. interval]
-------------+----------------------------------------------------------------
        focs |   .0062968   .0239087     0.26   0.793    -.0417749    .0543685
      f_focs |  -.0272778   .0426465    -0.64   0.525    -.1130244    .0584688
        gncs |   .0375399   .0372803     1.01   0.319    -.0374171     .112497
      f_gncs |  -.0388026   .0388593    -1.00   0.323    -.1169344    .0393292
  _Ifemale_1 |  -.0558261   .0378212    -1.48   0.146    -.1318708    .0202187
   _Ipol_u_2 |  -.0378766   .0153856    -2.46   0.017    -.0688115   -.0069417
   _Ipol_u_3 |   .0059967   .0130683     0.46   0.648     -.020279    .0322724
   _Ipol_u_4 |  -.0148947   .0222601    -0.67   0.507    -.0596515    .0298622
   _Ipol_u_5 |  -.0297994   .0162666    -1.83   0.073    -.0625055    .0029068
   _Ipol_u_6 |   .0570956   .0203872     2.80   0.007     .0161043    .0980869
   _Ipol_u_7 |   .0512006   .0181344     2.82   0.007     .0147391    .0876622
   _Ipol_u_8 |  -.0449865   .0158274    -2.84   0.007    -.0768097   -.0131633
   _Ipol_u_9 |  -.0118432   .0155088    -0.76   0.449    -.0430259    .0193394
  _Ipol_u_10 |  -.0129213   .0167012    -0.77   0.443    -.0465013    .0206587
  _Ipol_u_11 |   .0381499   .0136124     2.80   0.007     .0107803    .0655195
  _Ipol_u_12 |  -.0260533    .011083    -2.35   0.023    -.0483371   -.0037696
  _Ipol_u_13 |   .0702644   .0151092     4.65   0.000     .0398854    .1006435
  _Ipol_u_14 |   .0080334   .0113648     0.71   0.483    -.0148171    .0308839
  _Ipol_u_15 |  -.0357858   .0137659    -2.60   0.012     -.063464   -.0081076
  _Ipol_u_16 |   .0375435   .0186324     2.01   0.050     .0000805    .0750065
  _Ipol_u_17 |   .1767636   .0168969    10.46   0.000     .1427901    .2107371
  _Ipol_u_18 |   .0086726   .0152339     0.57   0.572    -.0219573    .0393024
  _Ipol_u_19 |    .001915   .0137809     0.14   0.890    -.0257934    .0296234
  _Ipol_u_20 |  -.0293054   .0132323    -2.21   0.032    -.0559106   -.0027001
  _Ipol_u_21 |     -.0112   .0150937    -0.74   0.462    -.0415479    .0191479
  _Ipol_u_22 |  -.0067771   .0153871    -0.44   0.662    -.0377149    .0241606
  _Ipol_u_23 |   .0160128   .0150897     1.06   0.294    -.0143271    .0463526
  _Ipol_u_24 |   .1832642   .0229773     7.98   0.000     .1370653    .2294632
  _Ipol_u_25 |  -.0267585   .0189014    -1.42   0.163    -.0647623    .0112453
  _Ipol_u_26 |    -.04896   .0167423    -2.92   0.005    -.0826226   -.0152975
  _Ipol_u_27 |   .0122718    .011214     1.09   0.279    -.0102755    .0348192
  _Ipol_u_28 |  -.0118134   .0101585    -1.16   0.251    -.0322384    .0086116
  _Ipol_u_29 |   .0103003   .0300982     0.34   0.734    -.0502161    .0708167
  _Ipol_u_30 |   -.005074    .018595    -0.27   0.786    -.0424618    .0323138
  _Ipol_u_31 |   .0406552   .0198367     2.05   0.046     .0007707    .0805396
  _Ipol_u_32 |   .0534749   .0221829     2.41   0.020     .0088732    .0980766
  _Ipol_u_33 |  -.0319212   .0143257    -2.23   0.031    -.0607249   -.0031174
  _Ipol_u_34 |   .1664742   .0093697    17.77   0.000     .1476351    .1853133
  _Ipol_u_35 |    .054468   .0213021     2.56   0.014     .0116373    .0972986
  _Ipol_u_36 |   .0040073   .0149808     0.27   0.790    -.0261136    .0341281
  _Ipol_u_37 |   .0278528   .0160552     1.73   0.089    -.0044283    .0601338
  _Ipol_u_38 |    .025554   .0174058     1.47   0.149    -.0094427    .0605507
  _Ipol_u_39 |  -.0468561   .0194682    -2.41   0.020    -.0859996   -.0077126
  _Ipol_u_40 |  -.0568616   .0188907    -3.01   0.004    -.0948438   -.0188794
  _Ipol_u_41 |   .0053276   .0131943     0.40   0.688    -.0212014    .0318565
  _Ipol_u_42 |   .1905177    .025462     7.48   0.000      .139323    .2417125
  _Ipol_u_43 |  -.0488294   .0198838    -2.46   0.018    -.0888085   -.0088502
  _Ipol_u_44 |    .002112    .015272     0.14   0.891    -.0285945    .0328184
  _Ipol_u_45 |   .1497084   .0110125    13.59   0.000     .1275664    .1718505
  _Ipol_u_46 |  -.0428469   .0150058    -2.86   0.006    -.0730181   -.0126756
  _Ipol_u_47 |  -.0023418   .0142725    -0.16   0.870    -.0310385    .0263549
  _Ipol_u_48 |  -.0530598   .0155743    -3.41   0.001    -.0843739   -.0217456
  _Ipol_u_49 |   .0389285   .0207346     1.88   0.067    -.0027613    .0806182
_IfemXp~_1_2 |    .020745   .0226362     0.92   0.364    -.0247682    .0662582
_IfemXp~_1_3 |   .1454372   .0272514     5.34   0.000     .0906446    .2002298
_IfemXp~_1_4 |  -.0033074   .0251144    -0.13   0.896    -.0538033    .0471885
_IfemXp~_1_5 |   .0191299   .0192265     0.99   0.325    -.0195275    .0577873
_IfemXp~_1_6 |  -.0555662   .0251985    -2.21   0.032    -.1062311   -.0049012
_IfemXp~_1_7 |  -.0652491   .0218553    -2.99   0.004    -.1091922   -.0213061
_IfemXp~_1_8 |   .0245109    .025129     0.98   0.334    -.0260143    .0750361
_IfemXp~_1_9 |  -.0254245   .0269148    -0.94   0.350    -.0795404    .0286915
_IfemX~_1_10 |    .000612   .0237258     0.03   0.980    -.0470919     .048316
_IfemX~_1_11 |  -.0483934    .017815    -2.72   0.009    -.0842129   -.0125739
_IfemX~_1_12 |   .0330292   .0221674     1.49   0.143    -.0115414    .0775998
_IfemX~_1_13 |  -.0738158   .0222052    -3.32   0.002    -.1184623   -.0291694
_IfemX~_1_14 |  -.0699404   .0572104    -1.22   0.227    -.1849696    .0450888
_IfemX~_1_15 |   .0464397   .0158726     2.93   0.005     .0145257    .0783536
_IfemX~_1_16 |  -.0503081    .021612    -2.33   0.024    -.0937619   -.0068543
_IfemX~_1_17 |   -.195626   .0214615    -9.12   0.000    -.2387771   -.1524748
_IfemX~_1_18 |  -.0235179   .0210034    -1.12   0.268    -.0657481    .0187123
_IfemX~_1_19 |  -.0145523   .0162357    -0.90   0.375    -.0471963    .0180918
_IfemX~_1_20 |   .0263676   .0210901     1.25   0.217    -.0160369    .0687721
_IfemX~_1_21 |    .009614   .0196208     0.49   0.626    -.0298363    .0490643
_IfemX~_1_22 |   .0057499   .0172519     0.33   0.740    -.0289374    .0404372
_IfemX~_1_23 |  -.0307301   .0178735    -1.72   0.092    -.0666672    .0052069
_IfemX~_1_24 |   -.197702    .026223    -7.54   0.000    -.2504269   -.1449771
_IfemX~_1_25 |   .0148452   .0217545     0.68   0.498    -.0288951    .0585855
_IfemX~_1_26 |   .0423503   .0188237     2.25   0.029     .0045028    .0801979
_IfemXpol~27 |  -.0602964   .0327566    -1.84   0.072    -.1261579    .0055652
_IfemXpol~28 |   .0177329   .0154449     1.15   0.257    -.0133211    .0487868
_IfemXpol~29 |  -.0183853   .0326622    -0.56   0.576    -.0840571    .0472865
_IfemXpol~30 |  -.0102684    .022285    -0.46   0.647    -.0550754    .0345385
_IfemXpol~31 |   -.060411   .0306118    -1.97   0.054    -.1219602    .0011382
_IfemXpol~32 |   -.071186   .0260106    -2.74   0.009    -.1234838   -.0188882
_IfemXpol~33 |   .0166632   .0184285     0.90   0.370    -.0203897    .0537161
_IfemXpol~34 |  -.1991453   .0209456    -9.51   0.000    -.2412593   -.1570312
_IfemXpol~35 |  -.0413442   .0264007    -1.57   0.124    -.0944264    .0117379
_IfemXpol~36 |  -.0056236   .0153888    -0.37   0.716    -.0365648    .0253176
_IfemXpol~37 |  -.0227981   .0179382    -1.27   0.210    -.0588652     .013269
_IfemXpol~38 |  -.0388201   .0220629    -1.76   0.085    -.0831805    .0055403
_IfemXpol~39 |   .0452771   .0268414     1.69   0.098    -.0086912    .0992453
_IfemXpol~40 |   .0448584   .0213447     2.10   0.041     .0019421    .0877747
_IfemXpol~41 |  -.0387801   .0293078    -1.32   0.192    -.0977074    .0201473
_IfemXpol~42 |  -.2059547   .0295158    -6.98   0.000    -.2653003   -.1466091
_IfemXpol~43 |   .0397594   .0225016     1.77   0.084    -.0054832     .085002
_IfemXpol~44 |   .2084268   .0221293     9.42   0.000     .1639328    .2529208
_IfemXpol~45 |  -.1773965   .0323543    -5.48   0.000    -.2424492   -.1123438
_IfemXpol~46 |   .0247286   .0207659     1.19   0.240     -.017024    .0664812
_IfemXpol~47 |  -.0165125   .0191372    -0.86   0.393    -.0549904    .0219655
_IfemXpol~48 |    .040239   .0171051     2.35   0.023     .0058469    .0746311
_IfemXpol~49 |  -.2522451   .1844893    -1.37   0.178    -.6231857    .1186955
  _Ifemale_1 |          0  (omitted)
_Ipol_job~_2 |  -.0845768   .0519759    -1.63   0.110    -.1890813    .0199278
_Ipol_job~_3 |  -.0973797   .0419423    -2.32   0.025    -.1817104   -.0130489
_Ipol_job~_4 |  -.0462507   .0661931    -0.70   0.488    -.1793409    .0868395
_Ipol_job~_5 |   .0044799    .065545     0.07   0.946    -.1273072     .136267
_Ipol_job~_6 |  -.0888722   .0423423    -2.10   0.041     -.174007   -.0037373
_Ipol_job~_7 |  -.0301792   .0396811    -0.76   0.451    -.1099635    .0496051
_Ipol_job~_8 |   .0568035   .0620247     0.92   0.364    -.0679055    .1815125
_Ipol_job~_9 |    .024582   .0700639     0.35   0.727    -.1162909    .1654549
_Ipol_job~10 |  -.0138643    .084039    -0.16   0.870     -.182836    .1551074
_Ipol_job~11 |  -.0198039   .0640815    -0.31   0.759    -.1486484    .1090406
_Ipol_job~12 |   .0302976   .0704813     0.43   0.669    -.1114146    .1720098
_Ipol_job~13 |   .0409164   .0600124     0.68   0.499    -.0797466    .1615794
_Ipol_job~14 |   .0007164   .0674816     0.01   0.992    -.1349644    .1363973
_Ipol_job~15 |   .0077005   .0611282     0.13   0.900    -.1152061     .130607
_Ipol_job~16 |  -.0630687   .0541134    -1.17   0.250     -.171871    .0457336
_Ipol_job~17 |  -.0731271   .0513854    -1.42   0.161    -.1764445    .0301902
_Ipol_job~18 |  -.0874866   .0398398    -2.20   0.033      -.16759   -.0073832
_Ipol_job~19 |   .0140743   .0540137     0.26   0.796    -.0945275     .122676
_Ipol_job~20 |  -.0860209   .0498308    -1.73   0.091    -.1862124    .0141706
_Ipol_job~21 |  -.1130682   .0499322    -2.26   0.028    -.2134637   -.0126727
_Ipol_job~22 |  -.0632725   .0439702    -1.44   0.157    -.1516806    .0251356
_Ipol_job~23 |   .0156193   .0714462     0.22   0.828    -.1280329    .1592715
_Ipol_job~24 |  -.0820036   .0554194    -1.48   0.145    -.1934318    .0294245
_Ipol_job~25 |   .0065544   .0579627     0.11   0.910    -.1099874    .1230961
_Ipol_job~26 |   -.057678   .0536763    -1.07   0.288    -.1656015    .0502454
_IfemXp~a1_2 |   .1041226   .0499625     2.08   0.043     .0036663     .204579
_IfemXp~a1_3 |   .0887747   .0472206     1.88   0.066    -.0061686     .183718
_IfemXp~a1_4 |   .0622257    .067723     0.92   0.363    -.0739405     .198392
_IfemXp~a1_5 |    .009498   .0679912     0.14   0.889    -.1272074    .1462034
_IfemXp~a1_6 |   .0788758    .052576     1.50   0.140    -.0268353     .184587
_IfemXp~a1_7 |   .0433227   .0383166     1.13   0.264     -.033718    .1203635
_IfemXp~a1_8 |   .0047548   .0832138     0.06   0.955    -.1625578    .1720675
_IfemXp~a1_9 |  -.0146992   .0725036    -0.20   0.840    -.1604774    .1310789
_IfemX~a1_10 |   .0263312   .0822764     0.32   0.750    -.1390966     .191759
_IfemX~a1_11 |   .0327998   .0655616     0.50   0.619    -.0990206    .1646202
_IfemX~a1_12 |  -.0264801   .0693598    -0.38   0.704    -.1659373    .1129771
_IfemX~a1_13 |   -.079971   .0626187    -1.28   0.208    -.2058743    .0459324
_IfemX~a1_14 |   .2079588   .1935192     1.07   0.288    -.1811377    .5970553
_IfemX~a1_15 |  -.0007713   .0627561    -0.01   0.990    -.1269509    .1254083
_IfemX~a1_16 |   .0935703   .0572832     1.63   0.109    -.0216054    .2087459
_IfemX~a1_17 |   .0726862   .0553978     1.31   0.196    -.0386985    .1840709
_IfemX~a1_18 |   .0961479   .0399057     2.41   0.020     .0159121    .1763836
_IfemX~a1_19 |  -.0065649   .0544809    -0.12   0.905     -.116106    .1029763
_IfemX~a1_20 |   .0927936   .0507237     1.83   0.074    -.0091932    .1947803
_IfemX~a1_21 |   .1346159   .0520906     2.58   0.013     .0298809     .239351
_IfemX~a1_22 |   .0795003   .0449995     1.77   0.084    -.0109773    .1699778
_IfemX~a1_23 |  -.0793541   .0797785    -0.99   0.325    -.2397595    .0810514
_IfemX~a1_24 |   .0910832   .0568154     1.60   0.115    -.0231518    .2053183
_IfemX~a1_25 |   .0125225   .0598645     0.21   0.835    -.1078433    .1328882
_IfemX~a1_26 |   .0673259   .0568922     1.18   0.242    -.0470635    .1817152
       _cons |   .0604674   .0362763     1.67   0.102     -.012471    .1334059
------------------------------------------------------------------------------

. lincom focs

 ( 1)  focs = 0

------------------------------------------------------------------------------
   top_pubs1 | Coefficient  Std. err.      t    P>|t|     [95% conf. interval]
-------------+----------------------------------------------------------------
         (1) |   .0062968   .0239087     0.26   0.793    -.0417749    .0543685
------------------------------------------------------------------------------

. lincom focs+f_focs

 ( 1)  focs + f_focs = 0

------------------------------------------------------------------------------
   top_pubs1 | Coefficient  Std. err.      t    P>|t|     [95% conf. interval]
-------------+----------------------------------------------------------------
         (1) |   -.020981   .0372057    -0.56   0.575    -.0957881    .0538261
------------------------------------------------------------------------------

. lincom gncs

 ( 1)  gncs = 0

------------------------------------------------------------------------------
   top_pubs1 | Coefficient  Std. err.      t    P>|t|     [95% conf. interval]
-------------+----------------------------------------------------------------
         (1) |   .0375399   .0372803     1.01   0.319    -.0374171     .112497
------------------------------------------------------------------------------

. lincom gncs+f_gncs

 ( 1)  gncs + f_gncs = 0

------------------------------------------------------------------------------
   top_pubs1 | Coefficient  Std. err.      t    P>|t|     [95% conf. interval]
-------------+----------------------------------------------------------------
         (1) |  -.0012627   .0175548    -0.07   0.943    -.0365591    .0340336
------------------------------------------------------------------------------

. lincom -f_focs

 ( 1)  - f_focs = 0

------------------------------------------------------------------------------
   top_pubs1 | Coefficient  Std. err.      t    P>|t|     [95% conf. interval]
-------------+----------------------------------------------------------------
         (1) |   .0272778   .0426465     0.64   0.525    -.0584688    .1130244
------------------------------------------------------------------------------

. lincom -f_gncs

 ( 1)  - f_gncs = 0

------------------------------------------------------------------------------
   top_pubs1 | Coefficient  Std. err.      t    P>|t|     [95% conf. interval]
-------------+----------------------------------------------------------------
         (1) |   .0388026   .0388593     1.00   0.323    -.0393292    .1169344
------------------------------------------------------------------------------

. 
. xi: reg PUBS1 `pplist' i.female*i.pol_u i.female*i.pol_job_start, cluster(pol
> _u)
i.female          _Ifemale_0-1        (naturally coded; _Ifemale_0 omitted)
i.pol_u           _Ipol_u_1-49        (naturally coded; _Ipol_u_1 omitted)
i.fem~e*i.pol_u   _IfemXpol_#_#       (coded as above)
i.pol_job_start   _Ipol_job_s_1-26    (naturally coded; _Ipol_job_s_1 omitted)
i.fem~e*i.pol~t   _IfemXpola#_#       (coded as above)
note: _Ifemale_1 omitted because of collinearity.

Linear regression                               Number of obs     =      1,392
                                                F(47, 48)         =          .
                                                Prob > F          =          .
                                                R-squared         =     0.1009
                                                Root MSE          =     1.0636

                                 (Std. err. adjusted for 49 clusters in pol_u)
------------------------------------------------------------------------------
             |               Robust
       PUBS1 | Coefficient  std. err.      t    P>|t|     [95% conf. interval]
-------------+----------------------------------------------------------------
        focs |   .1281367   .1261884     1.02   0.315    -.1255822    .3818555
      f_focs |  -.2342436   .2547282    -0.92   0.362    -.7464089    .2779217
        gncs |   .0004127   .1692353     0.00   0.998    -.3398576     .340683
      f_gncs |   -.142463   .2376461    -0.60   0.552    -.6202824    .3353564
  _Ifemale_1 |  -.6859001   .5996521    -1.14   0.258    -1.891581    .5197812
   _Ipol_u_2 |    .517366   .0987519     5.24   0.000      .318812      .71592
   _Ipol_u_3 |   .0882417   .0686515     1.29   0.205    -.0497914    .2262748
   _Ipol_u_4 |    .455425   .1012862     4.50   0.000     .2517755    .6590744
   _Ipol_u_5 |  -.0660906   .0955819    -0.69   0.493    -.2582709    .1260897
   _Ipol_u_6 |   .7212774   .1131115     6.38   0.000     .4938514    .9487033
   _Ipol_u_7 |   .8577927   .0972616     8.82   0.000     .6622351     1.05335
   _Ipol_u_8 |   .9145379   .0890552    10.27   0.000     .7354803    1.093595
   _Ipol_u_9 |   .2349219   .0984438     2.39   0.021     .0369874    .4328564
  _Ipol_u_10 |   .1016402   .0977874     1.04   0.304    -.0949746    .2982551
  _Ipol_u_11 |   .3696429   .1037052     3.56   0.001     .1611297    .5781561
  _Ipol_u_12 |   .1687614   .0545941     3.09   0.003     .0589925    .2785303
  _Ipol_u_13 |   .6547681   .0591055    11.08   0.000     .5359286    .7736075
  _Ipol_u_14 |   .1950606   .0676786     2.88   0.006     .0589838    .3311375
  _Ipol_u_15 |    .098869   .1036758     0.95   0.345    -.1095853    .3073232
  _Ipol_u_16 |   .2158615   .0847055     2.55   0.014     .0455497    .3861733
  _Ipol_u_17 |   .3280232   .0980508     3.35   0.002     .1308789    .5251675
  _Ipol_u_18 |   .0949458   .0671467     1.41   0.164    -.0400617    .2299534
  _Ipol_u_19 |   .3877566   .0941524     4.12   0.000     .1984505    .5770626
  _Ipol_u_20 |   .8213478    .104704     7.84   0.000     .6108262    1.031869
  _Ipol_u_21 |   .5605204   .0600863     9.33   0.000     .4397087    .6813321
  _Ipol_u_22 |   1.066337   .0684074    15.59   0.000     .9287947    1.203879
  _Ipol_u_23 |   .5289024   .1055265     5.01   0.000     .3167271    .7410777
  _Ipol_u_24 |   .1872654   .1170435     1.60   0.116    -.0480663    .4225972
  _Ipol_u_25 |   .0039159   .1071341     0.04   0.971    -.2114918    .2193235
  _Ipol_u_26 |   .1748109   .1077282     1.62   0.111    -.0417912     .391413
  _Ipol_u_27 |    .487911   .0962443     5.07   0.000     .2943988    .6814231
  _Ipol_u_28 |   .4558399   .0478538     9.53   0.000     .3596234    .5520563
  _Ipol_u_29 |   .4665042     .16566     2.82   0.007     .1334224    .7995859
  _Ipol_u_30 |   .2973644   .1093254     2.72   0.009     .0775509    .5171779
  _Ipol_u_31 |   .2998678   .0840738     3.57   0.001      .130826    .4689095
  _Ipol_u_32 |   .1129244   .1075579     1.05   0.299    -.1033353     .329184
  _Ipol_u_33 |   .3561808   .0660327     5.39   0.000     .2234131    .4889485
  _Ipol_u_34 |   .6881405   .0808161     8.51   0.000     .5256488    .8506323
  _Ipol_u_35 |   .4795373   .0863444     5.55   0.000     .3059302    .6531443
  _Ipol_u_36 |   .4424603   .0892552     4.96   0.000     .2630007      .62192
  _Ipol_u_37 |   .3572628   .0962325     3.71   0.001     .1637743    .5507512
  _Ipol_u_38 |   .6189659    .072583     8.53   0.000     .4730279    .7649038
  _Ipol_u_39 |  -.2236983   .1008608    -2.22   0.031    -.4264926    -.020904
  _Ipol_u_40 |   .2774631   .0878992     3.16   0.003     .1007299    .4541963
  _Ipol_u_41 |   .0943535    .073299     1.29   0.204    -.0530239    .2417309
  _Ipol_u_42 |   .5821547   .1072182     5.43   0.000      .366578    .7977314
  _Ipol_u_43 |   .1969681   .1100269     1.79   0.080    -.0242557     .418192
  _Ipol_u_44 |    .402411   .0898365     4.48   0.000     .2217826    .5830395
  _Ipol_u_45 |   .3601192   .0858725     4.19   0.000     .1874609    .5327775
  _Ipol_u_46 |   .4677624   .1058931     4.42   0.000     .2548501    .6806747
  _Ipol_u_47 |   .4314916   .0886599     4.87   0.000      .253229    .6097542
  _Ipol_u_48 |   .2822538   .0865792     3.26   0.002     .1081746     .456333
  _Ipol_u_49 |   .3890719   .1054045     3.69   0.001     .1771419    .6010019
_IfemXp~_1_2 |  -.1619675   .3710567    -0.44   0.664    -.9080271     .584092
_IfemXp~_1_3 |   .7790175   .2385503     3.27   0.002     .2993799    1.258655
_IfemXp~_1_4 |   .2878449   .3424434     0.84   0.405    -.4006837    .9763734
_IfemXp~_1_5 |   .8462701    .277257     3.05   0.004     .2888074    1.403733
_IfemXp~_1_6 |  -.0830076   .2826918    -0.29   0.770    -.6513975    .4853823
_IfemXp~_1_7 |  -.5518066   .3276397    -1.68   0.099     -1.21057    .1069571
_IfemXp~_1_8 |  -.4970124   .2533045    -1.96   0.056    -1.006315    .0122904
_IfemXp~_1_9 |  -.1429821   .3133653    -0.46   0.650    -.7730452     .487081
_IfemX~_1_10 |  -.0145107   .2525237    -0.06   0.954    -.5222436    .4932222
_IfemX~_1_11 |  -.2647176   .4147324    -0.64   0.526    -1.098593    .5691578
_IfemX~_1_12 |   .0432994   .2490306     0.17   0.863    -.4574101    .5440089
_IfemX~_1_13 |  -.0552109   .2914373    -0.19   0.851    -.6411849    .5307632
_IfemX~_1_14 |   1.329687   .2716191     4.90   0.000     .7835603    1.875814
_IfemX~_1_15 |   1.051536    .275409     3.82   0.000     .4977892    1.605283
_IfemX~_1_16 |   .3868148    .317959     1.22   0.230    -.2524845    1.026114
_IfemX~_1_17 |  -.2124394   .4243797    -0.50   0.619    -1.065712    .6408331
_IfemX~_1_18 |   .2649361   .2843391     0.93   0.356     -.306766    .8366381
_IfemX~_1_19 |  -.2440011   .2533748    -0.96   0.340    -.7534452    .2654431
_IfemX~_1_20 |  -1.330885   .3592217    -3.70   0.001    -2.053149   -.6086216
_IfemX~_1_21 |   .2388844   .3221819     0.74   0.462    -.4089056    .8866745
_IfemX~_1_22 |   .1462118   .2314651     0.63   0.531      -.31918    .6116036
_IfemX~_1_23 |   -.234087   .3035099    -0.77   0.444    -.8443345    .3761606
_IfemX~_1_24 |   .2786168   .3163332     0.88   0.383    -.3574138    .9146473
_IfemX~_1_25 |   .5093406   .2943675     1.73   0.090     -.082525    1.101206
_IfemX~_1_26 |  -.0195861   .3250622    -0.06   0.952    -.6731675    .6339953
_IfemXpol~27 |   .2254214   .2344391     0.96   0.341      -.24595    .6967927
_IfemXpol~28 |  -.2008142   .1504185    -1.34   0.188    -.5032508    .1016225
_IfemXpol~29 |   -.315472   .3558344    -0.89   0.380    -1.030925    .3999811
_IfemXpol~30 |   .0597232   .3662644     0.16   0.871    -.6767008    .7961472
_IfemXpol~31 |   .0811793   .2398451     0.34   0.736    -.4010617    .5634202
_IfemXpol~32 |  -.3655017   .3578721    -1.02   0.312    -1.085052    .3540483
_IfemXpol~33 |   .0727427   .2296839     0.32   0.753    -.3890677    .5345532
_IfemXpol~34 |  -.2152552   .2382782    -0.90   0.371    -.6943456    .2638351
_IfemXpol~35 |  -.0881537   .2241694    -0.39   0.696    -.5388765    .3625691
_IfemXpol~36 |   .2676217   .3712646     0.72   0.475    -.4788558    1.014099
_IfemXpol~37 |  -.1570782   .3078808    -0.51   0.612    -.7761141    .4619577
_IfemXpol~38 |  -.0952742   .3024312    -0.32   0.754    -.7033529    .5128044
_IfemXpol~39 |   .6314222   .2639388     2.39   0.021     .1007376    1.162107
_IfemXpol~40 |   .9017774   .3149735     2.86   0.006     .2684806    1.535074
_IfemXpol~41 |  -.0425323   .1773412    -0.24   0.811    -.3991006    .3140361
_IfemXpol~42 |  -.7327883   .3497587    -2.10   0.041    -1.436025   -.0295513
_IfemXpol~43 |   1.279325   .3348948     3.82   0.000     .6059736    1.952676
_IfemXpol~44 |   .7509234   .3078341     2.44   0.018     .1319815    1.369865
_IfemXpol~45 |   1.261926   .3174293     3.98   0.000     .6236918    1.900161
_IfemXpol~46 |  -.2221456   .3583619    -0.62   0.538    -.9426805    .4983892
_IfemXpol~47 |  -.0754274    .339738    -0.22   0.825    -.7585165    .6076617
_IfemXpol~48 |   .2595634   .3964117     0.65   0.516    -.5374756    1.056603
_IfemXpol~49 |   .0944945    .407191     0.23   0.817    -.7242178    .9132069
  _Ifemale_1 |          0  (omitted)
_Ipol_job~_2 |  -.4572326   .4132183    -1.11   0.274    -1.288064    .3735985
_Ipol_job~_3 |  -.3135362   .3989135    -0.79   0.436    -1.115605    .4885331
_Ipol_job~_4 |   -.397733   .4013992    -0.99   0.327      -1.2048    .4093342
_Ipol_job~_5 |   -.270414   .3789392    -0.71   0.479    -1.032322    .4914944
_Ipol_job~_6 |  -.2834661   .4741617    -0.60   0.553    -1.236832    .6698999
_Ipol_job~_7 |  -.3766587   .4183343    -0.90   0.372    -1.217776    .4644588
_Ipol_job~_8 |   .0286624   .4112761     0.07   0.945    -.7982637    .8555885
_Ipol_job~_9 |  -.0909934    .366112    -0.25   0.805    -.8271109    .6451241
_Ipol_job~10 |  -.5322625   .4221827    -1.26   0.213    -1.381118    .3165927
_Ipol_job~11 |   .0210778   .3891366     0.05   0.957    -.7613338    .8034893
_Ipol_job~12 |  -.4740966   .3890579    -1.22   0.229     -1.25635    .3081568
_Ipol_job~13 |  -.0487618   .3778391    -0.13   0.898    -.8084581    .7109346
_Ipol_job~14 |   -.439753   .3924787    -1.12   0.268    -1.228884    .3493783
_Ipol_job~15 |   -.405012   .3685682    -1.10   0.277    -1.146068    .3360441
_Ipol_job~16 |  -.0951634   .5110699    -0.19   0.853    -1.122738    .9324114
_Ipol_job~17 |   -.328347    .325236    -1.01   0.318    -.9822778    .3255838
_Ipol_job~18 |  -.5423165   .4287647    -1.26   0.212    -1.404406    .3197726
_Ipol_job~19 |  -.2383804   .3780327    -0.63   0.531     -.998466    .5217052
_Ipol_job~20 |  -.4564411   .4441069    -1.03   0.309    -1.349378    .4364958
_Ipol_job~21 |  -.1112767   .3722618    -0.30   0.766    -.8597591    .6372057
_Ipol_job~22 |  -.3208687   .4042419    -0.79   0.431    -1.133651     .491914
_Ipol_job~23 |  -.2226397   .4507083    -0.49   0.624    -1.128849    .6835701
_Ipol_job~24 |  -.0800573   .4154658    -0.19   0.848    -.9154072    .7552926
_Ipol_job~25 |  -.4956899   .4209893    -1.18   0.245    -1.342146    .3507659
_Ipol_job~26 |  -.0330027   .4993933    -0.07   0.948      -1.0371    .9710947
_IfemXp~a1_2 |   1.506604   .9082221     1.66   0.104     -.319499    3.332707
_IfemXp~a1_3 |   .3406139   .6498465     0.52   0.603      -.96599    1.647218
_IfemXp~a1_4 |   1.234366   .7043814     1.75   0.086     -.181888    2.650619
_IfemXp~a1_5 |   .1004555   .5344798     0.19   0.852    -.9741883    1.175099
_IfemXp~a1_6 |   .3786907   .5591338     0.68   0.501    -.7455232    1.502905
_IfemXp~a1_7 |   .5637633   .6531457     0.86   0.392    -.7494742    1.877001
_IfemXp~a1_8 |   .3778028   .5285031     0.71   0.478    -.6848239     1.44043
_IfemXp~a1_9 |   .4267468   .6204979     0.69   0.495    -.8208479    1.674341
_IfemX~a1_10 |   .9681479   .6129299     1.58   0.121    -.2642302    2.200526
_IfemX~a1_11 |   .8006581   .6254845     1.28   0.207    -.4569629    2.058279
_IfemX~a1_12 |   .6725909   .5460186     1.23   0.224    -.4252531    1.770435
_IfemX~a1_13 |  -.1908498    .567191    -0.34   0.738    -1.331264    .9495642
_IfemX~a1_14 |   .2080294   .6202618     0.34   0.739     -1.03909    1.455149
_IfemX~a1_15 |   .4702124   .7611476     0.62   0.540    -1.060178    2.000602
_IfemX~a1_16 |   .3703987   .6453534     0.57   0.569    -.9271713    1.667969
_IfemX~a1_17 |   1.231778   .8378137     1.47   0.148    -.4527596    2.916315
_IfemX~a1_18 |   .5775932   .5706935     1.01   0.317     -.569863    1.725049
_IfemX~a1_19 |    .203248   .5381022     0.38   0.707     -.878679    1.285175
_IfemX~a1_20 |   .5431206   .5511917     0.99   0.329    -.5651247    1.651366
_IfemX~a1_21 |   .1746168   .5216047     0.33   0.739    -.8741397    1.223373
_IfemX~a1_22 |   .2045518   .5412985     0.38   0.707    -.8838018    1.292905
_IfemX~a1_23 |    .208067   .7409605     0.28   0.780    -1.281734    1.697868
_IfemX~a1_24 |   .5462254   .5948991     0.92   0.363    -.6498994     1.74235
_IfemX~a1_25 |   .4498498   .5234735     0.86   0.394    -.6026641    1.502364
_IfemX~a1_26 |  -.1413875    .636732    -0.22   0.825    -1.421623    1.138848
       _cons |   .4340572   .3589647     1.21   0.233    -.2876897    1.155804
------------------------------------------------------------------------------

. lincom focs

 ( 1)  focs = 0

------------------------------------------------------------------------------
       PUBS1 | Coefficient  Std. err.      t    P>|t|     [95% conf. interval]
-------------+----------------------------------------------------------------
         (1) |   .1281367   .1261884     1.02   0.315    -.1255822    .3818555
------------------------------------------------------------------------------

. lincom focs+f_focs

 ( 1)  focs + f_focs = 0

------------------------------------------------------------------------------
       PUBS1 | Coefficient  Std. err.      t    P>|t|     [95% conf. interval]
-------------+----------------------------------------------------------------
         (1) |  -.1061069   .2765983    -0.38   0.703    -.6622451    .4500313
------------------------------------------------------------------------------

. lincom gncs

 ( 1)  gncs = 0

------------------------------------------------------------------------------
       PUBS1 | Coefficient  Std. err.      t    P>|t|     [95% conf. interval]
-------------+----------------------------------------------------------------
         (1) |   .0004127   .1692353     0.00   0.998    -.3398576     .340683
------------------------------------------------------------------------------

. lincom gncs+f_gncs

 ( 1)  gncs + f_gncs = 0

------------------------------------------------------------------------------
       PUBS1 | Coefficient  Std. err.      t    P>|t|     [95% conf. interval]
-------------+----------------------------------------------------------------
         (1) |  -.1420503   .2099117    -0.68   0.502    -.5641061    .2800055
------------------------------------------------------------------------------

. lincom -f_focs

 ( 1)  - f_focs = 0

------------------------------------------------------------------------------
       PUBS1 | Coefficient  Std. err.      t    P>|t|     [95% conf. interval]
-------------+----------------------------------------------------------------
         (1) |   .2342436   .2547282     0.92   0.362    -.2779217    .7464089
------------------------------------------------------------------------------

. lincom -f_gncs

 ( 1)  - f_gncs = 0

------------------------------------------------------------------------------
       PUBS1 | Coefficient  Std. err.      t    P>|t|     [95% conf. interval]
-------------+----------------------------------------------------------------
         (1) |    .142463   .2376461     0.60   0.552    -.3353564    .6202824
------------------------------------------------------------------------------

. 
. log close t8
      name:  t8
       log:  C:/Users/Usuario/Documents/GitHub/twfe_survey/replications/2015-20
> 19/Antecol et al. (2018)/full/table8.log
  log type:  text
 closed on:   6 May 2026, 00:04:01
-------------------------------------------------------------------------------
