-------------------------------------------------------------------------------
      name:  t2
       log:  C:/Users/Usuario/Documents/GitHub/twfe_survey/replications/2015-20
> 19/Antecol et al. (2018)/full/table2.log
  log type:  text
 opened on:   6 May 2026, 00:03:52

. 
. clear

. use aer_primarysample

. 
. xi: reg tenure_policy_school `plist' `ulist' i.pol_job_start*i.female i.femal
> e*i.pol_u, cluster(pol_u)
i.pol_job_start   _Ipol_job_s_1-26    (naturally coded; _Ipol_job_s_1 omitted)
i.female          _Ifemale_0-1        (naturally coded; _Ifemale_0 omitted)
i.pol~t*i.fem~e   _IpolXfem_#_#       (coded as above)
i.pol_u           _Ipol_u_1-49        (naturally coded; _Ipol_u_1 omitted)
i.fem~e*i.pol_u   _IfemXpol_#_#       (coded as above)
note: faculty_miss omitted because of collinearity.
note: female_ratio_miss omitted because of collinearity.
note: full_ratio_miss omitted because of collinearity.
note: _Ifemale_1 omitted because of collinearity.

Linear regression                               Number of obs     =      1,392
                                                F(47, 48)         =          .
                                                Prob > F          =          .
                                                R-squared         =     0.1649
                                                Root MSE          =      .4439

                                 (Std. err. adjusted for 49 clusters in pol_u)
------------------------------------------------------------------------------
             |               Robust
tenure_pol~l | Coefficient  std. err.      t    P>|t|     [95% conf. interval]
-------------+----------------------------------------------------------------
        focs |   .0022634   .0747303     0.03   0.976    -.1479919    .1525186
      f_focs |   .0470282   .1279755     0.37   0.715    -.2102837    .3043401
        gncs |   .1756504   .0825895     2.13   0.039      .009593    .3417078
      f_gncs |  -.3701384   .1459844    -2.54   0.015    -.6636597   -.0766171
       focs0 |  -.0107254   .0738723    -0.15   0.885    -.1592556    .1378048
     f_focs0 |   .1337221   .1510169     0.89   0.380    -.1699176    .4373619
       gncs0 |  -.1245286   .0624865    -1.99   0.052    -.2501661    .0011089
     f_gncs0 |   .3024066   .1145988     2.64   0.011     .0719902    .5328229
    phd_rank |   .0141205   .0117559     1.20   0.236    -.0095163    .0377573
phd_rank_m~s |  -.3226589   .0703713    -4.59   0.000    -.4641498   -.1811681
    post_doc |   .1309922   .0838666     1.56   0.125    -.0376328    .2996172
 ug_students |  -.0055808   .0112735    -0.50   0.623    -.0282477    .0170861
grad_stude~s |   .0025035   .0177033     0.14   0.888    -.0330913    .0380984
     faculty |  -.0017812   .0049978    -0.36   0.723    -.0118299    .0082676
full_av_sa~y |   .0024467   .0039325     0.62   0.537    -.0054601    .0103535
assist_av_~y |   .0028615   .0076372     0.37   0.710    -.0124942    .0182171
     revenue |  -.0010887   .0033752    -0.32   0.748     -.007875    .0056975
female_ratio |   .5145031   .6858073     0.75   0.457    -.8644049    1.893411
  full_ratio |  -.2321352    .247231    -0.94   0.352    -.7292264     .264956
faculty_miss |          0  (omitted)
revenue_miss |  -.2452686   .0877194    -2.80   0.007    -.4216402   -.0688971
female_rat~s |          0  (omitted)
full_ratio~s |          0  (omitted)
_Ipol_job~_2 |  -.5807758   .1810532    -3.21   0.002    -.9448077   -.2167438
_Ipol_job~_3 |  -.3686421   .1500999    -2.46   0.018    -.6704382    -.066846
_Ipol_job~_4 |  -.4645768   .1913251    -2.43   0.019    -.8492617   -.0798919
_Ipol_job~_5 |  -.2058097   .0980002    -2.10   0.041    -.4028524    -.008767
_Ipol_job~_6 |  -.3740615   .1654202    -2.26   0.028    -.7066611   -.0414619
_Ipol_job~_7 |  -.6069573   .2564986    -2.37   0.022    -1.122682   -.0912324
_Ipol_job~_8 |   -.261724   .1056889    -2.48   0.017    -.4742259   -.0492222
_Ipol_job~_9 |  -.1074406   .0841849    -1.28   0.208    -.2767057    .0618244
_Ipol_job~10 |  -.5604659   .2671111    -2.10   0.041    -1.097529   -.0234032
_Ipol_job~11 |  -.1604388   .1032103    -1.55   0.127     -.367957    .0470793
_Ipol_job~12 |  -.1423154    .125095    -1.14   0.261    -.3938358    .1092051
_Ipol_job~13 |  -.2043222    .100937    -2.02   0.049    -.4072696   -.0013748
_Ipol_job~14 |  -.2749415   .0991656    -2.77   0.008    -.4743273   -.0755558
_Ipol_job~15 |  -.0057145   .1093164    -0.05   0.959    -.2255098    .2140808
_Ipol_job~16 |  -.4155239   .1578148    -2.63   0.011    -.7328317    -.098216
_Ipol_job~17 |  -.4975724   .2251324    -2.21   0.032    -.9502315   -.0449134
_Ipol_job~18 |  -.3465006    .100344    -3.45   0.001    -.5482558   -.1447454
_Ipol_job~19 |  -.1740738   .0913823    -1.90   0.063    -.3578102    .0096627
_Ipol_job~20 |  -.5360571   .2146018    -2.50   0.016     -.967543   -.1045713
_Ipol_job~21 |  -.2809608   .1596728    -1.76   0.085    -.6020045     .040083
_Ipol_job~22 |  -.3408882   .1180212    -2.89   0.006    -.5781857   -.1035907
_Ipol_job~23 |  -.3274795   .1279654    -2.56   0.014    -.5847712   -.0701878
_Ipol_job~24 |  -.4560787   .1880185    -2.43   0.019    -.8341152   -.0780421
_Ipol_job~25 |  -.4123672   .1971807    -2.09   0.042    -.8088255   -.0159088
_Ipol_job~26 |  -.7177372   .2963133    -2.42   0.019    -1.313515   -.1219594
  _Ifemale_1 |  -.3815647   .1395196    -2.73   0.009    -.6620877   -.1010417
_IpolXf~_2_1 |   .3696126   .1723604     2.14   0.037     .0230588    .7161664
_IpolXf~_3_1 |   .7111277   .2060087     3.45   0.001     .2969194    1.125336
_IpolXf~_4_1 |   .7770745   .2209288     3.52   0.001     .3328673    1.221282
_IpolXf~_5_1 |   .3860861   .1405872     2.75   0.008     .1034167    .6687556
_IpolXf~_6_1 |   .2403639   .2215851     1.08   0.283    -.2051628    .6858907
_IpolXf~_7_1 |    .575505   .1985438     2.90   0.006     .1763058    .9747041
_IpolXf~_8_1 |   .5924761   .1856544     3.19   0.002     .2191929    .9657593
_IpolXf~_9_1 |   .4837645   .2013962     2.40   0.020     .0788303    .8886986
_IpolXf~10_1 |   .5303625   .1847715     2.87   0.006     .1588546    .9018704
_IpolXf~11_1 |   .1311189   .1329164     0.99   0.329    -.1361275    .3983652
_IpolXf~12_1 |   .3282827    .188629     1.74   0.088    -.0509813    .7075467
_IpolXf~13_1 |   .5614337   .1971319     2.85   0.006     .1650734    .9577939
_IpolXf~14_1 |   .5421916   .1637326     3.31   0.002     .2129851    .8713981
_IpolXf~15_1 |   .1203306   .1863026     0.65   0.521    -.2542559     .494917
_IpolXf~16_1 |   .6353427   .2540666     2.50   0.016     .1245075    1.146178
_IpolXf~17_1 |   .6406295   .2072069     3.09   0.003     .2240121    1.057247
_IpolXf~18_1 |   .2586962   .1055596     2.45   0.018     .0464544    .4709379
_IpolXf~19_1 |    .733022   .2568871     2.85   0.006     .2165158    1.249528
_IpolXf~20_1 |   .6460448   .2063529     3.13   0.003     .2311445    1.060945
_IpolXf~21_1 |   .3971645   .2211421     1.80   0.079    -.0474716    .8418005
_IpolXf~22_1 |   .5308099   .2011416     2.64   0.011     .1263876    .9352322
_IpolXf~23_1 |   .4830501   .1539168     3.14   0.003     .1735796    .7925206
_IpolXf~24_1 |   .4854836   .2197568     2.21   0.032      .043633    .9273343
_IpolXf~25_1 |   .3495335   .1943746     1.80   0.078    -.0412828    .7403498
_IpolXf~26_1 |   .6979536   .2511326     2.78   0.008     .1930177     1.20289
  _Ifemale_1 |          0  (omitted)
   _Ipol_u_2 |   .4326329   .2027762     2.13   0.038      .024924    .8403417
   _Ipol_u_3 |   .2435549   .2392288     1.02   0.314    -.2374469    .7245566
   _Ipol_u_4 |   .1315597   .2932007     0.45   0.656    -.4579598    .7210793
   _Ipol_u_5 |     .12989    .280332     0.46   0.645    -.4337553    .6935352
   _Ipol_u_6 |   .3042811   .2745575     1.11   0.273    -.2477538     .856316
   _Ipol_u_7 |   .4025057   .1725648     2.33   0.024      .055541    .7494704
   _Ipol_u_8 |   .4901318   .2695022     1.82   0.075    -.0517387    1.032002
   _Ipol_u_9 |   .3555876   .4091466     0.87   0.389    -.4670568    1.178232
  _Ipol_u_10 |     .78155   .3653129     2.14   0.038     .0470391    1.516061
  _Ipol_u_11 |    .004501   .1248969     0.04   0.971    -.2466211    .2556232
  _Ipol_u_12 |   .0822954   .2147811     0.38   0.703     -.349551    .5141417
  _Ipol_u_13 |   .2105773   .0701889     3.00   0.004      .069453    .3517015
  _Ipol_u_14 |   .6018003   .1827601     3.29   0.002     .2343366    .9692641
  _Ipol_u_15 |   .1829949   .0973961     1.88   0.066     -.012833    .3788228
  _Ipol_u_16 |   .4033448   .3481373     1.16   0.252     -.296632    1.103322
  _Ipol_u_17 |   .2327398   .0946636     2.46   0.018      .042406    .4230737
  _Ipol_u_18 |   .2422674   .3199451     0.76   0.453    -.4010252      .88556
  _Ipol_u_19 |     .40298   .3256381     1.24   0.222    -.2517592    1.057719
  _Ipol_u_20 |   .5128988   .2944364     1.74   0.088    -.0791053    1.104903
  _Ipol_u_21 |    .287775   .1155589     2.49   0.016     .0554282    .5201218
  _Ipol_u_22 |   .4142564   .3768926     1.10   0.277    -.3435369     1.17205
  _Ipol_u_23 |   .4370564   .2564267     1.70   0.095     -.078524    .9526369
  _Ipol_u_24 |    .651182   .4803025     1.36   0.182    -.3145308    1.616895
  _Ipol_u_25 |   .4217165    .172357     2.45   0.018     .0751695    .7682635
  _Ipol_u_26 |   .3606349   .2948546     1.22   0.227      -.23221    .9534798
  _Ipol_u_27 |   .0604993   .1141566     0.53   0.599    -.1690279    .2900264
  _Ipol_u_28 |   .2054671   .0876314     2.34   0.023     .0292723    .3816619
  _Ipol_u_29 |   .1496476   .1193545     1.25   0.216    -.0903306    .3896258
  _Ipol_u_30 |   .2777806   .3178697     0.87   0.387    -.3613393    .9169005
  _Ipol_u_31 |   .3633943   .1980406     1.83   0.073     -.034793    .7615817
  _Ipol_u_32 |    .448505   .0972468     4.61   0.000     .2529772    .6440329
  _Ipol_u_33 |   .0344953   .1118566     0.31   0.759    -.1904075     .259398
  _Ipol_u_34 |     .05699    .105714     0.54   0.592    -.1555624    .2695423
  _Ipol_u_35 |   .1463726   .1004883     1.46   0.152    -.0556726    .3484178
  _Ipol_u_36 |   .1345394   .1771684     0.76   0.451    -.2216816    .4907604
  _Ipol_u_37 |   .1006811   .0833325     1.21   0.233    -.0668701    .2682323
  _Ipol_u_38 |    .401532   .1659745     2.42   0.019     .0678179    .7352462
  _Ipol_u_39 |   .6094007   .3265294     1.87   0.068    -.0471307    1.265932
  _Ipol_u_40 |   .4717691   .2309611     2.04   0.047     .0073908    .9361475
  _Ipol_u_41 |   .2243588    .112856     1.99   0.053    -.0025534     .451271
  _Ipol_u_42 |   .1689296   .1166581     1.45   0.154    -.0656273    .4034865
  _Ipol_u_43 |   .3613754   .3004849     1.20   0.235      -.24279    .9655407
  _Ipol_u_44 |   .7770793   .2221824     3.50   0.001     .3303518    1.223807
  _Ipol_u_45 |   .2583088   .0641314     4.03   0.000     .1293639    .3872538
  _Ipol_u_46 |   .1364977   .1489852     0.92   0.364     -.163057    .4360525
  _Ipol_u_47 |   .0476336   .1012351     0.47   0.640    -.1559132    .2511804
  _Ipol_u_48 |   .3942515   .1782526     2.21   0.032     .0358505    .7526524
  _Ipol_u_49 |   -.029168   .1105111    -0.26   0.793    -.2513653    .1930294
_IfemXpol~_2 |  -.2955048   .1536454    -1.92   0.060    -.6044295      .01342
_IfemXpol~_3 |   .0866778   .1043223     0.83   0.410    -.1230763    .2964319
_IfemXpol~_4 |   -.136704   .1229483    -1.11   0.272     -.383908    .1105001
_IfemXpol~_5 |   -.231914   .1062235    -2.18   0.034    -.4454907   -.0183373
_IfemXpol~_6 |   .1205689   .1193398     1.01   0.317    -.1193799    .3605177
_IfemXpol~_7 |  -.5178237   .1205578    -4.30   0.000    -.7602215    -.275426
_IfemXpol~_8 |  -.0585536   .1031561    -0.57   0.573    -.2659629    .1488557
_IfemXpol~_9 |  -.4224826   .1228098    -3.44   0.001    -.6694083   -.1755569
_IfemXpol~10 |  -.3445477   .0961953    -3.58   0.001    -.5379612   -.1511342
_IfemXpol~11 |   .9959979    .111408     8.94   0.000     .7719971    1.219999
_IfemXpol~12 |  -.4331341   .1409515    -3.07   0.003    -.7165361   -.1497322
_IfemXpol~13 |  -.2274148   .0925637    -2.46   0.018    -.4135265    -.041303
_IfemXpol~14 |  -.0226619   .1168443    -0.19   0.847    -.2575931    .2122694
_IfemXpol~15 |  -.0495867   .1064499    -0.47   0.643    -.2636186    .1644452
_IfemXpol~16 |  -.2601671   .0975539    -2.67   0.010    -.4563124   -.0640217
_IfemXpol~17 |  -.5360909   .1721997    -3.11   0.003    -.8823216   -.1898602
_IfemXpol~18 |  -.1829845   .0994171    -1.84   0.072     -.382876    .0169071
_IfemXpol~19 |   .0407533   .1156593     0.35   0.726    -.1917954     .273302
_IfemXpol~20 |  -.6235943   .1743423    -3.58   0.001    -.9741331   -.2730556
_IfemXpol~21 |   .1658563   .1239658     1.34   0.187    -.0833937    .4151064
_IfemXpol~22 |  -.2312022   .0968293    -2.39   0.021    -.4258906   -.0365137
_IfemXpol~23 |  -.4276638   .1294301    -3.30   0.002    -.6879004   -.1674272
_IfemXpol~24 |  -.4804459   .1656896    -2.90   0.006    -.8135872   -.1473046
_IfemXpol~25 |  -.3830062   .0974262    -3.93   0.000    -.5788948   -.1871177
_IfemXpol~26 |   .1939723   .1166305     1.66   0.103    -.0405291    .4284737
_IfemXpol~27 |  -.1163066    .091376    -1.27   0.209    -.3000304    .0674173
_IfemXpol~28 |   -.232685   .0680907    -3.42   0.001    -.3695905   -.0957796
_IfemXpol~29 |  -.2083981   .1540867    -1.35   0.183    -.5182103     .101414
_IfemXpol~30 |    .159558   .1669914     0.96   0.344    -.1762007    .4953167
_IfemXpol~31 |   -.116385   .0835652    -1.39   0.170    -.2844041     .051634
_IfemXpol~32 |  -.5573338    .128434    -4.34   0.000    -.8155677   -.2990999
_IfemXpol~33 |  -.0411657   .0785602    -0.52   0.603    -.1991216    .1167903
_IfemXpol~34 |  -.1752896   .0856931    -2.05   0.046    -.3475872    -.002992
_IfemXpol~35 |   .0501595   .1318463     0.38   0.705    -.2149353    .3152542
_IfemXpol~36 |    .135366   .1306931     1.04   0.306      -.12741    .3981421
_IfemXpol~37 |  -.2263039   .1133145    -2.00   0.051     -.454138    .0015301
_IfemXpol~38 |  -.3243185   .0918014    -3.53   0.001    -.5088977   -.1397394
_IfemXpol~39 |  -.7407676   .1288723    -5.75   0.000    -.9998827   -.4816524
_IfemXpol~40 |   -.242221    .119714    -2.02   0.049    -.4829222   -.0015198
_IfemXpol~41 |  -.2157551   .0968901    -2.23   0.031    -.4105657   -.0209446
_IfemXpol~42 |  -.1145492   .0939093    -1.22   0.229    -.3033665     .074268
_IfemXpol~43 |  -.4363597   .1191914    -3.66   0.001    -.6760101   -.1967093
_IfemXpol~44 |  -.5062008   .1440832    -3.51   0.001    -.7958995   -.2165022
_IfemXpol~45 |   .1689577   .1042202     1.62   0.112    -.0405911    .3785065
_IfemXpol~46 |  -.2231688    .111832    -2.00   0.052    -.4480222    .0016846
_IfemXpol~47 |   -.244113   .1188825    -2.05   0.046    -.4831422   -.0050838
_IfemXpol~48 |  -.2052708   .1240638    -1.65   0.105    -.4547178    .0441763
_IfemXpol~49 |  -.2529783   .1630886    -1.55   0.127    -.5808899    .0749333
       _cons |    .078841    .236585     0.33   0.740     -.396845     .554527
------------------------------------------------------------------------------

. 
. * Policy Effects Years 4+ FOCS or GNCS
. di _n "--- Policy Effects Years 4+ ---"

--- Policy Effects Years 4+ ---

. lincom focs

 ( 1)  focs = 0

------------------------------------------------------------------------------
tenure_pol~l | Coefficient  Std. err.      t    P>|t|     [95% conf. interval]
-------------+----------------------------------------------------------------
         (1) |   .0022634   .0747303     0.03   0.976    -.1479919    .1525186
------------------------------------------------------------------------------

. lincom focs+f_focs

 ( 1)  focs + f_focs = 0

------------------------------------------------------------------------------
tenure_pol~l | Coefficient  Std. err.      t    P>|t|     [95% conf. interval]
-------------+----------------------------------------------------------------
         (1) |   .0492915   .1014593     0.49   0.629    -.1547061    .2532892
------------------------------------------------------------------------------

. lincom gncs

 ( 1)  gncs = 0

------------------------------------------------------------------------------
tenure_pol~l | Coefficient  Std. err.      t    P>|t|     [95% conf. interval]
-------------+----------------------------------------------------------------
         (1) |   .1756504   .0825895     2.13   0.039      .009593    .3417078
------------------------------------------------------------------------------

. lincom gncs+f_gncs

 ( 1)  gncs + f_gncs = 0

------------------------------------------------------------------------------
tenure_pol~l | Coefficient  Std. err.      t    P>|t|     [95% conf. interval]
-------------+----------------------------------------------------------------
         (1) |   -.194488    .105691    -1.84   0.072     -.406994    .0180179
------------------------------------------------------------------------------

. lincom gncs-focs

 ( 1)  - focs + gncs = 0

------------------------------------------------------------------------------
tenure_pol~l | Coefficient  Std. err.      t    P>|t|     [95% conf. interval]
-------------+----------------------------------------------------------------
         (1) |    .173387   .0852168     2.03   0.047     .0020471    .3447269
------------------------------------------------------------------------------

. lincom gncs+f_gncs - focs - f_focs

 ( 1)  - focs - f_focs + gncs + f_gncs = 0

------------------------------------------------------------------------------
tenure_pol~l | Coefficient  Std. err.      t    P>|t|     [95% conf. interval]
-------------+----------------------------------------------------------------
         (1) |  -.2437796   .1041688    -2.34   0.023    -.4532251   -.0343341
------------------------------------------------------------------------------

. lincom -f_focs

 ( 1)  - f_focs = 0

------------------------------------------------------------------------------
tenure_pol~l | Coefficient  Std. err.      t    P>|t|     [95% conf. interval]
-------------+----------------------------------------------------------------
         (1) |  -.0470282   .1279755    -0.37   0.715    -.3043401    .2102837
------------------------------------------------------------------------------

. lincom -f_gncs

 ( 1)  - f_gncs = 0

------------------------------------------------------------------------------
tenure_pol~l | Coefficient  Std. err.      t    P>|t|     [95% conf. interval]
-------------+----------------------------------------------------------------
         (1) |   .3701384   .1459844     2.54   0.015     .0766171    .6636597
------------------------------------------------------------------------------

. 
. * Policy Effects Years 0-3
. di _n "--- Policy Effects Years 0-3 ---"

--- Policy Effects Years 0-3 ---

. lincom focs+focs0

 ( 1)  focs + focs0 = 0

------------------------------------------------------------------------------
tenure_pol~l | Coefficient  Std. err.      t    P>|t|     [95% conf. interval]
-------------+----------------------------------------------------------------
         (1) |   -.008462   .0670105    -0.13   0.900    -.1431957    .1262716
------------------------------------------------------------------------------

. lincom focs+f_focs+focs0+f_focs0

 ( 1)  focs + f_focs + focs0 + f_focs0 = 0

------------------------------------------------------------------------------
tenure_pol~l | Coefficient  Std. err.      t    P>|t|     [95% conf. interval]
-------------+----------------------------------------------------------------
         (1) |   .1722883   .1404629     1.23   0.226    -.1101312    .4547078
------------------------------------------------------------------------------

. lincom gncs+gncs0

 ( 1)  gncs + gncs0 = 0

------------------------------------------------------------------------------
tenure_pol~l | Coefficient  Std. err.      t    P>|t|     [95% conf. interval]
-------------+----------------------------------------------------------------
         (1) |   .0511218   .0786975     0.65   0.519    -.1071102    .2093538
------------------------------------------------------------------------------

. lincom gncs+f_gncs+gncs0+f_gncs0

 ( 1)  gncs + f_gncs + gncs0 + f_gncs0 = 0

------------------------------------------------------------------------------
tenure_pol~l | Coefficient  Std. err.      t    P>|t|     [95% conf. interval]
-------------+----------------------------------------------------------------
         (1) |    -.01661   .1070948    -0.16   0.877    -.2319386    .1987185
------------------------------------------------------------------------------

. lincom gncs+gncs0-focs-focs0

 ( 1)  - focs + gncs - focs0 + gncs0 = 0

------------------------------------------------------------------------------
tenure_pol~l | Coefficient  Std. err.      t    P>|t|     [95% conf. interval]
-------------+----------------------------------------------------------------
         (1) |   .0595838    .098115     0.61   0.547    -.1376896    .2568573
------------------------------------------------------------------------------

. lincom gncs+f_gncs+gncs0+f_gncs0-focs-f_focs-focs0-f_focs0

 ( 1)  - focs - f_focs + gncs + f_gncs - focs0 - f_focs0 + gncs0 + f_gncs0 = 0

------------------------------------------------------------------------------
tenure_pol~l | Coefficient  Std. err.      t    P>|t|     [95% conf. interval]
-------------+----------------------------------------------------------------
         (1) |  -.1888983   .1643502    -1.15   0.256    -.5193466      .14155
------------------------------------------------------------------------------

. lincom -f_focs-f_focs0

 ( 1)  - f_focs - f_focs0 = 0

------------------------------------------------------------------------------
tenure_pol~l | Coefficient  Std. err.      t    P>|t|     [95% conf. interval]
-------------+----------------------------------------------------------------
         (1) |  -.1807503   .1398618    -1.29   0.202    -.4619613    .1004606
------------------------------------------------------------------------------

. lincom -f_gncs-f_gncs0

 ( 1)  - f_gncs - f_gncs0 = 0

------------------------------------------------------------------------------
tenure_pol~l | Coefficient  Std. err.      t    P>|t|     [95% conf. interval]
-------------+----------------------------------------------------------------
         (1) |   .0677318   .1453777     0.47   0.643    -.2245696    .3600333
------------------------------------------------------------------------------

. 
. log close t2
      name:  t2
       log:  C:/Users/Usuario/Documents/GitHub/twfe_survey/replications/2015-20
> 19/Antecol et al. (2018)/full/table2.log
  log type:  text
 closed on:   6 May 2026, 00:03:54
-------------------------------------------------------------------------------
