-------------------------------------------------------------------------------
      name:  t7
       log:  C:/Users/Usuario/Documents/GitHub/twfe_survey/replications/2015-20
> 19/Antecol et al. (2018)/full/table7.log
  log type:  text
 opened on:   6 May 2026, 00:04:00

. 
. clear

. use aer_fertilitysample

. 
. ttest any_b if female==0 & gncs0==0, by(gncs)

Two-sample t test with equal variances
------------------------------------------------------------------------------
   Group |     Obs        Mean    Std. err.   Std. dev.   [95% conf. interval]
---------+--------------------------------------------------------------------
       0 |     581     .454389    .0206748    .4983443    .4137824    .4949956
       1 |     112       .5625    .0470857    .4983079    .4691966    .6558034
---------+--------------------------------------------------------------------
Combined |     693    .4718615     .018977    .4995682     .434602    .5091209
---------+--------------------------------------------------------------------
    diff |            -.108111    .0514273               -.2090836   -.0071384
------------------------------------------------------------------------------
    diff = mean(0) - mean(1)                                      t =  -2.1022
H0: diff = 0                                     Degrees of freedom =      691

    Ha: diff < 0                 Ha: diff != 0                 Ha: diff > 0
 Pr(T < t) = 0.0179         Pr(|T| > |t|) = 0.0359          Pr(T > t) = 0.9821

. ttest any_b if female==1 & gncs0==0 & focs==0, by(gncs)

Two-sample t test with equal variances
------------------------------------------------------------------------------
   Group |     Obs        Mean    Std. err.   Std. dev.   [95% conf. interval]
---------+--------------------------------------------------------------------
       0 |      91    .3956044     .051543    .4916892    .2932052    .4980036
       1 |      31     .516129    .0912396    .5080005    .3297929    .7024651
---------+--------------------------------------------------------------------
Combined |     122    .4262295    .0449571    .4965673    .3372251    .5152339
---------+--------------------------------------------------------------------
    diff |           -.1205246    .1031098               -.3246749    .0836256
------------------------------------------------------------------------------
    diff = mean(0) - mean(1)                                      t =  -1.1689
H0: diff = 0                                     Degrees of freedom =      120

    Ha: diff < 0                 Ha: diff != 0                 Ha: diff > 0
 Pr(T < t) = 0.1224         Pr(|T| > |t|) = 0.2448          Pr(T > t) = 0.8776

. ttest any_b if female==1 & focs0==0 & gncs==0, by(focs)

Two-sample t test with equal variances
------------------------------------------------------------------------------
   Group |     Obs        Mean    Std. err.   Std. dev.   [95% conf. interval]
---------+--------------------------------------------------------------------
       0 |      91    .3956044     .051543    .4916892    .2932052    .4980036
       1 |      20          .5    .1147079    .5129892    .2599137    .7400863
---------+--------------------------------------------------------------------
Combined |     111    .4144144    .0469695    .4948548    .3213318     .507497
---------+--------------------------------------------------------------------
    diff |           -.1043956    .1223605               -.3469102     .138119
------------------------------------------------------------------------------
    diff = mean(0) - mean(1)                                      t =  -0.8532
H0: diff = 0                                     Degrees of freedom =      109

    Ha: diff < 0                 Ha: diff != 0                 Ha: diff > 0
 Pr(T < t) = 0.1977         Pr(|T| > |t|) = 0.3954          Pr(T > t) = 0.8023

. 
. ttest all_b if female==0 & gncs0==0, by(gncs)

Two-sample t test with equal variances
------------------------------------------------------------------------------
   Group |     Obs        Mean    Std. err.   Std. dev.   [95% conf. interval]
---------+--------------------------------------------------------------------
       0 |     581    .6316695      .03219    .7759058    .5684464    .6948927
       1 |     112       .8125    .0777036    .8223374    .6585252    .9664748
---------+--------------------------------------------------------------------
Combined |     693    .6608947    .0298505    .7858119    .6022862    .7195031
---------+--------------------------------------------------------------------
    diff |           -.1808305    .0808605               -.3395921   -.0220688
------------------------------------------------------------------------------
    diff = mean(0) - mean(1)                                      t =  -2.2363
H0: diff = 0                                     Degrees of freedom =      691

    Ha: diff < 0                 Ha: diff != 0                 Ha: diff > 0
 Pr(T < t) = 0.0128         Pr(|T| > |t|) = 0.0256          Pr(T > t) = 0.9872

. ttest all_b if female==1 & gncs0==0 & focs==0, by(gncs)

Two-sample t test with equal variances
------------------------------------------------------------------------------
   Group |     Obs        Mean    Std. err.   Std. dev.   [95% conf. interval]
---------+--------------------------------------------------------------------
       0 |      91    .4505495    .0630207    .6011791    .3253478    .5757511
       1 |      31    .6774194     .134301    .7477565    .4031401    .9516987
---------+--------------------------------------------------------------------
Combined |     122    .5081967    .0584841     .645978     .392412    .6239814
---------+--------------------------------------------------------------------
    diff |           -.2268699    .1332964               -.4907876    .0370478
------------------------------------------------------------------------------
    diff = mean(0) - mean(1)                                      t =  -1.7020
H0: diff = 0                                     Degrees of freedom =      120

    Ha: diff < 0                 Ha: diff != 0                 Ha: diff > 0
 Pr(T < t) = 0.0457         Pr(|T| > |t|) = 0.0913          Pr(T > t) = 0.9543

. ttest all_b if female==1 & focs0==0 & gncs==0, by(focs)

Two-sample t test with equal variances
------------------------------------------------------------------------------
   Group |     Obs        Mean    Std. err.   Std. dev.   [95% conf. interval]
---------+--------------------------------------------------------------------
       0 |      91    .4505495    .0630207    .6011791    .3253478    .5757511
       1 |      20         .65    .1666228    .7451598    .3012545    .9987455
---------+--------------------------------------------------------------------
Combined |     111    .4864865    .0598454    .6305101     .367887     .605086
---------+--------------------------------------------------------------------
    diff |           -.1994505    .1552522               -.5071553    .1082542
------------------------------------------------------------------------------
    diff = mean(0) - mean(1)                                      t =  -1.2847
H0: diff = 0                                     Degrees of freedom =      109

    Ha: diff < 0                 Ha: diff != 0                 Ha: diff > 0
 Pr(T < t) = 0.1008         Pr(|T| > |t|) = 0.2016          Pr(T > t) = 0.8992

. 
. ttest havekids if female==0 & gncs0==0, by(gncs)

Two-sample t test with equal variances
------------------------------------------------------------------------------
   Group |     Obs        Mean    Std. err.   Std. dev.   [95% conf. interval]
---------+--------------------------------------------------------------------
       0 |     581     .858864    .0144566    .3484618    .8304703    .8872578
       1 |     112    .8482143     .034057    .3604257     .780728    .9157006
---------+--------------------------------------------------------------------
Combined |     693    .8571429    .0133022    .3501799    .8310253    .8832604
---------+--------------------------------------------------------------------
    diff |            .0106497    .0361616                 -.06035    .0816495
------------------------------------------------------------------------------
    diff = mean(0) - mean(1)                                      t =   0.2945
H0: diff = 0                                     Degrees of freedom =      691

    Ha: diff < 0                 Ha: diff != 0                 Ha: diff > 0
 Pr(T < t) = 0.6158         Pr(|T| > |t|) = 0.7685          Pr(T > t) = 0.3842

. ttest havekids if female==1 & gncs0==0 & focs==0, by(gncs)

Two-sample t test with equal variances
------------------------------------------------------------------------------
   Group |     Obs        Mean    Std. err.   Std. dev.   [95% conf. interval]
---------+--------------------------------------------------------------------
       0 |      91    .7362637    .0464494    .4430993    .6439838    .8285436
       1 |      31    .8709677    .0612054    .3407771    .7459697    .9959658
---------+--------------------------------------------------------------------
Combined |     122    .7704918    .0382288    .4222507    .6948079    .8461758
---------+--------------------------------------------------------------------
    diff |            -.134704    .0873144               -.3075805    .0381725
------------------------------------------------------------------------------
    diff = mean(0) - mean(1)                                      t =  -1.5427
H0: diff = 0                                     Degrees of freedom =      120

    Ha: diff < 0                 Ha: diff != 0                 Ha: diff > 0
 Pr(T < t) = 0.0628         Pr(|T| > |t|) = 0.1255          Pr(T > t) = 0.9372

. ttest havekids if female==1 & focs0==0 & gncs==0, by(focs)

Two-sample t test with equal variances
------------------------------------------------------------------------------
   Group |     Obs        Mean    Std. err.   Std. dev.   [95% conf. interval]
---------+--------------------------------------------------------------------
       0 |      91    .7362637    .0464494    .4430993    .6439838    .8285436
       1 |      20         .75    .0993399    .4442617    .5420791    .9579209
---------+--------------------------------------------------------------------
Combined |     111    .7387387    .0418877    .4413144    .6557271    .8217503
---------+--------------------------------------------------------------------
    diff |           -.0137363    .1094777               -.2307175     .203245
------------------------------------------------------------------------------
    diff = mean(0) - mean(1)                                      t =  -0.1255
H0: diff = 0                                     Degrees of freedom =      109

    Ha: diff < 0                 Ha: diff != 0                 Ha: diff > 0
 Pr(T < t) = 0.4502         Pr(|T| > |t|) = 0.9004          Pr(T > t) = 0.5498

. 
. ttest numkids if female==0 & gncs0==0, by(gncs)

Two-sample t test with equal variances
------------------------------------------------------------------------------
   Group |     Obs        Mean    Std. err.   Std. dev.   [95% conf. interval]
---------+--------------------------------------------------------------------
       0 |     581    1.876076    .0450228    1.085228    1.787648    1.964503
       1 |     112    1.732143    .0931901    .9862308    1.547481    1.916805
---------+--------------------------------------------------------------------
Combined |     693    1.852814    .0406643    1.070484    1.772974    1.932654
---------+--------------------------------------------------------------------
    diff |            .1439329    .1104155               -.0728573    .3607231
------------------------------------------------------------------------------
    diff = mean(0) - mean(1)                                      t =   1.3036
H0: diff = 0                                     Degrees of freedom =      691

    Ha: diff < 0                 Ha: diff != 0                 Ha: diff > 0
 Pr(T < t) = 0.9036         Pr(|T| > |t|) = 0.1928          Pr(T > t) = 0.0964

. ttest numkids if female==1 & gncs0==0 & focs==0, by(gncs)

Two-sample t test with equal variances
------------------------------------------------------------------------------
   Group |     Obs        Mean    Std. err.   Std. dev.   [95% conf. interval]
---------+--------------------------------------------------------------------
       0 |      91    1.428571    .1106567    1.055597    1.208733     1.64841
       1 |      31    1.580645     .144982    .8072254    1.284552    1.876738
---------+--------------------------------------------------------------------
Combined |     122    1.467213    .0902993    .9973885    1.288442    1.645984
---------+--------------------------------------------------------------------
    diff |           -.1520737    .2078155                -.563534    .2593865
------------------------------------------------------------------------------
    diff = mean(0) - mean(1)                                      t =  -0.7318
H0: diff = 0                                     Degrees of freedom =      120

    Ha: diff < 0                 Ha: diff != 0                 Ha: diff > 0
 Pr(T < t) = 0.2329         Pr(|T| > |t|) = 0.4657          Pr(T > t) = 0.7671

. ttest numkids if female==1 & focs0==0 & gncs==0, by(focs)

Two-sample t test with equal variances
------------------------------------------------------------------------------
   Group |     Obs        Mean    Std. err.   Std. dev.   [95% conf. interval]
---------+--------------------------------------------------------------------
       0 |      91    1.428571    .1106567    1.055597    1.208733     1.64841
       1 |      20         1.4    .2224268    .9947229    .9344553    1.865545
---------+--------------------------------------------------------------------
Combined |     111    1.423423    .0987635    1.040538    1.227697    1.619149
---------+--------------------------------------------------------------------
    diff |            .0285714    .2581323               -.4830384    .5401813
------------------------------------------------------------------------------
    diff = mean(0) - mean(1)                                      t =   0.1107
H0: diff = 0                                     Degrees of freedom =      109

    Ha: diff < 0                 Ha: diff != 0                 Ha: diff > 0
 Pr(T < t) = 0.5440         Pr(|T| > |t|) = 0.9121          Pr(T > t) = 0.4560

. 
. log close t7
      name:  t7
       log:  C:/Users/Usuario/Documents/GitHub/twfe_survey/replications/2015-20
> 19/Antecol et al. (2018)/full/table7.log
  log type:  text
 closed on:   6 May 2026, 00:04:00
-------------------------------------------------------------------------------
