-------------------------------------------------------------------------------
      name:  t5
       log:  C:/Users/Usuario/Documents/GitHub/twfe_survey/replications/2010-20
> 12/Forman et al. (2012)/full/table5.log
  log type:  text
 opened on:   6 May 2026, 01:00:32

. 
. use countygrowth, clear

. 
. di _n "--- Col 1: Employment growth ---"

--- Col 1: Employment growth ---

. regress empdiff surv_deeppost00 indivhomeinternet00_cty missing $controls $ch
> ange, robust

Linear regression                               Number of obs     =      2,743
                                                F(21, 2721)       =      70.58
                                                Prob > F          =     0.0000
                                                R-squared         =     0.3174
                                                Root MSE          =     .10661

------------------------------------------------------------------------------
             |               Robust
     empdiff | Coefficient  std. err.      t    P>|t|     [95% conf. interval]
-------------+----------------------------------------------------------------
surv_deep~00 |  -.0190114   .0164415    -1.16   0.248    -.0512505    .0132278
indivhomei~y |   .0259917   .0409774     0.63   0.526    -.0543582    .1063416
     missing |   .0117662   .0191107     0.62   0.538    -.0257068    .0492392
       lnpop |   .0063248   .0027837     2.27   0.023     .0008664    .0117831
  pctblk1990 |   -.052038   .0203165    -2.56   0.010    -.0918753   -.0122006
pctunivp1990 |  -.0672323   .1058945    -0.63   0.526     -.274874    .1404095
  pctHSp1990 |   .2254729   .0957312     2.36   0.019     .0377596    .4131862
pctbelo~1990 |   .0595786   .0747576     0.80   0.426    -.0870088    .2061661
medhhinc1990 |   -.000038   .0007274    -0.05   0.958    -.0014643    .0013884
carnegie1_~r |  -.0023942   .0365208    -0.07   0.948    -.0740055    .0692172
frac_in_en~g |   .6222216   .3273692     1.90   0.057    -.0196957    1.264139
npatent1980s |  -.0097708   .0030288    -3.23   0.001    -.0157098   -.0038318
      frprof |   .5025175   .0753857     6.67   0.000     .3546985    .6503365
  pct65p1990 |  -.1165342   .0731831    -1.59   0.111    -.2600344    .0269659
    netmig95 |   .0098116   .0020884     4.70   0.000     .0057166    .0139066
change_tot~p |   .3764613   .0216828    17.36   0.000     .3339448    .4189777
change_pct~k |  -.2130874   .1214125    -1.76   0.079    -.4511574    .0249827
change_pc~vp |   .9160399   .2556026     3.58   0.000     .4148451    1.417235
change_pc~Sp |    .042233    .174364     0.24   0.809    -.2996662    .3841322
change_pct65 |  -.1730356   .1831544    -0.94   0.345    -.5321715    .1861003
change_net~g |   .0118027   .0025909     4.56   0.000     .0067223     .016883
       _cons |  -.3146865   .0722813    -4.35   0.000    -.4564184   -.1729547
------------------------------------------------------------------------------

. 
. di _n "--- Col 2: Employment + allhigh ---"

--- Col 2: Employment + allhigh ---

. regress empdiff surv_deeppost00 highinc2000 higheduc2000 highind2000 highpop2
> 000 allhigh2000 educ_inc_ind_pop_dum_surv_deep00 $controls $change, robust

Linear regression                               Number of obs     =      2,743
                                                F(25, 2717)       =      63.01
                                                Prob > F          =     0.0000
                                                R-squared         =     0.3181
                                                Root MSE          =     .10663

------------------------------------------------------------------------------
             |               Robust
     empdiff | Coefficient  std. err.      t    P>|t|     [95% conf. interval]
-------------+----------------------------------------------------------------
surv_deep~00 |  -.0205709   .0166095    -1.24   0.216    -.0531394    .0119976
 highinc2000 |  -.0072736   .0069299    -1.05   0.294     -.020862    .0063148
higheduc2000 |  -.0023311   .0068627    -0.34   0.734    -.0157877    .0111255
 highind2000 |   .0025865   .0050584     0.51   0.609    -.0073322    .0125052
 highpop2000 |  -.0115594   .0077891    -1.48   0.138    -.0268326    .0037138
 allhigh2000 |  -.0218926   .0160476    -1.36   0.173    -.0533594    .0095742
educ_inc_i.. |   .2024932   .1096325     1.85   0.065    -.0124783    .4174647
       lnpop |   .0079329   .0032555     2.44   0.015     .0015494    .0143165
  pctblk1990 |  -.0523196   .0203607    -2.57   0.010    -.0922437   -.0123955
pctunivp1990 |  -.0579455   .1087074    -0.53   0.594    -.2711031    .1552121
  pctHSp1990 |   .2298776   .0959286     2.40   0.017     .0417773     .417978
pctbelo~1990 |   .0768723   .0741909     1.04   0.300     -.068604    .2223486
medhhinc1990 |   .0005067    .000786     0.64   0.519    -.0010345    .0020479
carnegie1_~r |   -.003465   .0364181    -0.10   0.924    -.0748749    .0679449
frac_in_en~g |   .6327953   .3292003     1.92   0.055     -.012713    1.278304
npatent1980s |  -.0105843   .0028397    -3.73   0.000    -.0161525   -.0050162
      frprof |   .4988525   .0767071     6.50   0.000     .3484424    .6492626
  pct65p1990 |  -.1067915    .073477    -1.45   0.146    -.2508679    .0372848
    netmig95 |    .010276   .0021159     4.86   0.000     .0061271    .0144249
change_tot~p |   .3772998   .0218581    17.26   0.000     .3344395      .42016
change_pct~k |  -.2064925   .1217561    -1.70   0.090    -.4452365    .0322515
change_pc~vp |   .9253008   .2565794     3.61   0.000     .4221902    1.428411
change_pc~Sp |   .0450128    .174097     0.26   0.796    -.2963631    .3863887
change_pct65 |  -.1687912   .1842815    -0.92   0.360    -.5301372    .1925549
change_net~g |   .0123724   .0026211     4.72   0.000     .0072327     .017512
       _cons |  -.3366178   .0722068    -4.66   0.000    -.4782035   -.1950321
------------------------------------------------------------------------------

. 
. * 1999-2005 wage growth
. use countyyear.dta, clear

. replace medhhinc1990=medhhinc1990/1000
(50,098 real changes made)

. replace npatent1980s=npatent1980s/1000
variable npatent1980s was int now float
(44,504 real changes made)

. replace netmig95=netmig95/1000
(43,712 real changes made)

. keep if year==2005|year==1999
(43,899 observations deleted)

. 
. sort county year

. gen wagediff=lnweekwage-lnweekwage[_n-1]
(31 missing values generated)

. gen empdiff=lnemp-lnemp[_n-1]
(31 missing values generated)

. gen estdiff=lnest-lnest[_n-1]
(1 missing value generated)

. replace change_netmig=netmig-netmig[_n-1]
(5,607 real changes made, 1,083 to missing)

. replace change_netmig=change_netmig/1000
(5,187 real changes made)

. keep if year==2005
(3,135 observations deleted)

. gen educ_inc_ind_pop_dum_surv_deep05=allhigh*surv_deeppost00
(396 missing values generated)

. 
. di _n "--- Col 3: Wage growth 1999-2005 ---"

--- Col 3: Wage growth 1999-2005 ---

. regress wagediff surv_deeppost00 indivhomeinternet00_cty missing $controls $c
> hange, robust
note: missing omitted because of collinearity.

Linear regression                               Number of obs     =      2,734
                                                F(20, 2713)       =       9.11
                                                Prob > F          =     0.0000
                                                R-squared         =     0.0596
                                                Root MSE          =     .07373

------------------------------------------------------------------------------
             |               Robust
    wagediff | Coefficient  std. err.      t    P>|t|     [95% conf. interval]
-------------+----------------------------------------------------------------
surv_dee~t00 |  -.0057066   .0132437    -0.43   0.667    -.0316753    .0202622
indivhomei~y |   .0322958   .0099471     3.25   0.001     .0127911    .0518006
     missing |          0  (omitted)
       lnpop |  -.0052037    .001853    -2.81   0.005    -.0088372   -.0015701
  pctblk1990 |  -.0022476   .0145191    -0.15   0.877    -.0307172    .0262219
pctunivp1990 |   .0212584   .0833644     0.26   0.799    -.1422057    .1847224
  pctHSp1990 |  -.3142745   .0710956    -4.42   0.000    -.4536815   -.1748674
pctbelo~1990 |  -.0787089   .0748931    -1.05   0.293    -.2255622    .0681445
medhhinc1990 |  -.0013634   .0006632    -2.06   0.040    -.0026639    -.000063
carnegie1_~r |  -.0531088    .044874    -1.18   0.237    -.1410995    .0348819
frac_in_en~g |    .400628   .3907649     1.03   0.305    -.3655989    1.166855
npatent1980s |  -.0043787    .002167    -2.02   0.043    -.0086279   -.0001295
      frprof |   .3122214   .0585734     5.33   0.000     .1973684    .4270744
  pct65p1990 |   .1444972   .0582543     2.48   0.013     .0302698    .2587245
    netmig95 |   -.000928   .0003621    -2.56   0.010    -.0016381   -.0002179
change_tot~p |   .0375632   .0146631     2.56   0.010     .0088112    .0663151
change_pct~k |  -.1531625   .0785178    -1.95   0.051    -.3071232    .0007981
change_pc~vp |  -.0277651   .1996457    -0.14   0.889    -.4192382    .3637079
change_pc~Sp |  -.4765816   .1127344    -4.23   0.000    -.6976356   -.2555275
change_pct65 |   .3167617   .1371866     2.31   0.021     .0477608    .5857626
change_net~g |  -.0006605    .000573    -1.15   0.249     -.001784    .0004631
       _cons |   .2841832   .0518508     5.48   0.000     .1825123    .3858542
------------------------------------------------------------------------------

. 
. di _n "--- Col 4: Wage growth 1999-2005 + allhigh ---"

--- Col 4: Wage growth 1999-2005 + allhigh ---

. regress wagediff surv_deeppost00 highinc higheduc highind highpop allhigh edu
> c_inc_ind_pop_dum_surv_deep05 $controls $change, robust

Linear regression                               Number of obs     =      2,734
                                                F(25, 2708)       =       7.10
                                                Prob > F          =     0.0000
                                                R-squared         =     0.0604
                                                Root MSE          =     .07377

------------------------------------------------------------------------------
             |               Robust
    wagediff | Coefficient  std. err.      t    P>|t|     [95% conf. interval]
-------------+----------------------------------------------------------------
surv_dee~t00 |  -.0053272   .0134118    -0.40   0.691    -.0316256    .0209713
     highinc |   .0067803    .004521     1.50   0.134    -.0020846    .0156451
    higheduc |   .0101385   .0049564     2.05   0.041     .0004198    .0198572
     highind |  -.0005332   .0039218    -0.14   0.892    -.0082233     .007157
     highpop |   .0087183     .00574     1.52   0.129    -.0025368    .0199735
     allhigh |   -.000246   .0145663    -0.02   0.987    -.0288082    .0283162
educ_inc_~05 |   .0007208   .1023325     0.01   0.994    -.1999369    .2013785
       lnpop |  -.0058984   .0022179    -2.66   0.008    -.0102474   -.0015495
  pctblk1990 |  -.0022688   .0146124    -0.16   0.877    -.0309213    .0263838
pctunivp1990 |  -.0329547   .0842779    -0.39   0.696    -.1982102    .1323009
  pctHSp1990 |  -.3162262   .0717855    -4.41   0.000     -.456986   -.1754663
pctbelo~1990 |  -.0785279   .0753387    -1.04   0.297    -.2262549    .0691992
medhhinc1990 |  -.0015834   .0007246    -2.19   0.029    -.0030043   -.0001624
carnegie1_~r |  -.0511799   .0442375    -1.16   0.247    -.1379226    .0355628
frac_in_en~g |   .3993774   .3926186     1.02   0.309     -.370485     1.16924
npatent1980s |  -.0042917   .0021299    -2.01   0.044    -.0084681   -.0001153
      frprof |   .3144095   .0597373     5.26   0.000     .1972743    .4315448
  pct65p1990 |   .1594534   .0582748     2.74   0.006     .0451858    .2737211
    netmig95 |  -.0009084   .0003445    -2.64   0.008    -.0015839    -.000233
change_tot~p |   .0368416   .0150318     2.45   0.014     .0073667    .0663164
change_pct~k |  -.1606094   .0790075    -2.03   0.042    -.3155305   -.0056883
change_pc~vp |  -.0546692    .198975    -0.27   0.784    -.4448274    .3354889
change_pc~Sp |  -.4802044   .1131338    -4.24   0.000    -.7020417   -.2583672
change_pct65 |   .3264522   .1385788     2.36   0.019     .0547213    .5981831
change_net~g |  -.0008208   .0005493    -1.49   0.135     -.001898    .0002563
       _cons |   .2972693   .0531697     5.59   0.000      .193012    .4015265
------------------------------------------------------------------------------

. 
. log close t5
      name:  t5
       log:  C:/Users/Usuario/Documents/GitHub/twfe_survey/replications/2010-20
> 12/Forman et al. (2012)/full/table5.log
  log type:  text
 closed on:   6 May 2026, 01:00:32
-------------------------------------------------------------------------------
