-------------------------------------------------------------------------------
      name:  t2
       log:  C:/Users/Usuario/Documents/GitHub/twfe_survey/replications/2010-20
> 12/Forman et al. (2012)/full/table2.log
  log type:  text
 opened on:   6 May 2026, 01:00:26

. 
. use countygrowth, clear

. 
. di _n "--- Col 1: No controls ---"

--- Col 1: No controls ---

. regress wagediff surv_deeppost00, robust

Linear regression                               Number of obs     =      2,744
                                                F(1, 2742)        =       7.97
                                                Prob > F          =     0.0048
                                                R-squared         =     0.0038
                                                Root MSE          =     .08052

------------------------------------------------------------------------------
             |               Robust
    wagediff | Coefficient  std. err.      t    P>|t|     [95% conf. interval]
-------------+----------------------------------------------------------------
surv_deep~00 |   .0372192   .0131858     2.82   0.005     .0113642    .0630743
       _cons |   .1848458   .0017356   106.50   0.000     .1814426     .188249
------------------------------------------------------------------------------

. 
. di _n "--- Col 2: With controls ---"

--- Col 2: With controls ---

. regress wagediff surv_deeppost00 indivhomeinternet00_cty missing $controls $c
> hange, robust

Linear regression                               Number of obs     =      2,743
                                                F(21, 2721)       =      14.62
                                                Prob > F          =     0.0000
                                                R-squared         =     0.1306
                                                Root MSE          =     .07548

------------------------------------------------------------------------------
             |               Robust
    wagediff | Coefficient  std. err.      t    P>|t|     [95% conf. interval]
-------------+----------------------------------------------------------------
surv_deep~00 |   .0278399   .0126398     2.20   0.028     .0030553    .0526246
indivhomei~y |   .0822748   .0378555     2.17   0.030     .0080464    .1565031
     missing |   .0280682   .0170051     1.65   0.099     -.005276    .0614124
       lnpop |  -.0065422   .0018821    -3.48   0.001    -.0102327   -.0028517
  pctblk1990 |   .0133063   .0118118     1.13   0.260    -.0098548    .0364673
pctunivp1990 |    .572033   .0789012     7.25   0.000     .4173207    .7267453
  pctHSp1990 |  -.1555065   .0520436    -2.99   0.003    -.2575554   -.0534576
pctbelo~1990 |  -.1615275    .046444    -3.48   0.001    -.2525965   -.0704584
medhhinc1990 |   -.000558   .0006181    -0.90   0.367    -.0017699     .000654
carnegie1_~r |   .0319719   .0474517     0.67   0.501    -.0610732    .1250169
frac_in_en~g |  -.2201671   .3629799    -0.61   0.544    -.9319112     .491577
npatent1980s |   .0164506   .0042973     3.83   0.000     .0080243    .0248768
      frprof |   -.010241    .053537    -0.19   0.848    -.1152182    .0947362
  pct65p1990 |   .0443062   .0512846     0.86   0.388    -.0562544    .1448669
    netmig95 |   .0032963   .0032014     1.03   0.303     -.002981    .0095737
change_tot~p |   .0526667   .0151875     3.47   0.001     .0228865    .0824469
change_pct~k |   .0264813   .0756051     0.35   0.726     -.121768    .1747305
change_pc~vp |    .821895   .1603947     5.12   0.000     .5073874    1.136403
change_pc~Sp |  -.0223661   .0947318    -0.24   0.813    -.2081196    .1633874
change_pct65 |  -.5628001   .1192249    -4.72   0.000    -.7965806   -.3290196
change_net~g |   .0019928   .0037367     0.53   0.594    -.0053342    .0093198
       _cons |   .2995026   .0458432     6.53   0.000     .2096117    .3893936
------------------------------------------------------------------------------

. 
. di _n "--- Col 3: With PC and shallow ---"

--- Col 3: With PC and shallow ---

. regress wagediff surv_deeppost00 surv_pcperemp00 surv_shalpost00 indivhomeint
> ernet00_cty missing $controls $change, robust

Linear regression                               Number of obs     =      2,743
                                                F(23, 2719)       =      13.42
                                                Prob > F          =     0.0000
                                                R-squared         =     0.1315
                                                Root MSE          =     .07547

------------------------------------------------------------------------------
             |               Robust
    wagediff | Coefficient  std. err.      t    P>|t|     [95% conf. interval]
-------------+----------------------------------------------------------------
surv_deep~00 |   .0246616   .0135208     1.82   0.068    -.0018505    .0511737
surv_pcpe~00 |   .0152203   .0108372     1.40   0.160    -.0060298    .0364703
surv_shal~00 |   .0007328   .0078026     0.09   0.925    -.0145668    .0160325
indivhomei~y |   .0822158   .0378807     2.17   0.030     .0079379    .1564938
     missing |   .0281626   .0169909     1.66   0.098    -.0051538    .0614791
       lnpop |  -.0068054   .0019003    -3.58   0.000    -.0105315   -.0030792
  pctblk1990 |   .0123505   .0118612     1.04   0.298    -.0109073    .0356084
pctunivp1990 |   .5590101   .0807229     6.93   0.000     .4007257    .7172946
  pctHSp1990 |  -.1588511   .0522206    -3.04   0.002    -.2612471   -.0564552
pctbelo~1990 |  -.1598207   .0463488    -3.45   0.001    -.2507031   -.0689382
medhhinc1990 |  -.0005557   .0006171    -0.90   0.368    -.0017657    .0006543
carnegie1_~r |   .0338375   .0479915     0.71   0.481     -.060266    .1279409
frac_in_en~g |  -.2357478   .3647108    -0.65   0.518    -.9508861    .4793906
npatent1980s |   .0159796   .0042903     3.72   0.000      .007567    .0243922
      frprof |  -.0089253    .054336    -0.16   0.870    -.1154694    .0976188
  pct65p1990 |   .0470007   .0512924     0.92   0.360    -.0535754    .1475768
    netmig95 |   .0034356   .0031938     1.08   0.282    -.0028269    .0096981
change_tot~p |   .0538636   .0153229     3.52   0.000     .0238178    .0839094
change_pct~k |    .025075   .0758579     0.33   0.741      -.12367    .1738201
change_pc~vp |   .8161213   .1613179     5.06   0.000     .4998032    1.132439
change_pc~Sp |  -.0259223   .0947487    -0.27   0.784    -.2117091    .1598644
change_pct65 |  -.5620548   .1190116    -4.72   0.000    -.7954171   -.3286925
change_net~g |   .0021813    .003726     0.59   0.558    -.0051248    .0094875
       _cons |   .3006315   .0459811     6.54   0.000     .2104701    .3907928
------------------------------------------------------------------------------

. 
. log close t2
      name:  t2
       log:  C:/Users/Usuario/Documents/GitHub/twfe_survey/replications/2010-20
> 12/Forman et al. (2012)/full/table2.log
  log type:  text
 closed on:   6 May 2026, 01:00:29
-------------------------------------------------------------------------------
