-------------------------------------------------------------------------------
      name:  t3
       log:  C:/Users/Usuario/Documents/GitHub/twfe_survey/replications/2010-20
> 12/Forman et al. (2012)/full/table3.log
  log type:  text
 opened on:   6 May 2026, 01:00:29

. 
. use countygrowth, clear

. 
. di _n "--- Col 1: High income ---"

--- Col 1: High income ---

. regress wagediff surv_deeppost00 highinc2000 inc_dum_surv_deeppost00 $control
> s $change, robust

Linear regression                               Number of obs     =      2,743
                                                F(21, 2721)       =      14.23
                                                Prob > F          =     0.0000
                                                R-squared         =     0.1321
                                                Root MSE          =     .07542

------------------------------------------------------------------------------
             |               Robust
    wagediff | Coefficient  std. err.      t    P>|t|     [95% conf. interval]
-------------+----------------------------------------------------------------
surv_deep~00 |   .0167739   .0136919     1.23   0.221    -.0100736    .0436215
 highinc2000 |  -.0136377   .0061752    -2.21   0.027    -.0257462   -.0015292
inc_dum_s~00 |   .0960085   .0389314     2.47   0.014     .0196703    .1723466
       lnpop |  -.0061688   .0017472    -3.53   0.000    -.0095947   -.0027428
  pctblk1990 |   .0127615    .011831     1.08   0.281    -.0104372    .0359601
pctunivp1990 |   .5711771   .0784379     7.28   0.000     .4173732     .724981
  pctHSp1990 |  -.1490636   .0519417    -2.87   0.004    -.2509128   -.0472145
pctbelo~1990 |  -.1449436   .0473116    -3.06   0.002    -.2377139   -.0521733
medhhinc1990 |  -.0000254   .0007391    -0.03   0.973    -.0014746    .0014239
carnegie1_~r |   .0310909   .0478383     0.65   0.516    -.0627121    .1248938
frac_in_en~g |  -.1938883   .3651681    -0.53   0.595    -.9099232    .5221466
npatent1980s |    .016112   .0043223     3.73   0.000     .0076367    .0245874
      frprof |  -.0118078   .0535065    -0.22   0.825    -.1167253    .0931098
  pct65p1990 |   .0563734   .0507926     1.11   0.267    -.0432226    .1559695
    netmig95 |   .0038472   .0031431     1.22   0.221    -.0023159    .0100104
change_tot~p |    .052986   .0150894     3.51   0.000     .0233982    .0825739
change_pct~k |   .0207731   .0736219     0.28   0.778    -.1235873    .1651335
change_pc~vp |   .8300779    .161789     5.13   0.000     .5128361     1.14732
change_pc~Sp |  -.0105704   .0940979    -0.11   0.911    -.1950809    .1739401
change_pct65 |  -.5471096   .1191063    -4.59   0.000    -.7806576   -.3135615
change_net~g |   .0025408   .0036698     0.69   0.489    -.0046552    .0097367
       _cons |   .3074501   .0406699     7.56   0.000      .227703    .3871972
------------------------------------------------------------------------------

. 
. di _n "--- Col 2: High education ---"

--- Col 2: High education ---

. regress wagediff surv_deeppost00 higheduc2000 educ_dum_surv_deeppost00 $contr
> ols $change, robust

Linear regression                               Number of obs     =      2,743
                                                F(21, 2721)       =      14.14
                                                Prob > F          =     0.0000
                                                R-squared         =     0.1337
                                                Root MSE          =     .07535

------------------------------------------------------------------------------
             |               Robust
    wagediff | Coefficient  std. err.      t    P>|t|     [95% conf. interval]
-------------+----------------------------------------------------------------
surv_deep~00 |   .0119669   .0125326     0.95   0.340    -.0126075    .0365413
higheduc2000 |  -.0158117   .0060598    -2.61   0.009     -.027694   -.0039294
educ_dum_~00 |   .1100868   .0454616     2.42   0.016     .0209441    .1992295
       lnpop |  -.0059789   .0017634    -3.39   0.001    -.0094366   -.0025212
  pctblk1990 |   .0122274    .011804     1.04   0.300    -.0109183    .0353731
pctunivp1990 |   .6021951     .08455     7.12   0.000     .4364064    .7679838
  pctHSp1990 |  -.1536644   .0517144    -2.97   0.003    -.2550679   -.0522609
pctbelo~1990 |  -.1482586   .0462125    -3.21   0.001    -.2388738   -.0576435
medhhinc1990 |  -.0003229    .000613    -0.53   0.598    -.0015249    .0008791
carnegie1_~r |   .0237274   .0426616     0.56   0.578    -.0599249    .1073798
frac_in_en~g |  -.1418463   .3389759    -0.42   0.676    -.8065224    .5228298
npatent1980s |   .0160739   .0043203     3.72   0.000     .0076026    .0245452
      frprof |  -.0112354   .0532701    -0.21   0.833    -.1156893    .0932186
  pct65p1990 |   .0605173   .0507941     1.19   0.234    -.0390817    .1601162
    netmig95 |   .0037426   .0031507     1.19   0.235    -.0024355    .0099206
change_tot~p |   .0531421   .0151704     3.50   0.000     .0233954    .0828888
change_pct~k |   .0275019   .0737642     0.37   0.709    -.1171377    .1721414
change_pc~vp |   .8465604   .1597786     5.30   0.000     .5332607     1.15986
change_pc~Sp |  -.0198263   .0936991    -0.21   0.832    -.2035548    .1639022
change_pct65 |  -.5379522    .119589    -4.50   0.000    -.7724465   -.3034578
change_net~g |   .0024338   .0036749     0.66   0.508    -.0047722    .0096397
       _cons |   .3106845   .0393641     7.89   0.000     .2334981     .387871
------------------------------------------------------------------------------

. 
. di _n "--- Col 3: High industry ---"

--- Col 3: High industry ---

. regress wagediff surv_deeppost00 highind2000 ind_dum_surv_deeppost00 $control
> s $change, robust

Linear regression                               Number of obs     =      2,743
                                                F(21, 2721)       =      14.25
                                                Prob > F          =     0.0000
                                                R-squared         =     0.1329
                                                Root MSE          =     .07539

------------------------------------------------------------------------------
             |               Robust
    wagediff | Coefficient  std. err.      t    P>|t|     [95% conf. interval]
-------------+----------------------------------------------------------------
surv_deep~00 |    .021361   .0158604     1.35   0.178    -.0097387    .0524606
 highind2000 |   .0101132   .0038957     2.60   0.009     .0024744    .0177521
ind_dum_s~00 |   .0205831   .0227502     0.90   0.366    -.0240263    .0651925
       lnpop |  -.0068075   .0017413    -3.91   0.000     -.010222    -.003393
  pctblk1990 |   .0124835   .0117866     1.06   0.290     -.010628     .035595
pctunivp1990 |   .5693252   .0787357     7.23   0.000     .4149373    .7237131
  pctHSp1990 |  -.1466299    .051412    -2.85   0.004    -.2474405   -.0458194
pctbelo~1990 |  -.1397807   .0459713    -3.04   0.002    -.2299229   -.0496385
medhhinc1990 |  -.0003045   .0006182    -0.49   0.622    -.0015167    .0009077
carnegie1_~r |   .0296749   .0468952     0.63   0.527     -.062279    .1216287
frac_in_en~g |  -.1582374   .3628771    -0.44   0.663      -.86978    .5533053
npatent1980s |   .0159863    .004423     3.61   0.000     .0073135     .024659
      frprof |  -.0322175   .0525312    -0.61   0.540    -.1352225    .0707875
  pct65p1990 |   .0577257   .0512723     1.13   0.260    -.0428109    .1582623
    netmig95 |   .0036511   .0031366     1.16   0.245    -.0024992    .0098014
change_tot~p |   .0589331   .0157816     3.73   0.000     .0279881    .0898782
change_pct~k |   .0068089   .0746203     0.09   0.927    -.1395092     .153127
change_pc~vp |   .8043824   .1596354     5.04   0.000     .4913635    1.117401
change_pc~Sp |  -.0153914   .0939302    -0.16   0.870    -.1995732    .1687904
change_pct65 |  -.5198323   .1201984    -4.32   0.000    -.7555217   -.2841429
change_net~g |   .0023249   .0036637     0.63   0.526    -.0048589    .0095088
       _cons |   .3189511   .0390318     8.17   0.000     .2424162     .395486
------------------------------------------------------------------------------

. 
. di _n "--- Col 4: High population ---"

--- Col 4: High population ---

. regress wagediff surv_deeppost00 highpop2000 pop_dum_surv_deeppost00 $control
> s $change, robust

Linear regression                               Number of obs     =      2,743
                                                F(21, 2721)       =      15.88
                                                Prob > F          =     0.0000
                                                R-squared         =     0.1349
                                                Root MSE          =      .0753

------------------------------------------------------------------------------
             |               Robust
    wagediff | Coefficient  std. err.      t    P>|t|     [95% conf. interval]
-------------+----------------------------------------------------------------
surv_deep~00 |   .0245986   .0127192     1.93   0.053    -.0003416    .0495388
 highpop2000 |  -.0230603   .0116731    -1.98   0.048    -.0459492   -.0001713
pop_dum_s~00 |   .3630517   .0933613     3.89   0.000     .1799854    .5461179
       lnpop |  -.0084046   .0021586    -3.89   0.000    -.0126373   -.0041719
  pctblk1990 |   .0099897   .0117809     0.85   0.397    -.0131106      .03309
pctunivp1990 |   .5576155   .0784742     7.11   0.000     .4037406    .7114905
  pctHSp1990 |   -.140702   .0513438    -2.74   0.006    -.2413787   -.0400252
pctbelo~1990 |  -.1490487     .04646    -3.21   0.001    -.2401491   -.0579483
medhhinc1990 |  -.0003617   .0006207    -0.58   0.560    -.0015788    .0008554
carnegie1_~r |   .0310275   .0480168     0.65   0.518    -.0631257    .1251807
frac_in_en~g |  -.1317944   .3612008    -0.36   0.715    -.8400501    .5764613
npatent1980s |   .0129815   .0040665     3.19   0.001     .0050077    .0209553
      frprof |  -.0244239   .0537896    -0.45   0.650    -.1298964    .0810486
  pct65p1990 |   .0565534   .0515272     1.10   0.273     -.044483    .1575897
    netmig95 |   .0039974   .0030445     1.31   0.189    -.0019724    .0099671
change_tot~p |   .0570074   .0152166     3.75   0.000       .02717    .0868447
change_pct~k |   .0047897   .0734483     0.07   0.948    -.1392304    .1488097
change_pc~vp |   .8189844   .1589847     5.15   0.000     .5072414    1.130727
change_pc~Sp |  -.0044634   .0935612    -0.05   0.962    -.1879216    .1789949
change_pct65 |   -.521028   .1198373    -4.35   0.000    -.7560094   -.2860467
change_net~g |   .0029856   .0035221     0.85   0.397    -.0039207    .0098919
       _cons |   .3371722   .0428295     7.87   0.000     .2531905    .4211539
------------------------------------------------------------------------------

. 
. di _n "--- Col 5: All interactions ---"

--- Col 5: All interactions ---

. regress wagediff surv_deeppost00 highinc2000 higheduc2000 highind2000 highpop
> 2000 inc_dum_surv_deeppost00 educ_dum_surv_deeppost00 pop_dum_surv_deeppost00
>  ind_dum_surv_deeppost00 $controls $change, robust

Linear regression                               Number of obs     =      2,743
                                                F(27, 2715)       =      12.73
                                                Prob > F          =     0.0000
                                                R-squared         =     0.1410
                                                Root MSE          =     .07512

------------------------------------------------------------------------------
             |               Robust
    wagediff | Coefficient  std. err.      t    P>|t|     [95% conf. interval]
-------------+----------------------------------------------------------------
surv_deep~00 |   .0049333   .0148952     0.33   0.741    -.0242738    .0341403
 highinc2000 |  -.0093079   .0066346    -1.40   0.161    -.0223172    .0037014
higheduc2000 |   -.013383    .006593    -2.03   0.042    -.0263107   -.0004552
 highind2000 |   .0085906   .0039731     2.16   0.031     .0008001    .0163811
 highpop2000 |  -.0118784    .012499    -0.95   0.342    -.0363869    .0126302
inc_dum_s~00 |   .0442157   .0492265     0.90   0.369    -.0523095    .1407409
educ_dum_~00 |   .0770185   .0548286     1.40   0.160    -.0304914    .1845284
pop_dum_s~00 |     .23782   .1018424     2.34   0.020     .0381236    .4375164
ind_dum_s~00 |   .0134413   .0235194     0.57   0.568    -.0326764    .0595589
       lnpop |  -.0083465   .0021852    -3.82   0.000    -.0126312   -.0040617
  pctblk1990 |   .0097801   .0117853     0.83   0.407    -.0133289    .0328891
pctunivp1990 |   .5855216   .0847569     6.91   0.000      .419327    .7517163
  pctHSp1990 |  -.1351097   .0509135    -2.65   0.008    -.2349428   -.0352766
pctbelo~1990 |  -.1326016    .047056    -2.82   0.005    -.2248708   -.0403325
medhhinc1990 |  -.0000169     .00073    -0.02   0.982    -.0014483    .0014145
carnegie1_~r |    .025126   .0447865     0.56   0.575    -.0626932    .1129451
frac_in_en~g |  -.0542368   .3440065    -0.16   0.875    -.7287778    .6203041
npatent1980s |   .0120647   .0040267     3.00   0.003      .004169    .0199605
      frprof |  -.0426563   .0529137    -0.81   0.420    -.1464115    .0610989
  pct65p1990 |   .0549118   .0509512     1.08   0.281    -.0449952    .1548187
    netmig95 |   .0039723   .0030046     1.32   0.186    -.0019193    .0098639
change_tot~p |   .0635815    .015564     4.09   0.000     .0330629    .0941001
change_pct~k |   -.005057   .0735983    -0.07   0.945    -.1493714    .1392573
change_pc~vp |   .8399829   .1593866     5.27   0.000     .5274516    1.152514
change_pc~Sp |   -.002458   .0928228    -0.03   0.979    -.1844684    .1795524
change_pct65 |  -.4754835   .1202782    -3.95   0.000    -.7113296   -.2396375
change_net~g |   .0030568   .0034838     0.88   0.380    -.0037743    .0098879
       _cons |   .3269712   .0444782     7.35   0.000     .2397566    .4141858
------------------------------------------------------------------------------

. 
. di _n "--- Col 6: All high combined ---"

--- Col 6: All high combined ---

. regress wagediff surv_deeppost00 highinc2000 higheduc2000 highind2000 highpop
> 2000 allhigh2000 educ_inc_ind_pop_dum_surv_deep00 $controls $change, robust

Linear regression                               Number of obs     =      2,743
                                                F(25, 2717)       =      15.49
                                                Prob > F          =     0.0000
                                                R-squared         =     0.1395
                                                Root MSE          =     .07515

------------------------------------------------------------------------------
             |               Robust
    wagediff | Coefficient  std. err.      t    P>|t|     [95% conf. interval]
-------------+----------------------------------------------------------------
surv_deep~00 |   .0239183   .0127592     1.87   0.061    -.0011004    .0489371
 highinc2000 |  -.0067399   .0049542    -1.36   0.174    -.0164543    .0029745
higheduc2000 |  -.0067322   .0047627    -1.41   0.158    -.0160711    .0026068
 highind2000 |     .00936   .0033976     2.75   0.006     .0026978    .0160222
 highpop2000 |   .0077528   .0061083     1.27   0.204    -.0042245    .0197302
 allhigh2000 |  -.0369568   .0213963    -1.73   0.084    -.0789115    .0049978
educ_inc_i.. |   .4587601   .1585105     2.89   0.004     .1479467    .7695736
       lnpop |  -.0079577   .0022014    -3.61   0.000    -.0122744   -.0036411
  pctblk1990 |   .0098312   .0117625     0.84   0.403    -.0132331    .0328954
pctunivp1990 |   .5820923   .0854909     6.81   0.000     .4144585    .7497261
  pctHSp1990 |  -.1301093   .0513064    -2.54   0.011    -.2307129   -.0295058
pctbelo~1990 |  -.1327173   .0470391    -2.82   0.005    -.2249533   -.0404813
medhhinc1990 |  -.0000294   .0007308    -0.04   0.968    -.0014624    .0014036
carnegie1_~r |   .0288858   .0474707     0.61   0.543    -.0641965    .1219682
frac_in_en~g |  -.0883582   .3594968    -0.25   0.806    -.7932731    .6165567
npatent1980s |   .0104441   .0040337     2.59   0.010     .0025346    .0183535
      frprof |  -.0442989   .0531514    -0.83   0.405    -.1485203    .0599224
  pct65p1990 |   .0506895     .05071     1.00   0.318    -.0487446    .1501237
    netmig95 |   .0037086   .0029294     1.27   0.206    -.0020355    .0094526
change_tot~p |   .0646848   .0154268     4.19   0.000     .0344355    .0949342
change_pct~k |   .0000545   .0738888     0.00   0.999    -.1448293    .1449384
change_pc~vp |   .8227627   .1600985     5.14   0.000     .5088355     1.13669
change_pc~Sp |   .0005579   .0934235     0.01   0.995    -.1826304    .1837462
change_pct65 |  -.4880597   .1204576    -4.05   0.000    -.7242574   -.2518619
change_net~g |   .0029605    .003405     0.87   0.385    -.0037161    .0096371
       _cons |   .3205288   .0446686     7.18   0.000     .2329409    .4081167
------------------------------------------------------------------------------

. 
. di _n "--- Col 7: All interactions + combined ---"

--- Col 7: All interactions + combined ---

. regress wagediff surv_deeppost00 highinc2000 higheduc2000 highind2000 highpop
> 2000 allhigh2000 inc_dum_surv_deeppost00 educ_dum_surv_deeppost00 pop_dum_sur
> v_deeppost00 ind_dum_surv_deeppost00 educ_inc_ind_pop_dum_surv_deep00 $contro
> ls $change, robust

Linear regression                               Number of obs     =      2,743
                                                F(29, 2713)       =      13.54
                                                Prob > F          =     0.0000
                                                R-squared         =     0.1423
                                                Root MSE          =     .07508

------------------------------------------------------------------------------
             |               Robust
    wagediff | Coefficient  std. err.      t    P>|t|     [95% conf. interval]
-------------+----------------------------------------------------------------
surv_deep~00 |   .0067167    .014998     0.45   0.654     -.022692    .0361254
 highinc2000 |  -.0101538   .0066642    -1.52   0.128    -.0232213    .0029136
higheduc2000 |   -.013209   .0065982    -2.00   0.045    -.0261471    -.000271
 highind2000 |   .0082735   .0040865     2.02   0.043     .0002606    .0162864
 highpop2000 |   .0057869   .0120941     0.48   0.632    -.0179276    .0295014
 allhigh2000 |  -.0249621   .0239478    -1.04   0.297    -.0719199    .0219957
inc_dum_s~00 |   .0377452   .0496343     0.76   0.447    -.0595797    .1350701
educ_dum_~00 |   .0757138   .0547065     1.38   0.166    -.0315568    .1829844
pop_dum_s~00 |   .0182127   .1027486     0.18   0.859    -.1832608    .2196862
ind_dum_s~00 |   .0101663    .023684     0.43   0.668    -.0362743    .0566068
educ_inc_i.. |   .3392568   .1904141     1.78   0.075    -.0341147    .7126282
       lnpop |  -.0080184   .0022064    -3.63   0.000    -.0123447    -.003692
  pctblk1990 |   .0099865   .0117589     0.85   0.396    -.0130707    .0330438
pctunivp1990 |   .5773701   .0848189     6.81   0.000     .4110539    .7436863
  pctHSp1990 |  -.1308996   .0509742    -2.57   0.010    -.2308518   -.0309474
pctbelo~1990 |  -.1309411   .0470187    -2.78   0.005    -.2231372   -.0387449
medhhinc1990 |   8.40e-06    .000729     0.01   0.991    -.0014211    .0014379
carnegie1_~r |   .0256957   .0449957     0.57   0.568    -.0625336     .113925
frac_in_en~g |  -.0548933    .343643    -0.16   0.873    -.7287219    .6189353
npatent1980s |   .0102362   .0040588     2.52   0.012     .0022776    .0181948
      frprof |   -.043092   .0529822    -0.81   0.416    -.1469816    .0607976
  pct65p1990 |   .0536028   .0505585     1.06   0.289    -.0455343    .1527398
    netmig95 |   .0038204   .0029494     1.30   0.195    -.0019629    .0096036
change_tot~p |   .0646628   .0154227     4.19   0.000     .0344214    .0949041
change_pct~k |   -.001424   .0738493    -0.02   0.985    -.1462306    .1433827
change_pc~vp |   .8394325   .1591934     5.27   0.000       .52728    1.151585
change_pc~Sp |  -.0016989   .0928273    -0.02   0.985    -.1837182    .1803204
change_pct65 |  -.4745485   .1202001    -3.95   0.000    -.7102416   -.2388555
change_net~g |   .0030937   .0034236     0.90   0.366    -.0036193    .0098068
       _cons |   .3216188    .044705     7.19   0.000     .2339595    .4092782
------------------------------------------------------------------------------

. 
. log close t3
      name:  t3
       log:  C:/Users/Usuario/Documents/GitHub/twfe_survey/replications/2010-20
> 12/Forman et al. (2012)/full/table3.log
  log type:  text
 closed on:   6 May 2026, 01:00:30
-------------------------------------------------------------------------------
