-------------------------------------------------------------------------------
      name:  <unnamed>
       log:  C:/Users/Usuario/Documents/GitHub/twfe_survey/replications/2010-20
> 12/Algan and Cahuc (2010)/full/run_algan_full.log
  log type:  text
 opened on:   6 May 2026, 08:45:43

. 
. * ===========================================================================
> ==
. * PART 1: MICRO ESTIMATES
. * ===========================================================================
> ==
. di _n "=========================================================="

==========================================================

. di _n "PART 1: MICRO ESTIMATES"

PART 1: MICRO ESTIMATES

. di _n "=========================================================="

==========================================================

. 
. use "AER_MICRO.dta", clear

. 
. * -- Generation dummies --
. cap drop gen2 gen3 gen4 coh2000 coh1935

. gen gen2=(nativegp==0 & nativep<=0.5 & native==1)

. gen gen3=(nativegp<=0.5 & nativep==1 & native==1 & nativegp!=. & nativep!=.)

. gen gen4=(nativegp>0.5 & nativep==1 & native==1 & nativegp!=. & nativep!=.)

. 
. gen coh2000=((gen2==1 & naiss>=1910) | (gen3==1 & naiss>=1935) | (gen4==1 & n
> aiss>=1960))

. gen coh1935=((gen2==1 & naiss<1910) | (gen3==1 & naiss<1935) | (gen4==1 & nai
> ss<1960))

. 
. * -- Group dummies --
. foreach x in Afri Aut Bg Cd Czr Dk Fin Fra Ger Hg India Ire Ita Mx Nth Nw Pol
>  Pt Rus Sp Swd Switz Uk Youg {
  2.     foreach y in coh1935 coh2000 {
  3.         cap drop `x'_`y'
  4.         quietly gen `x'_`y' = `x'*`y'
  5.     }
  6. }

. 
. * ===========================================================================
> ==
. * TABLE I: Inherited Trust
. * ===========================================================================
> ==
. di _n "===== TABLE I: Inherited Trust ====="

===== TABLE I: Inherited Trust =====

. 
. di _n "--- Full pooled regression ---"

--- Full pooled regression ---

. reg trust10_large age men ageedu age2 incomegood catho pro employed inactive 
> unemployed ///
>     Afri_coh2000 Afri_coh1935 Aut_coh2000 Aut_coh1935 Bg_coh2000 Bg_coh1935 C
> d_coh2000 Cd_coh1935 Czr_coh2000 Czr_coh1935 Dk_coh2000 Dk_coh1935 Fra_coh200
> 0 Fra_coh1935 ///
>     Fin_coh2000 Fin_coh1935 Ger_coh2000 Ger_coh1935 Hg_coh2000 Hg_coh1935 Ind
> ia_coh2000 India_coh1935 Ire_coh2000 Ire_coh1935 Ita_coh2000 Ita_coh1935 Mx_c
> oh2000 Mx_coh1935 Nth_coh2000 Nth_coh1935 ///
>     Nw_coh2000 Nw_coh1935 Pol_coh2000 Pol_coh1935 Pt_coh2000 Pt_coh1935 Rus_c
> oh2000 Rus_coh1935 Sp_coh2000 Sp_coh1935 Swd_coh2000 Switz_coh2000 Switz_coh1
> 935 Uk_coh2000 Uk_coh1935 Youg_coh2000 Youg_coh1935 ///
>     if (coh2000==1 | coh1935==1) & cty_sample==1 & religionok==1, cluster(eth
> )
note: inactive omitted because of collinearity.

Linear regression                               Number of obs     =     11,026
                                                F(8, 23)          =          .
                                                Prob > F          =          .
                                                R-squared         =     0.1005
                                                Root MSE          =     .47113

                                   (Std. err. adjusted for 24 clusters in eth)
------------------------------------------------------------------------------
             |               Robust
trust10_la~e | Coefficient  std. err.      t    P>|t|     [95% conf. interval]
-------------+----------------------------------------------------------------
         age |   .0078486   .0017588     4.46   0.000     .0042103    .0114869
         men |   .0215453   .0080138     2.69   0.013     .0049675    .0381231
      ageedu |   .0328961   .0022827    14.41   0.000      .028174    .0376182
        age2 |  -.0000499   .0000181    -2.76   0.011    -.0000872   -.0000125
  incomegood |    .010065   .0014458     6.96   0.000     .0070741    .0130559
       catho |   .0269711   .0277225     0.97   0.341    -.0303772    .0843194
         pro |    .007338     .01476     0.50   0.624    -.0231954    .0378713
    employed |   .0056933   .0142495     0.40   0.693    -.0237842    .0351707
    inactive |          0  (omitted)
  unemployed |  -.0458425   .0173662    -2.64   0.015    -.0817672   -.0099178
Afri_coh2000 |  -.2434575   .0079478   -30.63   0.000    -.2598988   -.2270163
Afri_coh1935 |  -.2313557    .004141   -55.87   0.000     -.239922   -.2227895
 Aut_coh2000 |   .1025495   .0117842     8.70   0.000     .0781721    .1269269
 Aut_coh1935 |  -.0317153   .0042346    -7.49   0.000    -.0404752   -.0229553
  Bg_coh2000 |   .1343666   .0216678     6.20   0.000     .0895435    .1791898
  Bg_coh1935 |   .0732296   .0131192     5.58   0.000     .0460904    .1003688
  Cd_coh2000 |   .0786346   .0159612     4.93   0.000     .0456164    .1116528
  Cd_coh1935 |   -.024642   .0107695    -2.29   0.032    -.0469204   -.0023635
 Czr_coh2000 |  -.0527401   .0096287    -5.48   0.000    -.0726586   -.0328215
 Czr_coh1935 |   .0066697   .0081136     0.82   0.419    -.0101147     .023454
  Dk_coh2000 |   .1570576   .0046545    33.74   0.000     .1474289    .1666862
  Dk_coh1935 |   .0452915   .0021005    21.56   0.000     .0409462    .0496367
 Fra_coh2000 |  -.0478215   .0108237    -4.42   0.000    -.0702121    -.025431
 Fra_coh1935 |   .0404287   .0047912     8.44   0.000     .0305174    .0503401
 Fin_coh2000 |   .1723305   .0034525    49.91   0.000     .1651884    .1794726
 Fin_coh1935 |  -.0321214   .0032261    -9.96   0.000    -.0387952   -.0254476
 Ger_coh2000 |  -.0046984   .0089325    -0.53   0.604    -.0231767    .0137798
 Ger_coh1935 |   .0245754   .0017594    13.97   0.000     .0209358     .028215
  Hg_coh2000 |   .0206325   .0118551     1.74   0.095    -.0038917    .0451567
  Hg_coh1935 |   .0235228   .0048394     4.86   0.000     .0135118    .0335338
India_c~2000 |  -.3765887   .0120157   -31.34   0.000    -.4014452   -.3517323
India_c~1935 |  -.0416795   .0093608    -4.45   0.000    -.0610437   -.0223152
 Ire_coh2000 |  -.0255091   .0127484    -2.00   0.057    -.0518813     .000863
 Ire_coh1935 |   .0302037   .0039306     7.68   0.000     .0220726    .0383349
 Ita_coh2000 |  -.0867287   .0165969    -5.23   0.000    -.1210621   -.0523953
 Ita_coh1935 |  -.0227555   .0120371    -1.89   0.071    -.0476562    .0021452
  Mx_coh2000 |    -.12021   .0150285    -8.00   0.000    -.1512988   -.0891211
  Mx_coh1935 |   .1017315   .0140611     7.23   0.000     .0726439     .130819
 Nth_coh2000 |   .0518432   .0051506    10.07   0.000     .0411884    .0624979
 Nth_coh1935 |  -.0397785   .0030345   -13.11   0.000    -.0460559   -.0335011
  Nw_coh2000 |   .1137417   .0038781    29.33   0.000     .1057191    .1217642
  Nw_coh1935 |   .1566642    .001389   112.79   0.000     .1537907    .1595376
 Pol_coh2000 |  -.0526713   .0151132    -3.49   0.002    -.0839354   -.0214072
 Pol_coh1935 |   .0473708   .0141567     3.35   0.003     .0180854    .0766563
  Pt_coh2000 |   .0021242   .0171792     0.12   0.903    -.0334137     .037662
  Pt_coh1935 |   .0046664   .0090461     0.52   0.611    -.0140469    .0233797
 Rus_coh2000 |  -.0688293   .0077802    -8.85   0.000    -.0849239   -.0527348
 Rus_coh1935 |    .171589   .0125769    13.64   0.000     .1455717    .1976063
  Sp_coh2000 |   .0421741   .0150675     2.80   0.010     .0110046    .0733437
  Sp_coh1935 |  -.0529559    .009641    -5.49   0.000    -.0728997   -.0330121
 Swd_coh2000 |   .0525844   .0048816    10.77   0.000     .0424861    .0626828
Switz_c~2000 |   .1029859   .0075822    13.58   0.000     .0873009     .118671
Switz_c~1935 |   .0584978   .0025724    22.74   0.000     .0531764    .0638191
  Uk_coh2000 |   .0035443   .0079306     0.45   0.659    -.0128613    .0199499
  Uk_coh1935 |   .0431568   .0019085    22.61   0.000     .0392087    .0471048
Youg_coh2000 |  -.0187041   .0164898    -1.13   0.268    -.0528158    .0154075
Youg_coh1935 |   .3037211    .010365    29.30   0.000     .2822795    .3251627
       _cons |  -.3506106   .0480976    -7.29   0.000    -.4501081   -.2511131
------------------------------------------------------------------------------

. 
. di _n "--- Cohort 1935 ---"

--- Cohort 1935 ---

. reg trust10_large age men ageedu incomegood catho pro unemployed employed ///
>     Afri Aut Bg Uk Cd Czr Dk Fin Fra Ger Hg India Ire Ita Mx Nth Nw Pol Pt Ru
> s Sp Switz Youg ///
>     if cty_sample==1 & religionok==1 & coh1935, cluster(eth)

Linear regression                               Number of obs     =      6,535
                                                F(7, 23)          =          .
                                                Prob > F          =          .
                                                R-squared         =     0.1032
                                                Root MSE          =     .47288

                                   (Std. err. adjusted for 24 clusters in eth)
------------------------------------------------------------------------------
             |               Robust
trust10_la~e | Coefficient  std. err.      t    P>|t|     [95% conf. interval]
-------------+----------------------------------------------------------------
         age |   .0024001    .000508     4.72   0.000     .0013493    .0034509
         men |   .0145765   .0108848     1.34   0.194    -.0079404    .0370934
      ageedu |   .0314435   .0026369    11.92   0.000     .0259888    .0368983
  incomegood |   .0129112   .0014976     8.62   0.000     .0098131    .0160092
       catho |   .0632951   .0308401     2.05   0.052    -.0005025    .1270928
         pro |   .0193522   .0169449     1.14   0.265    -.0157011    .0544054
  unemployed |   -.013181   .0397839    -0.33   0.743    -.0954801    .0691182
    employed |   .0215158   .0220004     0.98   0.338    -.0239956    .0670271
        Afri |    -.22937   .0033128   -69.24   0.000    -.2362232   -.2225169
         Aut |  -.0380441   .0036441   -10.44   0.000    -.0455826   -.0305056
          Bg |   .0621424   .0161473     3.85   0.001     .0287392    .0955456
          Uk |   .0463615   .0016895    27.44   0.000     .0428664    .0498565
          Cd |  -.0369137   .0106386    -3.47   0.002    -.0589212   -.0149061
         Czr |  -.0029207    .007691    -0.38   0.708    -.0188307    .0129893
          Dk |   .0446159   .0022637    19.71   0.000     .0399331    .0492988
         Fin |  -.0392795   .0042032    -9.35   0.000    -.0479745   -.0305846
         Fra |   .0358604   .0046751     7.67   0.000     .0261892    .0455316
         Ger |   .0222372    .001599    13.91   0.000     .0189295    .0255449
          Hg |   .0109613   .0034649     3.16   0.004     .0037937    .0181289
       India |  -.0297068   .0103472    -2.87   0.009    -.0511115   -.0083021
         Ire |   .0255248   .0042846     5.96   0.000     .0166615    .0343882
         Ita |  -.0390938   .0104971    -3.72   0.001    -.0608088   -.0173789
          Mx |   .0822413   .0127296     6.46   0.000     .0559081    .1085745
         Nth |  -.0382767   .0028753   -13.31   0.000    -.0442247   -.0323286
          Nw |   .1574682   .0012512   125.85   0.000     .1548799    .1600565
         Pol |   .0326119   .0135882     2.40   0.025     .0045025    .0607213
          Pt |   .0019175   .0102563     0.19   0.853    -.0192993    .0231342
         Rus |   .1545609   .0124608    12.40   0.000     .1287838    .1803379
          Sp |  -.0629707   .0098255    -6.41   0.000    -.0832964    -.042645
       Switz |   .0599717   .0027629    21.71   0.000     .0542563    .0656872
        Youg |   .2843457   .0085973    33.07   0.000     .2665608    .3021307
       _cons |  -.2474179   .0567657    -4.36   0.000    -.3648467    -.129989
------------------------------------------------------------------------------

. estimates store coh1935

. 
. di _n "--- Cohort 2000 ---"

--- Cohort 2000 ---

. reg trust10_large age men ageedu incomegood catho pro unemployed employed ///
>     Afri Aut Bg Uk Cd Czr Dk Fin Fra Ger Hg India Ire Ita Mx Nth Nw Pol Pt Ru
> s Sp Switz Youg ///
>     if cty_sample==1 & religionok==1 & coh2000, cluster(eth)

Linear regression                               Number of obs     =      4,491
                                                F(7, 23)          =          .
                                                Prob > F          =          .
                                                R-squared         =     0.0907
                                                Root MSE          =     .46846

                                   (Std. err. adjusted for 24 clusters in eth)
------------------------------------------------------------------------------
             |               Robust
trust10_la~e | Coefficient  std. err.      t    P>|t|     [95% conf. interval]
-------------+----------------------------------------------------------------
         age |   .0041519   .0009359     4.44   0.000     .0022159    .0060879
         men |   .0290206   .0119782     2.42   0.024     .0042419    .0537993
      ageedu |   .0353164    .003674     9.61   0.000     .0277161    .0429167
  incomegood |   .0084836   .0031632     2.68   0.013     .0019401    .0150272
       catho |  -.0059842   .0268457    -0.22   0.826    -.0615187    .0495504
         pro |   .0036276   .0174466     0.21   0.837    -.0324635    .0397187
  unemployed |  -.0696189   .0355215    -1.96   0.062    -.1431008     .003863
    employed |  -.0046049   .0239033    -0.19   0.849    -.0540525    .0448428
        Afri |  -.2918318   .0071169   -41.01   0.000    -.3065542   -.2771093
         Aut |   .0521207   .0144019     3.62   0.001     .0223281    .0819133
          Bg |   .0868992   .0227845     3.81   0.001     .0397658    .1340326
          Uk |   -.045717   .0068366    -6.69   0.000    -.0598595   -.0315744
          Cd |   .0474697   .0163034     2.91   0.008     .0137435    .0811959
         Czr |  -.0980391   .0095493   -10.27   0.000    -.1177933   -.0782848
          Dk |   .1000772   .0022471    44.54   0.000     .0954287    .1047257
         Fin |   .1135499   .0132572     8.57   0.000     .0861253    .1409745
         Fra |  -.0854245   .0106622    -8.01   0.000    -.1074809   -.0633681
         Ger |  -.0492734   .0072816    -6.77   0.000    -.0643365   -.0342103
          Hg |   -.026362   .0110012    -2.40   0.025    -.0491197   -.0036043
       India |  -.4310252   .0155682   -27.69   0.000    -.4632305   -.3988199
         Ire |  -.0628675   .0126527    -4.97   0.000    -.0890416   -.0366934
         Ita |  -.1204718   .0167227    -7.20   0.000    -.1550653   -.0858783
          Mx |  -.1500513   .0149469   -10.04   0.000    -.1809712   -.1191314
         Nth |   .0006547   .0025213     0.26   0.797     -.004561    .0058704
          Nw |   .0629944   .0025647    24.56   0.000     .0576889    .0682998
         Pol |  -.0891262   .0143099    -6.23   0.000    -.1187286   -.0595239
          Pt |  -.0326285   .0148251    -2.20   0.038    -.0632965   -.0019605
         Rus |  -.1211107   .0073054   -16.58   0.000     -.136223   -.1059984
          Sp |   .0128651   .0142456     0.90   0.376    -.0166041    .0423344
       Switz |   .0524909   .0068863     7.62   0.000     .0382455    .0667363
        Youg |  -.0531128   .0164621    -3.23   0.004    -.0871673   -.0190584
       _cons |  -.2463754   .0420496    -5.86   0.000    -.3333615   -.1593892
------------------------------------------------------------------------------

. estimates store coh2000

. 
. * ===========================================================================
> ==
. * TABLE III: Correlation inherited trust and home country trust
. * ===========================================================================
> ==
. di _n "===== TABLE III: Trust Correlation ====="

===== TABLE III: Trust Correlation =====

. 
. di _n "--- Col 1: Cohort 2000 ---"

--- Col 1: Cohort 2000 ---

. reg trust10_large trustwvs2000 age men ageedu incomegood unemployed employed 
> catho pro ///
>     if cty_sample==1 & coh2000==1 & religionok==1, cluster(eth)

Linear regression                               Number of obs     =      4,491
                                                F(9, 23)          =     160.43
                                                Prob > F          =     0.0000
                                                R-squared         =     0.0772
                                                Root MSE          =     .47076

                                   (Std. err. adjusted for 24 clusters in eth)
------------------------------------------------------------------------------
             |               Robust
trust10_la~e | Coefficient  std. err.      t    P>|t|     [95% conf. interval]
-------------+----------------------------------------------------------------
trustwvs2000 |   .4624792    .142367     3.25   0.004     .1679706    .7569879
         age |   .0046053   .0009302     4.95   0.000      .002681    .0065296
         men |   .0285415   .0122839     2.32   0.029     .0031303    .0539526
      ageedu |    .036567   .0039036     9.37   0.000     .0284918    .0446421
  incomegood |   .0101089   .0027625     3.66   0.001     .0043942    .0158236
  unemployed |  -.0771248   .0370301    -2.08   0.049    -.1537273   -.0005222
    employed |  -.0058771   .0245925    -0.24   0.813    -.0567506    .0449964
       catho |  -.0028877    .027962    -0.10   0.919    -.0607315    .0549561
         pro |  -.0056697   .0211134    -0.27   0.791    -.0493461    .0380066
       _cons |  -.5200644   .0636183    -8.17   0.000    -.6516687     -.38846
------------------------------------------------------------------------------

. 
. di _n "--- Col 2: Cohort 1935 ---"

--- Col 2: Cohort 1935 ---

. reg trust10_large trustwvs2000 age men ageedu incomegood catho pro unemployed
>  employed ///
>     if cty_sample==1 & coh1935==1 & religionok==1, cluster(eth)

Linear regression                               Number of obs     =      6,535
                                                F(9, 23)          =     225.39
                                                Prob > F          =     0.0000
                                                R-squared         =     0.0805
                                                Root MSE          =     .47803

                                   (Std. err. adjusted for 24 clusters in eth)
------------------------------------------------------------------------------
             |               Robust
trust10_la~e | Coefficient  std. err.      t    P>|t|     [95% conf. interval]
-------------+----------------------------------------------------------------
trustwvs2000 |   .4193764   .2682512     1.56   0.132    -.1355434    .9742962
         age |   .0028621    .000341     8.39   0.000     .0021567    .0035674
         men |   .0182944   .0117536     1.56   0.133    -.0060198    .0426085
      ageedu |   .0351484    .002561    13.72   0.000     .0298506    .0404462
  incomegood |      .0156    .002031     7.68   0.000     .0113984    .0198015
       catho |   .0636571   .0307175     2.07   0.050     .0001131    .1272012
         pro |   .0017588   .0260169     0.07   0.947    -.0520613    .0555789
  unemployed |  -.0201163   .0391809    -0.51   0.613    -.1011681    .0609355
    employed |   .0154404   .0238489     0.65   0.524    -.0338948    .0647755
       _cons |  -.4690392    .097017    -4.83   0.000    -.6697342   -.2683443
------------------------------------------------------------------------------

. 
. di _n "--- Col 3: 4th generation 2000 ---"

--- Col 3: 4th generation 2000 ---

. reg trust10_large trustwvs2000 age men ageedu incomegood unemployed employed 
> catho pro ///
>     if cty_sample==1 & (gen4==1 & naiss>=1960) & religionok==1, cluster(eth)

Linear regression                               Number of obs     =      2,065
                                                F(9, 23)          =      36.91
                                                Prob > F          =     0.0000
                                                R-squared         =     0.0669
                                                Root MSE          =      .4535

                                   (Std. err. adjusted for 24 clusters in eth)
------------------------------------------------------------------------------
             |               Robust
trust10_la~e | Coefficient  std. err.      t    P>|t|     [95% conf. interval]
-------------+----------------------------------------------------------------
trustwvs2000 |   .4613936   .2111178     2.19   0.039      .024663    .8981241
         age |   -.002796   .0034023    -0.82   0.420    -.0098342    .0042422
         men |   .0201583   .0160008     1.26   0.220    -.0129418    .0532584
      ageedu |   .0440457   .0070287     6.27   0.000     .0295058    .0585857
  incomegood |   .0112091   .0031658     3.54   0.002     .0046601    .0177582
  unemployed |  -.0496741   .0442113    -1.12   0.273     -.141132    .0417839
    employed |  -.0309233   .0330903    -0.93   0.360    -.0993757    .0375291
       catho |  -.0314404   .0325067    -0.97   0.344    -.0986857    .0358049
         pro |  -.0156537   .0285784    -0.55   0.589    -.0747726    .0434653
       _cons |   -.421179   .1691201    -2.49   0.020    -.7710306   -.0713274
------------------------------------------------------------------------------

. 
. * ===========================================================================
> ==
. * TABLE IV: Counterfactual (random trust)
. * ===========================================================================
> ==
. di _n "===== TABLE IV: Counterfactual ====="

===== TABLE IV: Counterfactual =====

. 
. di _n "--- Col 1: Random trust, cohort 2000 ---"

--- Col 1: Random trust, cohort 2000 ---

. reg trust10_large trustwvs_rand age men ageedu incomegood unemployed employed
>  catho pro ///
>     if cty_sample==1 & ((gen2==1 & naiss>=1910) | (gen3==1 & naiss>=1935) | (
> gen4==1 & naiss>=1960)) & religionok==1, cluster(eth)

Linear regression                               Number of obs     =      4,491
                                                F(9, 23)          =     198.85
                                                Prob > F          =     0.0000
                                                R-squared         =     0.0640
                                                Root MSE          =     .47411

                                   (Std. err. adjusted for 24 clusters in eth)
------------------------------------------------------------------------------
             |               Robust
trust10_la~e | Coefficient  std. err.      t    P>|t|     [95% conf. interval]
-------------+----------------------------------------------------------------
trustwvs_r~d |  -.0217885   .1029784    -0.21   0.834    -.2348155    .1912386
         age |   .0049954   .0011379     4.39   0.000     .0026416    .0073493
         men |   .0312066   .0118831     2.63   0.015     .0066245    .0557886
      ageedu |   .0380516   .0036393    10.46   0.000     .0305232      .04558
  incomegood |   .0111124   .0028255     3.93   0.001     .0052673    .0169575
  unemployed |  -.0736698   .0380576    -1.94   0.065     -.152398    .0050585
    employed |  -.0037953   .0240715    -0.16   0.876    -.0535909    .0460004
       catho |  -.0127488   .0270317    -0.47   0.642    -.0686682    .0431705
         pro |   .0008481   .0204305     0.04   0.967    -.0414156    .0431117
       _cons |  -.4079995   .0936797    -4.36   0.000    -.6017907   -.2142083
------------------------------------------------------------------------------

. 
. di _n "--- Col 2: Random trust, cohort 1935 ---"

--- Col 2: Random trust, cohort 1935 ---

. reg trust10_large trustwvs_rand age men ageedu incomegood catho pro unemploye
> d employed ///
>     if cty_sample==1 & coh1935==1 & religionok==1, cluster(eth)

Linear regression                               Number of obs     =      6,535
                                                F(9, 23)          =     574.85
                                                Prob > F          =     0.0000
                                                R-squared         =     0.0763
                                                Root MSE          =     .47912

                                   (Std. err. adjusted for 24 clusters in eth)
------------------------------------------------------------------------------
             |               Robust
trust10_la~e | Coefficient  std. err.      t    P>|t|     [95% conf. interval]
-------------+----------------------------------------------------------------
trustwvs_r~d |    .230691   .1612124     1.43   0.166    -.1028024    .5641843
         age |   .0027057   .0005107     5.30   0.000     .0016494    .0037621
         men |   .0174398   .0113002     1.54   0.136    -.0059365     .040816
      ageedu |   .0337514   .0015938    21.18   0.000     .0304544    .0370485
  incomegood |   .0165317   .0023535     7.02   0.000      .011663    .0214004
       catho |   .0698534   .0318445     2.19   0.039      .003978    .1357288
         pro |   .0018903   .0274263     0.07   0.946    -.0548454     .058626
  unemployed |  -.0212521   .0424771    -0.50   0.622    -.1091227    .0666185
    employed |    .015173   .0232347     0.65   0.520    -.0328918    .0632377
       _cons |  -.4014888   .0790076    -5.08   0.000    -.5649284   -.2380492
------------------------------------------------------------------------------

. 
. * ===========================================================================
> ==
. * TABLE VIII: Cohorts 1910 and 2000
. * ===========================================================================
> ==
. di _n "===== TABLE VIII: Cohorts 1910-2000 ====="

===== TABLE VIII: Cohorts 1910-2000 =====

. 
. cap drop gen2_test gen3_test gen4_test coh2000r coh1910r cty_okr

. gen gen2_test=(nativegp==0 & nativep<=0.5 & native==1)

. gen gen3_test=(nativegp<=0.5 & nativep>=0.5 & native==1 & nativegp!=. & nativ
> ep!=.)

. gen gen4_test=(nativegp>0.5 & nativep>=0.5 & native==1 & nativegp!=. & native
> p!=.)

. 
. gen coh2000r=((gen2_test==1 & naiss>1910) | (gen3_test==1 & naiss>1935) | (ge
> n4_test==1 & naiss>1960))

. gen coh1910r=((gen3_test==1 & naiss<=1910) | (gen4_test==1 & naiss<=1935))

. gen cty_okr=(Afri==1 | Uk==1 | Cd==1 | Czr==1 | Dk==1 | Fra==1 | Ger==1 | Ire
> ==1 | Ita==1 | Nth==1 | Nw==1 | Pol==1 | Sp==1 | Swd==1 | Switz==1)

. 
. foreach x in Afri Cd Czr Dk Fra Ger Ire Ita Nth Nw Pol Sp Swd Switz Uk {
  2.     foreach y in coh2000r coh1910r {
  3.         cap drop `x'_`y'
  4.         quietly gen `x'_`y' = `x'*`y'
  5.     }
  6. }

. 
. di _n "--- Table VIII pooled ---"

--- Table VIII pooled ---

. reg trust10_large age men ageedu ///
>     Afri_coh2000r Afri_coh1910r Uk_coh2000r Uk_coh1910r Cd_coh2000r Cd_coh191
> 0r Czr_coh2000r Czr_coh1910r Dk_coh2000r Dk_coh1910r ///
>     Fra_coh2000r Fra_coh1910r Ger_coh2000r Ger_coh1910r Ire_coh2000r Ire_coh1
> 910r Ita_coh2000r Ita_coh1910r Nth_coh2000r Nth_coh1910r ///
>     Nw_coh2000r Nw_coh1910r Pol_coh2000r Pol_coh1910r Sp_coh2000r Sp_coh1910r
>  Swd_coh2000r Switz_coh2000r Switz_coh1910r ///
>     if (coh2000r==1 | coh1910r==1) & cty_okr==1, cluster(eth)

Linear regression                               Number of obs     =      7,032
                                                F(2, 14)          =          .
                                                Prob > F          =          .
                                                R-squared         =     0.0942
                                                Root MSE          =     .46897

                                   (Std. err. adjusted for 15 clusters in eth)
------------------------------------------------------------------------------
             |               Robust
trust10_la~e | Coefficient  std. err.      t    P>|t|     [95% conf. interval]
-------------+----------------------------------------------------------------
         age |   .0030833   .0008653     3.56   0.003     .0012275    .0049392
         men |   .0397452   .0103803     3.83   0.002     .0174815    .0620088
      ageedu |   .0382704   .0024877    15.38   0.000     .0329348    .0436061
Afri_c~2000r |  -.1547097   .0369014    -4.19   0.001    -.2338552   -.0755642
Afri_c~1910r |  -.1377267   .0080087   -17.20   0.000    -.1549036   -.1205498
 Uk_coh2000r |   .0784702   .0302734     2.59   0.021     .0135402    .1434002
 Uk_coh1910r |   .0975305   .0024866    39.22   0.000     .0921973    .1028637
 Cd_coh2000r |   .1477098   .0263395     5.61   0.000     .0912173    .2042024
 Cd_coh1910r |   .3711327   .0075309    49.28   0.000     .3549806    .3872849
Czr_coh2000r |   .0626243    .021126     2.96   0.010     .0173136    .1079351
Czr_coh1910r |   .1506235   .0092093    16.36   0.000     .1308715    .1703755
 Dk_coh2000r |   .2153927   .0258573     8.33   0.000     .1599342    .2708512
 Dk_coh1910r |   .0712643   .0030907    23.06   0.000     .0646353    .0778933
Fra_coh2000r |   .0167661   .0334388     0.50   0.624     -.054953    .0884852
Fra_coh1910r |    .045414   .0033759    13.45   0.000     .0381734    .0526546
Ger_coh2000r |   .0632091   .0304879     2.07   0.057    -.0021809    .1285992
Ger_coh1910r |   .0839166    .003991    21.03   0.000     .0753568    .0924764
Ire_coh2000r |   .0748451   .0306332     2.44   0.028     .0091434    .1405467
Ire_coh1910r |   .0765139   .0046405    16.49   0.000     .0665609    .0864668
Ita_coh2000r |   .0158556    .024498     0.65   0.528    -.0366874    .0683986
Ita_coh1910r |   .1334406    .005502    24.25   0.000     .1216398    .1452413
Nth_coh2000r |    .092559   .0288167     3.21   0.006     .0307533    .1543647
Nth_coh1910r |   .0368168   .0057559     6.40   0.000     .0244717    .0491619
 Nw_coh2000r |   .2124286   .0257342     8.25   0.000     .1572341     .267623
 Nw_coh1910r |    .158423   .0015524   102.05   0.000     .1550935    .1617526
Pol_coh2000r |    .065597   .0229871     2.85   0.013     .0162945    .1148994
Pol_coh1910r |  -.0407746    .011132    -3.66   0.003    -.0646504   -.0168988
 Sp_coh2000r |   .1604441   .0300077     5.35   0.000      .096084    .2248042
 Sp_coh1910r |   .0367799   .0049742     7.39   0.000     .0261114    .0474485
Swd_coh2000r |   .1698992   .0254615     6.67   0.000     .1152898    .2245086
Switz_~2000r |   .2225581   .0309411     7.19   0.000      .156196    .2889201
Switz_~1910r |   .2492843   .0040149    62.09   0.000     .2406732    .2578953
       _cons |  -.3058253   .0802066    -3.81   0.002    -.4778512   -.1337994
------------------------------------------------------------------------------

. 
. * ===========================================================================
> ==
. * TABLE XIII: Subsamples
. * ===========================================================================
> ==
. di _n "===== TABLE XIII: Subsamples ====="

===== TABLE XIII: Subsamples =====

. 
. di _n "--- Col 1: 2nd-3rd gen, 1935 ---"

--- Col 1: 2nd-3rd gen, 1935 ---

. reg trust10_large trustwvs2000 age men ageedu incomegood catho pro unemployed
>  employed ///
>     if religionok==1 & cty_sample==1 & ((gen2==1 & naiss<1910) | (gen3==1 & n
> aiss<1935)), cluster(eth)

Linear regression                               Number of obs     =        753
                                                F(9, 22)          =      44.67
                                                Prob > F          =     0.0000
                                                R-squared         =     0.0648
                                                Root MSE          =     .48472

                                   (Std. err. adjusted for 23 clusters in eth)
------------------------------------------------------------------------------
             |               Robust
trust10_la~e | Coefficient  std. err.      t    P>|t|     [95% conf. interval]
-------------+----------------------------------------------------------------
trustwvs2000 |   .2074692   .1597457     1.30   0.207    -.1238231    .5387615
         age |   .0035945   .0031451     1.14   0.265    -.0029279     .010117
         men |   .0054632   .0283173     0.19   0.849    -.0532633    .0641897
      ageedu |   .0299059   .0050268     5.95   0.000      .019481    .0403308
  incomegood |    .011385   .0074042     1.54   0.138    -.0039703    .0267403
       catho |   .0003724   .0776648     0.00   0.996    -.1606945    .1614393
         pro |   .0376679   .0663001     0.57   0.576    -.0998301    .1751659
  unemployed |   .0836318    .105949     0.79   0.438    -.1360929    .3033566
    employed |   .0987785   .0663936     1.49   0.151    -.0389135    .2364705
       _cons |  -.3037434   .2622616    -1.16   0.259    -.8476407    .2401539
------------------------------------------------------------------------------

. 
. di _n "--- Col 2: 4th gen, 1935 ---"

--- Col 2: 4th gen, 1935 ---

. reg trust10_large trustwvs2000 age men ageedu incomegood catho pro unemployed
>  employed ///
>     if religionok==1 & cty_sample==1 & (gen4==1 & naiss<1960), cluster(eth)

Linear regression                               Number of obs     =      5,782
                                                F(9, 23)          =     235.73
                                                Prob > F          =     0.0000
                                                R-squared         =     0.0819
                                                Root MSE          =     .47662

                                   (Std. err. adjusted for 24 clusters in eth)
------------------------------------------------------------------------------
             |               Robust
trust10_la~e | Coefficient  std. err.      t    P>|t|     [95% conf. interval]
-------------+----------------------------------------------------------------
trustwvs2000 |   .3950698   .3038378     1.30   0.206    -.2334665    1.023606
         age |   .0023492   .0002625     8.95   0.000     .0018062    .0028921
         men |   .0187243   .0135762     1.38   0.181    -.0093602    .0468088
      ageedu |   .0359283   .0024777    14.50   0.000     .0308028    .0410538
  incomegood |    .016603   .0026809     6.19   0.000     .0110573    .0221488
       catho |   .0672275   .0307064     2.19   0.039     .0037066    .1307484
         pro |  -.0001082   .0257965    -0.00   0.997    -.0534724     .053256
  unemployed |  -.0327432   .0436828    -0.75   0.461    -.1231081    .0576216
    employed |   .0068091   .0230129     0.30   0.770    -.0407966    .0544148
       _cons |  -.4566747   .1062462    -4.30   0.000    -.6764616   -.2368877
------------------------------------------------------------------------------

. 
. di _n "--- Col 3: 2nd-3rd gen, 2000 ---"

--- Col 3: 2nd-3rd gen, 2000 ---

. reg trust10_large trustwvs2000 age men ageedu incomegood unemployed inactive 
> employed catho pro ///
>     if religionok==1 & cty_sample==1 & ((gen2==1 & naiss>=1910) | (gen3==1 & 
> naiss>=1935)), cluster(eth)
note: inactive omitted because of collinearity.

Linear regression                               Number of obs     =      2,426
                                                F(9, 23)          =      77.96
                                                Prob > F          =     0.0000
                                                R-squared         =     0.0669
                                                Root MSE          =     .48246

                                   (Std. err. adjusted for 24 clusters in eth)
------------------------------------------------------------------------------
             |               Robust
trust10_la~e | Coefficient  std. err.      t    P>|t|     [95% conf. interval]
-------------+----------------------------------------------------------------
trustwvs2000 |   .4080551   .0823097     4.96   0.000     .2377846    .5783256
         age |   .0038681   .0012456     3.11   0.005     .0012913    .0064448
         men |   .0328402   .0211423     1.55   0.134    -.0108959    .0765763
      ageedu |   .0321207   .0027222    11.80   0.000     .0264894    .0377521
  incomegood |   .0132604   .0039705     3.34   0.003     .0050467    .0214741
  unemployed |   -.107186   .0502585    -2.13   0.044    -.2111537   -.0032184
    inactive |          0  (omitted)
    employed |   .0202496   .0360777     0.56   0.580    -.0543828     .094882
       catho |   -.008511    .028874    -0.29   0.771    -.0682414    .0512195
         pro |   .0161397   .0273252     0.59   0.561    -.0403869    .0726663
       _cons |  -.4458108   .0705471    -6.32   0.000    -.5917485   -.2998731
------------------------------------------------------------------------------

. 
. di _n "--- Col 4: 4th gen, 2000 ---"

--- Col 4: 4th gen, 2000 ---

. reg trust10_large trustwvs2000 age men ageedu incomegood unemployed employed 
> catho pro ///
>     if religionok==1 & cty_sample==1 & (gen4==1 & naiss>=1960), cluster(eth)

Linear regression                               Number of obs     =      2,065
                                                F(9, 23)          =      36.91
                                                Prob > F          =     0.0000
                                                R-squared         =     0.0669
                                                Root MSE          =      .4535

                                   (Std. err. adjusted for 24 clusters in eth)
------------------------------------------------------------------------------
             |               Robust
trust10_la~e | Coefficient  std. err.      t    P>|t|     [95% conf. interval]
-------------+----------------------------------------------------------------
trustwvs2000 |   .4613936   .2111178     2.19   0.039      .024663    .8981241
         age |   -.002796   .0034023    -0.82   0.420    -.0098342    .0042422
         men |   .0201583   .0160008     1.26   0.220    -.0129418    .0532584
      ageedu |   .0440457   .0070287     6.27   0.000     .0295058    .0585857
  incomegood |   .0112091   .0031658     3.54   0.002     .0046601    .0177582
  unemployed |  -.0496741   .0442113    -1.12   0.273     -.141132    .0417839
    employed |  -.0309233   .0330903    -0.93   0.360    -.0993757    .0375291
       catho |  -.0314404   .0325067    -0.97   0.344    -.0986857    .0358049
         pro |  -.0156537   .0285784    -0.55   0.589    -.0747726    .0434653
       _cons |   -.421179   .1691201    -2.49   0.020    -.7710306   -.0713274
------------------------------------------------------------------------------

. 
. * ===========================================================================
> ==
. * PART 2: MACRO ESTIMATES
. * ===========================================================================
> ==
. di _n "=========================================================="

==========================================================

. di _n "PART 2: MACRO ESTIMATES"

PART 2: MACRO ESTIMATES

. di _n "=========================================================="

==========================================================

. 
. use "$datadir/AER_MACRO.dta", clear

. 
. * ===========================================================================
> ==
. * TABLE V: Cross-country (1935-2000)
. * ===========================================================================
> ==
. di _n "===== TABLE V: Cross-country ====="

===== TABLE V: Cross-country =====

. 
. di _n "--- Col 1: Trust only ---"

--- Col 1: Trust only ---

. xi: reg gdpk_diffswd_good trustgss if period19352000==1, noconstant

      Source |       SS           df       MS      Number of obs   =        48
-------------+----------------------------------   F(1, 47)        =     27.86
       Model |   800351380         1   800351380   Prob > F        =    0.0000
    Residual |  1.3504e+09        47  28731595.9   R-squared       =    0.3721
-------------+----------------------------------   Adj R-squared   =    0.3588
       Total |  2.1507e+09        48    44807008   Root MSE        =    5360.2

------------------------------------------------------------------------------
gdpk_diffs~d | Coefficient  Std. err.      t    P>|t|     [95% conf. interval]
-------------+----------------------------------------------------------------
    trustgss |   35952.13   6811.836     5.28   0.000     22248.49    49655.78
------------------------------------------------------------------------------

. 
. di _n "--- Col 2: + lagged GDP ---"

--- Col 2: + lagged GDP ---

. xi: reg gdpk_diffswd_good trustgss gdpk_diffswd_good_1 if period19352000==1, 
> noconstant

      Source |       SS           df       MS      Number of obs   =        48
-------------+----------------------------------   F(2, 46)        =     69.56
       Model |  1.6163e+09         2   808158894   Prob > F        =    0.0000
    Residual |   534418597        46  11617795.6   R-squared       =    0.7515
-------------+----------------------------------   Adj R-squared   =    0.7407
       Total |  2.1507e+09        48    44807008   Root MSE        =    3408.5

------------------------------------------------------------------------------
gdpk_diffs~d | Coefficient  Std. err.      t    P>|t|     [95% conf. interval]
-------------+----------------------------------------------------------------
    trustgss |   18389.59   4811.882     3.82   0.000     8703.771     28075.4
gdpk_diffs~1 |   3.839551   .4581484     8.38   0.000     2.917346    4.761756
------------------------------------------------------------------------------

. 
. di _n "--- Col 3: + polity ---"

--- Col 3: + polity ---

. xi: reg gdpk_diffswd_good trustgss gdpk_diffswd_good_1 polity2diff if period1
> 9352000==1, noconstant

      Source |       SS           df       MS      Number of obs   =        46
-------------+----------------------------------   F(3, 43)        =     33.36
       Model |  1.2438e+09         3   414593788   Prob > F        =    0.0000
    Residual |   534326846        43  12426205.7   R-squared       =    0.6995
-------------+----------------------------------   Adj R-squared   =    0.6785
       Total |  1.7781e+09        46  38654526.3   Root MSE        =    3525.1

------------------------------------------------------------------------------
gdpk_diffs~d | Coefficient  Std. err.      t    P>|t|     [95% conf. interval]
-------------+----------------------------------------------------------------
    trustgss |    18601.7   5708.993     3.26   0.002     7088.418    30114.98
gdpk_diffs~1 |   3.842191   .5314663     7.23   0.000     2.770387    4.913995
 polity2diff |   1.457666   74.73041     0.02   0.985    -149.2506    152.1659
------------------------------------------------------------------------------

. 
. di _n "--- Col 4: Excl. Africa ---"

--- Col 4: Excl. Africa ---

. xi: reg gdpk_diffswd_good trustgss gdpk_diffswd_good_1 polity2diff if period1
> 9352000==1 & cty!="Afri", noconstant

      Source |       SS           df       MS      Number of obs   =        44
-------------+----------------------------------   F(3, 41)        =     24.11
       Model |   885265134         3   295088378   Prob > F        =    0.0000
    Residual |   501732786        41    12237385   R-squared       =    0.6383
-------------+----------------------------------   Adj R-squared   =    0.6118
       Total |  1.3870e+09        44    31522680   Root MSE        =    3498.2

------------------------------------------------------------------------------
gdpk_diffs~d | Coefficient  Std. err.      t    P>|t|     [95% conf. interval]
-------------+----------------------------------------------------------------
    trustgss |   20030.74   6966.358     2.88   0.006     5961.896    34099.58
gdpk_diffs~1 |   3.642441   .5426946     6.71   0.000     2.546447    4.738435
 polity2diff |   32.50116    82.0324     0.40   0.694    -133.1666     198.169
------------------------------------------------------------------------------

. 
. * ===========================================================================
> ==
. * TABLE VI: Within estimates
. * ===========================================================================
> ==
. di _n "===== TABLE VI: Within estimates ====="

===== TABLE VI: Within estimates =====

. 
. di _n "--- Col 1: Country FE ---"

--- Col 1: Country FE ---

. xi: reg gdpk_diffswd_good trustgss i.cty if period19352000==1, noconstant
i.cty             _Icty_1-24          (_Icty_1 for cty==Afri omitted)

      Source |       SS           df       MS      Number of obs   =        48
-------------+----------------------------------   F(24, 24)       =      5.08
       Model |  1.7967e+09        24  74864513.5   Prob > F        =    0.0001
    Residual |   353988063        24  14749502.6   R-squared       =    0.8354
-------------+----------------------------------   Adj R-squared   =    0.6708
       Total |  2.1507e+09        48    44807008   Root MSE        =    3840.5

------------------------------------------------------------------------------
gdpk_diffs~d | Coefficient  Std. err.      t    P>|t|     [95% conf. interval]
-------------+----------------------------------------------------------------
    trustgss |    41007.7   6041.575     6.79   0.000      28538.5    53476.89
     _Icty_2 |  -620.7942   2715.982    -0.23   0.821    -6226.306    4984.718
     _Icty_3 |  -2610.171   2752.717    -0.95   0.352      -8291.5    3071.158
     _Icty_4 |   901.8483   2715.837     0.33   0.743    -4703.363    6507.059
     _Icty_5 |   -4393.41   2732.721    -1.61   0.121    -10033.47    1246.648
     _Icty_6 |  -1342.279   2750.599    -0.49   0.630    -7019.237    4334.679
     _Icty_7 |  -2603.874   2724.901    -0.96   0.349    -8227.793    3020.046
     _Icty_8 |   1518.378   2719.774     0.56   0.582    -4094.958    7131.715
     _Icty_9 |  -379.2855   2716.877    -0.14   0.890    -5986.644    5228.073
    _Icty_10 |  -7113.683   2716.048    -2.62   0.015    -12719.33   -1508.035
    _Icty_11 |  -1570.135   3051.522    -0.51   0.612    -7868.167    4727.896
    _Icty_12 |   1453.749   2717.991     0.53   0.598    -4155.909    7063.407
    _Icty_13 |   1882.876   2758.095     0.68   0.501    -3809.552    7575.305
    _Icty_14 |   -6516.78   2723.364    -2.39   0.025    -12137.53   -896.0334
    _Icty_15 |   1755.579   2718.026     0.65   0.524    -3854.151     7365.31
    _Icty_16 |  -2405.894   2796.117    -0.86   0.398    -8176.795    3365.007
    _Icty_17 |  -6608.679    2721.01    -2.43   0.023    -12224.57   -992.7899
    _Icty_18 |  -4003.327   2717.233    -1.47   0.154    -9611.421    1604.768
    _Icty_19 |  -9766.925   2717.529    -3.59   0.001    -15375.63   -4158.221
    _Icty_20 |   -1987.31   2719.864    -0.73   0.472    -7600.833    3626.214
    _Icty_21 |          0   2715.649     0.00   1.000    -5604.825    5604.825
    _Icty_22 |  -659.2649   2736.817    -0.24   0.812    -6307.777    4989.247
    _Icty_23 |   623.8189    2715.65     0.23   0.820    -4981.007    6228.645
    _Icty_24 |  -14065.28   2804.044    -5.02   0.000    -19852.54   -8278.015
------------------------------------------------------------------------------

. 
. di _n "--- Col 2: + lagged GDP ---"

--- Col 2: + lagged GDP ---

. xi: reg gdpk_diffswd_good trustgss gdpk_diffswd_good_1 i.cty if period1935200
> 0==1, noconstant
i.cty             _Icty_1-24          (_Icty_1 for cty==Afri omitted)

      Source |       SS           df       MS      Number of obs   =        48
-------------+----------------------------------   F(25, 23)       =      6.62
       Model |  1.8883e+09        25  75531749.1   Prob > F        =    0.0000
    Residual |   262442657        23  11410550.3   R-squared       =    0.8780
-------------+----------------------------------   Adj R-squared   =    0.7453
       Total |  2.1507e+09        48    44807008   Root MSE        =      3378

------------------------------------------------------------------------------
gdpk_diffs~d | Coefficient  Std. err.      t    P>|t|     [95% conf. interval]
-------------+----------------------------------------------------------------
    trustgss |   27332.62   7179.626     3.81   0.001     12480.43    42184.81
gdpk_diffs~1 |   2.939431   1.037763     2.83   0.009      .792654    5.086207
     _Icty_2 |   196.8062   2406.241     0.08   0.936    -4780.882    5174.494
     _Icty_3 |  -4621.413    2523.15    -1.83   0.080    -9840.946    598.1197
     _Icty_4 |   291.0195   2398.451     0.12   0.904    -4670.555    5252.594
     _Icty_5 |  -2314.028   2513.199    -0.92   0.367    -7512.976    2884.921
     _Icty_6 |  -2337.171   2444.677    -0.96   0.349    -7394.371    2720.028
     _Icty_7 |   34.33319   2571.333     0.01   0.989    -5284.874     5353.54
     _Icty_8 |   467.9974   2420.772     0.19   0.848    -4539.751    5475.746
     _Icty_9 |  -483.3356   2389.934    -0.20   0.842    -5427.291     4460.62
    _Icty_10 |   -4193.15   2601.941    -1.61   0.121    -9575.676    1189.376
    _Icty_11 |   604.7743   2791.666     0.22   0.830    -5170.228    6379.776
    _Icty_12 |   2948.541   2448.188     1.20   0.241    -2115.921    8013.004
    _Icty_13 |   1984.729   2426.172     0.82   0.422     -3034.19    7003.648
    _Icty_14 |  -3544.918   2615.069    -1.36   0.188      -8954.6    1864.764
    _Icty_15 |  -1510.634   2654.239    -0.57   0.575    -7001.346    3980.077
    _Icty_16 |  -219.7199   2577.616    -0.09   0.933    -5551.926    5112.486
    _Icty_17 |  -3008.111   2709.929    -1.11   0.278    -8614.025    2597.804
    _Icty_18 |  -778.9993   2647.218    -0.29   0.771    -6255.187    4697.189
    _Icty_19 |  -4476.222   3033.503    -1.48   0.154     -10751.5    1799.058
    _Icty_20 |   100.9617   2503.309     0.04   0.968    -5077.527     5279.45
    _Icty_21 |          0   2388.572     0.00   1.000    -4941.137    4941.137
    _Icty_22 |  -3522.896   2610.879    -1.35   0.190    -8923.909    1878.118
    _Icty_23 |  -2524.412   2634.514    -0.96   0.348     -7974.32    2925.496
    _Icty_24 |  -6237.372   3704.107    -1.68   0.106     -13899.9    1425.157
------------------------------------------------------------------------------

. 
. di _n "--- Col 3: Excl. Africa ---"

--- Col 3: Excl. Africa ---

. xi: reg gdpk_diffswd_good trustgss gdpk_diffswd_good_1 i.cty if period1935200
> 0==1 & cty!="Afri", noconstant
i.cty             _Icty_1-24          (_Icty_1 for cty==Afri omitted)

      Source |       SS           df       MS      Number of obs   =        46
-------------+----------------------------------   F(25, 21)       =      6.06
       Model |  1.5455e+09        25  61820791.2   Prob > F        =    0.0000
    Residual |   214106316        21  10195538.9   R-squared       =    0.8783
-------------+----------------------------------   Adj R-squared   =    0.7335
       Total |  1.7596e+09        46  38252741.2   Root MSE        =      3193

------------------------------------------------------------------------------
gdpk_diffs~d | Coefficient  Std. err.      t    P>|t|     [95% conf. interval]
-------------+----------------------------------------------------------------
    trustgss |   31198.48   7231.026     4.31   0.000     16160.74    46236.23
gdpk_diffs~1 |   2.177199   1.142405     1.91   0.070    -.1985631    4.552961
     _Icty_2 |  -17.45844   2278.975    -0.01   0.994    -4756.845    4721.929
     _Icty_3 |    -4123.7   2473.525    -1.67   0.110    -9267.677    1020.277
     _Icty_4 |   447.7276   2271.388     0.20   0.846    -4275.882    5171.338
     _Icty_5 |  -2837.097   2446.027    -1.16   0.259    -7923.888    2249.694
     _Icty_6 |  -2102.315   2355.544    -0.89   0.382    -7000.938    2796.307
     _Icty_7 |  -661.6611   2466.886    -0.27   0.791    -5791.831    4468.509
     _Icty_8 |   748.2984   2292.953     0.33   0.747    -4020.157    5516.754
     _Icty_9 |  -452.0318   2259.454    -0.20   0.843    -5150.824     4246.76
    _Icty_10 |  -4948.019    2532.99    -1.95   0.064    -10215.66    319.6225
    _Icty_11 |   114.4504    2930.47     0.04   0.969    -5979.795    6208.696
    _Icty_12 |   2566.893   2341.708     1.10   0.285    -2302.956    7436.741
    _Icty_13 |   1983.827   2317.046     0.86   0.402    -2834.734    6802.388
    _Icty_14 |  -4304.719   2569.405    -1.68   0.109    -9648.089    1038.651
    _Icty_15 |  -657.6491   2578.466    -0.26   0.801    -6019.862    4704.564
    _Icty_16 |  -821.8683   2453.637    -0.33   0.741    -5924.486     4280.75
    _Icty_17 |  -3932.749    2685.68    -1.46   0.158    -9517.927     1652.43
    _Icty_18 |  -1610.199   2595.812    -0.62   0.542    -7008.484    3788.087
    _Icty_19 |  -5853.516   3037.937    -1.93   0.068    -12171.25     464.219
    _Icty_20 |  -432.5431   2417.851    -0.18   0.860     -5460.74    4595.654
    _Icty_21 |          0   2257.824     0.00   1.000    -4695.402    4695.402
    _Icty_22 |  -2798.299   2581.111    -1.08   0.291    -8166.013    2569.414
    _Icty_23 |  -1708.139   2568.288    -0.67   0.513    -7049.186    3632.908
    _Icty_24 |  -8304.215   3713.739    -2.24   0.036    -16027.36   -581.0707
------------------------------------------------------------------------------

. 
. di _n "--- Col 4: + polity ---"

--- Col 4: + polity ---

. xi: reg gdpk_diffswd_good trustgss gdpk_diffswd_good_1 polity2diff i.cty if p
> eriod19352000==1, noconstant
i.cty             _Icty_1-24          (_Icty_1 for cty==Afri omitted)
note: _Icty_11 omitted because of collinearity.

      Source |       SS           df       MS      Number of obs   =        46
-------------+----------------------------------   F(25, 21)       =      5.65
       Model |  1.5479e+09        25  61914291.6   Prob > F        =    0.0001
    Residual |   230250919        21  10964329.5   R-squared       =    0.8705
-------------+----------------------------------   Adj R-squared   =    0.7164
       Total |  1.7781e+09        46  38654526.3   Root MSE        =    3311.2

------------------------------------------------------------------------------
gdpk_diffs~d | Coefficient  Std. err.      t    P>|t|     [95% conf. interval]
-------------+----------------------------------------------------------------
    trustgss |   28230.15   7350.495     3.84   0.001     12943.96    43516.34
gdpk_diffs~1 |   2.814842   1.027521     2.74   0.012     .6779961    4.951688
 polity2diff |  -149.3482   89.41237    -1.67   0.110    -335.2914    36.59498
     _Icty_2 |   -683.903   2417.514    -0.28   0.780    -5711.399    4343.593
     _Icty_3 |  -4559.856   2489.632    -1.83   0.081     -9737.33    617.6175
     _Icty_4 |   315.2317   2351.468     0.13   0.895    -4574.914    5205.378
     _Icty_5 |  -2662.409   2485.435    -1.07   0.296    -7831.154    2506.335
     _Icty_6 |  -2318.002   2407.746    -0.96   0.347    -7325.184     2689.18
     _Icty_7 |  -514.9357   2541.855    -0.20   0.841    -5801.012    4771.141
     _Icty_8 |   445.7222   2373.199     0.19   0.853    -4489.616    5381.061
     _Icty_9 |  -1557.403    2431.51    -0.64   0.529    -6614.005      3499.2
    _Icty_10 |  -5135.905   2621.597    -1.96   0.064    -10587.82    316.0052
    _Icty_11 |          0  (omitted)
    _Icty_12 |   2786.576   2405.051     1.16   0.260    -2215.001    7788.153
    _Icty_13 |   586.9669   2546.557     0.23   0.820    -4708.887    5882.821
    _Icty_14 |  -5004.237   2729.999    -1.83   0.081    -10681.58     673.107
    _Icty_15 |  -1366.215   2604.726    -0.52   0.605    -6783.039    4050.609
    _Icty_16 |  -347.4243   2535.528    -0.14   0.892    -5620.343    4925.494
    _Icty_17 |  -4219.578   2773.744    -1.52   0.143    -9987.894    1548.738
    _Icty_18 |   -2329.59   2772.636    -0.84   0.410    -8095.603    3436.423
    _Icty_19 |  -6326.215   3188.422    -1.98   0.060     -12956.9    304.4722
    _Icty_20 |  -203.6082   2467.244    -0.08   0.935    -5334.522    4927.306
    _Icty_21 |          0   2341.402     0.00   1.000    -4869.213    4869.213
    _Icty_22 |  -3419.396   2574.261    -1.33   0.198    -8772.865    1934.073
    _Icty_23 |  -2391.076   2587.182    -0.92   0.366    -7771.415    2989.263
    _Icty_24 |  -8121.799   3800.871    -2.14   0.045    -16026.14   -217.4544
------------------------------------------------------------------------------

. 
. di _n "--- Col 5: Smoothed ---"

--- Col 5: Smoothed ---

. xi: reg gdpk_diffswd_goodsmooth trustgss gdpk_diffswd_good_1 polity2diff i.ct
> y if period19352000==1, noconstant
i.cty             _Icty_1-24          (_Icty_1 for cty==Afri omitted)
note: _Icty_11 omitted because of collinearity.

      Source |       SS           df       MS      Number of obs   =        46
-------------+----------------------------------   F(25, 21)       =      6.51
       Model |  1.2619e+09        25  50477142.9   Prob > F        =    0.0000
    Residual |   162822290        21  7753442.39   R-squared       =    0.8857
-------------+----------------------------------   Adj R-squared   =    0.7497
       Total |  1.4248e+09        46  30972844.8   Root MSE        =    2784.5

------------------------------------------------------------------------------
gdpk_diffs~h | Coefficient  Std. err.      t    P>|t|     [95% conf. interval]
-------------+----------------------------------------------------------------
    trustgss |   23930.95     6181.2     3.87   0.001     11076.44    36785.46
gdpk_diffs~1 |   2.658018   .8640657     3.08   0.006     .8610952    4.454941
 polity2diff |  -103.1563   75.18892    -1.37   0.185    -259.5202    53.20766
     _Icty_2 |  -327.0523   2032.943    -0.16   0.874    -4554.789    3900.685
     _Icty_3 |  -3929.384   2093.589    -1.88   0.075    -8283.241    424.4732
     _Icty_4 |   233.3072   1977.404     0.12   0.907    -3878.929    4345.543
     _Icty_5 |    -2291.4   2090.059    -1.10   0.285    -6637.916    2055.117
     _Icty_6 |   -1790.31   2024.729    -0.88   0.387    -6000.965    2420.344
     _Icty_7 |   -486.467   2137.504    -0.23   0.822     -4931.65    3958.716
     _Icty_8 |    550.169   1995.678     0.28   0.785    -3600.071    4700.409
     _Icty_9 |  -818.4476   2044.713    -0.40   0.693    -5070.661    3433.766
    _Icty_10 |    -4573.7   2204.562    -2.07   0.051    -9158.337     10.9366
    _Icty_11 |          0  (omitted)
    _Icty_12 |   634.2962   2022.463     0.31   0.757    -3571.645    4840.237
    _Icty_13 |   1011.264   2141.458     0.47   0.642    -3442.142    5464.669
    _Icty_14 |  -4184.863   2295.719    -1.82   0.083    -8959.072     589.346
    _Icty_15 |  -1216.702   2190.374    -0.56   0.584    -5771.834     3338.43
    _Icty_16 |  -262.9932   2132.184    -0.12   0.903    -4697.112    4171.125
    _Icty_17 |  -3817.652   2332.505    -1.64   0.117    -8668.362    1033.057
    _Icty_18 |  -1828.832   2331.574    -0.78   0.442    -6677.605    3019.941
    _Icty_19 |  -5035.711   2681.218    -1.88   0.074    -10611.61     540.186
    _Icty_20 |  -502.8123   2074.762    -0.24   0.811    -4817.516    3811.891
    _Icty_21 |          0   1968.939     0.00   1.000    -4094.633    4094.633
    _Icty_22 |  -2276.136   2164.755    -1.05   0.305    -6777.992    2225.719
    _Icty_23 |  -2234.824   2175.621    -1.03   0.316    -6759.275    2289.627
    _Icty_24 |  -6673.646    3196.24    -2.09   0.049    -13320.59   -26.70081
------------------------------------------------------------------------------

. 
. * ===========================================================================
> ==
. * TABLE VII: 50-year lag
. * ===========================================================================
> ==
. di _n "===== TABLE VII: 50-year lag ====="

===== TABLE VII: 50-year lag =====

. 
. di _n "--- Col 1: Cross-section ---"

--- Col 1: Cross-section ---

. xi: reg gdpk_diffswd_good trustgss50yearslag, noconstant

      Source |       SS           df       MS      Number of obs   =        32
-------------+----------------------------------   F(1, 31)        =      9.35
       Model |   231682934         1   231682934   Prob > F        =    0.0046
    Residual |   768158285        31  24779299.5   R-squared       =    0.2317
-------------+----------------------------------   Adj R-squared   =    0.2069
       Total |   999841219        32  31245038.1   Root MSE        =    4977.9

------------------------------------------------------------------------------
gdpk_diffs~d | Coefficient  Std. err.      t    P>|t|     [95% conf. interval]
-------------+----------------------------------------------------------------
trustgss50~g |   23004.56   7523.351     3.06   0.005      7660.58    38348.53
------------------------------------------------------------------------------

. 
. di _n "--- Col 2: Country FE ---"

--- Col 2: Country FE ---

. xi: reg gdpk_diffswd_good trustgss50yearslag i.cty, noconstant
i.cty             _Icty_1-24          (_Icty_1 for cty==Afri omitted)
note: _Icty_2 omitted because of collinearity.
note: _Icty_3 omitted because of collinearity.
note: _Icty_7 omitted because of collinearity.
note: _Icty_10 omitted because of collinearity.
note: _Icty_11 omitted because of collinearity.
note: _Icty_18 omitted because of collinearity.
note: _Icty_19 omitted because of collinearity.
note: _Icty_24 omitted because of collinearity.

      Source |       SS           df       MS      Number of obs   =        32
-------------+----------------------------------   F(16, 16)       =      1.45
       Model |   590951937        16  36934496.1   Prob > F        =    0.2348
    Residual |   408889282        16  25555580.1   R-squared       =    0.5910
-------------+----------------------------------   Adj R-squared   =    0.1821
       Total |   999841219        32  31245038.1   Root MSE        =    5055.3

------------------------------------------------------------------------------
gdpk_diffs~d | Coefficient  Std. err.      t    P>|t|     [95% conf. interval]
-------------+----------------------------------------------------------------
trustgss50~g |   26124.64   9079.681     2.88   0.011     6876.573     45372.7
     _Icty_2 |          0  (omitted)
     _Icty_3 |          0  (omitted)
     _Icty_4 |  -2878.067   3834.964    -0.75   0.464    -11007.83    5251.694
     _Icty_5 |  -7230.929   3584.541    -2.02   0.061    -14829.82    367.9586
     _Icty_6 |   176.2674   3609.866     0.05   0.962    -7476.307    7828.842
     _Icty_7 |          0  (omitted)
     _Icty_8 |   434.5457   3574.681     0.12   0.905    -7143.439     8012.53
     _Icty_9 |  -1418.834   3578.579    -0.40   0.697    -9005.083    6167.414
    _Icty_10 |          0  (omitted)
    _Icty_11 |          0  (omitted)
    _Icty_12 |   112.7825   3580.191     0.03   0.975    -7476.884    7702.449
    _Icty_13 |  -1350.309   3574.629    -0.38   0.711    -8928.183    6227.565
    _Icty_14 |  -8158.635   3575.672    -2.28   0.037    -15738.72   -578.5489
    _Icty_15 |   1153.442   3575.087     0.32   0.751    -6425.405    8732.289
    _Icty_16 |  -1152.869   3750.638    -0.31   0.763    -9103.867    6798.129
    _Icty_17 |  -6018.741   3625.902    -1.66   0.116    -13705.31    1667.829
    _Icty_18 |          0  (omitted)
    _Icty_19 |          0  (omitted)
    _Icty_20 |  -3077.447    3574.67    -0.86   0.402    -10655.41    4500.515
    _Icty_21 |          0   3574.603     0.00   1.000    -7577.821    7577.821
    _Icty_22 |  -1425.965   3730.709    -0.38   0.707    -9334.716    6482.785
    _Icty_23 |  -417.8689   3593.356    -0.12   0.909    -8035.444    7199.706
    _Icty_24 |          0  (omitted)
------------------------------------------------------------------------------

. 
. di _n "--- Col 3: Full controls ---"

--- Col 3: Full controls ---

. xi: reg gdpk_diffswd_good trustgss50yearslag gdpk_diffswd_good_1_lag75 polity
> 2diff19502000 i.cty, noconstant
i.cty             _Icty_1-24          (_Icty_1 for cty==Afri omitted)
no observations
r(2000);

end of do-file
r(2000);
