----------------------------------------------------------------------------------------------------------------------------------------------
      name:  <unnamed>
       log:  /Users/anzony.quisperojas/Documents/GitHub/twfe_survey/replications/2010-2012/Algan and Cahuc (2010)/run_twowayfe.log
  log type:  text
 opened on:   2 Jul 2026, 17:38:34

. 
. * --- Force install packages ---
. cap ado uninstall estout

. ssc install estout, replace
checking estout consistency and verifying not already installed...
all files already exist and are up to date.

. 
. cap ado uninstall twowayfeweights

. ssc install twowayfeweights, replace
checking twowayfeweights consistency and verifying not already installed...
installing into /Users/anzony.quisperojas/Library/Application Support/Stata/ado/plus/...
installation complete.

. which twowayfeweights
/Users/anzony.quisperojas/Library/Application Support/Stata/ado/plus/t/twowayfeweights.ado

. 
. /*==============================================================================
>   STEP 1: REPLICATE FIGURE 4
>   README_PROGRAM.do line 376:
>     reg change_gdpk change_trust if period==2000 & Nsample1935==0
>   Paper: coef ~ 32,238, R² = 0.43, N = 24
> ==============================================================================*/
. 
. use "$paperdir/AER_MACRO.dta", clear

. 
end of do-file

. do "/var/folders/gb/56xms55d53n734tnp7xq55bh0000gq/T//SD06260.000000"

. * Create clean integer period
. gen period_num = 1 if period == 1935
(96 missing values generated)

. replace period_num = 2 if period == 2000
(48 real changes made)

. 
end of do-file

. do "/var/folders/gb/56xms55d53n734tnp7xq55bh0000gq/T//SD06260.000000"

. 
. keep if period19352000 == 1
(72 observations deleted)

. keep cty_num period_num trustgss gdpk_diffswd_good
variable cty_num not found
r(111);

end of do-file

r(111);

. do "/var/folders/gb/56xms55d53n734tnp7xq55bh0000gq/T//SD06260.000000"

. encode cty, gen(cty_num)

. 
end of do-file

. do "/var/folders/gb/56xms55d53n734tnp7xq55bh0000gq/T//SD06260.000000"

. keep cty_num period_num trustgss gdpk_diffswd_good

. 
. label variable cty_num            "G: Country numeric ID"

. label variable period_num          "T: Period (1935/2000)"

. label variable trustgss            "D: Inherited trust (GSS)"

. label variable gdpk_diffswd_good  "Y: GDP per capita rel. Sweden"

. 
. rename cty_num G

. rename period_num T

. rename trustgss D

. rename gdpk_diffswd_good Y

. egen aux = group(T)

. replace T = aux
(0 real changes made)

. drop aux

. 
. 
. save "$outdir/panel_GTD.dta", replace
file /Users/anzony.quisperojas/Documents/GitHub/twfe_survey/replications/2010-2012/Algan and Cahuc (2010)/panel_GTD.dta saved

. di "  -> panel_GTD.dta saved with " _N " observations"
  -> panel_GTD.dta saved with 48 observations

. di "  G = cty_num, T = period_num, D = trustgss"
  G = cty_num, T = period_num, D = trustgss

. 
. log close _all
      name:  <unnamed>
       log:  /Users/anzony.quisperojas/Documents/GitHub/twfe_survey/replications/2010-2012/Algan and Cahuc (2010)/run_twowayfe.log
  log type:  text
 closed on:   2 Jul 2026, 17:39:20
----------------------------------------------------------------------------------------------------------------------------------------------
