--------------------------------------------------------------------------------------------------------------------------------
      name:  <unnamed>
       log:  /Users/anzony.quisperojas/Documents/GitHub/twfe_survey/replications/2010-2012/Bagwell and Staiger (2011)/run_twoway
> fe.log
  log type:  text
 opened on:  23 Jun 2026, 10:05:47

. 
. * Install packages if needed
. cap which estout

. if _rc ssc install estout, replace

. cap which twowayfeweights

. if _rc ssc install twowayfeweights, replace

. 
. 
. /*==============================================================================
>   STEP 1: IMPORT AND CLEAN DATA
> ==============================================================================*/
. 
. import delimited using "$datadir/MainData.txt", delimiter(" ") clear
(encoding automatically selected: ISO-8859-2)
(14 vars, 79,888 obs)

. 
. * Check variable names
. desc

Contains data
 Observations:        79,888                  
    Variables:            14                  
--------------------------------------------------------------------------------------------------------------------------------
Variable      Storage   Display    Value
    name         type    format    label      Variable label
--------------------------------------------------------------------------------------------------------------------------------
product         long    %12.0g                Product
country         str10   %10s                  Country
mfn             str17   %17s                  MFN
bnd             str6    %9s                   BND
wmfn            str17   %17s                  WMFN
wbnd            str6    %9s                   WBND
import          str16   %16s                  Import
price2          str18   %18s                  Price2
price3          str19   %19s                  Price3
price4          str19   %19s                  Price4
price6          str20   %20s                  Price6
mismatch        str16   %16s                  MisMatch
herf            str18   %18s                  Herf
share           str20   %20s                  
--------------------------------------------------------------------------------------------------------------------------------
Sorted by: 
     Note: Dataset has changed since last saved.

. 
. * Handle NA values - some columns may be imported as strings due to "NA"
. * Force destring all numeric variables
. foreach var of varlist mfn bnd wmfn wbnd import mismatch herf share {
  2.     cap confirm string variable `var'
  3.     if !_rc {
  4.         destring `var', replace force
  5.     }
  6. }
mfn: contains nonnumeric characters; replaced as double
(3515 missing values generated)
bnd: contains nonnumeric characters; replaced as double
(3474 missing values generated)
wmfn: contains nonnumeric characters; replaced as double
(22989 missing values generated)
wbnd: contains nonnumeric characters; replaced as double
(23017 missing values generated)
import: contains nonnumeric characters; replaced as double
(35076 missing values generated)
mismatch: contains nonnumeric characters; replaced as double
(35076 missing values generated)
herf: contains nonnumeric characters; replaced as double
(38139 missing values generated)
share: contains nonnumeric characters; replaced as double
(304 missing values generated)

. 
. * Create dependent variable: TariffFinal = WBND if available, else BND
. gen TariffFinal = wbnd
(23,017 missing values generated)

. replace TariffFinal = bnd if TariffFinal == .
(19,543 real changes made)

. label var TariffFinal "WTO Final Bound Rate"

. 
. * Create base tariff: TariffBase = WMFN if available, else MFN
. gen TariffBase = wmfn
(22,989 missing values generated)

. replace TariffBase = mfn if TariffBase == .
(19,474 real changes made)

. label var TariffBase "Pre-accession MFN Tariff"

. 
. * Create import in millions (matching R code: Import/1000)
. gen Import_M = import / 1000
(35,076 missing values generated)

. label var Import_M "Imports (millions)"

. 
. * Create HS2 code (first 2 digits of 6-digit HS product code)
. gen HS2 = floor(product / 10000)

. label var HS2 "HS2 Industry Code"

. 
. * Create MisMatch in millions (for Table 4 extension)
. gen MisMatch_M = mismatch / 1000
(35,076 missing values generated)

. label var MisMatch_M "Outsiders' Imports (millions)"

. 
. * Display raw data summary
. summ product TariffFinal TariffBase Import_M HS2

    Variable |        Obs        Mean    Std. dev.       Min        Max
-------------+---------------------------------------------------------
     product |     79,888      549230    271516.3      10111     970600
 TariffFinal |     76,414    12.87013    11.58991          0        200
  TariffBase |     76,373    9.789988    11.07314          0        180
    Import_M |     44,812    4.284408    50.76701        .01   5788.079
         HS2 |     79,888     54.7833    27.11138          1         97

. 
. 
. /*==============================================================================
>   STEP 1b: SAMPLE RESTRICTIONS (matching Basic1.R)
> ==============================================================================*/
. 
. * Drop observations without tariff bindings
. drop if bnd == .
(3,474 observations deleted)

. 
. * Drop if Import is missing or <= 0
. drop if Import_M == . | Import_M <= 0
(33,585 observations deleted)

. 
. * Drop if TariffFinal or TariffBase missing
. drop if TariffFinal == .
(0 observations deleted)

. drop if TariffBase == .
(108 observations deleted)

. 
. * Drop HS2 industries with <= 2 observations
. bysort HS2: gen nobs_hs2 = _N

. drop if nobs_hs2 <= 2
(0 observations deleted)

. drop nobs_hs2

. 
. * Encode Country as numeric
. encode country, gen(country_num)

. 
. * Summary after cleaning
. di _n "=== SAMPLE AFTER CLEANING ==="

=== SAMPLE AFTER CLEANING ===

. tab country_num

    Country |      Freq.     Percent        Cum.
------------+-----------------------------------
    Albania |      2,200        5.15        5.15
    Armenia |      1,235        2.89        8.04
   Cambodia |      1,648        3.86       11.90
      China |      4,646       10.88       22.77
    Ecuador |      3,610        8.45       31.22
    Estonia |      3,650        8.54       39.77
    Georgia |      1,404        3.29       43.05
     Jordan |      3,343        7.83       50.88
 Kyrgyzstan |      1,596        3.74       54.61
     Latvia |      3,258        7.63       62.24
  Lithuania |      3,521        8.24       70.48
  Macedonia |      2,658        6.22       76.70
    Moldova |      1,882        4.41       81.11
      Nepal |      1,535        3.59       84.70
       Oman |      2,838        6.64       91.35
     Panama |      3,697        8.65      100.00
------------+-----------------------------------
      Total |     42,721      100.00

. tab HS2

        HS2 |
   Industry |
       Code |      Freq.     Percent        Cum.
------------+-----------------------------------
          1 |         95        0.22        0.22
          2 |        272        0.64        0.86
          3 |        384        0.90        1.76
          4 |        254        0.59        2.35
          5 |         70        0.16        2.52
          6 |         75        0.18        2.69
          7 |        325        0.76        3.45
          8 |        342        0.80        4.25
          9 |        220        0.51        4.77
         10 |        154        0.36        5.13
         11 |        229        0.54        5.66
         12 |        253        0.59        6.26
         13 |         76        0.18        6.43
         14 |         27        0.06        6.50
         15 |        386        0.90        7.40
         16 |        240        0.56        7.96
         17 |        141        0.33        8.29
         18 |        127        0.30        8.59
         19 |        178        0.42        9.01
         20 |        410        0.96        9.97
         21 |        162        0.38       10.35
         22 |        217        0.51       10.85
         23 |        151        0.35       11.21
         24 |        100        0.23       11.44
         25 |        427        1.00       12.44
         26 |        112        0.26       12.70
         27 |        330        0.77       13.48
         28 |        977        2.29       15.76
         29 |      1,531        3.58       19.35
         30 |        364        0.85       20.20
         31 |        225        0.53       20.73
         32 |        483        1.13       21.86
         33 |        327        0.77       22.62
         34 |        270        0.63       23.25
         35 |        136        0.32       23.57
         36 |         83        0.19       23.77
         37 |        302        0.71       24.47
         38 |        469        1.10       25.57
         39 |      1,371        3.21       28.78
         40 |        642        1.50       30.28
         41 |        247        0.58       30.86
         42 |        198        0.46       31.32
         43 |         99        0.23       31.56
         44 |        520        1.22       32.77
         45 |         37        0.09       32.86
         46 |         20        0.05       32.91
         47 |        116        0.27       33.18
         48 |      1,184        2.77       35.95
         49 |        201        0.47       36.42
         50 |         47        0.11       36.53
         51 |        277        0.65       37.18
         52 |      1,067        2.50       39.68
         53 |        135        0.32       39.99
         54 |        648        1.52       41.51
         55 |      1,042        2.44       43.95
         56 |        244        0.57       44.52
         57 |        225        0.53       45.05
         58 |        350        0.82       45.87
         59 |        236        0.55       46.42
         60 |        203        0.48       46.89
         61 |        982        2.30       49.19
         62 |      1,222        2.86       52.05
         63 |        469        1.10       53.15
         64 |        359        0.84       53.99
         65 |         63        0.15       54.14
         66 |         45        0.11       54.24
         67 |         29        0.07       54.31
         68 |        498        1.17       55.48
         69 |        306        0.72       56.19
         70 |        510        1.19       57.39
         71 |        285        0.67       58.05
         72 |      1,201        2.81       60.86
         73 |      1,342        3.14       64.01
         74 |        375        0.88       64.88
         75 |         58        0.14       65.02
         76 |        403        0.94       65.96
         78 |         52        0.12       66.08
         79 |         67        0.16       66.24
         80 |         33        0.08       66.32
         81 |        111        0.26       66.58
         82 |        544        1.27       67.85
         83 |        377        0.88       68.73
         84 |      5,665       13.26       81.99
         85 |      2,829        6.62       88.62
         86 |        188        0.44       89.06
         87 |        920        2.15       91.21
         88 |        142        0.33       91.54
         89 |        147        0.34       91.89
         90 |      1,588        3.72       95.60
         91 |        298        0.70       96.30
         92 |        116        0.27       96.57
         93 |        129        0.30       96.88
         94 |        487        1.14       98.02
         95 |        377        0.88       98.90
         96 |        422        0.99       99.89
         97 |         49        0.11      100.00
------------+-----------------------------------
      Total |     42,721      100.00

. summ TariffFinal TariffBase Import_M

    Variable |        Obs        Mean    Std. dev.       Min        Max
-------------+---------------------------------------------------------
 TariffFinal |     42,721    13.05481    11.34108          0        200
  TariffBase |     42,721    10.33588    11.61388          0        180
    Import_M |     42,721    4.083665    50.60592        .01   5788.079

. di "Number of observations: " _N
Number of observations: 42721

. 
. 
. /*==============================================================================
>   STEP 2: TABLE 3A OLS REGRESSIONS
>   Equation (15a): τ_gc^WTO = α_G + α_c + β₁ τ_gc^BR + β₂ V_gc^BR + ε_gc
>   R: lm(TariffFinal ~ Import + TariffBase + as.factor(HS) + as.factor(Country) - 1)
>   Stata: reg ... ibn.HS2 i.country_num, noconstant vce(robust)
>   noconstant + ibn gives uncentered R², matching R's lm(... -1)
>   Paper Table 3A: R²=0.804 for All, 0.763 for HS0, etc.
> ==============================================================================*/
. 
. set matsize 2000
set matsize ignored.
    Matrix sizes are no longer limited by c(matsize) in modern Statas.  Matrix sizes are now limited by edition of Stata.  See
    limits for more details.

. 
. di _n "=============================================="

==============================================

. di    "TABLE 3A: OLS REGRESSIONS"
TABLE 3A: OLS REGRESSIONS

. di    "=============================================="
==============================================

. 
. * Helper program: compute significance stars from t-stat
. cap program drop _stars

. program define _stars, rclass
  1.     args b se
  2.     local s ""
  3.     if `se' > 0 & `se' < . {
  4.         local t = abs(`b'/`se')
  5.         if `t' > 2.576      local s "***"
  6.         else if `t' > 1.960 local s "**"
  7.         else if `t' > 1.645 local s "*"
  8.     }
  9.     return local s "`s'"
 10. end

. 
end of do-file

. isid product country

. use "/Users/anzony.quisperojas/Documents/GitHub/twfe_survey/replications/2010-2012/Wang (2011)/panel_GTD.dta", clear

. reghdfe logapt_sqm post_mismatch , absorb(province_num year)
(MWFE estimator converged in 4 iterations)

HDFE Linear regression                            Number of obs   =     18,365
Absorbing 2 HDFE groups                           F(   1,  18351) =     369.39
                                                  Prob > F        =     0.0000
                                                  R-squared       =     0.1842
                                                  Adj R-squared   =     0.1836
                                                  Within R-sq.    =     0.0197
                                                  Root MSE        =     0.6235

-------------------------------------------------------------------------------
   logapt_sqm | Coefficient  Std. err.      t    P>|t|     [95% conf. interval]
--------------+----------------------------------------------------------------
post_mismatch |  -.2184667   .0113669   -19.22   0.000    -.2407469   -.1961865
        _cons |   4.132019   .0046095   896.41   0.000     4.122984    4.141054
-------------------------------------------------------------------------------

Absorbed degrees of freedom:
------------------------------------------------------+
  Absorbed FE | Categories  - Redundant  = Num. Coefs |
--------------+---------------------------------------|
 province_num |         8           0           8     |
         year |         6           1           5     |
------------------------------------------------------+

. tab year post_mismatch
too many values
r(134);

. do "/var/folders/gb/56xms55d53n734tnp7xq55bh0000gq/T//SD39892.000000"

. /*==============================================================================
>   WANG (2011) - "State Misallocation and Housing Prices:
>   Theory and Evidence from China"
>   AER, 101(5), 2081-2107
> 
>   Pipeline: STEP 0 Generate mismatch → STEP 1 Table 5 Panel A →
>            STEP 2 twowayfeweights → STEP 3 LaTeX
> 
>   Table 5 Panel A - Parsimonious specification, Equation (15):
>     F_it = α₀ + α₁(Post_t × Δ_i) + α₂ Post_t + α₃ Δ_i + α₄ X_it + ε_it
> 
>   Where:
>     F_it = housing services (log floor space, toilet, water, electric, excreta)
>     Post_t = regime2 (1 if year > 1993)
>     Δ_i = log_mismatchpre (prereform housing mismatch)
>     X_it = log income, log assets, age cubic, education, province*year FE
> 
>   Sample: households in state-owned housing in 1993 (apt_nonmrkt93==1)
>   SE: bootstrapped, clustered by household (200 reps)
> 
>   twowayfeweights: feTR (sharp design, per dCDH web appendix #12)
>     G = province, T = year, D = Post × Δ
> ==============================================================================*/
. 
. clear all

. set more off

. cap log close _all
