
. 
. * ==========================================================================
. *  1. DATA PREPARATION  (from analysis.do)
. * ==========================================================================
. use "$datadir/data/idLevel", clear

. 
. * Exclude General & User Services Area WG's
. drop if (techarea == 0 | techarea == 2 | techarea == 9)
(8,210 observations deleted)

. * Drop BCP's, Historic RFCs, Draft Standards & Internet Standards
. drop if (rfctype == 1 | rfctype == 2 | rfctype == 7 | rfctype == 4)
(244 observations deleted)

. * Keep IDs with Revisions >=1
. keep if (age>1)
(911 observations deleted)

. 
. * Main Sample: Working Group IDs with reliable Email Data
. drop if (!wgDum | pubCohort < 1993 | pubCohort > 2003)
(411 observations deleted)

. 
. * Dummy for Robustness to Censoring of DV (Truncated at 5.5 Years)
. gen cSample = (pubCohort <= 2002 & ttlDur <= 2007)

. 
. * --- Variable Creation ---
. replace ttlDur = ttlDur+15
(2,601 real changes made)

. gen lnDur = log(ttlDur)

. 
. * ID-Level Variables
. gen lsize = ln(1+filesize)

. gen size2 = lsize^2

. gen lKeys = log(1+rfcKeyCnt)

. gen anyKeys = (rfcKeyCnt>0)

. gen logEmails = ln(1+idTtlMentions)

. 
. * Affiliation Dummies
. gen orgDum = (n_org > 0)

. gen eduDum = (n_edu > 0)

. gen govDum = (n_gov > 0)

. gen comNet = (n_com>0 | n_net>0)

. gen othDum = max(eduDum, orgDum)

. gen nonUS = (!usAuth & forAuth)

. gen collab = (n_affil>1)

. gen aut2 = n_affil==2

. gen aut3 = n_affil>2

. 
. * WG-Level Variables
. gen lwgidnow = ln(1+wgIdNow)

. gen lwgidttl = ln(1+wgIdCnt)

. gen lwgipr = ln(1+cumWgIpr)

. gen lmsgs = ln(1+ttlmsg1yr)
(314 missing values generated)

. gen lcmsgs = ln(1+cummsgs)
(314 missing values generated)

. gen lwgorgs = ln(1+cumWgOrg2)

. 
. * RFC-Level Variables
. gen ttlCites = patCites + pubCites + rfcCites

. gen logPages = log(1+rfcPages)
(1,018 missing values generated)

. gen logAllCites = log(1+ttlCites)

. gen logPatCites = log(1+patCites)

. gen logPubCites = log(1+pubCites)

. gen logRfcCites = log(1+rfcCites)

. gen logBackCites = log(1+backCites)
(995 missing values generated)

. gen logStBackCites = log(1+stBackCites)
(995 missing values generated)

. gen logNsBackCites = log(1+nsBackCites)
(995 missing values generated)

. 
. * Standards-Track Interactions
. foreach VAR in stbafl1yr stbusr1yr stbmsg1yr stbaflcum stbaflrpl stbaflall ///
>     logEmails stbEmail lwgipr lwgidnow lwgidttl lwgorgs lmsgs lcmsgs n_affil ///
>     priorwgc lsize size2 orgDum eduDum govDum othDum logBackCites logPages ///
>     pubCohort collab lnDur stbLagAfl aut2 aut3 {
  2.     qui gen st_`VAR' = (1-nsrfc) * `VAR'
  3. }

. 
. * Cohorts and Other Group-Level Dummies
. egen areaYr = group(techarea pubCohort)

. egen areaType = group(techarea strfc)

. cap gen rfcYr = yofd(dofm(monthly(rfcPubDate,"my")))

. bysort wg : egen wgCohort = min(yofd(date))

. sort series

. 
. * ==========================================================================
. *  2. MATCHING  (from matching.do)
. * ==========================================================================
. replace stbLagUsr = 100 * stbLagUsr
(2,287 real changes made)

. gen pubC2 = (pubCohort - 1993)^2

. gen wgC2 = (wgCohort - 1993)^2

. gen cumId2 = lwgidttl^2

. gen cumMsg2 = lcmsgs^2
(314 missing values generated)

. gen Id2 = lwgidnow^2

. gen Msg2 = lmsgs^2
(314 missing values generated)

. 
. local wgvars stbafl1yr stbLagUsr lwgipr lwgidnow lwgidttl lwgorgs lmsgs lcmsgs cumId2 cumMsg2 Id2

. local idvars n_affil priorwgc lsize orgDum eduDum govDum

. 
. qui xi: probit strfc `wgvars' `idvars' i.techarea pubCohort pubC2 wgCohort wgC2 ///
>     if ((strfc|nsrfc) & cSample == 1), robust

. predict yhat
(option pr assumed; Pr(strfc))
(314 missing values generated)

. 
. quietly summ yhat if (strfc & ttlDur<=2007 & e(sample)), d

. gen lbar2 = r(p5)

. quietly summ yhat if (nsrfc & ttlDur<=2007 & e(sample)), d

. gen ubar2 = r(p95)

. gen match_samp2 = ((yhat > lbar2) & (yhat < ubar2))

. 
. drop lbar2 ubar2 yhat

. 
. 
. 
. 
. /*==============================================================================
>   STEP 6: SAVE CLEAN PANEL DATA (G, T, D)
>   G = techarea       (technology area)
>   T = pubCohort      (publication cohort, 1993-2003)
>   D = st_stbafl1yr   (Suit-share x S-track interaction)
>   Y = ttlDur         (total duration)
> ==============================================================================*/
. 
. di _n "=============================================="

==============================================

. di "  STEP 6: SAVE CLEAN PANEL .dta (G, T, D)"
  STEP 6: SAVE CLEAN PANEL .dta (G, T, D)

. di "=============================================="
==============================================

. 
. preserve

. keep if ((strfc|nsrfc) & cSample==1)
(1,250 observations deleted)

. keep wg techarea pubCohort st_stbafl1yr ttlDur  strfc stbafl1yr nsrfc st_othDum stbafl1yr lwgipr othDum  st_lwgipr cSample
>  wg lsize lcmsgs lwgidnow aut2 aut3 st_lsize st_lcmsgs st_lwgidnow st_aut2 st_aut3

. 
. order wg techarea pubCohort st_stbafl1yr ttlDur  strfc stbafl1yr nsrfc st_othDum stbafl1yr lwgipr othDum  st_lwgipr cSampl
> e wg lsize lcmsgs lwgidnow aut2 aut3 st_lsize st_lcmsgs st_lwgidnow st_aut2 st_aut3

. 
. label variable wg      "G: commette group"

. label variable techarea      "FE: Technology area"

. label variable pubCohort     "T: Publication cohort (1993-2003)"

. label variable st_stbafl1yr  "D: Suit-share x S-track"

. label variable ttlDur        "Y: Total duration"

. 
. rename wg G

. rename techarea FE

. rename pubCohort T

. rename st_stbafl1yr D

. rename strfc TR_GR

. rename stbafl1yr DOSE

. rename ttlDur Y

. egen aux = group(T)

. replace T = aux
(1,351 real changes made)

. drop aux

. 
. save "$outdir/panel_GTD.dta", replace
file /Users/anzony.quisperojas/Documents/GitHub/twfe_survey/replications/2010-2012/Simcoe (2012)/panel_GTD.dta saved

. 
. restore

. di "  -> panel_GTD.dta saved with " _N " observations"
  -> panel_GTD.dta saved with 2601 observations

. di "  G = techarea, T = pubCohort, D = st_stbafl1yr"
  G = techarea, T = pubCohort, D = st_stbafl1yr

. 
. cap log close detail
