
. 
. * ==========================================================================
. *  1. DATA PREPARATION  (from analysis.do)
. * ==========================================================================
. use "$datadir/data/idLevel", clear
file /Users/anzony.quisperojas/Documents/GitHub/twfe_survey/data/2010-2012/Acemoglu et al. (2011)/20100816_replication10/data/idLevel.dta not
    found
r(601);

end of do-file

r(601);

. do "/var/folders/gb/56xms55d53n734tnp7xq55bh0000gq/T//SD24177.000000"

. /*==============================================================================
>   Simcoe (2012) — "Standard Setting Committees"
>   AER 102(1), 305-336
> 
>   Replication of Table 4 Cols 1-3 + twowayfeweights decomposition
>   dCDH Web Appendix #21: Table 4, Cols 1-3
>     Regression 1 with controls. Sharp design. Stable groups NOT satisfied.
> 
>   Treatment: Suit-share × S-track interaction (st_stbafl1yr)
>   Y: ttlDur (days from submission to disposal)
>   G: techarea (Cols 1-2) / wg (Col 3)
>   T: pubCohort (submission year)
> ==============================================================================*/
. 
. clear all

. set more off

. cap log close _all
