----------------------------------------------------------------------------------------------------------------------------
      name:  <unnamed>
       log:  /Users/anzony.quisperojas/Documents/GitHub/twfe_survey/replications/2010-2012/Acemoglu et al. (2011)/run_twoway
> fe.log
  log type:  text
 opened on:  24 Jun 2026, 15:53:01

. 
. * Install packages if needed
. cap which twowayfeweights

. if _rc ssc install twowayfeweights, replace

. cap which gtools

. if _rc ssc install gtools, replace

. 
. * Helper program: significance stars
. cap program drop _stars

. program define _stars, rclass
  1.     args b se
  2.     local s ""
  3.     if `se' > 0 & `se' < . {
  4.         local t = abs(`b'/`se')
  5.         if `t' > 2.576      local s "***"
  6.         else if `t' > 1.960 local s "**"
  7.         else if `t' > 1.645 local s "*"
  8.     }
  9.     return local s "`s'"
 10. end

. 
. 
. /*==============================================================================
>   STEP 1: DATA PREPARATION
>   Load panel of 19 pre-unitary German polities, 1700-1900
>   Treatment: fpresence = years of French military/administrative presence
> ==============================================================================*/
. 
. use "$datadir/20100816_replication_dataset.dta", clear
(Replication dataset for "Consequences of Radical Reform")

. 
. * Keep only the 6 time periods used in Tables 3-4
. keep if year==1700 | year==1750 | year==1800 | year==1850 | year==1875 | year==1900
(95 observations deleted)

. 
. * Drop unused year dummies
. cap drop yr1880 yr1885 yr1895 yr1905 yr1910

. 
. * Create napoleon indicator (treated vs control)
. gen napoleon = (fpresence > 0)

. 
. di _n "=== DATA SUMMARY ==="

=== DATA SUMMARY ===

. di "Total observations: " _N
Total observations: 114

. di ""


. di "--- Panel structure ---"
--- Panel structure ---

. tab year

       Year |      Freq.     Percent        Cum.
------------+-----------------------------------
       1700 |         19       16.67       16.67
       1750 |         19       16.67       33.33
       1800 |         19       16.67       50.00
       1850 |         19       16.67       66.67
       1875 |         19       16.67       83.33
       1900 |         19       16.67      100.00
------------+-----------------------------------
      Total |        114      100.00

. di ""


. di "--- Treatment variable: years of French presence ---"
--- Treatment variable: years of French presence ---

. summ fpresence

    Variable |        Obs        Mean    Std. dev.       Min        Max
-------------+---------------------------------------------------------
   fpresence |        114    3.736842    5.855264          0         19

. tab fpresence if year==1800

   Years of |
     French |
   Presence |
  (see also |
     Online |
   Appendix |
        D1) |      Freq.     Percent        Cum.
------------+-----------------------------------
          0 |         11       57.89       57.89
          3 |          1        5.26       63.16
          6 |          5       26.32       89.47
         19 |          2       10.53      100.00
------------+-----------------------------------
      Total |         19      100.00

. di ""


. di "--- West of Elbe sample ---"
--- West of Elbe sample ---

. count if westelbe==1
  78

. di "  West of Elbe obs: " r(N)
  West of Elbe obs: 78

. qui tab id if westelbe==1 & year==1700

. di "  West of Elbe polities: " r(r)
  West of Elbe polities: 13

. di ""


. di "--- Treated vs Control (West of Elbe, at 1800) ---"
--- Treated vs Control (West of Elbe, at 1800) ---

. tab napoleon if westelbe==1 & year==1800

   napoleon |      Freq.     Percent        Cum.
------------+-----------------------------------
          0 |          5       38.46       38.46
          1 |          8       61.54      100.00
------------+-----------------------------------
      Total |         13      100.00

. di ""


. di "--- Outcome: urbanization rate ---"
--- Outcome: urbanization rate ---

. summ urbrate

    Variable |        Obs        Mean    Std. dev.       Min        Max
-------------+---------------------------------------------------------
     urbrate |        109     17.7432    14.50719          0   74.91717

. di ""


. di "--- Weights: 1750 total population ---"
--- Weights: 1750 total population ---

. summ totalpop1750

    Variable |        Obs        Mean    Std. dev.       Min        Max
-------------+---------------------------------------------------------
totalpop1750 |        114    639167.8    381877.5     149869    1438817

. 
. sort id year

. 
end of do-file

. do "/var/folders/gb/56xms55d53n734tnp7xq55bh0000gq/T//SD39892.000000"

. 
. di _n "=============================================="

==============================================

. di "  STEP 6: SAVE CLEAN PANEL .dta (G, T, D)"
  STEP 6: SAVE CLEAN PANEL .dta (G, T, D)

. di "=============================================="
==============================================

. 
. keep id year fpresence urbrate

. 
. label variable id         "G: Polity numeric ID"

. label variable year       "T: Year (1700-1900)"

. label variable fpresence  "D: French presence (binary)"

. label variable urbrate    "Y: Urbanization rate"

. 
. rename id G

. rename year T

. rename fpresence D

. rename urbrate Y

. egen aux = group(T)

. replace T = aux
(114 real changes made)

. drop aux

. 
. save "$outdir/panel_GTD.dta", replace
file /Users/anzony.quisperojas/Documents/GitHub/twfe_survey/replications/2010-2012/Acemoglu et al. (2011)/panel_GTD.dta
    saved

. di "  -> panel_GTD.dta saved with " _N " observations"
  -> panel_GTD.dta saved with 114 observations

. di "  G = id, T = year, D = fpresence"
  G = id, T = year, D = fpresence

. 
. log close _all
      name:  <unnamed>
       log:  /Users/anzony.quisperojas/Documents/GitHub/twfe_survey/replications/2010-2012/Acemoglu et al. (2011)/run_twoway
> fe.log
  log type:  text
 closed on:  24 Jun 2026, 15:53:05
----------------------------------------------------------------------------------------------------------------------------
