------------------------------------------------------------------------------------------------------------------------------
      name:  <unnamed>
       log:  /Users/anzony.quisperojas/Documents/GitHub/twfe_survey/replications/2010-2012/Enikolopov et al. (2011)/run_twoway
> fe.log
  log type:  text
 opened on:  23 Jun 2026, 09:17:57

. 
. * Install packages if needed
. cap which twowayfeweights

. if _rc ssc install twowayfeweights, replace

. 
. * Helper program: significance stars
. cap program drop _stars

. program define _stars, rclass
  1.     args b se
  2.     local s ""
  3.     if `se' > 0 & `se' < . {
  4.         local t = abs(`b'/`se')
  5.         if `t' > 2.576      local s "***"
  6.         else if `t' > 1.960 local s "**"
  7.         else if `t' > 1.645 local s "*"
  8.     }
  9.     return local s "`s'"
 10. end

. 
. 
. /*==============================================================================
>   STEP 1: DATA PREPARATION
>   Load aggregate-level data and reshape to panel (1995, 1999).
>   Following original Aggregate_level_results_Replication.do exactly.
> ==============================================================================*/
. 
. use "$datadir/NTV_Aggregate_Data.dta", clear

. 
. di _n "=== RAW DATA SUMMARY ==="

=== RAW DATA SUMMARY ===

. di "Observations: " _N
Observations: 3580

. desc, short

Contains data from /Users/anzony.quisperojas/Documents/GitHub/twfe_survey/data/2010-2012/Enikolopov et al. (2011)/Replication/
> NTV_Aggregate_Data.dta
 Observations:         3,580                  
    Variables:            49                  9 Dec 2010 17:07
Sorted by: 

. 
. * Create polynomial variables (following original code)
. forvalues x = 2/5 {
  2.     gen population98_`x' = population1998^`x'
  3.     gen population96_`x' = population1996^`x'
  4.     gen wage1998_`x' = wage98^`x'
  5.     gen wage1996_`x' = wage96^`x'
  6. }
(1,495 missing values generated)
(1,471 missing values generated)
(1,485 missing values generated)
(1,499 missing values generated)
(1,495 missing values generated)
(1,471 missing values generated)
(1,485 missing values generated)
(1,499 missing values generated)
(1,495 missing values generated)
(1,471 missing values generated)
(1,485 missing values generated)
(1,499 missing values generated)
(1,495 missing values generated)
(1,471 missing values generated)
(1,485 missing values generated)
(1,499 missing values generated)

. gen population98_1 = population1998
(1,495 missing values generated)

. gen population96_1 = population1996
(1,471 missing values generated)

. gen wage1998_1 = wage98
(1,485 missing values generated)

. gen wage1996_1 = wage96
(1,499 missing values generated)

. 
. * Define globals
. global socioec "population98_* wage1998_* Gorod doctors_pc1998 nurses1998"

. 
. * --- Sample restriction (same as original) ---
. drop if Votes_Edinstvo_1999 == .
(1,257 observations deleted)

. di "After dropping missing Edinstvo_1999: " _N " subregions"
After dropping missing Edinstvo_1999: 2323 subregions

. 
. * --- Prepare variables for reshape ---
. * Harmonize party names across elections (DVR 1995 -> SPS 1999)
. rename Votes_DVR_1995 Votes_SPS_1995

. 
. * Create Watch_probit by year (0 in 1995, actual in 1999)
. gen Watch_probit_1995 = 0

. rename Watch_probit Watch_probit_1999

. 
. * Turnout variable name harmonization
. cap rename Turnout_2003 Turnout2003

. cap rename Turnout1995 Turnout_1995

. cap rename Turnout1999 Turnout_1999

. cap gen Turnout_1995 = Turnout1995

. cap gen Turnout_1999 = Turnout1999

. 
. * Population and wage by year
. rename logpop98 logpop1999

. rename logpop96 logpop1995

. rename wage98_ln logwage1999

. rename wage96_ln logwage1995

. 
. di _n "=== TREATMENT SUMMARY ==="

=== TREATMENT SUMMARY ===

. di "Watch_probit_1995 (NTV access 1995): always 0"
Watch_probit_1995 (NTV access 1995): always 0

. summ Watch_probit_1995

    Variable |        Obs        Mean    Std. dev.       Min        Max
-------------+---------------------------------------------------------
Watch_p~1995 |      2,323           0           0          0          0

. di "Watch_probit_1999 (NTV access 1999):"
Watch_probit_1999 (NTV access 1999):

. summ Watch_probit_1999

    Variable |        Obs        Mean    Std. dev.       Min        Max
-------------+---------------------------------------------------------
Watch_p~1999 |      2,292     .575986    .0912511   .2526413   .9106122

. 
. * --- Reshape to long panel ---
. reshape long Watch_probit_ Votes_SPS_ Turnout_ Votes_Yabloko_ ///
>     Votes_KPRF_ Votes_LDPR_ logpop logwage, i(tik_id) j(_j)
(j = 97 1995 1999 2003)
(variable Watch_probit_97 not found)
(variable Votes_SPS_97 not found)
(variable Turnout_97 not found)
(variable Votes_Yabloko_97 not found)
(variable Votes_KPRF_97 not found)
(variable Votes_LDPR_97 not found)
(variable logwage97 not found)
(variable Watch_probit_2003 not found)
(variable Turnout_2003 not found)
(variable logpop2003 not found)
(variable logwage2003 not found)

Data                               Wide   ->   Long
-----------------------------------------------------------------------------
Number of observations            2,323   ->   9,292       
Number of variables                  70   ->   58          
j variable (4 values)                     ->   _j
xij variables:
Watch_probit_97 Watch_probit_1995 ... Watch_probit_2003->Watch_probit_
Votes_SPS_97 Votes_SPS_1995 ... Votes_SPS_2003->Votes_SPS_
Turnout_97 Turnout_1995 ... Turnout_2003  ->   Turnout_
Votes_Yabloko_97 Votes_Yabloko_1995 ... Votes_Yabloko_2003->Votes_Yabloko_
Votes_KPRF_97 Votes_KPRF_1995 ... Votes_KPRF_2003->Votes_KPRF_
Votes_LDPR_97 Votes_LDPR_1995 ... Votes_LDPR_2003->Votes_LDPR_
     logpop97 logpop1995 ... logpop2003   ->   logpop
  logwage97 logwage1995 ... logwage2003   ->   logwage
-----------------------------------------------------------------------------

. 
. * Create year dummies
. xi i._j
i._j              _I_j_97-2003        (naturally coded; _I_j_97 omitted)

. 
. di _n "=== PANEL DATA SUMMARY ==="

=== PANEL DATA SUMMARY ===

. di "Observations: " _N
Observations: 9292

. qui tab tik_id

. di "Subregions: " r(r)
Subregions: 2323

. di "Election years: 1995, 1999 (and 2003 if present)"
Election years: 1995, 1999 (and 2003 if present)

. di ""


. di "Treatment variable: Watch_probit_"
Treatment variable: Watch_probit_

. summ Watch_probit_ if _j == 1995

    Variable |        Obs        Mean    Std. dev.       Min        Max
-------------+---------------------------------------------------------
Watch_prob~_ |      2,323           0           0          0          0

. summ Watch_probit_ if _j == 1999

    Variable |        Obs        Mean    Std. dev.       Min        Max
-------------+---------------------------------------------------------
Watch_prob~_ |      2,292     .575986    .0912511   .2526413   .9106122

. di ""


. di "--- Sample for analysis: _j != 2003, region != 5,6 ---"
--- Sample for analysis: _j != 2003, region != 5,6 ---

. count if _j != 2003
  6,969

. di "  Observations for analysis: " r(N)
  Observations for analysis: 6969

. 
end of do-file

. do "/var/folders/gb/56xms55d53n734tnp7xq55bh0000gq/T//SD24177.000000"

. 
. di _n "=============================================="

==============================================

. di "  STEP 6: SAVE CLEAN PANEL .dta (G, T, D)"
  STEP 6: SAVE CLEAN PANEL .dta (G, T, D)

. di "=============================================="
==============================================

. keep if _j == 1995 | _j == 1999
(4,646 observations deleted)

. 
. egen aux = group( _j ) 

. replace _j = aux
(4,646 real changes made)

. keep tik_id _j Watch_probit_ Votes_SPS_

. 
. 
. 
. label variable tik_id         "G: Subregion numeric ID"

. label variable _j             "T: Election year (1995/1999)"

. label variable Watch_probit_  "D: NTV access (probit predicted)"

. label variable Votes_SPS_     "Y: SPS vote share"

. 
. rename Watch_probit_ D

. rename Votes_SPS_ Y

. rename tik_id G

. 
. rename _j T

. 
. 
. save "$outdir/panel_GTD.dta", replace
file /Users/anzony.quisperojas/Documents/GitHub/twfe_survey/replications/2010-2012/Enikolopov et al. (2011)/panel_GTD.dta
    saved

. di "  -> panel_GTD.dta saved with " _N " observations"
  -> panel_GTD.dta saved with 4646 observations

. di "  G = tik_id, T = _j, D = Watch_probit_"
  G = tik_id, T = _j, D = Watch_probit_

. 
. log close _all
      name:  <unnamed>
       log:  /Users/anzony.quisperojas/Documents/GitHub/twfe_survey/replications/2010-2012/Enikolopov et al. (2011)/run_twoway
> fe.log
  log type:  text
 closed on:  23 Jun 2026, 09:18:01
------------------------------------------------------------------------------------------------------------------------------
