-------------------------------------------------------------------------------
      name:  <unnamed>
       log:  C:/Users/Usuario/Documents/GitHub/twfe_survey/replications/2010-20
> 12/Aaronson et al. (2012)/full/run_aaronson.log
  log type:  text
 opened on:   4 May 2026, 16:26:58

. 
. * ===========================================================================
> ==
. * STEP 1: Create minimum wage dataset (mw.do)
. * mw.do is self-contained, no external data needed
. * ===========================================================================
> ==
. di _n "===== RUNNING mw.do ====="

===== RUNNING mw.do =====

. cd "$datadir"
C:\Users\Usuario\Documents\GitHub\twfe_survey\data\2010-2012\Aaronson et al. (2
> 012)\Supplemental-Files-for-AAF\unix_files

. do "$progdir/mw.do"

. ********************************************************************
. * Program to create dataset of state minimum wages from 1980-2009  *
. * Minimum Wage Data is From January Issues of Monthly Labor Review *
. * and www.dol.gov/whd/state/stateminwagehis.htm                    *
. ********************************************************************
. 
. clear all

. set more off

. set obs 18972
Number of observations (_N) was 0, now 18,972.

. local i=1

. 
. gen state = .
(18,972 missing values generated)

. gen year = .
(18,972 missing values generated)

. gen month = .
(18,972 missing values generated)

. 
. local states 1 2 4 5 6 8 9 10 11 12 13 15 16 17 18 19 20 21 22 23 24 25 26 27
>  28 29 30 31 32 33 34 35 36 37 38 39 40 41 42 44 45 46 47 48 49 50 51 53 54 5
> 5 56

. foreach state of local states   {
  2.  forv year = 1979/2009 {
  3.   forv month = 1/12 {
  4.    qui replace state = `state' in `i'
  5.    qui replace year = `year' in `i'
  6.    qui replace month = `month' in `i'
  7.    local i=`i'+1
  8.   }
  9.  }
 10. }

. sort state year month

. ******************************************
. * minimum wage history, 1981-2008
. *  note for lags -- 1981 all states are at the federal level of $3.35
. ******************************************
. 
. * federal level
. gen minwage = 2.90

.  replace minwage = 3.10 if (year==1980)
(612 real changes made)

.  replace minwage = 3.35 if (year>1980)
(17,748 real changes made)

.  replace minwage = 3.80 if (year>1990 | (year==1990 & month>3))
(12,087 real changes made)

.  replace minwage = 4.25 if (year>1991 | (year==1991 & month>3))
(11,475 real changes made)

.  replace minwage = 4.75 if (year>1996 | (year==1996 & month>9))
(8,109 real changes made)

.  replace minwage = 5.15 if (year>1997 | (year==1997 & month>8))
(7,548 real changes made)

.  replace minwage = 5.85 if (year==2007 & month>7) | (year==2008 & month<8) 
(612 real changes made)

.  replace minwage = 6.55 if (year==2008 & month>7) | (year==2009 & month<8) 
(612 real changes made)

.  replace minwage = 7.25 if (year==2009 & month>7) 
(255 real changes made)

. 
. 
. gen usmin = minwage

. 
. * states -- check codes are right on states . ie same in ce as in cps
. * alaska
.  replace minwage = minwage+0.50 if state==2 
(372 real changes made)

.  replace minwage = 7.15 if (state==2 & year>2002)
(84 real changes made)

.  replace minwage = 7.75 if (state==2 & year>2009)
(0 real changes made)

. 
. * arizona
.  replace minwage = 6.75 if state==4 & year>2006
(36 real changes made)

.   * cpi adjustment
.  replace minwage = 6.90 if state==4 & year==2008
(12 real changes made)

.  replace minwage = 7.25 if state==4 & year==2009
(12 real changes made)

. 
. * arkansas
.  replace minwage =6.25 if state==5 & year==2006 & month>9
(3 real changes made)

.  replace minwage =6.25 if state==5 & year>2006 
(36 real changes made)

.  replace minwage = 6.55 if state==5 & ((year==2008 & month>7) | (year==2009 &
>  month<8))
(12 real changes made)

.  replace minwage = 7.25 if state==5 & (year==2009 & month>7) 
(5 real changes made)

. 
. * calif
.  replace minwage =4.25 if state==6 & (year>1988 | (year==1988 & month>6))
(192 real changes made)

.  replace minwage =4.75 if state==6 & (year>1996 | (year==1996 & month>9))
(159 real changes made)

.  replace minwage =5.00 if state==6 & year==1997 & (month>2 & month<9)
(6 real changes made)

.  replace minwage =5.15 if state==6 & ((year==1997 & month>8) | (year==1998 & 
> month<3))
(6 real changes made)

.  replace minwage =5.75 if state==6 & year==1998 & month>2
(10 real changes made)

.  replace minwage =5.75 if state==6 & year>1998 & year<2001
(24 real changes made)

.  replace minwage =6.25 if state==6 & year==2001
(12 real changes made)

.  replace minwage =6.75 if state==6 & year>2001
(96 real changes made)

.  replace minwage =7.50 if state==6 & year==2007
(12 real changes made)

.  replace minwage =8.00 if state==6 & year>2007
(24 real changes made)

. 
. * colorado
.  replace minwage =6.85 if state==8 & year==2007
(12 real changes made)

.  * cpi adjustment
.  replace minwage =7.02 if state==8 & year==2008
(12 real changes made)

.  replace minwage = 7.28 if state==8 & year==2009
(12 real changes made)

. 
. 
. * connecticut
.  replace minwage=2.92 if state==9 & year==1979
(12 real changes made)

.  replace minwage=3.12 if state==9 & year==1980
(12 real changes made)

.  replace minwage=3.37 if state==9 & (year>1980 & year<1987 | (year==1987 & mo
> nth<10)) //fixed a typo here
(81 real changes made)

.  replace minwage=3.75 if state==9 & ((year==1987 & month>9 ) | (year==1988 & 
> month<10))
(12 real changes made)

.  replace minwage=4.25 if state==9 & (year>1988 | (year==1988 & month>9))
(189 real changes made)

.  replace minwage=4.27 if state==9 & (year>1991 | (year==1991 & month>3))
(225 real changes made)

.  replace minwage=4.77 if state==9 & year==1996 & month>9
(3 real changes made)

.  replace minwage=4.77 if state==9 & year==1997 & month<3
(2 real changes made)

.  replace minwage=5.00 if state==9 & year==1997 & (month>2 & month<9)
(6 real changes made)

.  replace minwage=5.18 if state==9 & year==1997 & month>8
(4 real changes made)

.  replace minwage=5.18 if state==9 & year==1998
(12 real changes made)

.  replace minwage=5.65 if state==9 & year==1999
(12 real changes made)

.  replace minwage=6.15 if state==9 & year==2000
(12 real changes made)

.  replace minwage=6.40 if state==9 & year==2001
(12 real changes made)

.  replace minwage=6.70 if state==9 & year==2002
(12 real changes made)

.  replace minwage=6.90 if state==9 & year==2003
(12 real changes made)

.  replace minwage=7.10 if state==9 & year>2003 & year<2006
(24 real changes made)

.  replace minwage=7.40 if state==9 & year==2006
(12 real changes made)

.  replace minwage=7.65 if state==9 & year==2007
(12 real changes made)

.  replace minwage=7.65 if state==9 & year==2008
(12 real changes made)

.  replace minwage=8.00 if state==9 & year==2009
(12 real changes made)

. 
. * delaware
.  replace minwage=5.65 if state==10 & year==1999 & month>4
(8 real changes made)

.  replace minwage=5.65 if state==10 & year==2000 & month<10
(9 real changes made)

.  replace minwage=6.15 if state==10 & year==2000 & month>9
(3 real changes made)

.  replace minwage=6.15 if state==10 & year>2000
(108 real changes made)

.  replace minwage=6.65 if state==10 & year==2007
(12 real changes made)

.  replace minwage=7.15 if state==10 & (year==2008 | (year==2009 & month<8))
(19 real changes made)

.  replace minwage = 7.25 if state==10 & (year==2009 & month>7) 
(5 real changes made)

. 
. * florida
.   * cpi adjustment
.  replace minwage=6.40 if state==12 & year==2006
(12 real changes made)

.  replace minwage=6.67 if state==12 & year==2007
(12 real changes made)

.  replace minwage=6.79 if state==12 & year==2008
(12 real changes made)

.  replace minwage=7.21 if state==12 & year==2009 & month<8
(7 real changes made)

.  replace minwage = 7.25 if state==12 & (year==2009 & month>7) 
(0 real changes made)

. 
. * hawaii
.  replace minwage=3.85 if state==15 & year>1987
(264 real changes made)

.  replace minwage=4.25 if state==15 & ((year==1992 & month<4) | (year==1991 & 
> month>3))
(12 real changes made)

.  replace minwage=4.75 if state==15 & (year==1992 & month>3)
(9 real changes made)

.  replace minwage=5.25 if state==15 & year>1992
(204 real changes made)

.  replace minwage=5.75 if state==15 & year==2002
(12 real changes made)

.  replace minwage=6.25 if state==15 & year>2002 & year<2006
(36 real changes made)

.  replace minwage=6.75 if state==15 & year==2006
(12 real changes made)

.  replace minwage=7.25 if state==15 & year==2007 & month<7
(6 real changes made)

.  replace minwage=7.25 if state==15 & year>2006
(30 real changes made)

. 
. * Illinois 
.  replace minwage=5.5 if state==17 & year==2004
(12 real changes made)

.  replace minwage=6.5 if state==17 & year>=2005 & year<2007
(24 real changes made)

.  replace minwage=6.5 if state==17 & year==2007 & month<7
(6 real changes made)

.  replace minwage=7.5 if state==17 & ((year==2007 & month>6) | (year==2008 &  
> month<7)) 
(12 real changes made)

.  replace minwage=7.75 if state==17 & ((year==2008 & month>6) | (year==2009 & 
> month<7))
(12 real changes made)

.  replace minwage=8 if state==17 & year==2009 & month>6
(6 real changes made)

. 
. * Iowa
.  replace minwage=3.85 if state==19 & year==1990
(12 real changes made)

.  replace minwage=4.25 if state==19 & year==1991
(3 real changes made)

.  replace minwage=4.65 if state==19 & (year>1991 & year<1996)
(48 real changes made)

.  replace minwage=4.65 if state==19 & year==1996 & month<10
(9 real changes made)

.  replace minwage=6.20 if state==19 & (year==2007 & month>3) 
(9 real changes made)

.  replace minwage = 7.25 if state==19 & year>2007
(19 real changes made)

. 
. * kentucky
.  replace minwage=5.85 if state==21 & year==2007 & month>5
(2 real changes made)

.  replace minwage=5.85 if state==21 & year==2008 & month<8
(0 real changes made)

.  replace minwage = 6.55 if state==21 & ((year==2008 & month>7) | (year==2009 
> & month<8)) 
(0 real changes made)

.  replace minwage = 7.25 if state==21 & (year==2009 & month>7) 
(0 real changes made)

. 
. * Maine
.  replace minwage=3.45 if state==23 & year==1985
(12 real changes made)

.  replace minwage=3.55 if state==23 & year==1986
(12 real changes made)

.  replace minwage=3.65 if state==23 & (year==1987 | year==1988)
(24 real changes made)

.  replace minwage=3.75 if state==23 & year==1989
(12 real changes made)

.  replace minwage=3.85 if state==23 & year==1990
(12 real changes made)

.  replace minwage=3.85 if state==23 & (year==1991 & month<4)
(3 real changes made)

.  replace minwage=5.75 if state==23 & year==2002
(12 real changes made)

.  replace minwage=6.25 if state==23 & year==2003
(12 real changes made)

.  replace minwage=6.25 if state==23 & year==2004
(12 real changes made)

.  replace minwage=6.35 if state==23 & year==2005
(12 real changes made)

.  replace minwage=6.50 if state==23 & year==2006 & month<10
(9 real changes made)

.  replace minwage=6.75 if state==23 & year==2006 & month>9
(3 real changes made)

.  replace minwage=6.75 if state==23 & year==2007 & month<10
(9 real changes made)

.  replace minwage=7 if state==23 & ((year==2007 & month>9) | (year==2008 & mon
> th<10))
(12 real changes made)

.  replace minwage = 7.25 if state==23 & ((year==2008 & month>9) | year==2009)
(10 real changes made)

.  replace minwage = 7.5 if state==23 & (year==2009 & month>9)
(3 real changes made)

. * cpi adjustments at least starting in 2009, probably earlier
. 
. 
. * maryland
.  replace minwage=6.15 if state==24 & (year==2007 | (year==2008 & month<8))
(19 real changes made)

.  replace minwage = 6.55 if state==24 & ((year==2008 & month>7) | (year==2009 
> & month<8)) 
(0 real changes made)

.  replace minwage = 7.25 if state==24 & (year==2009 & month>7) 
(0 real changes made)

. 
. 
. * Massachusetts
.  replace minwage=3.55 if state==25 & ((year==1986 & month>6) | (year==1987 & 
> month<7))
(12 real changes made)

.  replace minwage=3.65 if state==25 & ((year==1987 & month>6) | (year==1988 & 
> month<7))
(12 real changes made)

.  replace minwage=3.75 if state==25 & ((year==1988 & month>6) | (year==1989) |
>  (year==1990 & month<4))
(21 real changes made)

.  replace minwage=4.75 if state==25 & year==1996
(9 real changes made)

.  replace minwage=5.25 if state==25 & (year>1996 & year<2000)
(36 real changes made)

.  replace minwage=6.00 if state==25 & year==2000
(12 real changes made)

.  replace minwage=6.75 if state==25 & year>2000 & year<2007
(72 real changes made)

.  replace minwage=7.50 if state==25 & year==2007
(12 real changes made)

.  replace minwage=8.00 if state==25 & year>2007
(24 real changes made)

. 
. 
. * michigan
.  replace minwage=6.95 if state==26 & year==2006 & month>9
(3 real changes made)

.  replace minwage=6.95 if state==26 & year==2007 & month<7
(6 real changes made)

.  replace minwage=7.15 if state==26 & year==2007 & month>6
(6 real changes made)

.  replace minwage=7.15 if state==26 & year==2008 & month<7
(6 real changes made)

.  replace minwage=7.40 if state==26 & ((year==2008 & month>6) | year==2009)
(18 real changes made)

. 
. 
. * Minnesota
.  replace minwage=3.55 if state==27 & year==1988
(12 real changes made)

.  replace minwage=3.85 if state==27 & year==1989
(12 real changes made)

.  replace minwage=3.95 if state==27 & year==1990
(12 real changes made)

.  replace minwage=4.25 if state==27 & year==1991
(3 real changes made)

.  replace minwage=6.15 if state==27 & year==2005 & month>7
(5 real changes made)

.  replace minwage=6.15 if state==27 & year>2005 & year<2008
(24 real changes made)

.  replace minwage=6.15 if state==27 & year==2008 & month<8
(7 real changes made)

.  replace minwage = 6.55 if state==27 & ((year==2008 & month>7) | (year==2009 
> & month<8)) 
(0 real changes made)

.  replace minwage = 7.25 if state==27 & (year==2009 & month>7) 
(0 real changes made)

. 
. 
. * missouri
.  replace minwage=6.5 if state==29 & year==2007
(12 real changes made)

.    * cpi adjustment
.  replace minwage = 6.65 if state==29 & year==2008
(12 real changes made)

.  replace minwage= 7.05 if state==29 & (year==2009 & month<8)
(7 real changes made)

.  replace minwage = 7.25 if state==29 & (year==2009 & month>7) 
(0 real changes made)

. 
. 
. * montana
.  replace minwage=6.15 if state==30 & (year==2007 | (year==2008 & month<8))
(19 real changes made)

.  replace minwage = 6.55 if state==30 & ((year==2008 & month>7) | (year==2009 
> & month<8)) 
(0 real changes made)

.  * cpi adjustment
.  replace minwage = 6.90 if state==30 & (year==2009 & month<8) 
(7 real changes made)

.  replace minwage = 7.25 if state==30 & (year==2009 & month>7) 
(0 real changes made)

. 
. * nevada
.   * cpi adjustment
.  replace minwage=6.15 if state==32 & year==2006 & month>10
(2 real changes made)

.  replace minwage=6.33 if state==32 & (year==2007 | (year==2008 & month<8))
(19 real changes made)

.  replace minwage = 6.55 if state==32 & ((year==2008 & month>7) | (year==2009 
> & month<8)) 
(0 real changes made)

.  replace minwage = 7.25 if state==32 & (year==2009 & month>7) 
(0 real changes made)

. 
. 
. * New Hampshire 
.  replace minwage=3.45 if state==33 & year==1987
(12 real changes made)

.  replace minwage=3.55 if state==33 & year==1988
(12 real changes made)

.  replace minwage=3.65 if state==33 & year==1989
(12 real changes made)

.  replace minwage=3.75 if state==33 & year==1990 & month<4
(3 real changes made)

.  replace minwage=3.85 if state==33 & year==1991 & month<4
(3 real changes made)

.  replace minwage=6.5 if state==33 & ((year==2007 & month>8) | (year==2008 & m
> onth<8))
(11 real changes made)

.  replace minwage = 7.25 if state==33 & ((year==2008 & month>8) | year==2009) 
(11 real changes made)

. * note --- increased to $7.55 if do not receive paid health benefits.
. 
. 
. * New Jersey
.  replace minwage=5.05 if state==34 & ((year>1992 & year<1997) | (year==1992 &
>  month>3))
(57 real changes made)

.  replace minwage=5.05 if state==34 & (year==1997 & month<9)
(8 real changes made)

.  replace minwage=6.15 if state==34 & ((year==2005 & month>9) | (year==2006 & 
> month<10))
(12 real changes made)

.  replace minwage=7.15 if state==34 & (year==2006 & month>9)
(3 real changes made)

.  replace minwage=7.15 if state==34 & (year==2007 | year==2008 | (year==2009 &
>  month<8))
(31 real changes made)

.  replace minwage = 7.25 if state==34 & (year==2009 & month>7) 
(0 real changes made)

. 
. 
. * New Mexico
.  replace minwage = 6.5 if state==35 & year==2008 & month<8
(7 real changes made)

.  replace minwage = 6.55 if state==35 & year==2008 & month>7
(0 real changes made)

.  replace minwage = 7.5 if state==35 & year==2009
(12 real changes made)

. 
. 
. * New York
.  replace minwage=6.00 if state==36 & year==2005
(12 real changes made)

.  replace minwage=6.75 if state==36 & year==2006
(12 real changes made)

.  replace minwage=7.15 if state==36 & (year==2007 | year==2008 | (year==2009 &
>  month<8))
(31 real changes made)

.  replace minwage = 7.25 if state==36 & (year==2009 & month>7) 
(0 real changes made)

. 
. 
. * north carolina
.  replace minwage=6.15 if state==37 & (year==2007 | (year==2008 & month<8))
(19 real changes made)

.  replace minwage = 6.55 if state==37 & ((year==2008 & month>7) | (year==2009 
> & month<8)) 
(0 real changes made)

.  replace minwage = 7.25 if state==37 & (year==2009 & month>7) 
(0 real changes made)

. 
. 
. * north dakota
.  replace minwage=5.85 if state==38 & ((year==2007 & month>6) | (year==2008 & 
> month<8)) 
(1 real change made)

.  replace minwage = 6.55 if state==38 & ((year==2008 & month>7) | (year==2009 
> & month<8)) 
(0 real changes made)

.  replace minwage = 7.25 if state==38 & (year==2009 & month>7) 
(0 real changes made)

. 
. 
. * ohio
.  replace minwage=6.85 if state==39 & year>2006 & year<2008
(12 real changes made)

.   * cpi adjustment
.  replace minwage=7.00 if state==39 & year==2008
(12 real changes made)

.  replace minwage=7.30 if state==39 & year==2009
(12 real changes made)

. 
. 
. * Oregon 
.  replace minwage=3.85 if state==41 & (year==1989 & month>8)
(4 real changes made)

.  replace minwage=4.25 if state==41 & year==1990
(12 real changes made)

.  replace minwage=4.75 if state==41 & (year>1990 & year<1997)
(69 real changes made)

.  replace minwage=5.50 if state==41 & year==1997
(12 real changes made)

.  replace minwage=6.00 if state==41 & year==1998
(12 real changes made)

.  replace minwage=6.50 if state==41 & year>1998 & year<2003
(48 real changes made)

.  replace minwage=6.90 if state==41 & year==2003
(12 real changes made)

.  replace minwage=7.05 if state==41 & year==2004
(12 real changes made)

.  replace minwage=7.25 if state==41 & year==2005
(12 real changes made)

.  replace minwage=7.50 if state==41 & year==2006
(12 real changes made)

.  replace minwage=7.80 if state==41 & year==2007
(12 real changes made)

.  replace minwage=7.95 if state==41 & year==2008
(12 real changes made)

.  replace minwage=8.40 if state==41 & year==2009
(12 real changes made)

. 
. 
. * Pennsylvania 
.  replace minwage=3.70 if state==42 & ((year==1989 & month>1) | (year==1990 & 
>  month<4))
(14 real changes made)

.  replace minwage=6.25 if state==42 & year==2007 & month<7
(6 real changes made)

.  replace minwage=7.15 if state==42 & year==2007 & month>6
(6 real changes made)

.  replace minwage=7.15 if state==42 & (year==2008 | (year==2009 & month<8))
(19 real changes made)

.  replace minwage = 7.25 if state==42 & (year==2009 & month>7) 
(0 real changes made)

. 
. * Rhode Island 
.  replace minwage=3.55 if state==44 & ((year==1986 & month>6) | (year==1987 & 
> month<7))
(12 real changes made)

.  replace minwage=3.65 if state==44 & ((year==1987 & month>6) | (year==1988 & 
> month<7))
(12 real changes made)

.  replace minwage=4.00 if state==44 & ((year==1988 & month>6) | (year==1989 & 
> month<8))
(13 real changes made)

.  replace minwage=4.25 if state==44 & ((year==1989 & month>7) | (year==1990) |
>  (year==1991 & month<4))
(20 real changes made)

.  replace minwage=4.45 if state==44 & ((year==1991 & month>3) | (year>1991 & y
> ear<1996))
(57 real changes made)

.  replace minwage=4.45 if state==44 & year==1996 & month<10
(9 real changes made)

.  replace minwage=5.65 if state==44 & year==1999 & month>6
(6 real changes made)

.  replace minwage=5.65 if state==44 & year==2000 & month<9
(8 real changes made)

.  replace minwage=6.15 if state==44 & year==2000 & month>8
(4 real changes made)

.  replace minwage=6.15 if state==44 & year>2000 & year<2004
(36 real changes made)

.  replace minwage=6.75 if state==44 & year>2003 & year<2007
(36 real changes made)

.  replace minwage=6.75 if state==44 & year==2006 & month<3
(0 real changes made)

.  replace minwage=7.10 if state==44 & year==2006 & month>2
(10 real changes made)

.  replace minwage=7.40 if state==44 & year>2006
(36 real changes made)

. 
. 
. * south dakota
.  replace minwage = 5.85 if state==46 & ((year==2007 & month>6) | (year==2008 
> & month<8)) 
(1 real change made)

.  replace minwage = 6.55 if state==46 & ((year==2008 & month>7) | (year==2009 
> & month<8)) 
(0 real changes made)

.  replace minwage = 7.25 if state==46 & (year==2009 & month>7) 
(0 real changes made)

. 
. 
. * Vermont 
.  replace minwage=3.45 if state==50 & ((year==1986 & month>6) | (year==1987 & 
> month<7))
(12 real changes made)

.  replace minwage=3.55 if state==50 & ((year==1987 & month>6) | (year==1988 & 
> month<7))
(12 real changes made)

.  replace minwage=3.65 if state==50 & ((year==1988 & month>6) | (year==1989 & 
> month<7))
(12 real changes made)

.  replace minwage=3.75 if state==50 & ((year==1989 & month>6) | (year==1990 & 
> month<4))
(9 real changes made)

.  replace minwage=3.85 if state==50 & ((year==1990 & month>3) | (year==1991 & 
> month<4))
(12 real changes made)

.  replace minwage=4.50 if state==50 & year==1995
(12 real changes made)

.  replace minwage=4.75 if state==50 & year==1996
(9 real changes made)

.  replace minwage=5.15 if state==50 & year==1997 & month>6 & month<10
(2 real changes made)

.  replace minwage=5.25 if state==50 & year==1997 & month>9
(3 real changes made)

.  replace minwage=5.25 if state==50 & year==1998
(12 real changes made)

.  replace minwage=5.25 if state==50 & year==1999 & month<10
(9 real changes made)

.  replace minwage=5.75 if state==50 & year==1999 & month>9
(3 real changes made)

.  replace minwage=5.75 if state==50 & year==2000
(12 real changes made)

.  replace minwage=6.25 if state==50 & year==2001
(12 real changes made)

.  replace minwage=6.25 if state==50 & year==2002
(12 real changes made)

.  replace minwage=6.25 if state==50 & year==2003
(12 real changes made)

.  replace minwage=6.75 if state==50 & year==2004
(12 real changes made)

.  replace minwage=7.00 if state==50 & year==2005
(12 real changes made)

.  replace minwage=7.25 if state==50 & year==2006
(12 real changes made)

.  replace minwage=7.53 if state==50 & year==2007
(12 real changes made)

.  replace minwage=7.68 if state==50 & year==2008
(12 real changes made)

.  replace minwage=8.06 if state==50 & year==2009
(12 real changes made)

. 
. * Washington 
.  replace minwage=3.85  if state==53 & year==1989
(12 real changes made)

.  replace minwage=4.25  if state==53 & (year==1990 | year==1991)
(15 real changes made)

.  replace minwage=4.90  if state==53 & (year>1993 & year<1997)
(36 real changes made)

.  replace minwage=4.90  if state==53 & year==1997 & month<9
(8 real changes made)

.  replace minwage=5.70  if state==53 & year==1999
(12 real changes made)

.  replace minwage=6.50  if state==53 & year==2000
(12 real changes made)

. * cpi adjusted from here on out
.  replace minwage=6.72  if state==53 & year==2001
(12 real changes made)

.  replace minwage=6.90  if state==53 & year==2002
(12 real changes made)

.  replace minwage=7.01  if state==53 & year==2003
(12 real changes made)

.  replace minwage=7.16  if state==53 & year==2004
(12 real changes made)

.  replace minwage=7.35  if state==53 & year==2005
(12 real changes made)

.  replace minwage=7.63  if state==53 & year==2006
(12 real changes made)

.  replace minwage=7.93  if state==53 & year==2007
(12 real changes made)

.  replace minwage=8.07  if state==53 & year==2008
(12 real changes made)

.  replace minwage=8.55  if state==53 & year==2009
(12 real changes made)

. 
. 
. * west virginia
.  replace minwage=5.85  if state==54 & year==2006 & month>6
(6 real changes made)

.  replace minwage=5.85  if state==54 & year==2007 & month<7
(6 real changes made)

.  replace minwage=6.55  if state==54 & ((year==2007 & month>6) | (year==2008 &
>  month<7))
(12 real changes made)

.  replace minwage = 7.25 if state==54 & ((year==2008 & month>6) | year==2009)
(13 real changes made)

. 
. 
. * wisconsin
.  replace minwage=5.70 if state==55 & year==2005 & month>5
(7 real changes made)

.  replace minwage=5.70 if state==55 & year==2006 & month<6
(5 real changes made)

.  replace minwage=6.50 if state==55 & ((year==2006 & month>5) | year==2007)
(19 real changes made)

.  replace minwage=6.50 if state==55 & year==2008 & month<8
(7 real changes made)

.  replace minwage = 6.55 if state==55 & ((year==2008 & month>7) | (year==2009 
> & month<8))
(0 real changes made)

.  replace minwage = 7.25 if state==55 & (year==2009 & month>7) 
(0 real changes made)

. 
. 
. * states that are indexing (as of 2008): arizona (but not binding), colorado,
>  florida, missouri,
. *  montana, ohio, oregon, vermont, washington.  
. 
. 
. * global check on state vs federal
. 
. gen lagst = state[_n-1] 
(1 missing value generated)

. gen lagmw = minwage[_n-1] 
(1 missing value generated)

.  replace lagmw=. if year==1982 & month==1
(51 real changes made, 51 to missing)

.  replace lagmw=. if state~=lagst
(50 real changes made, 50 to missing)

. 
. gen check = minwage - usmin

. gen check2 = minwage - lagmw
(102 missing values generated)

.  replace check2=. if state~=lagst
(0 real changes made)

. 
. 
. summarize minwage usmin check check2

    Variable |        Obs        Mean    Std. dev.       Min        Max
-------------+---------------------------------------------------------
     minwage |     18,972    4.516374    1.194809        2.9       8.55
       usmin |     18,972    4.355108    .9896365        2.9       7.25
       check |     18,972    .1612661    .4319102  -.0999999       2.78
      check2 |     18,870    .0121023    .0823329          0        1.8

. summ

    Variable |        Obs        Mean    Std. dev.       Min        Max
-------------+---------------------------------------------------------
       state |     18,972    28.96078    15.67725          1         56
        year |     18,972        1994    8.944508       1979       2009
       month |     18,972         6.5    3.452144          1         12
     minwage |     18,972    4.516374    1.194809        2.9       8.55
       usmin |     18,972    4.355108    .9896365        2.9       7.25
-------------+---------------------------------------------------------
       lagst |     18,971    28.95936    15.67643          1         56
       lagmw |     18,870    4.511737    1.187046        2.9       8.55
       check |     18,972    .1612661    .4319102  -.0999999       2.78
      check2 |     18,870    .0121023    .0823329          0        1.8

. 
. 
. *************************************************************
. *  compute quarterly and annual changes in the minimum wage *
. *************************************************************
. 
. keep state year month minwage usmin

. 
. gen st1 = state[_n-1]
(1 missing value generated)

. gen st2 = state[_n-2]
(2 missing values generated)

. gen st3 = state[_n-3]
(3 missing values generated)

. gen st4 = state[_n-4]
(4 missing values generated)

. gen st5 = state[_n-5]
(5 missing values generated)

. gen st6 = state[_n-6]
(6 missing values generated)

. gen st7 = state[_n-7]
(7 missing values generated)

. gen st8 = state[_n-8]
(8 missing values generated)

. gen st9 = state[_n-9]
(9 missing values generated)

. gen st10 = state[_n-10]
(10 missing values generated)

. gen st11 = state[_n-11]
(11 missing values generated)

. gen st12 = state[_n-12]
(12 missing values generated)

. gen st13 = state[_n-13]
(13 missing values generated)

. gen st14 = state[_n-14]
(14 missing values generated)

. gen st15 = state[_n-15]
(15 missing values generated)

. gen st16 = state[_n-16]
(16 missing values generated)

. gen st17 = state[_n-17]
(17 missing values generated)

. gen st18 = state[_n-18]
(18 missing values generated)

. gen st19 = state[_n-19]
(19 missing values generated)

. gen st20 = state[_n-20]
(20 missing values generated)

. gen st21 = state[_n-21]
(21 missing values generated)

. gen st22 = state[_n-22]
(22 missing values generated)

. gen st23 = state[_n-23]
(23 missing values generated)

. gen st24 = state[_n-24]
(24 missing values generated)

. gen st25 = state[_n-25]
(25 missing values generated)

. gen st26 = state[_n-26]
(26 missing values generated)

. gen st27 = state[_n-27]
(27 missing values generated)

. gen st28 = state[_n-28]
(28 missing values generated)

. gen st29 = state[_n-29]
(29 missing values generated)

. 
. gen st1ld = state[_n+1]
(1 missing value generated)

. gen st2ld = state[_n+2]
(2 missing values generated)

. gen st3ld = state[_n+3]
(3 missing values generated)

. gen st4ld = state[_n+4]
(4 missing values generated)

. gen st5ld = state[_n+5]
(5 missing values generated)

. gen st6ld = state[_n+6]
(6 missing values generated)

. gen st7ld = state[_n+7]
(7 missing values generated)

. gen st8ld = state[_n+8]
(8 missing values generated)

. gen st9ld = state[_n+9]
(9 missing values generated)

. gen st10ld = state[_n+10]
(10 missing values generated)

. gen st11ld = state[_n+11]
(11 missing values generated)

. gen st12ld = state[_n+12]
(12 missing values generated)

. gen st13ld = state[_n+13]
(13 missing values generated)

. gen st14ld = state[_n+14]
(14 missing values generated)

. gen st15ld = state[_n+15]
(15 missing values generated)

. 
. forv x=1/29 {
  2.  gen mw`x' = minwage[_n-`x']
  3.   replace mw`x' = . if state~=st`x'
  4. }
(1 missing value generated)
(50 real changes made, 50 to missing)
(2 missing values generated)
(100 real changes made, 100 to missing)
(3 missing values generated)
(150 real changes made, 150 to missing)
(4 missing values generated)
(200 real changes made, 200 to missing)
(5 missing values generated)
(250 real changes made, 250 to missing)
(6 missing values generated)
(300 real changes made, 300 to missing)
(7 missing values generated)
(350 real changes made, 350 to missing)
(8 missing values generated)
(400 real changes made, 400 to missing)
(9 missing values generated)
(450 real changes made, 450 to missing)
(10 missing values generated)
(500 real changes made, 500 to missing)
(11 missing values generated)
(550 real changes made, 550 to missing)
(12 missing values generated)
(600 real changes made, 600 to missing)
(13 missing values generated)
(650 real changes made, 650 to missing)
(14 missing values generated)
(700 real changes made, 700 to missing)
(15 missing values generated)
(750 real changes made, 750 to missing)
(16 missing values generated)
(800 real changes made, 800 to missing)
(17 missing values generated)
(850 real changes made, 850 to missing)
(18 missing values generated)
(900 real changes made, 900 to missing)
(19 missing values generated)
(950 real changes made, 950 to missing)
(20 missing values generated)
(1,000 real changes made, 1,000 to missing)
(21 missing values generated)
(1,050 real changes made, 1,050 to missing)
(22 missing values generated)
(1,100 real changes made, 1,100 to missing)
(23 missing values generated)
(1,150 real changes made, 1,150 to missing)
(24 missing values generated)
(1,200 real changes made, 1,200 to missing)
(25 missing values generated)
(1,250 real changes made, 1,250 to missing)
(26 missing values generated)
(1,300 real changes made, 1,300 to missing)
(27 missing values generated)
(1,350 real changes made, 1,350 to missing)
(28 missing values generated)
(1,400 real changes made, 1,400 to missing)
(29 missing values generated)
(1,450 real changes made, 1,450 to missing)

. 
. forv x=1/15 {
  2. gen mw`x'ld = minwage[_n+`x']
  3.  replace mw`x'ld=. if state~=st`x'ld
  4. }
(1 missing value generated)
(50 real changes made, 50 to missing)
(2 missing values generated)
(100 real changes made, 100 to missing)
(3 missing values generated)
(150 real changes made, 150 to missing)
(4 missing values generated)
(200 real changes made, 200 to missing)
(5 missing values generated)
(250 real changes made, 250 to missing)
(6 missing values generated)
(300 real changes made, 300 to missing)
(7 missing values generated)
(350 real changes made, 350 to missing)
(8 missing values generated)
(400 real changes made, 400 to missing)
(9 missing values generated)
(450 real changes made, 450 to missing)
(10 missing values generated)
(500 real changes made, 500 to missing)
(11 missing values generated)
(550 real changes made, 550 to missing)
(12 missing values generated)
(600 real changes made, 600 to missing)
(13 missing values generated)
(650 real changes made, 650 to missing)
(14 missing values generated)
(700 real changes made, 700 to missing)
(15 missing values generated)
(750 real changes made, 750 to missing)

. 
. gen dminwage3 = minwage - mw3
(153 missing values generated)

. gen dminwage6 = minwage - mw6
(306 missing values generated)

. gen dminwage9 = minwage - mw9
(459 missing values generated)

. gen dminwage12 = minwage - mw12
(612 missing values generated)

. gen dminwage15 = minwage - mw15
(765 missing values generated)

. 
. gen dlminwage3 = log(minwage) - log(mw3)
(153 missing values generated)

. gen dlminwage6 = log(minwage) - log(mw6)
(306 missing values generated)

. gen dlminwage9 = log(minwage) - log(mw9)
(459 missing values generated)

. gen dlminwage12 = log(minwage) - log(mw12)
(612 missing values generated)

. gen dlminwage15 = log(minwage) - log(mw15)
(765 missing values generated)

. 
. * generate lags of minimum wage
. gen dlminwage3l1 = dlminwage3[_n-3]
(156 missing values generated)

.  replace dlminwage3l1=. if state~=st3
(150 real changes made, 150 to missing)

. 
. gen dlminwage3l2 = dlminwage3[_n-6]
(159 missing values generated)

.  replace dlminwage3l2=. if state~=st6
(300 real changes made, 300 to missing)

. 
. gen dlminwage3l3 = dlminwage3[_n-9]
(162 missing values generated)

.  replace dlminwage3l3=. if state~=st9
(450 real changes made, 450 to missing)

. 
. gen dlminwage3l4 = dlminwage3[_n-12]
(165 missing values generated)

.  replace dlminwage3l4=. if state~=st12
(600 real changes made, 600 to missing)

. 
. gen dlminwage3l5 = dlminwage3[_n-15]
(168 missing values generated)

.  replace dlminwage3l5=. if state~=st15
(750 real changes made, 750 to missing)

. 
. drop if year<1979
(0 observations deleted)

. 
. summarize

    Variable |        Obs        Mean    Std. dev.       Min        Max
-------------+---------------------------------------------------------
       state |     18,972    28.96078    15.67725          1         56
        year |     18,972        1994    8.944508       1979       2009
       month |     18,972         6.5    3.452144          1         12
     minwage |     18,972    4.516374    1.194809        2.9       8.55
       usmin |     18,972    4.355108    .9896365        2.9       7.25
-------------+---------------------------------------------------------
         st1 |     18,971    28.95936    15.67643          1         56
         st2 |     18,970    28.95793    15.67562          1         56
         st3 |     18,969    28.95651     15.6748          1         56
         st4 |     18,968    28.95508    15.67398          1         56
         st5 |     18,967    28.95366    15.67317          1         56
-------------+---------------------------------------------------------
         st6 |     18,966    28.95223    15.67235          1         56
         st7 |     18,965     28.9508    15.67153          1         56
         st8 |     18,964    28.94938    15.67071          1         56
         st9 |     18,963    28.94795    15.66989          1         56
        st10 |     18,962    28.94652    15.66908          1         56
-------------+---------------------------------------------------------
        st11 |     18,961     28.9451    15.66826          1         56
        st12 |     18,960    28.94367    15.66744          1         56
        st13 |     18,959    28.94224    15.66662          1         56
        st14 |     18,958    28.94082     15.6658          1         56
        st15 |     18,957    28.93939    15.66498          1         56
-------------+---------------------------------------------------------
        st16 |     18,956    28.93796    15.66416          1         56
        st17 |     18,955    28.93653    15.66334          1         56
        st18 |     18,954    28.93511    15.66252          1         56
        st19 |     18,953    28.93368     15.6617          1         56
        st20 |     18,952    28.93225    15.66088          1         56
-------------+---------------------------------------------------------
        st21 |     18,951    28.93082    15.66006          1         56
        st22 |     18,950    28.92939    15.65924          1         56
        st23 |     18,949    28.92796    15.65841          1         56
        st24 |     18,948    28.92654    15.65759          1         56
        st25 |     18,947    28.92511    15.65677          1         56
-------------+---------------------------------------------------------
        st26 |     18,946    28.92368    15.65595          1         56
        st27 |     18,945    28.92225    15.65512          1         56
        st28 |     18,944    28.92082     15.6543          1         56
        st29 |     18,943    28.91939    15.65348          1         56
       st1ld |     18,971    28.96226    15.67635          1         56
-------------+---------------------------------------------------------
       st2ld |     18,970    28.96373    15.67545          1         56
       st3ld |     18,969    28.96521    15.67454          1         56
       st4ld |     18,968    28.96668    15.67364          1         56
       st5ld |     18,967    28.96816    15.67274          1         56
       st6ld |     18,966    28.96963    15.67184          1         56
-------------+---------------------------------------------------------
       st7ld |     18,965     28.9711    15.67093          1         56
       st8ld |     18,964    28.97258    15.67003          1         56
       st9ld |     18,963    28.97405    15.66913          1         56
      st10ld |     18,962    28.97553    15.66822          1         56
      st11ld |     18,961    28.97701    15.66732          1         56
-------------+---------------------------------------------------------
      st12ld |     18,960    28.97848    15.66641          1         56
      st13ld |     18,959    28.97996    15.66551          1         56
      st14ld |     18,958    28.98143     15.6646          1         56
      st15ld |     18,957    28.98291     15.6637          1         56
         mw1 |     18,921    4.508633    1.186953        2.9       8.55
-------------+---------------------------------------------------------
         mw2 |     18,870    4.500851     1.17895        2.9       8.55
         mw3 |     18,819    4.493027    1.170797        2.9       8.55
         mw4 |     18,768    4.485173    1.162522        2.9       8.55
         mw5 |     18,717    4.477277    1.154087        2.9       8.55
         mw6 |     18,666    4.470328    1.147601        2.9       8.55
-------------+---------------------------------------------------------
         mw7 |     18,615    4.463354    1.141039        2.9       8.55
         mw8 |     18,564    4.456342    1.134359        2.9       8.55
         mw9 |     18,513    4.449292    1.127559        2.9       8.55
        mw10 |     18,462    4.442202    1.120635        2.9       8.55
        mw11 |     18,411    4.435074    1.113584        2.9       8.55
-------------+---------------------------------------------------------
        mw12 |     18,360    4.427905    1.106402        2.9       8.07
        mw13 |     18,309    4.420953    1.099774        2.9       8.07
        mw14 |     18,258    4.413962    1.093023        2.9       8.07
        mw15 |     18,207    4.406932    1.086147        2.9       8.07
        mw16 |     18,156    4.399876    1.079177        2.9       8.07
-------------+---------------------------------------------------------
        mw17 |     18,105    4.392819    1.072165        2.9       8.07
        mw18 |     18,054    4.386585    1.066508        2.9       8.07
        mw19 |     18,003    4.380382    1.060925        2.9       8.07
        mw20 |     17,952    4.374143    1.055244        2.9       8.07
        mw21 |     17,901    4.367869    1.049462        2.9       8.07
-------------+---------------------------------------------------------
        mw22 |     17,850     4.36156    1.043577        2.9       8.07
        mw23 |     17,799    4.355214    1.037585        2.9       8.07
        mw24 |     17,748    4.348831    1.031484        2.9       7.93
        mw25 |     17,697     4.34266    1.025918        2.9       7.93
        mw26 |     17,646    4.336452    1.020252        2.9       7.93
-------------+---------------------------------------------------------
        mw27 |     17,595    4.330209    1.014483        2.9       7.93
        mw28 |     17,544    4.323944    1.008643        2.9       7.93
        mw29 |     17,493    4.317679    1.002765        2.9       7.93
       mw1ld |     18,921    4.520703    1.193496        2.9       8.55
       mw2ld |     18,870    4.525056    1.192158        2.9       8.55
-------------+---------------------------------------------------------
       mw3ld |     18,819    4.529432    1.190795        2.9       8.55
       mw4ld |     18,768    4.533832    1.189406        2.9       8.55
       mw5ld |     18,717    4.538256    1.187993        2.9       8.55
       mw6ld |     18,666    4.542704    1.186553        2.9       8.55
       mw7ld |     18,615    4.547177    1.185086        2.9       8.55
-------------+---------------------------------------------------------
       mw8ld |     18,564    4.551674    1.183593        2.9       8.55
       mw9ld |     18,513    4.556196    1.182072        2.9       8.55
      mw10ld |     18,462    4.560743    1.180524        2.9       8.55
      mw11ld |     18,411    4.565315    1.178947        2.9       8.55
      mw12ld |     18,360    4.569913    1.177341        3.1       8.55
-------------+---------------------------------------------------------
      mw13ld |     18,309    4.573979    1.176447        3.1       8.55
      mw14ld |     18,258    4.578068    1.175534        3.1       8.55
      mw15ld |     18,207    4.582179      1.1746        3.1       8.55
   dminwage3 |     18,819    .0364052    .1401061          0        1.8
   dminwage6 |     18,666    .0723765    .1912781          0        1.8
-------------+---------------------------------------------------------
   dminwage9 |     18,513    .1069043    .2256086          0          2
  dminwage12 |     18,360    .1420076    .2540942          0        2.1
  dminwage15 |     18,207    .1752474    .3045034          0        2.1
  dlminwage3 |     18,819    .0075694    .0276985          0   .2997449
  dlminwage6 |     18,666    .0151139    .0378092          0   .2997449
-------------+---------------------------------------------------------
  dlminwage9 |     18,513    .0224889    .0446137          0   .3281156
 dlminwage12 |     18,360    .0299868    .0500818          0   .3420047
 dlminwage15 |     18,207    .0369465    .0599274          0   .3420047
dlminwage3l1 |     18,666    .0074825    .0275873          0   .2997449
dlminwage3l2 |     18,513      .00725    .0272543          0   .2997449
-------------+---------------------------------------------------------
dlminwage3l3 |     18,360    .0073105    .0273595          0   .2997449
dlminwage3l4 |     18,207    .0072665     .027361          0   .2997449
dlminwage3l5 |     18,054    .0071723     .027218          0   .2997449

. 
. drop st1-st15 st1ld st2ld st3ld st4ld st5ld st6ld st7ld st8ld st9ld st10ld st
> 11ld st12ld st13ld st14ld st15ld

. 
. * drop DC which I really don't have a good series for
. drop if state==11
(372 observations deleted)

. 
. * thru 2008
. * drop if year>2008
. 
. 
. sort state year month

. 
. save mw7909, replace
(file mw7909.dta not found)
file mw7909.dta saved

. 
. * Make a few adjustments for credit card data version
. 
. ren state stfips

. 
. * Make nominal copies of a few measures we will use later.
. ren minwage mw

. gen mw_nominal = mw

. gen mw5_nominal = mw5
(250 missing values generated)

. gen mw6_nominal = mw6
(300 missing values generated)

.  
. 
. * Now make everything else real
. gen pce = 0

.  replace pce=0.7695 if year == 1992
(600 real changes made)

.  replace pce=0.7864 if year == 1993
(600 real changes made)

.  replace pce=0.8027 if year == 1994
(600 real changes made)

.  replace pce=0.8204 if year == 1995
(600 real changes made)

.  replace pce=0.8383 if year == 1996
(600 real changes made)

.  replace pce=0.8539 if year == 1997
(600 real changes made)

.  replace pce=0.8621 if year == 1998
(600 real changes made)

.  replace pce=0.8760 if year == 1999
(600 real changes made)

.  replace pce=0.8978 if year == 2000
(600 real changes made)

.  replace pce=0.9149 if year == 2001
(600 real changes made)

.  replace pce=0.9274 if year == 2002
(600 real changes made)

.  replace pce=0.9462 if year == 2003
(600 real changes made)

.  replace pce=0.9710 if year == 2004
(600 real changes made)

.  replace pce=1.0000 if year == 2005
(600 real changes made)

.  replace pce=1.0275 if year == 2006
(600 real changes made)

.  replace pce=1.0550 if year == 2007
(600 real changes made)

.  replace pce=1.0903 if year == 2008
(600 real changes made)

. 
. sort stfips year month

.  
. replace mw = mw / pce
(18,000 real changes made, 8,400 to missing)

. forv x=1/29 {
  2.  by stfips: replace mw`x' = mw`x' / pce[_n-`x']
  3. }
(17,950 real changes made, 8,350 to missing)
(17,900 real changes made, 8,300 to missing)
(17,850 real changes made, 8,250 to missing)
(17,800 real changes made, 8,200 to missing)
(17,750 real changes made, 8,150 to missing)
(17,700 real changes made, 8,100 to missing)
(17,650 real changes made, 8,050 to missing)
(17,600 real changes made, 8,000 to missing)
(17,550 real changes made, 7,950 to missing)
(17,500 real changes made, 7,900 to missing)
(17,450 real changes made, 7,850 to missing)
(17,400 real changes made, 7,800 to missing)
(17,350 real changes made, 7,800 to missing)
(17,300 real changes made, 7,800 to missing)
(17,250 real changes made, 7,800 to missing)
(17,200 real changes made, 7,800 to missing)
(17,150 real changes made, 7,800 to missing)
(17,100 real changes made, 7,800 to missing)
(17,050 real changes made, 7,800 to missing)
(17,000 real changes made, 7,800 to missing)
(16,950 real changes made, 7,800 to missing)
(16,900 real changes made, 7,800 to missing)
(16,850 real changes made, 7,800 to missing)
(16,800 real changes made, 7,800 to missing)
(16,750 real changes made, 7,800 to missing)
(16,700 real changes made, 7,800 to missing)
(16,650 real changes made, 7,800 to missing)
(16,600 real changes made, 7,800 to missing)
(16,550 real changes made, 7,800 to missing)

. forv x=1/15 {
  2.  by stfips: replace mw`x' = mw`x'ld / pce[_n+`x']
  3. }
(2,142 real changes made, 100 to missing)
(4,214 real changes made, 200 to missing)
(6,082 real changes made, 300 to missing)
(7,806 real changes made, 400 to missing)
(9,334 real changes made, 500 to missing)
(10,800 real changes made, 600 to missing)
(10,900 real changes made, 700 to missing)
(11,000 real changes made, 800 to missing)
(11,100 real changes made, 900 to missing)
(11,200 real changes made, 1,000 to missing)
(11,300 real changes made, 1,100 to missing)
(11,400 real changes made, 1,200 to missing)
(11,450 real changes made, 1,250 to missing)
(11,500 real changes made, 1,300 to missing)
(11,550 real changes made, 1,350 to missing)

. 
. keep if year>=1995 & year<=2008
(10,200 observations deleted)

. ren year year_num

. 
. sort stfips year_num month

. 
. save mw9508.dta, replace
(file mw9508.dta not found)
file mw9508.dta saved

.  
. exit, clear

end of do-file

. 
. * mw.do saves mw7909.dta and mw9508.dta
. * cps.do needs mw7909a.dta (from addotherprogs.do which needs missing data)
. * Since cps.do only uses `keep(minwage)` from mw7909a, we can just copy it
. copy mw7909.dta mw7909a.dta, replace
(file mw7909a.dta not found)

. 
. di _n "===== mw.do DONE ====="

===== mw.do DONE =====

. 
. * ===========================================================================
> ==
. * STEP 2: Run CPS analysis (adapted from cps.do)
. * The cps.do creates rep_cps and runs regressions logged to cps_table*.log
. * ===========================================================================
> ==
. di _n "===== RUNNING cps.do (adapted) ====="

===== RUNNING cps.do (adapted) =====

. do "$outdir/cps_adapted.do"

. // Program to replicate Aaronson, Agarwal, French Minimum Wage Results
. // that use the Current Population Survey. 
. 
. cd "C:/Users/Usuario/Documents/GitHub/twfe_survey/data/2010-2012/Aaronson et 
> al. (2012)/Supplemental-Files-for-AAF/unix_files"
C:\Users\Usuario\Documents\GitHub\twfe_survey\data\2010-2012\Aaronson et al. (2
> 012)\Supplemental-Files-for-AAF\unix_files

. 
. clear all

. cap set mem 3g

. capture log close
