
. 
. * --- Install packages ---
. cap which estout

. if _rc ssc install estout, replace

. cap which twowayfeweights

. if _rc ssc install twowayfeweights, replace

. 
. 
. /*==============================================================================
>   STEP 1: DATA EXPLORATION
> ==============================================================================*/
. 
. di _n "============================================================"

============================================================

. di "  STEP 1: DATA EXPLORATION"
  STEP 1: DATA EXPLORATION

. di "============================================================"
============================================================

. 
. use "$datadir/aer_primarysample.dta", clear

. 
. di _n "--- Dataset dimensions ---"

--- Dataset dimensions ---

. di "Observations: " _N
Observations: 1392

. desc, short

Contains data from /Users/anzony.quisperojas/Documents/GitHub/twfe_survey/data/2015-2019/Antecol et al. (2018)/data/aer_primarysample.dta
 Observations:         1,392                  
    Variables:            49                  7 Feb 2018 14:38
Sorted by: pol_u  gncs  female

. 
. di _n "--- Panel structure ---"

--- Panel structure ---

. qui tab pol_u

. di "Universities (G): " r(r)
Universities (G): 49

. qui tab pol_job_start

. di "Job start years (T): " r(r)
Job start years (T): 26

. 
. di _n "--- Treatment variables ---"

--- Treatment variables ---

. tab gncs, missing

       gncs |      Freq.     Percent        Cum.
------------+-----------------------------------
          0 |      1,076       77.30       77.30
          1 |        316       22.70      100.00
------------+-----------------------------------
      Total |      1,392      100.00

. tab focs, missing

       focs |      Freq.     Percent        Cum.
------------+-----------------------------------
          0 |      1,169       83.98       83.98
          1 |        223       16.02      100.00
------------+-----------------------------------
      Total |      1,392      100.00

. tab gncs focs, missing

           |         focs
      gncs |         0          1 |     Total
-----------+----------------------+----------
         0 |       853        223 |     1,076 
         1 |       316          0 |       316 
-----------+----------------------+----------
     Total |     1,169        223 |     1,392 

. 
. di _n "--- Treatment timing (gncs adoption) ---"

--- Treatment timing (gncs adoption) ---

. * How many university-year cells
. preserve

. collapse (mean) gncs focs tenure_policy_school, by(pol_u pol_job_start)

. di "University x Year cells: " _N
University x Year cells: 794

. qui tab pol_u

. di "Universities: " r(r)
Universities: 49

. qui tab pol_job_start

. di "Year cohorts: " r(r)
Year cohorts: 26

. tab gncs, missing

(mean) gncs |      Freq.     Percent        Cum.
------------+-----------------------------------
          0 |        598       75.31       75.31
          1 |        196       24.69      100.00
------------+-----------------------------------
      Total |        794      100.00

. tab focs, missing

(mean) focs |      Freq.     Percent        Cum.
------------+-----------------------------------
          0 |        678       85.39       85.39
          1 |        116       14.61      100.00
------------+-----------------------------------
      Total |        794      100.00

. restore

. 
. di _n "--- Outcome variable ---"

--- Outcome variable ---

. summarize tenure_policy_school, detail

                    tenure_policy_school
-------------------------------------------------------------
      Percentiles      Smallest
 1%            0              0
 5%            0              0
10%            0              0       Obs               1,392
25%            0              0       Sum of wgt.       1,392

50%            0                      Mean           .2938218
                        Largest       Std. dev.       .455675
75%            1              1
90%            1              1       Variance       .2076397
95%            1              1       Skewness       .9052603
99%            1              1       Kurtosis       1.819496

. 
. di _n "--- Key control variables ---"

--- Key control variables ---

. summarize female phd_rank post_doc, detail

                           female
-------------------------------------------------------------
      Percentiles      Smallest
 1%            0              0
 5%            0              0
10%            0              0       Obs               1,392
25%            0              0       Sum of wgt.       1,392

50%            0                      Mean           .1738506
                        Largest       Std. dev.      .3791171
75%            0              1
90%            1              1       Variance       .1437298
95%            1              1       Skewness       1.721192
99%            1              1       Kurtosis       3.962501

                          phd_rank
-------------------------------------------------------------
      Percentiles      Smallest
 1%            1              1
 5%            1              1
10%            1              1       Obs               1,392
25%            1              1       Sum of wgt.       1,392

50%            2                      Mean           2.459052
                        Largest       Std. dev.      1.327058
75%            3              5
90%            5              5       Variance       1.761083
95%            5              5       Skewness       .4944407
99%            5              5       Kurtosis       2.186408

                          post_doc
-------------------------------------------------------------
      Percentiles      Smallest
 1%            0              0
 5%            0              0
10%            0              0       Obs               1,392
25%            0              0       Sum of wgt.       1,392

50%            0                      Mean           .0359195
                        Largest       Std. dev.      .1861564
75%            0              1
90%            0              1       Variance       .0346542
95%            0              1       Skewness       4.987711
99%            1              1       Kurtosis       25.87726

. 
. di _n "--- Gender distribution ---"

--- Gender distribution ---

. tab female

     female |      Freq.     Percent        Cum.
------------+-----------------------------------
          0 |      1,150       82.61       82.61
          1 |        242       17.39      100.00
------------+-----------------------------------
      Total |      1,392      100.00

. 
. 
. /*==============================================================================
>   STEP 2: REPLICATE TABLE 2 — Main Results
>   Specification: reg tenure ~ policy_vars controls i.year*i.female i.univ*i.female
>   This is the full interacted specification (separate FE by gender)
> ==============================================================================*/
. 
. di _n "============================================================"

============================================================

. di "  STEP 2: REPLICATE TABLE 2"
  STEP 2: REPLICATE TABLE 2

. di "============================================================"
============================================================

. 
. local ulist phd_rank phd_rank_miss post_doc ug_students grad_students ///
>     faculty full_av_salary assist_av_salary revenue female_ratio ///
>     full_ratio faculty_miss revenue_miss female_ratio_miss full_ratio_miss

. local plist focs f_focs gncs f_gncs focs0 f_focs0 gncs0 f_gncs0

. 
. gen any_gender_tenure = (gncs + focs)>0

. gen D = female* any_gender_tenure

. 
. bys pol_u pol_job_start: egen meanY_male = mean(tenure_policy_school) if female == 0
(242 missing values generated)

. bys pol_u pol_job_start: egen meanY_male_aux = mean( meanY_male )
(100 missing values generated)

. 
. replace meanY_male = meanY_male_aux if meanY_male == .
(142 real changes made)

. replace meanY_male = 0 if meanY_male == .
(100 real changes made)

. 
. bys pol_u: egen meanY_female =  mean(tenure_policy_school) if female == 1
(1,150 missing values generated)

. bys pol_u pol_job_start: egen meanY_female_aux = mean( meanY_female )
(915 missing values generated)

. replace meanY_female = meanY_female_aux if meanY_female == .
(235 real changes made)

. replace meanY_female = 0 if meanY_female == .
(915 real changes made)

. 
. gen diff_male_female = meanY_male - meanY_female

. count if diff_male_female == .
  0

. 
. did_multiplegt_dyn tenure_policy_school pol_u pol_job_start any_gender_tenure, effects(2)


--------------------------------------------------------------------------------
             Estimation of treatment effects: Event-study effects
--------------------------------------------------------------------------------

             |  Estimate         SE      LB CI      UB CI          N  Switchers 
-------------+-----------------------------------------------------------------
    Effect_1 |  .0250361   .1656292  -.2995912   .3496634        102         40 
    Effect_2 | -.1347526   .1616239  -.4515297   .1820245         81         29 
--------------------------------------------------------------------------------
Test of joint nullity of the effects : p-value = .63557673


--------------------------------------------------------------------------------
               Average cumulative (total) effect per treatment unit
--------------------------------------------------------------------------------

             |  Estimate         SE      LB CI      UB CI          N     Switch  x Periods 
-------------+----------------------------------------------------------------------------
  Av_tot_eff |  -.055892   .1792009  -.4071192   .2953352        178         69            
--------------------------------------------------------------------------------
Average number of time periods over which a treatment's effect is accumulated = 1.75


The development of this package was funded by the European Union (ERC, REALLYCREDIBLE,GA N°101043899).

. gen aux = 1

. 
. collapse (mean) any_gender_tenure tenure_policy_school (sum ) aux, by(pol_job_start pol_u )

. 
. rename any_gender_tenure D

. rename tenure_policy_school Y

. rename pol_job_start T

. rename pol_u G

. rename aux WEIGHTS

. save "$outdir/panel_GTD.dta", replace
file /Users/anzony.quisperojas/Documents/GitHub/twfe_survey/replications/2015-2019/Antecol et al. (2018)/panel_GTD.dta saved

. 
end of do-file

. tab D

     (mean) |
any_gender_ |
     tenure |      Freq.     Percent        Cum.
------------+-----------------------------------
          0 |        482       60.71       60.71
          1 |        312       39.29      100.00
------------+-----------------------------------
      Total |        794      100.00

. use "/Users/anzony.quisperojas/Documents/GitHub/twfe_survey/reports/classify_did_results.dta"

. br paper design_s2

. do "/Users/anzony.quisperojas/Documents/GitHub/twfe_survey/copy_panels_GTD.do"

. /*==============================================================================
>   copy_panels_GTD.do
>   Copy panel_GTD.dta for the 21 selected papers into a consolidated folder.
> 
>   Destination structure:
>     $twfe_root/panels_GTD/2010-2012/<folder>/panel_GTD.dta
>     $twfe_root/panels_GTD/2015-2019/<folder>/panel_GTD.dta
> ==============================================================================*/
. 
. clear all

. set more off

. cap log close _all
