------------------------------------------------------------------------------------------------------------------------------
      name:  <unnamed>
       log:  /Users/anzony.quisperojas/Documents/GitHub/twfe_survey/replications/2010-2012/Forman et al. (2012)/run_twowayfe.l
> og
  log type:  text
 opened on:  23 Jun 2026, 09:29:05

. 
. * Install packages if needed
. cap which twowayfeweights

. if _rc ssc install twowayfeweights, replace

. 
. * Helper program: significance stars
. cap program drop _stars

. program define _stars, rclass
  1.     args b se
  2.     local s ""
  3.     if `se' > 0 & `se' < . {
  4.         local t = abs(`b'/`se')
  5.         if `t' > 2.576      local s "***"
  6.         else if `t' > 1.960 local s "**"
  7.         else if `t' > 1.645 local s "*"
  8.     }
  9.     return local s "`s'"
 10. end

. 
. 
. /*==============================================================================
>   STEP 1: DATA PREPARATION
>   Load cross-sectional county growth data (differences 1995-2000).
> ==============================================================================*/
. 
. use "$datadir/countygrowth.dta", clear

. 
. * Define control variable globals (following original tables.do)
. global controls "lnpop pctblk1990 pctunivp1990 pctHSp1990 pctbelowPL1990 medhhinc1990 carnegie1_enr frac_in_eng_prog npatent
> 1980s frprof pct65p1990 netmig95"

. global change "change_totalpop change_pctblk change_pctunivp change_pctHSp change_pct65 change_netmig"

. 
. di _n "=== DATA SUMMARY ==="

=== DATA SUMMARY ===

. di "Observations: " _N
Observations: 3137

. desc, short

Contains data from /Users/anzony.quisperojas/Documents/GitHub/twfe_survey/data/2010-2012/Forman et al. (2012)/data_and_program
> s/countygrowth.dta
 Observations:         3,137                  
    Variables:            78                  23 Dec 2010 15:43
Sorted by: 

. di ""


. di "--- Outcome: wagediff (log wage difference 2000-1995) ---"
--- Outcome: wagediff (log wage difference 2000-1995) ---

. summ wagediff

    Variable |        Obs        Mean    Std. dev.       Min        Max
-------------+---------------------------------------------------------
    wagediff |      3,135    .1871129    .0903313  -1.752229   1.116762

. di ""


. di "--- Treatment: surv_deeppost00 (fraction firms with advanced Internet) ---"
--- Treatment: surv_deeppost00 (fraction firms with advanced Internet) ---

. summ surv_deeppost00, detail

                       surv_deeppost00
-------------------------------------------------------------
      Percentiles      Smallest
 1%            0              0
 5%            0              0
10%            0              0       Obs               2,744
25%            0              0       Sum of wgt.       2,744

50%     .0510988                      Mean           .0889594
                        Largest       Std. dev.      .1331851
75%     .1348204              1
90%     .2156656              1       Variance       .0177383
95%     .3054763              1       Skewness       3.138557
99%      .696746              1       Kurtosis       17.68739

. di ""


. di "--- Counties with zero Internet adoption ---"
--- Counties with zero Internet adoption ---

. count if surv_deeppost00 == 0
  1,266

. di "  N with surv_deeppost00 = 0: " r(N) " (stable groups)"
  N with surv_deeppost00 = 0: 1266 (stable groups)

. count if surv_deeppost00 == .
  393

. di "  N with surv_deeppost00 = .: " r(N) " (missing)"
  N with surv_deeppost00 = .: 393 (missing)

. di ""


. di "--- Control variables ---"
--- Control variables ---

. summ $controls $change

    Variable |        Obs        Mean    Std. dev.       Min        Max
-------------+---------------------------------------------------------
       lnpop |      3,133    10.13724    1.362377   5.869297   15.99741
  pctblk1990 |      3,133    .0859135    .1434077          0   .8623599
pctunivp1990 |      3,133     .135626    .0659502   .0369234    .536558
  pctHSp1990 |      3,133    .6980041    .1038917    .316821   .9620341
pctbelo~1990 |      3,133    .1666633     .079341   .0218017   .6311771
-------------+---------------------------------------------------------
medhhinc1990 |      3,133    23.98513    6.611217      8.595     59.284
carnegie1_~r |      3,135    .0073315    .0650162          0   2.615438
frac_in_en~g |      3,135    .0009166    .0055113          0   .1124744
npatent1980s |      3,135    .1367949    .6516501          0     20.417
      frprof |      3,135     .352158    .0658086   .1601852   .6743993
-------------+---------------------------------------------------------
  pct65p1990 |      3,133    .1485615    .0441805   .0086516   .3408993
    netmig95 |      3,135    .2517496    3.625649   -138.933     72.891
change_tot~p |      3,133    .0961921    .1334301  -.5506092   1.068313
change_pct~k |      3,133    .0014116    .0175287  -.0993582   .2724413
change_pc~vp |      3,133   -.0265676    .0209848  -.1461147   .0748242
-------------+---------------------------------------------------------
change_pc~Sp |      3,133   -.1874276    .0522072  -.3237122  -.0293158
change_pct65 |      3,133     -.00112    .0145117  -.0918587   .0851139
change_net~g |      3,135   -.1436606     3.28659    -54.679    141.387

. 
end of do-file

. do "/var/folders/gb/56xms55d53n734tnp7xq55bh0000gq/T//SD24177.000000"

. 
. di _n "=============================================="

==============================================

. di "  STEP 6: SAVE CLEAN PANEL .dta (G, T, D)"
  STEP 6: SAVE CLEAN PANEL .dta (G, T, D)

. di "=============================================="
==============================================

. 
. * Rebuild 2-period panel (period lost after use `base' in STEP 4)
. use "$datadir/countygrowth.dta", clear

. gen county_id = _n

. local N_counties = _N

. expand 2
(3,137 observations created)

. bysort county_id: gen period = cond(_n==1, 1995, 2000)

. bysort county_id: replace surv_deeppost00 = 0 if period == 1995
(1871 real changes made)

. bysort county_id: replace wagediff = . if period == 1995
(3135 real changes made, 3135 to missing)

. keep county_id period surv_deeppost00 wagediff

. 
. label variable county_id        "G: County numeric ID"

. label variable period           "T: Period (1995/2000)"

. label variable surv_deeppost00  "D: Advanced Internet adoption"

. label variable wagediff         "Y: Wage growth differential"

. 
. egen aux = group(period)

. replace period = aux
(6,274 real changes made)

. 
. rename county_id G

. rename period T

. rename surv_deeppost00 D

. rename wagediff Y

. 
. 
. 
. save "$outdir/panel_GTD.dta", replace
file /Users/anzony.quisperojas/Documents/GitHub/twfe_survey/replications/2010-2012/Forman et al. (2012)/panel_GTD.dta saved

. di "  -> panel_GTD.dta saved with " _N " observations"
  -> panel_GTD.dta saved with 6274 observations

. di "  G = county_id, T = period, D = surv_deeppost00"
  G = county_id, T = period, D = surv_deeppost00

. 
. log close _all
      name:  <unnamed>
       log:  /Users/anzony.quisperojas/Documents/GitHub/twfe_survey/replications/2010-2012/Forman et al. (2012)/run_twowayfe.l
> og
  log type:  text
 closed on:  23 Jun 2026, 09:29:08
------------------------------------------------------------------------------------------------------------------------------
