
. 
. * --- Install packages ---
. cap which estout

. if _rc ssc install estout, replace

. cap which twowayfeweights

. if _rc ssc install twowayfeweights, replace

. 
. 
. /*==============================================================================
>   STEP 1: DATA PREPARATION
> ==============================================================================*/
. 
. di _n "============================================================"

============================================================

. di "  STEP 1: DATA PREPARATION"
  STEP 1: DATA PREPARATION

. di "============================================================"
============================================================

. 
. use "$datadir/maindata.dta", clear

. 
. sort region time

. tsset region time, quarterly

Panel variable: region (unbalanced)
 Time variable: time, 1983q1 to 2009q1
         Delta: 1 quarter

. 
. di _n "--- Panel structure ---"

--- Panel structure ---

. di "Observations: " _N
Observations: 1547

. qui tab region

. di "Regions (G): " r(r)
Regions (G): 15

. qui tab time

. di "Quarters (T): " r(r)
Quarters (T): 105

. 
. di _n "--- Key variables ---"

--- Key variables ---

. summarize lnhouseprice wtotaldeaths l1unempl, detail

                        lnhouseprice
-------------------------------------------------------------
      Percentiles      Smallest
 1%     10.12021       10.05286
 5%     10.21786       10.05771
10%     10.27629       10.06169       Obs               1,049
25%     10.47827       10.07369       Sum of wgt.       1,049

50%     10.94424                      Mean           11.04753
                        Largest       Std. dev.      .6502216
75%      11.5323       12.55884
90%     12.06269       12.56078       Variance       .4227882
95%     12.26275       12.56353       Skewness       .5115572
99%     12.46678       12.58769       Kurtosis       2.199138

                        wtotaldeaths
-------------------------------------------------------------
      Percentiles      Smallest
 1%            0              0
 5%            0              0
10%            0              0       Obs               1,155
25%            0              0       Sum of wgt.       1,155

50%            0                      Mean            .385955
                        Largest       Std. dev.      .9999999
75%     .4249552       7.649194
90%     1.274866       9.773971       Variance       .9999997
95%     2.124776       9.773971       Skewness        5.33406
99%     5.099463        12.3237       Kurtosis       43.15058

                          L1unempl
-------------------------------------------------------------
      Percentiles      Smallest
 1%     7.121387       6.908089
 5%       7.3053       7.003671
10%     7.434848         7.0187       Obs                 946
25%     7.825645       7.021381       Sum of wgt.         946

50%     8.471601                      Mean           8.422446
                        Largest       Std. dev.      .7327105
75%     8.930098       10.37077
90%     9.292688       10.37916       Variance       .5368647
95%     9.515543       10.40805       Skewness       .2827541
99%      10.2763        10.4544       Kurtosis       2.686469

. 
. 
. /*==============================================================================
>   STEP 2: REPLICATE TABLE 1 — Cols 3, 5, 6
>   All use maindata.dta with xtreg, fe cluster(region)
>   Author's table-1.do uses manual time dummies
> ==============================================================================*/
. 
end of do-file

. do "/var/folders/gb/56xms55d53n734tnp7xq55bh0000gq/T//SD24177.000000"

. gen L1_wtd = L1.wtotaldeaths
(403 missing values generated)

. 
end of do-file

. do "/var/folders/gb/56xms55d53n734tnp7xq55bh0000gq/T//SD24177.000000"

. drop if missing(lnhouseprice, L1_wtd)
(498 observations deleted)

. 
end of do-file

. do "/var/folders/gb/56xms55d53n734tnp7xq55bh0000gq/T//SD24177.000000"

. 
. keep region time L1_wtd lnhouseprice

. 
. label variable region        "G: NI region (11 regions)"

. label variable time          "T: Quarter"

. label variable L1_wtd        "D: Lagged killings per SD"

. label variable lnhouseprice  "Y: Log house price"

. 
. rename region G

. rename time T

. rename L1_wtd D

. rename lnhouseprice Y

. egen aux = group(T)

. replace T = aux
(1,049 real changes made)

. drop aux

. 
. save "$outdir/panel_GTD.dta", replace
file /Users/anzony.quisperojas/Documents/GitHub/twfe_survey/replications/2010-2012/Besley and Mueller (2012)/panel_GTD.dta
    saved

. di "  -> panel_GTD.dta saved with " _N " observations"
  -> panel_GTD.dta saved with 1049 observations

. di "  G = region, T = time, D = L1_wtd"
  G = region, T = time, D = L1_wtd

. 
. cap log close detail
