-------------------------------------------------------------------------------
      name:  <unnamed>
       log:  C:/Users/Usuario/Documents/GitHub/twfe_survey/replications/2010-20
> 12/Acemoglu et al. (2011)/full/run_acemoglu_t5t6.log
  log type:  text
 opened on:   6 May 2026, 00:29:20

. 
. * ===========================================================================
> ==
. * TABLE 5: Cross-sectional Agriculture/Industry
. * ===========================================================================
> ==
. di _n "===== TABLE 5: Agriculture and Industry ====="

===== TABLE 5: Agriculture and Industry =====

. 
. log using "$outdir/table5.log", text replace name(t5)
(file
    C:/Users/Usuario/Documents/GitHub/twfe_survey/replications/2010-2012/Acem
    > oglu et al. (2011)/full/table5.log not found)
-------------------------------------------------------------------------------
      name:  t5
       log:  C:/Users/Usuario/Documents/GitHub/twfe_survey/replications/2010-20
> 12/Acemoglu et al. (2011)/full/table5.log
  log type:  text
 opened on:   6 May 2026, 00:29:20

. 
. use "$datadir/20100816_replication_dataset_t5.dta", clear
(Replication dataset for "Consequences of Radical Reform", Table 5)

. tsset id year

Panel variable: id (strongly balanced)
 Time variable: year, 1849 to 1939, but with gaps
         Delta: 1 unit

. drop if year>1914
(62 observations deleted)

. 
. levelsof year, local(timeperiods)
1849 1882 1895 1907

. 
. local first = 1

. * Agriculture: West Elbe, weighted
. foreach X of local timeperiods {
  2.     di _n "--- Table 5, Col 1, year `X' ---"
  3.     reg agric fpresence if year==`X' & imputed==0 & westelbe==1 [aweight=p
> op1849], cl(state)
  4.     if `first' == 1 {
  5.         outreg2 fpresence using "$outdir/table5_results.xls", br noaster c
> title("T5 C1 yr`X'") replace
  6.         local first = 0
  7.     }
  8.     else {
  9.         outreg2 fpresence using "$outdir/table5_results.xls", br noaster c
> title("T5 C1 yr`X'")
 10.     }
 11. }

--- Table 5, Col 1, year 1849 ---
(sum of wgt is 12,275,730)

Linear regression                               Number of obs     =         23
                                                F(1, 2)           =       0.84
                                                Prob > F          =     0.4558
                                                R-squared         =     0.0528
                                                Root MSE          =      15.43

                                  (Std. err. adjusted for 3 clusters in state)
------------------------------------------------------------------------------
             |               Robust
       agric | Coefficient  std. err.      t    P>|t|     [95% conf. interval]
-------------+----------------------------------------------------------------
   fpresence |  -.4297836    .468454    -0.92   0.456    -2.445378    1.585811
       _cons |     59.107   10.03776     5.89   0.028       15.918     102.296
------------------------------------------------------------------------------
C:/Users/Usuario/Documents/GitHub/twfe_survey/replications/2010-2012/Acemoglu e
> t al. (2011)/full/table5_results.xls
dir : seeout

--- Table 5, Col 1, year 1882 ---
(sum of wgt is 20,462,465)

Linear regression                               Number of obs     =         44
                                                F(1, 7)           =       2.49
                                                Prob > F          =     0.1587
                                                R-squared         =     0.0485
                                                Root MSE          =     14.404

                                  (Std. err. adjusted for 8 clusters in state)
------------------------------------------------------------------------------
             |               Robust
       agric | Coefficient  std. err.      t    P>|t|     [95% conf. interval]
-------------+----------------------------------------------------------------
   fpresence |  -.4498821   .2851578    -1.58   0.159    -1.124173    .2244088
       _cons |   48.73236   5.264907     9.26   0.000     36.28283    61.18189
------------------------------------------------------------------------------
C:/Users/Usuario/Documents/GitHub/twfe_survey/replications/2010-2012/Acemoglu e
> t al. (2011)/full/table5_results.xls
dir : seeout

--- Table 5, Col 1, year 1895 ---
(sum of wgt is 20,462,465)

Linear regression                               Number of obs     =         44
                                                F(1, 7)           =       4.60
                                                Prob > F          =     0.0690
                                                R-squared         =     0.0818
                                                Root MSE          =     13.803

                                  (Std. err. adjusted for 8 clusters in state)
------------------------------------------------------------------------------
             |               Robust
       agric | Coefficient  std. err.      t    P>|t|     [95% conf. interval]
-------------+----------------------------------------------------------------
   fpresence |  -.5697764   .2655278    -2.15   0.069     -1.19765    .0580971
       _cons |   43.95212   4.628967     9.50   0.000     33.00635    54.89789
------------------------------------------------------------------------------
C:/Users/Usuario/Documents/GitHub/twfe_survey/replications/2010-2012/Acemoglu e
> t al. (2011)/full/table5_results.xls
dir : seeout

--- Table 5, Col 1, year 1907 ---
(sum of wgt is 20,462,465)

Linear regression                               Number of obs     =         44
                                                F(1, 7)           =       3.88
                                                Prob > F          =     0.0896
                                                R-squared         =     0.0633
                                                Root MSE          =     15.412

                                  (Std. err. adjusted for 8 clusters in state)
------------------------------------------------------------------------------
             |               Robust
       agric | Coefficient  std. err.      t    P>|t|     [95% conf. interval]
-------------+----------------------------------------------------------------
   fpresence |  -.5540466   .2813816    -1.97   0.090    -1.219408    .1113151
       _cons |   40.91545   4.979258     8.22   0.000     29.14138    52.68953
------------------------------------------------------------------------------
C:/Users/Usuario/Documents/GitHub/twfe_survey/replications/2010-2012/Acemoglu e
> t al. (2011)/full/table5_results.xls
dir : seeout

. 
. * Agriculture: West Elbe, unweighted
. foreach X of local timeperiods {
  2.     di _n "--- Table 5, Col 2, year `X' ---"
  3.     reg agric fpresence if year==`X' & imputed==0 & westelbe==1, cl(state)
  4.     outreg2 fpresence using "$outdir/table5_results.xls", br noaster ctitl
> e("T5 C2 yr`X'")
  5. }

--- Table 5, Col 2, year 1849 ---

Linear regression                               Number of obs     =         23
                                                F(1, 2)           =       0.80
                                                Prob > F          =     0.4656
                                                R-squared         =     0.0519
                                                Root MSE          =     14.577

                                  (Std. err. adjusted for 3 clusters in state)
------------------------------------------------------------------------------
             |               Robust
       agric | Coefficient  std. err.      t    P>|t|     [95% conf. interval]
-------------+----------------------------------------------------------------
   fpresence |  -.4110288   .4596646    -0.89   0.466    -2.388806    1.566748
       _cons |   60.19079   9.059996     6.64   0.022     21.20877    99.17281
------------------------------------------------------------------------------
C:/Users/Usuario/Documents/GitHub/twfe_survey/replications/2010-2012/Acemoglu e
> t al. (2011)/full/table5_results.xls
dir : seeout

--- Table 5, Col 2, year 1882 ---

Linear regression                               Number of obs     =         44
                                                F(1, 7)           =       3.97
                                                Prob > F          =     0.0865
                                                R-squared         =     0.0590
                                                Root MSE          =     13.402

                                  (Std. err. adjusted for 8 clusters in state)
------------------------------------------------------------------------------
             |               Robust
       agric | Coefficient  std. err.      t    P>|t|     [95% conf. interval]
-------------+----------------------------------------------------------------
   fpresence |  -.4857622   .2437184    -1.99   0.086    -1.062065    .0905402
       _cons |    50.8093   4.117117    12.34   0.000     41.07387    60.54474
------------------------------------------------------------------------------
C:/Users/Usuario/Documents/GitHub/twfe_survey/replications/2010-2012/Acemoglu e
> t al. (2011)/full/table5_results.xls
dir : seeout

--- Table 5, Col 2, year 1895 ---

Linear regression                               Number of obs     =         44
                                                F(1, 7)           =       6.19
                                                Prob > F          =     0.0417
                                                R-squared         =     0.0867
                                                Root MSE          =     13.489

                                  (Std. err. adjusted for 8 clusters in state)
------------------------------------------------------------------------------
             |               Robust
       agric | Coefficient  std. err.      t    P>|t|     [95% conf. interval]
-------------+----------------------------------------------------------------
   fpresence |  -.6014646    .241767    -2.49   0.042    -1.173153   -.0297764
       _cons |   46.16334   3.778552    12.22   0.000     37.22849     55.0982
------------------------------------------------------------------------------
C:/Users/Usuario/Documents/GitHub/twfe_survey/replications/2010-2012/Acemoglu e
> t al. (2011)/full/table5_results.xls
dir : seeout

--- Table 5, Col 2, year 1907 ---

Linear regression                               Number of obs     =         44
                                                F(1, 7)           =       4.92
                                                Prob > F          =     0.0621
                                                R-squared         =     0.0659
                                                Root MSE          =      15.22

                                  (Std. err. adjusted for 8 clusters in state)
------------------------------------------------------------------------------
             |               Robust
       agric | Coefficient  std. err.      t    P>|t|     [95% conf. interval]
-------------+----------------------------------------------------------------
   fpresence |  -.5852997   .2639173    -2.22   0.062    -1.209365    .0387654
       _cons |   43.12088   4.193382    10.28   0.000     33.20511    53.03665
------------------------------------------------------------------------------
C:/Users/Usuario/Documents/GitHub/twfe_survey/replications/2010-2012/Acemoglu e
> t al. (2011)/full/table5_results.xls
dir : seeout

. 
. * Agriculture: All, weighted
. foreach X of local timeperiods {
  2.     di _n "--- Table 5, Col 3, year `X' ---"
  3.     reg agric fpresence if year==`X' & imputed==0 [aweight=pop1849], cl(st
> ate)
  4.     outreg2 fpresence using "$outdir/table5_results.xls", br noaster ctitl
> e("T5 C3 yr`X'")
  5. }

--- Table 5, Col 3, year 1849 ---
(sum of wgt is 22,802,404)

Linear regression                               Number of obs     =         39
                                                F(1, 2)           =       2.16
                                                Prob > F          =     0.2797
                                                R-squared         =     0.0474
                                                Root MSE          =     15.873

                                  (Std. err. adjusted for 3 clusters in state)
------------------------------------------------------------------------------
             |               Robust
       agric | Coefficient  std. err.      t    P>|t|     [95% conf. interval]
-------------+----------------------------------------------------------------
   fpresence |  -.5082653   .3461245    -1.47   0.280    -1.997519    .9809882
       _cons |   60.40703   4.233645    14.27   0.005     42.19113    78.62294
------------------------------------------------------------------------------
C:/Users/Usuario/Documents/GitHub/twfe_survey/replications/2010-2012/Acemoglu e
> t al. (2011)/full/table5_results.xls
dir : seeout

--- Table 5, Col 3, year 1882 ---
(sum of wgt is 32,390,446)

Linear regression                               Number of obs     =         62
                                                F(1, 8)           =       5.36
                                                Prob > F          =     0.0492
                                                R-squared         =     0.0581
                                                Root MSE          =     14.535

                                  (Std. err. adjusted for 9 clusters in state)
------------------------------------------------------------------------------
             |               Robust
       agric | Coefficient  std. err.      t    P>|t|     [95% conf. interval]
-------------+----------------------------------------------------------------
   fpresence |  -.5854876   .2527963    -2.32   0.049    -1.168437   -.0025383
       _cons |   50.79872   2.943751    17.26   0.000     44.01042    57.58702
------------------------------------------------------------------------------
C:/Users/Usuario/Documents/GitHub/twfe_survey/replications/2010-2012/Acemoglu e
> t al. (2011)/full/table5_results.xls
dir : seeout

--- Table 5, Col 3, year 1895 ---
(sum of wgt is 32,390,446)

Linear regression                               Number of obs     =         62
                                                F(1, 8)           =      13.09
                                                Prob > F          =     0.0068
                                                R-squared         =     0.0739
                                                Root MSE          =     14.354

                                  (Std. err. adjusted for 9 clusters in state)
------------------------------------------------------------------------------
             |               Robust
       agric | Coefficient  std. err.      t    P>|t|     [95% conf. interval]
-------------+----------------------------------------------------------------
   fpresence |  -.6577799    .181822    -3.62   0.007    -1.077062   -.2384976
       _cons |   45.29312   2.589076    17.49   0.000      39.3227    51.26354
------------------------------------------------------------------------------
C:/Users/Usuario/Documents/GitHub/twfe_survey/replications/2010-2012/Acemoglu e
> t al. (2011)/full/table5_results.xls
dir : seeout

--- Table 5, Col 3, year 1907 ---
(sum of wgt is 32,390,446)

Linear regression                               Number of obs     =         62
                                                F(1, 8)           =       9.37
                                                Prob > F          =     0.0156
                                                R-squared         =     0.0745
                                                Root MSE          =     15.737

                                  (Std. err. adjusted for 9 clusters in state)
------------------------------------------------------------------------------
             |               Robust
       agric | Coefficient  std. err.      t    P>|t|     [95% conf. interval]
-------------+----------------------------------------------------------------
   fpresence |  -.7242998   .2366204    -3.06   0.016    -1.269948   -.1786521
       _cons |   43.50977   2.925198    14.87   0.000     36.76425    50.25529
------------------------------------------------------------------------------
C:/Users/Usuario/Documents/GitHub/twfe_survey/replications/2010-2012/Acemoglu e
> t al. (2011)/full/table5_results.xls
dir : seeout

. 
. * Industry: West Elbe, weighted
. foreach X of local timeperiods {
  2.     di _n "--- Table 5, Col 4, year `X' ---"
  3.     reg industry fpresence if year==`X' & imputed==0 & westelbe==1 [aweigh
> t=pop1849], cl(state)
  4.     outreg2 fpresence using "$outdir/table5_results.xls", br noaster ctitl
> e("T5 C4 yr`X'")
  5. }

--- Table 5, Col 4, year 1849 ---
(sum of wgt is 12,275,730)

Linear regression                               Number of obs     =         23
                                                F(1, 2)           =       0.02
                                                Prob > F          =     0.8970
                                                R-squared         =     0.0015
                                                Root MSE          =      12.09

                                  (Std. err. adjusted for 3 clusters in state)
------------------------------------------------------------------------------
             |               Robust
    industry | Coefficient  std. err.      t    P>|t|     [95% conf. interval]
-------------+----------------------------------------------------------------
   fpresence |   .0550468    .375748     0.15   0.897    -1.561666     1.67176
       _cons |   30.14521   7.512929     4.01   0.057    -2.180316    62.47073
------------------------------------------------------------------------------
C:/Users/Usuario/Documents/GitHub/twfe_survey/replications/2010-2012/Acemoglu e
> t al. (2011)/full/table5_results.xls
dir : seeout

--- Table 5, Col 4, year 1882 ---
(sum of wgt is 20,462,465)

Linear regression                               Number of obs     =         44
                                                F(1, 7)           =       2.70
                                                Prob > F          =     0.1445
                                                R-squared         =     0.0577
                                                Root MSE          =     12.282

                                  (Std. err. adjusted for 8 clusters in state)
------------------------------------------------------------------------------
             |               Robust
    industry | Coefficient  std. err.      t    P>|t|     [95% conf. interval]
-------------+----------------------------------------------------------------
   fpresence |   .4202948   .2559003     1.64   0.145    -.1848132    1.025403
       _cons |   35.49629   4.252399     8.35   0.000     25.44097    45.55162
------------------------------------------------------------------------------
C:/Users/Usuario/Documents/GitHub/twfe_survey/replications/2010-2012/Acemoglu e
> t al. (2011)/full/table5_results.xls
dir : seeout

--- Table 5, Col 4, year 1895 ---
(sum of wgt is 20,462,465)

Linear regression                               Number of obs     =         44
                                                F(1, 7)           =       3.64
                                                Prob > F          =     0.0981
                                                R-squared         =     0.0732
                                                Root MSE          =      12.15

                                  (Std. err. adjusted for 8 clusters in state)
------------------------------------------------------------------------------
             |               Robust
    industry | Coefficient  std. err.      t    P>|t|     [95% conf. interval]
-------------+----------------------------------------------------------------
   fpresence |   .4723197   .2475787     1.91   0.098    -.1131109     1.05775
       _cons |   37.63319   3.869531     9.73   0.000     28.48321    46.78318
------------------------------------------------------------------------------
C:/Users/Usuario/Documents/GitHub/twfe_survey/replications/2010-2012/Acemoglu e
> t al. (2011)/full/table5_results.xls
dir : seeout

--- Table 5, Col 4, year 1907 ---
(sum of wgt is 20,462,465)

Linear regression                               Number of obs     =         44
                                                F(1, 7)           =       1.52
                                                Prob > F          =     0.2575
                                                R-squared         =     0.0309
                                                Root MSE          =     14.175

                                  (Std. err. adjusted for 8 clusters in state)
------------------------------------------------------------------------------
             |               Robust
    industry | Coefficient  std. err.      t    P>|t|     [95% conf. interval]
-------------+----------------------------------------------------------------
   fpresence |   .3501944    .284069     1.23   0.257    -.3215221    1.021911
       _cons |    38.8922   4.509757     8.62   0.000     28.22832    49.55609
------------------------------------------------------------------------------
C:/Users/Usuario/Documents/GitHub/twfe_survey/replications/2010-2012/Acemoglu e
> t al. (2011)/full/table5_results.xls
dir : seeout

. 
. * Industry: West Elbe, unweighted
. foreach X of local timeperiods {
  2.     di _n "--- Table 5, Col 5, year `X' ---"
  3.     reg industry fpresence if year==`X' & imputed==0 & westelbe==1, cluste
> r(state)
  4.     outreg2 fpresence using "$outdir/table5_results.xls", br noaster ctitl
> e("T5 C5 yr`X'")
  5. }

--- Table 5, Col 5, year 1849 ---

Linear regression                               Number of obs     =         23
                                                F(1, 2)           =       0.03
                                                Prob > F          =     0.8758
                                                R-squared         =     0.0019
                                                Root MSE          =      11.39

                                  (Std. err. adjusted for 3 clusters in state)
------------------------------------------------------------------------------
             |               Robust
    industry | Coefficient  std. err.      t    P>|t|     [95% conf. interval]
-------------+----------------------------------------------------------------
   fpresence |   .0605442   .3420454     0.18   0.876    -1.411158    1.532247
       _cons |   29.51224   6.640936     4.44   0.047     .9386047    58.08589
------------------------------------------------------------------------------
C:/Users/Usuario/Documents/GitHub/twfe_survey/replications/2010-2012/Acemoglu e
> t al. (2011)/full/table5_results.xls
dir : seeout

--- Table 5, Col 5, year 1882 ---

Linear regression                               Number of obs     =         44
                                                F(1, 7)           =       2.60
                                                Prob > F          =     0.1509
                                                R-squared         =     0.0541
                                                Root MSE          =      11.16

                                  (Std. err. adjusted for 8 clusters in state)
------------------------------------------------------------------------------
             |               Robust
    industry | Coefficient  std. err.      t    P>|t|     [95% conf. interval]
-------------+----------------------------------------------------------------
   fpresence |   .3864696   .2396468     1.61   0.151    -.1802049    .9531442
       _cons |   33.97164   3.312831    10.25   0.000     26.13804    41.80523
------------------------------------------------------------------------------
C:/Users/Usuario/Documents/GitHub/twfe_survey/replications/2010-2012/Acemoglu e
> t al. (2011)/full/table5_results.xls
dir : seeout

--- Table 5, Col 5, year 1895 ---

Linear regression                               Number of obs     =         44
                                                F(1, 7)           =       3.76
                                                Prob > F          =     0.0938
                                                R-squared         =     0.0700
                                                Root MSE          =     11.293

                                  (Std. err. adjusted for 8 clusters in state)
------------------------------------------------------------------------------
             |               Robust
    industry | Coefficient  std. err.      t    P>|t|     [95% conf. interval]
-------------+----------------------------------------------------------------
   fpresence |   .4485717   .2314218     1.94   0.094     -.098654    .9957973
       _cons |   35.62454   3.113182    11.44   0.000     28.26304    42.98605
------------------------------------------------------------------------------
C:/Users/Usuario/Documents/GitHub/twfe_survey/replications/2010-2012/Acemoglu e
> t al. (2011)/full/table5_results.xls
dir : seeout

--- Table 5, Col 5, year 1907 ---

Linear regression                               Number of obs     =         44
                                                F(1, 7)           =       1.64
                                                Prob > F          =     0.2417
                                                R-squared         =     0.0273
                                                Root MSE          =     13.231

                                  (Std. err. adjusted for 8 clusters in state)
------------------------------------------------------------------------------
             |               Robust
    industry | Coefficient  std. err.      t    P>|t|     [95% conf. interval]
-------------+----------------------------------------------------------------
   fpresence |    .320867   .2509135     1.28   0.242    -.2724491    .9141831
       _cons |   37.02523   3.609722    10.26   0.000     28.48959    45.56087
------------------------------------------------------------------------------
C:/Users/Usuario/Documents/GitHub/twfe_survey/replications/2010-2012/Acemoglu e
> t al. (2011)/full/table5_results.xls
dir : seeout

. 
. * Industry: All, weighted
. foreach X of local timeperiods {
  2.     di _n "--- Table 5, Col 6, year `X' ---"
  3.     reg industry fpresence if year==`X' & imputed==0 [aweight=pop1849], cl
> uster(state)
  4.     outreg2 fpresence using "$outdir/table5_results.xls", br noaster ctitl
> e("T5 C6 yr`X'")
  5. }

--- Table 5, Col 6, year 1849 ---
(sum of wgt is 22,802,404)

Linear regression                               Number of obs     =         39
                                                F(1, 2)           =       1.03
                                                Prob > F          =     0.4177
                                                R-squared         =     0.0419
                                                Root MSE          =     12.467

                                  (Std. err. adjusted for 3 clusters in state)
------------------------------------------------------------------------------
             |               Robust
    industry | Coefficient  std. err.      t    P>|t|     [95% conf. interval]
-------------+----------------------------------------------------------------
   fpresence |    .374249   .3694955     1.01   0.418    -1.215562     1.96406
       _cons |   24.85768   4.051147     6.14   0.026        7.427    42.28835
------------------------------------------------------------------------------
C:/Users/Usuario/Documents/GitHub/twfe_survey/replications/2010-2012/Acemoglu e
> t al. (2011)/full/table5_results.xls
dir : seeout

--- Table 5, Col 6, year 1882 ---
(sum of wgt is 32,390,446)

Linear regression                               Number of obs     =         62
                                                F(1, 8)           =       4.96
                                                Prob > F          =     0.0566
                                                R-squared         =     0.0861
                                                Root MSE          =     11.934

                                  (Std. err. adjusted for 9 clusters in state)
------------------------------------------------------------------------------
             |               Robust
    industry | Coefficient  std. err.      t    P>|t|     [95% conf. interval]
-------------+----------------------------------------------------------------
   fpresence |   .5942107   .2668414     2.23   0.057    -.0211267    1.209548
       _cons |   32.84616   2.681746    12.25   0.000     26.66204    39.03028
------------------------------------------------------------------------------
C:/Users/Usuario/Documents/GitHub/twfe_survey/replications/2010-2012/Acemoglu e
> t al. (2011)/full/table5_results.xls
dir : seeout

--- Table 5, Col 6, year 1895 ---
(sum of wgt is 32,390,446)

Linear regression                               Number of obs     =         62
                                                F(1, 8)           =       8.35
                                                Prob > F          =     0.0202
                                                R-squared         =     0.0993
                                                Root MSE          =     11.894

                                  (Std. err. adjusted for 9 clusters in state)
------------------------------------------------------------------------------
             |               Robust
    industry | Coefficient  std. err.      t    P>|t|     [95% conf. interval]
-------------+----------------------------------------------------------------
   fpresence |   .6404879   .2217023     2.89   0.020     .1292416    1.151734
       _cons |   35.07064   2.641655    13.28   0.000     28.97897    41.16231
------------------------------------------------------------------------------
C:/Users/Usuario/Documents/GitHub/twfe_survey/replications/2010-2012/Acemoglu e
> t al. (2011)/full/table5_results.xls
dir : seeout

--- Table 5, Col 6, year 1907 ---
(sum of wgt is 32,390,446)

Linear regression                               Number of obs     =         62
                                                F(1, 8)           =       5.79
                                                Prob > F          =     0.0427
                                                R-squared         =     0.0584
                                                Root MSE          =     14.108

                                  (Std. err. adjusted for 9 clusters in state)
------------------------------------------------------------------------------
             |               Robust
    industry | Coefficient  std. err.      t    P>|t|     [95% conf. interval]
-------------+----------------------------------------------------------------
   fpresence |   .5700536   .2368054     2.41   0.043     .0239793    1.116128
       _cons |   35.54198   3.116314    11.41   0.000     28.35575    42.72822
------------------------------------------------------------------------------
C:/Users/Usuario/Documents/GitHub/twfe_survey/replications/2010-2012/Acemoglu e
> t al. (2011)/full/table5_results.xls
dir : seeout

. 
. log close t5
      name:  t5
       log:  C:/Users/Usuario/Documents/GitHub/twfe_survey/replications/2010-20
> 12/Acemoglu et al. (2011)/full/table5.log
  log type:  text
 closed on:   6 May 2026, 00:29:24
-------------------------------------------------------------------------------

. 
. * ===========================================================================
> ==
. * TABLE 6: Instrumental Variables
. * ===========================================================================
> ==
. di _n "===== TABLE 6: Instrumental Variables ====="

===== TABLE 6: Instrumental Variables =====

. 
. use "$datadir/20100816_replication_dataset.dta", clear
(Replication dataset for "Consequences of Radical Reform")

. keep if year==1700 | year==1750 | year==1800 | year==1850 | year==1875 | year
> ==1900
(95 observations deleted)

. drop yr1880 yr1885 yr1895 yr1905 yr1910

. 
. log using "$outdir/table6.log", text replace name(t6)
(file
    C:/Users/Usuario/Documents/GitHub/twfe_survey/replications/2010-2012/Acem
    > oglu et al. (2011)/full/table6.log not found)
-------------------------------------------------------------------------------
      name:  t6
       log:  C:/Users/Usuario/Documents/GitHub/twfe_survey/replications/2010-20
> 12/Acemoglu et al. (2011)/full/table6.log
  log type:  text
 opened on:   6 May 2026, 00:29:24

. 
. * Column 1: Baseline weighted
. di _n "--- Table 6, Column 1 ---"

--- Table 6, Column 1 ---

. xtreg urbrate yearsref yr1750-yr1900 if westelbe==1 [aweight=totalpop1750], f
> e i(id) robust cluster(id)

Fixed-effects (within) regression               Number of obs     =         74
Group variable: id                              Number of groups  =         13

R-squared:                                      Obs per group:
     Within  = 0.9052                                         min =          5
     Between = 0.0972                                         avg =        5.7
     Overall = 0.6777                                         max =          6

                                                F(6,12)           =      87.55
corr(u_i, Xb) = -0.0363                         Prob > F          =     0.0000

                                    (Std. err. adjusted for 13 clusters in id)
------------------------------------------------------------------------------
             |               Robust
     urbrate | Coefficient  std. err.      t    P>|t|     [95% conf. interval]
-------------+----------------------------------------------------------------
    yearsref |   .2807942   .1141716     2.46   0.030     .0320356    .5295528
      yr1750 |   2.076572   .9698587     2.14   0.053    -.0365683    4.189713
      yr1800 |    4.23235   .9056855     4.67   0.001     2.259031    6.205669
      yr1850 |    .942083   3.849101     0.24   0.811    -7.444387    9.328553
      yr1875 |   7.736152   5.271633     1.47   0.168     -3.74975    19.22205
      yr1900 |   15.99261   7.584693     2.11   0.057    -.5330201    32.51823
       _cons |    5.82186   1.442555     4.04   0.002     2.678803    8.964917
-------------+----------------------------------------------------------------
     sigma_u |  6.7943128
     sigma_e |  4.5188013
         rho |  .69331819   (fraction of variance due to u_i)
------------------------------------------------------------------------------

. outreg2 yearsref using "$outdir/table6_results.xls", ctitle("T6 C1 PanelA") b
> r noaster nocons addstat(N States, e(df_a)+1) replace
C:/Users/Usuario/Documents/GitHub/twfe_survey/replications/2010-2012/Acemoglu e
> t al. (2011)/full/table6_results.xls
dir : seeout

. 
. cap noi xtivreg2 yearsref fpresenceXpostXtrend yr1750-yr1900 if urbrate~=. & 
> westelbe==1 [aweight=totalpop1750], fe robust cluster(id) small
(sum of wgt is     4.9111e+07)

FIXED EFFECTS ESTIMATION
------------------------
Number of groups =        13                    Obs per group: min =         5
                                                               avg =       5.7
                                                               max =         6

OLS estimation
--------------

Estimates efficient for homoskedasticity only
Statistics robust to heteroskedasticity and clustering on id

Number of clusters (id) =           13                Number of obs =       74
                                                      F(  6,    12) =  1353.80
                                                      Prob > F      =   0.0000
Total (centered) SS     =  48892.48855                Centered R2   =   0.9723
Total (uncentered) SS   =  48892.48855                Uncentered R2 =   0.9723
Residual SS             =  1356.404529                Root MSE      =    4.966

------------------------------------------------------------------------------
             |               Robust
    yearsref | Coefficient  std. err.      t    P>|t|     [95% conf. interval]
-------------+----------------------------------------------------------------
fpresenceX~d |   1.166205   .1065829    10.94   0.000     .9339806    1.398429
      yr1750 |  -1.703171   1.644486    -1.04   0.321    -5.286198    1.879856
      yr1800 |  -1.063667   1.340388    -0.79   0.443    -3.984122    1.856787
      yr1850 |   11.67623   2.280222     5.12   0.000     6.708051     16.6444
      yr1875 |   29.78038    2.45938    12.11   0.000     24.42186    35.13891
      yr1900 |   50.76572   2.889345    17.57   0.000     44.47038    57.06106
------------------------------------------------------------------------------
Included instruments: fpresenceXpostXtrend yr1750 yr1800 yr1850 yr1875 yr1900
------------------------------------------------------------------------------

. cap noi outreg2 fpresenceXpostXtrend using "$outdir/table6_results.xls", br n
> oaster nocons ctitle("T6 C1 PanelB")
C:/Users/Usuario/Documents/GitHub/twfe_survey/replications/2010-2012/Acemoglu e
> t al. (2011)/full/table6_results.xls
dir : seeout

. 
. cap noi xtivreg2 urbrate (yearsref= fpresenceXpostXtrend) yr1750-yr1900 if we
> stelbe==1 [aweight=totalpop1750], fe robust cluster(id) first
(sum of wgt is     4.9111e+07)

FIXED EFFECTS ESTIMATION
------------------------
Number of groups =        13                    Obs per group: min =         5
                                                               avg =       5.7
                                                               max =         6

First-stage regressions
-----------------------


FIXED EFFECTS ESTIMATION
------------------------
Number of groups =        13                    Obs per group: min =         5
                                                               avg =       5.7
                                                               max =         6

First-stage regression of yearsref:

Statistics robust to heteroskedasticity and clustering on id
Number of obs =                     74
Number of clusters (id) =           13
------------------------------------------------------------------------------
             |               Robust
    yearsref | Coefficient  std. err.      t    P>|t|     [95% conf. interval]
-------------+----------------------------------------------------------------
fpresenceX~d |   1.166205   .1065829    10.94   0.000     .9526079    1.379802
      yr1750 |  -1.703171   1.644486    -1.04   0.305    -4.998795    1.592452
      yr1800 |  -1.063667   1.340388    -0.79   0.431    -3.749865     1.62253
      yr1850 |   11.67623   2.280222     5.12   0.000     7.106561    16.24589
      yr1875 |   29.78038    2.45938    12.11   0.000     24.85168    34.70909
      yr1900 |   50.76572   2.889345    17.57   0.000     44.97534     56.5561
------------------------------------------------------------------------------
F test of excluded instruments:
  F(  1,    12) =   119.72
  Prob > F      =   0.0000
Sanderson-Windmeijer multivariate F test of excluded instruments:
  F(  1,    12) =   119.72
  Prob > F      =   0.0000



Summary results for first-stage regressions
-------------------------------------------

                                           (Underid)            (Weak id)
Variable     | F(  1,    12)  P-val | SW Chi-sq(  1) P-val | SW F(  1,    12)
yearsref     |     119.72    0.0000 |      139.24   0.0000 |      119.72

NB: first-stage test statistics cluster-robust

Stock-Yogo weak ID F test critical values for single endogenous regressor:
                                   10% maximal IV size             16.38
                                   15% maximal IV size              8.96
                                   20% maximal IV size              6.66
                                   25% maximal IV size              5.53
Source: Stock-Yogo (2005).  Reproduced by permission.
NB: Critical values are for i.i.d. errors only.

Underidentification test
Ho: matrix of reduced form coefficients has rank=K1-1 (underidentified)
Ha: matrix has rank=K1 (identified)
Kleibergen-Paap rk LM statistic          Chi-sq(1)=2.51     P-val=0.1132

Weak identification test
Ho: equation is weakly identified
Cragg-Donald Wald F statistic                                     160.85
Kleibergen-Paap Wald rk F statistic                               119.72

Stock-Yogo weak ID test critical values for K1=1 and L1=1:
                                   10% maximal IV size             16.38
                                   15% maximal IV size              8.96
                                   20% maximal IV size              6.66
                                   25% maximal IV size              5.53
Source: Stock-Yogo (2005).  Reproduced by permission.
NB: Critical values are for Cragg-Donald F statistic and i.i.d. errors.

Weak-instrument-robust inference
Tests of joint significance of endogenous regressors B1 in main equation
Ho: B1=0 and orthogonality conditions are valid
Anderson-Rubin Wald test           F(1,12)=        7.32     P-val=0.0191
Anderson-Rubin Wald test           Chi-sq(1)=      8.51     P-val=0.0035
Stock-Wright LM S statistic        Chi-sq(1)=      9.71     P-val=0.0018

NB: Underidentification, weak identification and weak-identification-robust
    test statistics cluster-robust

Number of clusters             N_clust  =         13
Number of observations               N  =         74
Number of regressors                 K  =          6
Number of endogenous regressors      K1 =          1
Number of instruments                L  =          6
Number of excluded instruments       L1 =          1

IV (2SLS) estimation
--------------------

Estimates efficient for homoskedasticity only
Statistics robust to heteroskedasticity and clustering on id

Number of clusters (id) =           13                Number of obs =       74
                                                      F(  6,    12) =   118.27
                                                      Prob > F      =   0.0000
Total (centered) SS     =  11852.19954                Centered R2   =   0.9052
Total (uncentered) SS   =  11852.19954                Uncentered R2 =   0.9052
Residual SS             =  1123.583646                Root MSE      =    4.292

------------------------------------------------------------------------------
             |               Robust
     urbrate | Coefficient  std. err.      z    P>|z|     [95% conf. interval]
-------------+----------------------------------------------------------------
    yearsref |   .2905586   .1019563     2.85   0.004      .090728    .4903893
      yr1750 |   2.129495   .9610004     2.22   0.027     .2459694    4.013022
      yr1800 |   4.279029    .890873     4.80   0.000      2.53295    6.025108
      yr1850 |   .7510049   3.525716     0.21   0.831    -6.159271    7.661281
      yr1875 |   7.366766   5.088728     1.45   0.148    -2.606959    17.34049
      yr1900 |   15.41678   7.275582     2.12   0.034     1.156899    29.67666
------------------------------------------------------------------------------
Underidentification test (Kleibergen-Paap rk LM statistic):              2.509
                                                   Chi-sq(1) P-val =    0.1132
------------------------------------------------------------------------------
Weak identification test (Cragg-Donald Wald F statistic):              160.854
                         (Kleibergen-Paap rk Wald F statistic):        119.722
Stock-Yogo weak ID test critical values: 10% maximal IV size             16.38
                                         15% maximal IV size              8.96
                                         20% maximal IV size              6.66
                                         25% maximal IV size              5.53
Source: Stock-Yogo (2005).  Reproduced by permission.
NB: Critical values are for Cragg-Donald F statistic and i.i.d. errors.
------------------------------------------------------------------------------
Hansen J statistic (overidentification test of all instruments):         0.000
                                                 (equation exactly identified)
------------------------------------------------------------------------------
Instrumented:         yearsref
Included instruments: yr1750 yr1800 yr1850 yr1875 yr1900
Excluded instruments: fpresenceXpostXtrend
------------------------------------------------------------------------------

. cap noi outreg2 yearsref using "$outdir/table6_results.xls", ctitle("T6 C1 Pa
> nelC") br noaster nocons
C:/Users/Usuario/Documents/GitHub/twfe_survey/replications/2010-2012/Acemoglu e
> t al. (2011)/full/table6_results.xls
dir : seeout

. 
. * Column 2: Overid
. di _n "--- Table 6, Column 2 ---"

--- Table 6, Column 2 ---

. xtreg urbrate yearsref yr1750-yr1900 if westelbe==1 [aweight=totalpop1750], f
> e i(id) robust cluster(id)

Fixed-effects (within) regression               Number of obs     =         74
Group variable: id                              Number of groups  =         13

R-squared:                                      Obs per group:
     Within  = 0.9052                                         min =          5
     Between = 0.0972                                         avg =        5.7
     Overall = 0.6777                                         max =          6

                                                F(6,12)           =      87.55
corr(u_i, Xb) = -0.0363                         Prob > F          =     0.0000

                                    (Std. err. adjusted for 13 clusters in id)
------------------------------------------------------------------------------
             |               Robust
     urbrate | Coefficient  std. err.      t    P>|t|     [95% conf. interval]
-------------+----------------------------------------------------------------
    yearsref |   .2807942   .1141716     2.46   0.030     .0320356    .5295528
      yr1750 |   2.076572   .9698587     2.14   0.053    -.0365683    4.189713
      yr1800 |    4.23235   .9056855     4.67   0.001     2.259031    6.205669
      yr1850 |    .942083   3.849101     0.24   0.811    -7.444387    9.328553
      yr1875 |   7.736152   5.271633     1.47   0.168     -3.74975    19.22205
      yr1900 |   15.99261   7.584693     2.11   0.057    -.5330201    32.51823
       _cons |    5.82186   1.442555     4.04   0.002     2.678803    8.964917
-------------+----------------------------------------------------------------
     sigma_u |  6.7943128
     sigma_e |  4.5188013
         rho |  .69331819   (fraction of variance due to u_i)
------------------------------------------------------------------------------

. outreg2 yearsref using "$outdir/table6_results.xls", ctitle("T6 C2 PanelA") b
> r noaster nocons
C:/Users/Usuario/Documents/GitHub/twfe_survey/replications/2010-2012/Acemoglu e
> t al. (2011)/full/table6_results.xls
dir : seeout

. 
. cap noi xtivreg2 urbrate (yearsref= fpresence1850 fpresence1875 fpresence1900
> ) yr1750-yr1900 if westelbe==1 [aweight=totalpop1750], fe robust cluster(id)
(sum of wgt is     4.9111e+07)

FIXED EFFECTS ESTIMATION
------------------------
Number of groups =        13                    Obs per group: min =         5
                                                               avg =       5.7
                                                               max =         6

IV (2SLS) estimation
--------------------

Estimates efficient for homoskedasticity only
Statistics robust to heteroskedasticity and clustering on id

Number of clusters (id) =           13                Number of obs =       74
                                                      F(  6,    12) =   128.80
                                                      Prob > F      =   0.0000
Total (centered) SS     =  11852.19954                Centered R2   =   0.9045
Total (uncentered) SS   =  11852.19954                Uncentered R2 =   0.9045
Residual SS             =  1131.663552                Root MSE      =    4.307

------------------------------------------------------------------------------
             |               Robust
     urbrate | Coefficient  std. err.      z    P>|z|     [95% conf. interval]
-------------+----------------------------------------------------------------
    yearsref |   .3209584   .1115506     2.88   0.004     .1023234    .5395935
      yr1750 |   2.294263   .9720945     2.36   0.018     .3889925    4.199533
      yr1800 |   4.424355   .9659722     4.58   0.000     2.531085    6.317626
      yr1850 |   .1561169   3.738637     0.04   0.967    -7.171478    7.483711
      yr1875 |   6.216746   5.446577     1.14   0.254    -4.458348    16.89184
      yr1900 |   13.62404    7.80516     1.75   0.081    -1.673794    28.92187
------------------------------------------------------------------------------
Underidentification test (Kleibergen-Paap rk LM statistic):              3.449
                                                   Chi-sq(3) P-val =    0.3274
------------------------------------------------------------------------------
Weak identification test (Cragg-Donald Wald F statistic):               58.520
                         (Kleibergen-Paap rk Wald F statistic):         42.051
Stock-Yogo weak ID test critical values:  5% maximal IV relative bias    13.91
                                         10% maximal IV relative bias     9.08
                                         20% maximal IV relative bias     6.46
                                         30% maximal IV relative bias     5.39
                                         10% maximal IV size             22.30
                                         15% maximal IV size             12.83
                                         20% maximal IV size              9.54
                                         25% maximal IV size              7.80
Source: Stock-Yogo (2005).  Reproduced by permission.
NB: Critical values are for Cragg-Donald F statistic and i.i.d. errors.
------------------------------------------------------------------------------
Hansen J statistic (overidentification test of all instruments):         2.410
                                                   Chi-sq(2) P-val =    0.2996
------------------------------------------------------------------------------
Instrumented:         yearsref
Included instruments: yr1750 yr1800 yr1850 yr1875 yr1900
Excluded instruments: fpresence1850 fpresence1875 fpresence1900
------------------------------------------------------------------------------

. cap noi outreg2 yearsref using "$outdir/table6_results.xls", ctitle("T6 C2 Pa
> nelC") br noaster nocons
C:/Users/Usuario/Documents/GitHub/twfe_survey/replications/2010-2012/Acemoglu e
> t al. (2011)/full/table6_results.xls
dir : seeout

. 
. cap noi xtivreg2 urbrate (yearsref= fpresence1850 fpresence1875 fpresence1900
> ) yr1750-yr1900 if westelbe==1 [aweight=totalpop1750], fe robust first
(sum of wgt is     4.9111e+07)

FIXED EFFECTS ESTIMATION
------------------------
Number of groups =        13                    Obs per group: min =         5
                                                               avg =       5.7
                                                               max =         6

First-stage regressions
-----------------------


FIXED EFFECTS ESTIMATION
------------------------
Number of groups =        13                    Obs per group: min =         5
                                                               avg =       5.7
                                                               max =         6

First-stage regression of yearsref:

Statistics robust to heteroskedasticity
Number of obs =                     74
------------------------------------------------------------------------------
             |               Robust
    yearsref | Coefficient  std. err.      t    P>|t|     [95% conf. interval]
-------------+----------------------------------------------------------------
fpresen~1850 |   1.813004   .1276642    14.20   0.000     1.556942    2.069066
fpresen~1875 |   2.262536   .1357778    16.66   0.000       1.9902    2.534872
fpresen~1900 |   2.465644   .1884806    13.08   0.000     2.087599    2.843688
      yr1750 |  -1.713777   1.978177    -0.87   0.390    -5.681497    2.253943
      yr1800 |  -1.074273   1.766927    -0.61   0.546     -4.61828    2.469734
      yr1850 |   13.51925   1.832284     7.38   0.000      9.84415    17.19434
      yr1875 |   29.36135   2.034261    14.43   0.000     25.28114    33.44156
      yr1900 |   49.41064   2.603681    18.98   0.000     44.18832    54.63296
------------------------------------------------------------------------------
F test of excluded instruments:
  F(  3,    53) =   121.62
  Prob > F      =   0.0000
Sanderson-Windmeijer multivariate F test of excluded instruments:
  F(  3,    53) =   121.62
  Prob > F      =   0.0000



Summary results for first-stage regressions
-------------------------------------------

                                           (Underid)            (Weak id)
Variable     | F(  3,    53)  P-val | SW Chi-sq(  3) P-val | SW F(  3,    53)
yearsref     |     121.62    0.0000 |      419.92   0.0000 |      121.62

NB: first-stage test statistics heteroskedasticity-robust

Stock-Yogo weak ID F test critical values for single endogenous regressor:
                                    5% maximal IV relative bias    13.91
                                   10% maximal IV relative bias     9.08
                                   20% maximal IV relative bias     6.46
                                   30% maximal IV relative bias     5.39
                                   10% maximal IV size             22.30
                                   15% maximal IV size             12.83
                                   20% maximal IV size              9.54
                                   25% maximal IV size              7.80
Source: Stock-Yogo (2005).  Reproduced by permission.
NB: Critical values are for i.i.d. errors only.

Underidentification test
Ho: matrix of reduced form coefficients has rank=K1-1 (underidentified)
Ha: matrix has rank=K1 (identified)
Kleibergen-Paap rk LM statistic          Chi-sq(3)=8.82     P-val=0.0318

Weak identification test
Ho: equation is weakly identified
Cragg-Donald Wald F statistic                                      58.52
Kleibergen-Paap Wald rk F statistic                               121.62

Stock-Yogo weak ID test critical values for K1=1 and L1=3:
                                    5% maximal IV relative bias    13.91
                                   10% maximal IV relative bias     9.08
                                   20% maximal IV relative bias     6.46
                                   30% maximal IV relative bias     5.39
                                   10% maximal IV size             22.30
                                   15% maximal IV size             12.83
                                   20% maximal IV size              9.54
                                   25% maximal IV size              7.80
Source: Stock-Yogo (2005).  Reproduced by permission.
NB: Critical values are for Cragg-Donald F statistic and i.i.d. errors.

Weak-instrument-robust inference
Tests of joint significance of endogenous regressors B1 in main equation
Ho: B1=0 and orthogonality conditions are valid
Anderson-Rubin Wald test           F(3,53)=        7.89     P-val=0.0002
Anderson-Rubin Wald test           Chi-sq(3)=     27.25     P-val=0.0000
Stock-Wright LM S statistic        Chi-sq(3)=      9.12     P-val=0.0278

NB: Underidentification, weak identification and weak-identification-robust
    test statistics heteroskedasticity-robust

Number of observations               N  =         74
Number of regressors                 K  =          6
Number of endogenous regressors      K1 =          1
Number of instruments                L  =          8
Number of excluded instruments       L1 =          3

IV (2SLS) estimation
--------------------

Estimates efficient for homoskedasticity only
Statistics robust to heteroskedasticity

                                                      Number of obs =       74
                                                      F(  6,    55) =    57.06
                                                      Prob > F      =   0.0000
Total (centered) SS     =  11852.19954                Centered R2   =   0.9045
Total (uncentered) SS   =  11852.19954                Uncentered R2 =   0.9045
Residual SS             =  1131.663552                Root MSE      =    4.307

------------------------------------------------------------------------------
             |               Robust
     urbrate | Coefficient  std. err.      z    P>|z|     [95% conf. interval]
-------------+----------------------------------------------------------------
    yearsref |   .3209584   .0818112     3.92   0.000     .1606115    .4813054
      yr1750 |   2.294263   1.763345     1.30   0.193    -1.161829    5.750355
      yr1800 |   4.424355   1.884663     2.35   0.019     .7304837    8.118227
      yr1850 |   .1561169   2.466629     0.06   0.950    -4.678387     4.99062
      yr1875 |   6.216746   3.855769     1.61   0.107    -1.340423    13.77391
      yr1900 |   13.62404   5.398603     2.52   0.012     3.042972    24.20511
------------------------------------------------------------------------------
Underidentification test (Kleibergen-Paap rk LM statistic):              8.818
                                                   Chi-sq(3) P-val =    0.0318
------------------------------------------------------------------------------
Weak identification test (Cragg-Donald Wald F statistic):               58.520
                         (Kleibergen-Paap rk Wald F statistic):        121.616
Stock-Yogo weak ID test critical values:  5% maximal IV relative bias    13.91
                                         10% maximal IV relative bias     9.08
                                         20% maximal IV relative bias     6.46
                                         30% maximal IV relative bias     5.39
                                         10% maximal IV size             22.30
                                         15% maximal IV size             12.83
                                         20% maximal IV size              9.54
                                         25% maximal IV size              7.80
Source: Stock-Yogo (2005).  Reproduced by permission.
NB: Critical values are for Cragg-Donald F statistic and i.i.d. errors.
------------------------------------------------------------------------------
Hansen J statistic (overidentification test of all instruments):         2.228
                                                   Chi-sq(2) P-val =    0.3283
------------------------------------------------------------------------------
Instrumented:         yearsref
Included instruments: yr1750 yr1800 yr1850 yr1875 yr1900
Excluded instruments: fpresence1850 fpresence1875 fpresence1900
------------------------------------------------------------------------------

. cap noi outreg2 yearsref using "$outdir/table6_results.xls", ctitle("T6 C2 Pa
> nelB") br noaster nocons
C:/Users/Usuario/Documents/GitHub/twfe_survey/replications/2010-2012/Acemoglu e
> t al. (2011)/full/table6_results.xls
dir : seeout

. 
. * Column 3: Unweighted
. di _n "--- Table 6, Column 3 ---"

--- Table 6, Column 3 ---

. xtreg urbrate yearsref yr1750-yr1900 if westelbe==1, fe i(id) robust cluster(
> id)

Fixed-effects (within) regression               Number of obs     =         74
Group variable: id                              Number of groups  =         13

R-squared:                                      Obs per group:
     Within  = 0.8458                                         min =          5
     Between = 0.1032                                         avg =        5.7
     Overall = 0.6835                                         max =          6

                                                F(6,12)           =      89.56
corr(u_i, Xb) = -0.0135                         Prob > F          =     0.0000

                                    (Std. err. adjusted for 13 clusters in id)
------------------------------------------------------------------------------
             |               Robust
     urbrate | Coefficient  std. err.      t    P>|t|     [95% conf. interval]
-------------+----------------------------------------------------------------
    yearsref |   .2195565   .1217351     1.80   0.096    -.0456815    .4847946
      yr1750 |    2.53522   .9347027     2.71   0.019     .4986777    4.571762
      yr1800 |   4.937072   1.535829     3.21   0.007     1.590787    8.283356
      yr1850 |   2.723912   3.236403     0.84   0.416    -4.327604    9.775427
      yr1875 |   9.902981   5.181086     1.91   0.080    -1.385637     21.1916
      yr1900 |   20.04083    8.03468     2.49   0.028     2.534768    37.54689
       _cons |    5.14464   1.793257     2.87   0.014     1.237468    9.051812
-------------+----------------------------------------------------------------
     sigma_u |  6.7116182
     sigma_e |  5.8488139
         rho |  .56836964   (fraction of variance due to u_i)
------------------------------------------------------------------------------

. outreg2 yearsref using "$outdir/table6_results.xls", ctitle("T6 C3 PanelA") b
> r noaster nocons
C:/Users/Usuario/Documents/GitHub/twfe_survey/replications/2010-2012/Acemoglu e
> t al. (2011)/full/table6_results.xls
dir : seeout

. 
. cap noi xtivreg2 yearsref fpresenceXpostXtrend yr1750-yr1900 if urbrate~=. & 
> westelbe==1, fe robust cluster(id) small

FIXED EFFECTS ESTIMATION
------------------------
Number of groups =        13                    Obs per group: min =         5
                                                               avg =       5.7
                                                               max =         6

OLS estimation
--------------

Estimates efficient for homoskedasticity only
Statistics robust to heteroskedasticity and clustering on id

Number of clusters (id) =           13                Number of obs =       74
                                                      F(  6,    12) =   333.60
                                                      Prob > F      =   0.0000
Total (centered) SS     =  48503.20208                Centered R2   =   0.9668
Total (uncentered) SS   =  48503.20208                Uncentered R2 =   0.9668
Residual SS             =  1611.663301                Root MSE      =    5.413

------------------------------------------------------------------------------
             |               Robust
    yearsref | Coefficient  std. err.      t    P>|t|     [95% conf. interval]
-------------+----------------------------------------------------------------
fpresenceX~d |   1.115779   .1418744     7.86   0.000     .8066608    1.424896
      yr1750 |    -1.2203   1.663393    -0.73   0.477    -4.844522    2.403922
      yr1800 |  -.6241465   1.391351    -0.45   0.662     -3.65564    2.407347
      yr1850 |   12.50604   2.462233     5.08   0.000     7.141299    17.87079
      yr1875 |   30.39216   2.810889    10.81   0.000     24.26776    36.51656
      yr1900 |   50.91289   3.179608    16.01   0.000     43.98512    57.84066
------------------------------------------------------------------------------
Included instruments: fpresenceXpostXtrend yr1750 yr1800 yr1850 yr1875 yr1900
------------------------------------------------------------------------------

. cap noi outreg2 fpresenceXpostXtrend using "$outdir/table6_results.xls", br n
> oaster nocons ctitle("T6 C3 PanelB")
C:/Users/Usuario/Documents/GitHub/twfe_survey/replications/2010-2012/Acemoglu e
> t al. (2011)/full/table6_results.xls
dir : seeout

. 
. cap noi xtivreg2 urbrate (yearsref= fpresenceXpostXtrend) yr1750-yr1900 if we
> stelbe==1, fe robust cluster(id) first

FIXED EFFECTS ESTIMATION
------------------------
Number of groups =        13                    Obs per group: min =         5
                                                               avg =       5.7
                                                               max =         6

First-stage regressions
-----------------------


FIXED EFFECTS ESTIMATION
------------------------
Number of groups =        13                    Obs per group: min =         5
                                                               avg =       5.7
                                                               max =         6

First-stage regression of yearsref:

Statistics robust to heteroskedasticity and clustering on id
Number of obs =                     74
Number of clusters (id) =           13
------------------------------------------------------------------------------
             |               Robust
    yearsref | Coefficient  std. err.      t    P>|t|     [95% conf. interval]
-------------+----------------------------------------------------------------
fpresenceX~d |   1.115779   .1418744     7.86   0.000     .8314559    1.400101
      yr1750 |    -1.2203   1.663393    -0.73   0.466    -4.553814    2.113214
      yr1800 |  -.6241465   1.391351    -0.45   0.655    -3.412477    2.164184
      yr1850 |   12.50604   2.462233     5.08   0.000     7.571618    17.44047
      yr1875 |   30.39216   2.810889    10.81   0.000     24.75901    36.02531
      yr1900 |   50.91289   3.179608    16.01   0.000     44.54081    57.28497
------------------------------------------------------------------------------
F test of excluded instruments:
  F(  1,    12) =    61.85
  Prob > F      =   0.0000
Sanderson-Windmeijer multivariate F test of excluded instruments:
  F(  1,    12) =    61.85
  Prob > F      =   0.0000



Summary results for first-stage regressions
-------------------------------------------

                                           (Underid)            (Weak id)
Variable     | F(  1,    12)  P-val | SW Chi-sq(  1) P-val | SW F(  1,    12)
yearsref     |      61.85    0.0000 |       71.93   0.0000 |       61.85

NB: first-stage test statistics cluster-robust

Stock-Yogo weak ID F test critical values for single endogenous regressor:
                                   10% maximal IV size             16.38
                                   15% maximal IV size              8.96
                                   20% maximal IV size              6.66
                                   25% maximal IV size              5.53
Source: Stock-Yogo (2005).  Reproduced by permission.
NB: Critical values are for i.i.d. errors only.

Underidentification test
Ho: matrix of reduced form coefficients has rank=K1-1 (underidentified)
Ha: matrix has rank=K1 (identified)
Kleibergen-Paap rk LM statistic          Chi-sq(1)=3.09     P-val=0.0786

Weak identification test
Ho: equation is weakly identified
Cragg-Donald Wald F statistic                                     107.26
Kleibergen-Paap Wald rk F statistic                                61.85

Stock-Yogo weak ID test critical values for K1=1 and L1=1:
                                   10% maximal IV size             16.38
                                   15% maximal IV size              8.96
                                   20% maximal IV size              6.66
                                   25% maximal IV size              5.53
Source: Stock-Yogo (2005).  Reproduced by permission.
NB: Critical values are for Cragg-Donald F statistic and i.i.d. errors.

Weak-instrument-robust inference
Tests of joint significance of endogenous regressors B1 in main equation
Ho: B1=0 and orthogonality conditions are valid
Anderson-Rubin Wald test           F(1,12)=        2.54     P-val=0.1373
Anderson-Rubin Wald test           Chi-sq(1)=      2.95     P-val=0.0859
Stock-Wright LM S statistic        Chi-sq(1)=      5.37     P-val=0.0205

NB: Underidentification, weak identification and weak-identification-robust
    test statistics cluster-robust

Number of clusters             N_clust  =         13
Number of observations               N  =         74
Number of regressors                 K  =          6
Number of endogenous regressors      K1 =          1
Number of instruments                L  =          6
Number of excluded instruments       L1 =          1

IV (2SLS) estimation
--------------------

Estimates efficient for homoskedasticity only
Statistics robust to heteroskedasticity and clustering on id

Number of clusters (id) =           13                Number of obs =       74
                                                      F(  6,    12) =    92.58
                                                      Prob > F      =   0.0000
Total (centered) SS     =  12202.78726                Centered R2   =   0.8457
Total (uncentered) SS   =  12202.78726                Uncentered R2 =   0.8457
Residual SS             =  1882.648441                Root MSE      =    5.555

------------------------------------------------------------------------------
             |               Robust
     urbrate | Coefficient  std. err.      z    P>|z|     [95% conf. interval]
-------------+----------------------------------------------------------------
    yearsref |   .2038423   .1238575     1.65   0.100     -.038914    .4465985
      yr1750 |   2.495981   .8743055     2.85   0.004     .7823741    4.209589
      yr1800 |   4.907201   1.432967     3.42   0.001     2.098637    7.715766
      yr1850 |   3.077529   3.257496     0.94   0.345    -3.307045    9.462104
      yr1875 |   10.54006   5.305355     1.99   0.047     .1417548    20.93836
      yr1900 |   21.00277   8.107374     2.59   0.010     5.112609    36.89293
------------------------------------------------------------------------------
Underidentification test (Kleibergen-Paap rk LM statistic):              3.093
                                                   Chi-sq(1) P-val =    0.0786
------------------------------------------------------------------------------
Weak identification test (Cragg-Donald Wald F statistic):              107.263
                         (Kleibergen-Paap rk Wald F statistic):         61.851
Stock-Yogo weak ID test critical values: 10% maximal IV size             16.38
                                         15% maximal IV size              8.96
                                         20% maximal IV size              6.66
                                         25% maximal IV size              5.53
Source: Stock-Yogo (2005).  Reproduced by permission.
NB: Critical values are for Cragg-Donald F statistic and i.i.d. errors.
------------------------------------------------------------------------------
Hansen J statistic (overidentification test of all instruments):         0.000
                                                 (equation exactly identified)
------------------------------------------------------------------------------
Instrumented:         yearsref
Included instruments: yr1750 yr1800 yr1850 yr1875 yr1900
Excluded instruments: fpresenceXpostXtrend
------------------------------------------------------------------------------

. cap noi outreg2 yearsref using "$outdir/table6_results.xls", ctitle("T6 C3 Pa
> nelC") br noaster nocons
C:/Users/Usuario/Documents/GitHub/twfe_survey/replications/2010-2012/Acemoglu e
> t al. (2011)/full/table6_results.xls
dir : seeout

. 
. * Column 4: All, weighted
. di _n "--- Table 6, Column 4 ---"

--- Table 6, Column 4 ---

. xtreg urbrate yearsref yr1750-yr1900 [aweight=totalpop1750], fe i(id) robust 
> cluster(id)

Fixed-effects (within) regression               Number of obs     =        109
Group variable: id                              Number of groups  =         19

R-squared:                                      Obs per group:
     Within  = 0.8885                                         min =          5
     Between = 0.0670                                         avg =        5.7
     Overall = 0.6501                                         max =          6

                                                F(6,18)           =      47.86
corr(u_i, Xb) = -0.0247                         Prob > F          =     0.0000

                                    (Std. err. adjusted for 19 clusters in id)
------------------------------------------------------------------------------
             |               Robust
     urbrate | Coefficient  std. err.      t    P>|t|     [95% conf. interval]
-------------+----------------------------------------------------------------
    yearsref |   .2677559   .1101508     2.43   0.026     .0363376    .4991743
      yr1750 |   2.149628   .8042726     2.67   0.016     .4599143    3.839342
      yr1800 |   4.247378   .8397255     5.06   0.000      2.48318    6.011576
      yr1850 |   1.509911   3.436652     0.44   0.666    -5.710226    8.730049
      yr1875 |     8.5449   4.828105     1.77   0.094    -1.598573    18.68837
      yr1900 |   16.84007   6.951829     2.42   0.026     2.234819    31.44532
       _cons |   6.516384   1.347916     4.83   0.000     3.684517     9.34825
-------------+----------------------------------------------------------------
     sigma_u |  7.0864702
     sigma_e |  4.8200941
         rho |  .68369129   (fraction of variance due to u_i)
------------------------------------------------------------------------------

. outreg2 yearsref using "$outdir/table6_results.xls", ctitle("T6 C4 PanelA") b
> r noaster nocons
C:/Users/Usuario/Documents/GitHub/twfe_survey/replications/2010-2012/Acemoglu e
> t al. (2011)/full/table6_results.xls
dir : seeout

. 
. cap noi xtivreg2 yearsref fpresenceXpostXtrend yr1750-yr1900 if urbrate~=. [a
> weight=totalpop1750], fe robust cluster(id) small
(sum of wgt is     6.9080e+07)

FIXED EFFECTS ESTIMATION
------------------------
Number of groups =        19                    Obs per group: min =         5
                                                               avg =       5.7
                                                               max =         6

OLS estimation
--------------

Estimates efficient for homoskedasticity only
Statistics robust to heteroskedasticity and clustering on id

Number of clusters (id) =           19                Number of obs =      109
                                                      F(  6,    18) =   570.42
                                                      Prob > F      =   0.0000
Total (centered) SS     =  69552.67664                Centered R2   =   0.9659
Total (uncentered) SS   =  69552.67664                Uncentered R2 =   0.9659
Residual SS             =   2371.98065                Root MSE      =    5.314

------------------------------------------------------------------------------
             |               Robust
    yearsref | Coefficient  std. err.      t    P>|t|     [95% conf. interval]
-------------+----------------------------------------------------------------
fpresenceX~d |   1.006258   .1075275     9.36   0.000     .7803508    1.232165
      yr1750 |   -1.74082   1.130051    -1.54   0.141    -4.114969    .6333289
      yr1800 |  -1.285825   .9871991    -1.30   0.209    -3.359854     .788203
      yr1850 |   16.15277   2.453072     6.58   0.000     10.99906    21.30648
      yr1875 |     34.131    2.69942    12.64   0.000     28.45973    39.80227
      yr1900 |    54.4867    2.76249    19.72   0.000     48.68293    60.29048
------------------------------------------------------------------------------
Included instruments: fpresenceXpostXtrend yr1750 yr1800 yr1850 yr1875 yr1900
------------------------------------------------------------------------------

. cap noi outreg2 fpresenceXpostXtrend using "$outdir/table6_results.xls", br n
> oaster nocons ctitle("T6 C4 PanelB")
C:/Users/Usuario/Documents/GitHub/twfe_survey/replications/2010-2012/Acemoglu e
> t al. (2011)/full/table6_results.xls
dir : seeout

. 
. cap noi xtivreg2 urbrate (yearsref= fpresenceXpostXtrend) yr1750-yr1900 [awei
> ght=totalpop1750], fe robust cluster(id) first
(sum of wgt is     6.9080e+07)

FIXED EFFECTS ESTIMATION
------------------------
Number of groups =        19                    Obs per group: min =         5
                                                               avg =       5.7
                                                               max =         6

First-stage regressions
-----------------------


FIXED EFFECTS ESTIMATION
------------------------
Number of groups =        19                    Obs per group: min =         5
                                                               avg =       5.7
                                                               max =         6

First-stage regression of yearsref:

Statistics robust to heteroskedasticity and clustering on id
Number of obs =                    109
Number of clusters (id) =           19
------------------------------------------------------------------------------
             |               Robust
    yearsref | Coefficient  std. err.      t    P>|t|     [95% conf. interval]
-------------+----------------------------------------------------------------
fpresenceX~d |   1.006258   .1075275     9.36   0.000     .7924275    1.220088
      yr1750 |   -1.74082   1.130051    -1.54   0.127     -3.98805    .5064102
      yr1800 |  -1.285825   .9871991    -1.30   0.196    -3.248979    .6773284
      yr1850 |   16.15277   2.453072     6.58   0.000     11.27457    21.03097
      yr1875 |     34.131    2.69942    12.64   0.000      28.7629    39.49909
      yr1900 |    54.4867    2.76249    19.72   0.000     48.99319    59.98022
------------------------------------------------------------------------------
F test of excluded instruments:
  F(  1,    18) =    87.57
  Prob > F      =   0.0000
Sanderson-Windmeijer multivariate F test of excluded instruments:
  F(  1,    18) =    87.57
  Prob > F      =   0.0000



Summary results for first-stage regressions
-------------------------------------------

                                           (Underid)            (Weak id)
Variable     | F(  1,    18)  P-val | SW Chi-sq(  1) P-val | SW F(  1,    18)
yearsref     |      87.57    0.0000 |       96.93   0.0000 |       87.57

NB: first-stage test statistics cluster-robust

Stock-Yogo weak ID F test critical values for single endogenous regressor:
                                   10% maximal IV size             16.38
                                   15% maximal IV size              8.96
                                   20% maximal IV size              6.66
                                   25% maximal IV size              5.53
Source: Stock-Yogo (2005).  Reproduced by permission.
NB: Critical values are for i.i.d. errors only.

Underidentification test
Ho: matrix of reduced form coefficients has rank=K1-1 (underidentified)
Ha: matrix has rank=K1 (identified)
Kleibergen-Paap rk LM statistic          Chi-sq(1)=2.08     P-val=0.1494

Weak identification test
Ho: equation is weakly identified
Cragg-Donald Wald F statistic                                     127.43
Kleibergen-Paap Wald rk F statistic                                87.57

Stock-Yogo weak ID test critical values for K1=1 and L1=1:
                                   10% maximal IV size             16.38
                                   15% maximal IV size              8.96
                                   20% maximal IV size              6.66
                                   25% maximal IV size              5.53
Source: Stock-Yogo (2005).  Reproduced by permission.
NB: Critical values are for Cragg-Donald F statistic and i.i.d. errors.

Weak-instrument-robust inference
Tests of joint significance of endogenous regressors B1 in main equation
Ho: B1=0 and orthogonality conditions are valid
Anderson-Rubin Wald test           F(1,18)=        5.12     P-val=0.0362
Anderson-Rubin Wald test           Chi-sq(1)=      5.67     P-val=0.0172
Stock-Wright LM S statistic        Chi-sq(1)=      9.18     P-val=0.0025

NB: Underidentification, weak identification and weak-identification-robust
    test statistics cluster-robust

Number of clusters             N_clust  =         19
Number of observations               N  =        109
Number of regressors                 K  =          6
Number of endogenous regressors      K1 =          1
Number of instruments                L  =          6
Number of excluded instruments       L1 =          1

IV (2SLS) estimation
--------------------

Estimates efficient for homoskedasticity only
Statistics robust to heteroskedasticity and clustering on id

Number of clusters (id) =           19                Number of obs =      109
                                                      F(  6,    18) =    60.48
                                                      Prob > F      =   0.0000
Total (centered) SS     =   17506.7939                Centered R2   =   0.8884
Total (uncentered) SS   =   17506.7939                Uncentered R2 =   0.8884
Residual SS             =  1953.108336                Root MSE      =    4.658

------------------------------------------------------------------------------
             |               Robust
     urbrate | Coefficient  std. err.      z    P>|z|     [95% conf. interval]
-------------+----------------------------------------------------------------
    yearsref |    .283662   .1122104     2.53   0.011     .0637337    .5035904
      yr1750 |   2.213824   .8136415     2.72   0.007     .6191156    3.808532
      yr1800 |   4.304336   .7789359     5.53   0.000      2.77765    5.831023
      yr1850 |   1.176126   3.641352     0.32   0.747    -5.960792    8.313045
      yr1875 |   7.923619   5.456007     1.45   0.146    -2.769959     18.6172
      yr1900 |   15.89348   7.930329     2.00   0.045     .3503191    31.43664
------------------------------------------------------------------------------
Underidentification test (Kleibergen-Paap rk LM statistic):              2.078
                                                   Chi-sq(1) P-val =    0.1494
------------------------------------------------------------------------------
Weak identification test (Cragg-Donald Wald F statistic):              127.431
                         (Kleibergen-Paap rk Wald F statistic):         87.575
Stock-Yogo weak ID test critical values: 10% maximal IV size             16.38
                                         15% maximal IV size              8.96
                                         20% maximal IV size              6.66
                                         25% maximal IV size              5.53
Source: Stock-Yogo (2005).  Reproduced by permission.
NB: Critical values are for Cragg-Donald F statistic and i.i.d. errors.
------------------------------------------------------------------------------
Hansen J statistic (overidentification test of all instruments):         0.000
                                                 (equation exactly identified)
------------------------------------------------------------------------------
Instrumented:         yearsref
Included instruments: yr1750 yr1800 yr1850 yr1875 yr1900
Excluded instruments: fpresenceXpostXtrend
------------------------------------------------------------------------------

. cap noi outreg2 yearsref using "$outdir/table6_results.xls", ctitle("T6 C4 Pa
> nelC") br noaster nocons
C:/Users/Usuario/Documents/GitHub/twfe_survey/replications/2010-2012/Acemoglu e
> t al. (2011)/full/table6_results.xls
dir : seeout

. 
. * Column 5: All, unweighted
. di _n "--- Table 6, Column 5 ---"

--- Table 6, Column 5 ---

. xtreg urbrate yearsref yr1750-yr1900, fe i(id) robust cluster(id)

Fixed-effects (within) regression               Number of obs     =        109
Group variable: id                              Number of groups  =         19

R-squared:                                      Obs per group:
     Within  = 0.8423                                         min =          5
     Between = 0.0666                                         avg =        5.7
     Overall = 0.6537                                         max =          6

                                                F(6,18)           =      28.57
corr(u_i, Xb) = -0.0068                         Prob > F          =     0.0000

                                    (Std. err. adjusted for 19 clusters in id)
------------------------------------------------------------------------------
             |               Robust
     urbrate | Coefficient  std. err.      t    P>|t|     [95% conf. interval]
-------------+----------------------------------------------------------------
    yearsref |    .191056   .1051589     1.82   0.086    -.0298747    .4119866
      yr1750 |   2.311484   .7394635     3.13   0.006     .7579287    3.865039
      yr1800 |   4.941346   1.197698     4.13   0.001     2.425075    7.457617
      yr1850 |   3.852018   2.872044     1.34   0.197    -2.181923     9.88596
      yr1875 |   11.47839   4.243181     2.71   0.014     2.563793    20.39298
      yr1900 |   21.30383   6.336472     3.36   0.003     7.991399    34.61627
       _cons |   5.802292   1.453518     3.99   0.001     2.748564    8.856021
-------------+----------------------------------------------------------------
     sigma_u |  7.0436269
     sigma_e |  5.6886343
         rho |   .6052302   (fraction of variance due to u_i)
------------------------------------------------------------------------------

. outreg2 yearsref using "$outdir/table6_results.xls", ctitle("T6 C5 PanelA") b
> r noaster nocons
C:/Users/Usuario/Documents/GitHub/twfe_survey/replications/2010-2012/Acemoglu e
> t al. (2011)/full/table6_results.xls
dir : seeout

. 
. cap noi xtivreg2 yearsref fpresenceXpostXtrend yr1750-yr1900 if urbrate~=., f
> e robust cluster(id) small

FIXED EFFECTS ESTIMATION
------------------------
Number of groups =        19                    Obs per group: min =         5
                                                               avg =       5.7
                                                               max =         6

OLS estimation
--------------

Estimates efficient for homoskedasticity only
Statistics robust to heteroskedasticity and clustering on id

Number of clusters (id) =           19                Number of obs =      109
                                                      F(  6,    18) =   624.20
                                                      Prob > F      =   0.0000
Total (centered) SS     =   67135.0125                Centered R2   =   0.9594
Total (uncentered) SS   =   67135.0125                Uncentered R2 =   0.9594
Residual SS             =   2724.18806                Root MSE      =    5.695

------------------------------------------------------------------------------
             |               Robust
    yearsref | Coefficient  std. err.      t    P>|t|     [95% conf. interval]
-------------+----------------------------------------------------------------
fpresenceX~d |   .9603542   .1452582     6.61   0.000     .6551781     1.26553
      yr1750 |  -.9751382   1.081722    -0.90   0.379    -3.247751    1.297475
      yr1800 |  -.5672434   .9346604    -0.61   0.551    -2.530892    1.396405
      yr1850 |    16.7542   2.416996     6.93   0.000     11.67628    21.83212
      yr1875 |   34.29606   2.780607    12.33   0.000     28.45422     40.1379
      yr1900 |   54.27214   2.857168    19.00   0.000     48.26945    60.27482
------------------------------------------------------------------------------
Included instruments: fpresenceXpostXtrend yr1750 yr1800 yr1850 yr1875 yr1900
------------------------------------------------------------------------------

. cap noi outreg2 fpresenceXpostXtrend using "$outdir/table6_results.xls", br n
> oaster nocons ctitle("T6 C5 PanelB")
C:/Users/Usuario/Documents/GitHub/twfe_survey/replications/2010-2012/Acemoglu e
> t al. (2011)/full/table6_results.xls
dir : seeout

. 
. cap noi xtivreg2 urbrate (yearsref= fpresenceXpostXtrend) yr1750-yr1900, fe r
> obust cluster(id) first

FIXED EFFECTS ESTIMATION
------------------------
Number of groups =        19                    Obs per group: min =         5
                                                               avg =       5.7
                                                               max =         6

First-stage regressions
-----------------------


FIXED EFFECTS ESTIMATION
------------------------
Number of groups =        19                    Obs per group: min =         5
                                                               avg =       5.7
                                                               max =         6

First-stage regression of yearsref:

Statistics robust to heteroskedasticity and clustering on id
Number of obs =                    109
Number of clusters (id) =           19
------------------------------------------------------------------------------
             |               Robust
    yearsref | Coefficient  std. err.      t    P>|t|     [95% conf. interval]
-------------+----------------------------------------------------------------
fpresenceX~d |   .9603542   .1452582     6.61   0.000     .6714924    1.249216
      yr1750 |  -.9751382   1.081722    -0.90   0.370     -3.12626    1.175984
      yr1800 |  -.5672434   .9346604    -0.61   0.546    -2.425918    1.291431
      yr1850 |    16.7542   2.416996     6.93   0.000     11.94774    21.56066
      yr1875 |   34.29606   2.780607    12.33   0.000     28.76652    39.82561
      yr1900 |   54.27214   2.857168    19.00   0.000     48.59035    59.95393
------------------------------------------------------------------------------
F test of excluded instruments:
  F(  1,    18) =    43.71
  Prob > F      =   0.0000
Sanderson-Windmeijer multivariate F test of excluded instruments:
  F(  1,    18) =    43.71
  Prob > F      =   0.0000



Summary results for first-stage regressions
-------------------------------------------

                                           (Underid)            (Weak id)
Variable     | F(  1,    18)  P-val | SW Chi-sq(  1) P-val | SW F(  1,    18)
yearsref     |      43.71    0.0000 |       48.38   0.0000 |       43.71

NB: first-stage test statistics cluster-robust

Stock-Yogo weak ID F test critical values for single endogenous regressor:
                                   10% maximal IV size             16.38
                                   15% maximal IV size              8.96
                                   20% maximal IV size              6.66
                                   25% maximal IV size              5.53
Source: Stock-Yogo (2005).  Reproduced by permission.
NB: Critical values are for i.i.d. errors only.

Underidentification test
Ho: matrix of reduced form coefficients has rank=K1-1 (underidentified)
Ha: matrix has rank=K1 (identified)
Kleibergen-Paap rk LM statistic          Chi-sq(1)=2.66     P-val=0.1031

Weak identification test
Ho: equation is weakly identified
Cragg-Donald Wald F statistic                                      88.40
Kleibergen-Paap Wald rk F statistic                                43.71

Stock-Yogo weak ID test critical values for K1=1 and L1=1:
                                   10% maximal IV size             16.38
                                   15% maximal IV size              8.96
                                   20% maximal IV size              6.66
                                   25% maximal IV size              5.53
Source: Stock-Yogo (2005).  Reproduced by permission.
NB: Critical values are for Cragg-Donald F statistic and i.i.d. errors.

Weak-instrument-robust inference
Tests of joint significance of endogenous regressors B1 in main equation
Ho: B1=0 and orthogonality conditions are valid
Anderson-Rubin Wald test           F(1,18)=        1.70     P-val=0.2087
Anderson-Rubin Wald test           Chi-sq(1)=      1.88     P-val=0.1701
Stock-Wright LM S statistic        Chi-sq(1)=      2.92     P-val=0.0875

NB: Underidentification, weak identification and weak-identification-robust
    test statistics cluster-robust

Number of clusters             N_clust  =         19
Number of observations               N  =        109
Number of regressors                 K  =          6
Number of endogenous regressors      K1 =          1
Number of instruments                L  =          6
Number of excluded instruments       L1 =          1

IV (2SLS) estimation
--------------------

Estimates efficient for homoskedasticity only
Statistics robust to heteroskedasticity and clustering on id

Number of clusters (id) =           19                Number of obs =      109
                                                      F(  6,    18) =    29.70
                                                      Prob > F      =   0.0000
Total (centered) SS     =  17240.78847                Centered R2   =   0.8423
Total (uncentered) SS   =  17240.78847                Uncentered R2 =   0.8423
Residual SS             =  2718.303348                Root MSE      =    5.496

------------------------------------------------------------------------------
             |               Robust
     urbrate | Coefficient  std. err.      z    P>|z|     [95% conf. interval]
-------------+----------------------------------------------------------------
    yearsref |   .1927654   .1428756     1.35   0.177    -.0872657    .4727965
      yr1750 |   2.314776   .6966037     3.32   0.001     .9494574    3.680094
      yr1800 |    4.94394    1.14205     4.33   0.000     2.705564    7.182317
      yr1850 |   3.813653   3.885193     0.98   0.326    -3.801185    11.42849
      yr1875 |   11.40988   6.064889     1.88   0.060    -.4770839    23.29684
      yr1900 |   21.20103    9.00363     2.35   0.019     3.554236    38.84782
------------------------------------------------------------------------------
Underidentification test (Kleibergen-Paap rk LM statistic):              2.657
                                                   Chi-sq(1) P-val =    0.1031
------------------------------------------------------------------------------
Weak identification test (Cragg-Donald Wald F statistic):               88.398
                         (Kleibergen-Paap rk Wald F statistic):         43.710
Stock-Yogo weak ID test critical values: 10% maximal IV size             16.38
                                         15% maximal IV size              8.96
                                         20% maximal IV size              6.66
                                         25% maximal IV size              5.53
Source: Stock-Yogo (2005).  Reproduced by permission.
NB: Critical values are for Cragg-Donald F statistic and i.i.d. errors.
------------------------------------------------------------------------------
Hansen J statistic (overidentification test of all instruments):         0.000
                                                 (equation exactly identified)
------------------------------------------------------------------------------
Instrumented:         yearsref
Included instruments: yr1750 yr1800 yr1850 yr1875 yr1900
Excluded instruments: fpresenceXpostXtrend
------------------------------------------------------------------------------

. cap noi outreg2 yearsref using "$outdir/table6_results.xls", ctitle("T6 C5 Pa
> nelC") br noaster nocons
C:/Users/Usuario/Documents/GitHub/twfe_survey/replications/2010-2012/Acemoglu e
> t al. (2011)/full/table6_results.xls
dir : seeout

. 
. log close t6
      name:  t6
       log:  C:/Users/Usuario/Documents/GitHub/twfe_survey/replications/2010-20
> 12/Acemoglu et al. (2011)/full/table6.log
  log type:  text
 closed on:   6 May 2026, 00:29:27
-------------------------------------------------------------------------------

. 
. di _n "===== TABLES 5 AND 6 COMPLETE ====="

===== TABLES 5 AND 6 COMPLETE =====

. 
. cap log close _all
