-------------------------------------------------------------------------------
      name:  t2
       log:  C:/Users/Usuario/Documents/GitHub/twfe_survey/replications/2010-20
> 12/Acemoglu et al. (2011)/full/table2.log
  log type:  text
 opened on:   6 May 2026, 00:03:52

. 
. format urbrate %9.2f

. 
. di _n "===== Panel A: West of Elbe, by Treatment ====="

===== Panel A: West of Elbe, by Treatment =====

. di _n "--- All West of Elbe ---"

--- All West of Elbe ---

. by year, sort: sum urbrate if westelbe==1 [aweight=totalpop1750], format

-------------------------------------------------------------------------------
-> year = 1700

    Variable |     Obs      Weight        Mean   Std. dev.       Min        Max
-------------+-----------------------------------------------------------------
     urbrate |       9  5908932.31        5.86       4.22       0.00      14.17

-------------------------------------------------------------------------------
-> year = 1750

    Variable |     Obs      Weight        Mean   Std. dev.       Min        Max
-------------+-----------------------------------------------------------------
     urbrate |      13  8640353.31        7.89       4.12       2.09      19.41

-------------------------------------------------------------------------------
-> year = 1800

    Variable |     Obs      Weight        Mean   Std. dev.       Min        Max
-------------+-----------------------------------------------------------------
     urbrate |      13  8640353.31       10.23       4.37       3.39      18.64

-------------------------------------------------------------------------------
-> year = 1850

    Variable |     Obs      Weight        Mean   Std. dev.       Min        Max
-------------+-----------------------------------------------------------------
     urbrate |      13  8640353.31       13.78       6.01       5.44      22.83

-------------------------------------------------------------------------------
-> year = 1875

    Variable |     Obs      Weight        Mean   Std. dev.       Min        Max
-------------+-----------------------------------------------------------------
     urbrate |      13  8640353.31       25.70      10.70      15.05      42.82

-------------------------------------------------------------------------------
-> year = 1900

    Variable |     Obs      Weight        Mean   Std. dev.       Min        Max
-------------+-----------------------------------------------------------------
     urbrate |      13  8640353.31       39.89      13.92      23.53      74.92


. di _n "--- Napoleon (treated) ---"

--- Napoleon (treated) ---

. by year, sort: sum urbrate if westelbe==1 & napoleon==1 [aweight=totalpop1750
> ], format

-------------------------------------------------------------------------------
-> year = 1700

    Variable |     Obs      Weight        Mean   Std. dev.       Min        Max
-------------+-----------------------------------------------------------------
     urbrate |       5  2536356.31        6.35       5.93       0.00      14.17

-------------------------------------------------------------------------------
-> year = 1750

    Variable |     Obs      Weight        Mean   Std. dev.       Min        Max
-------------+-----------------------------------------------------------------
     urbrate |       8  4658559.31        8.09       4.40       2.09      19.41

-------------------------------------------------------------------------------
-> year = 1800

    Variable |     Obs      Weight        Mean   Std. dev.       Min        Max
-------------+-----------------------------------------------------------------
     urbrate |       8  4658559.31       11.75       4.71       5.20      18.64

-------------------------------------------------------------------------------
-> year = 1850

    Variable |     Obs      Weight        Mean   Std. dev.       Min        Max
-------------+-----------------------------------------------------------------
     urbrate |       8  4658559.31       14.96       6.65       5.44      22.83

-------------------------------------------------------------------------------
-> year = 1875

    Variable |     Obs      Weight        Mean   Std. dev.       Min        Max
-------------+-----------------------------------------------------------------
     urbrate |       8  4658559.31       28.67      11.69      16.09      42.82

-------------------------------------------------------------------------------
-> year = 1900

    Variable |     Obs      Weight        Mean   Std. dev.       Min        Max
-------------+-----------------------------------------------------------------
     urbrate |       8  4658559.31       43.55      15.20      23.53      74.92


. di _n "--- No Napoleon (control) ---"

--- No Napoleon (control) ---

. by year, sort: sum urbrate if westelbe==1 & napoleon==0 [aweight=totalpop1750
> ], format

-------------------------------------------------------------------------------
-> year = 1700

    Variable |     Obs      Weight        Mean   Std. dev.       Min        Max
-------------+-----------------------------------------------------------------
     urbrate |       4     3372576        5.49       2.89       0.00       8.82

-------------------------------------------------------------------------------
-> year = 1750

    Variable |     Obs      Weight        Mean   Std. dev.       Min        Max
-------------+-----------------------------------------------------------------
     urbrate |       5     3981794        7.66       4.19       4.16      13.92

-------------------------------------------------------------------------------
-> year = 1800

    Variable |     Obs      Weight        Mean   Std. dev.       Min        Max
-------------+-----------------------------------------------------------------
     urbrate |       5     3981794        8.45       3.47       3.39      13.51

-------------------------------------------------------------------------------
-> year = 1850

    Variable |     Obs      Weight        Mean   Std. dev.       Min        Max
-------------+-----------------------------------------------------------------
     urbrate |       5     3981794       12.38       5.42       8.29      20.49

-------------------------------------------------------------------------------
-> year = 1875

    Variable |     Obs      Weight        Mean   Std. dev.       Min        Max
-------------+-----------------------------------------------------------------
     urbrate |       5     3981794       22.22       9.15      15.05      36.09

-------------------------------------------------------------------------------
-> year = 1900

    Variable |     Obs      Weight        Mean   Std. dev.       Min        Max
-------------+-----------------------------------------------------------------
     urbrate |       5     3981794       35.60      12.12      27.75      54.02


. 
. di _n "--- Covariates: West of Elbe ---"

--- Covariates: West of Elbe ---

. sum protestant latitude longitude distpa if westelbe==1 [aweight=totalpop1750
> ]

    Variable |     Obs      Weight        Mean   Std. dev.       Min        Max
-------------+-----------------------------------------------------------------
  protestant |      78  51842119.9    .5787749   .3434565        .05          1
    latitude |      78  51842119.9    50.43043    1.49958   48.13334   52.36666
   longitude |      78  51842119.9    9.885727   2.006996        7.6   13.73333
      distpa |      78  51842119.9    592.3754   146.2944   413.0552   848.7664

. sum protestant latitude longitude distpa if westelbe==1 & napoleon==1 [aweigh
> t=totalpop1750]

    Variable |     Obs      Weight        Mean   Std. dev.       Min        Max
-------------+-----------------------------------------------------------------
  protestant |      48  27951355.9    .6184135    .302984        .25        .95
    latitude |      48  27951355.9    51.41224   .9765205   49.31944   52.36666
   longitude |      48  27951355.9    9.027449   1.505143        7.6   11.61667
      distpa |      48  27951355.9     558.657   128.1925   413.0552    748.983

. sum protestant latitude longitude distpa if westelbe==1 & napoleon==0 [aweigh
> t=totalpop1750]

    Variable |     Obs      Weight        Mean   Std. dev.       Min        Max
-------------+-----------------------------------------------------------------
  protestant |      30    23890764    .5323991   .3853424        .05          1
    latitude |      30    23890764    49.28174   1.149553   48.13334      51.05
   longitude |      30    23890764    10.88988   2.075268        8.4   13.73333
      distpa |      30    23890764    631.8247    158.007   441.8782   848.7664

. 
. di _n "===== Panel B: All Germany ====="

===== Panel B: All Germany =====

. by year, sort: sum urbrate [aweight=totalpop1750], format

-------------------------------------------------------------------------------
-> year = 1700

    Variable |     Obs      Weight        Mean   Std. dev.       Min        Max
-------------+-----------------------------------------------------------------
     urbrate |      14  8359312.31        7.08       5.61       0.00      19.03

-------------------------------------------------------------------------------
-> year = 1750

    Variable |     Obs      Weight        Mean   Std. dev.       Min        Max
-------------+-----------------------------------------------------------------
     urbrate |      19  12144187.3        8.59       4.61       2.09      19.41

-------------------------------------------------------------------------------
-> year = 1800

    Variable |     Obs      Weight        Mean   Std. dev.       Min        Max
-------------+-----------------------------------------------------------------
     urbrate |      19  12144187.3       10.81       4.92       3.39      22.51

-------------------------------------------------------------------------------
-> year = 1850

    Variable |     Obs      Weight        Mean   Std. dev.       Min        Max
-------------+-----------------------------------------------------------------
     urbrate |      19  12144187.3       14.65       7.26       5.44      33.29

-------------------------------------------------------------------------------
-> year = 1875

    Variable |     Obs      Weight        Mean   Std. dev.       Min        Max
-------------+-----------------------------------------------------------------
     urbrate |      19  12144187.3       26.52      11.21      15.05      50.23

-------------------------------------------------------------------------------
-> year = 1900

    Variable |     Obs      Weight        Mean   Std. dev.       Min        Max
-------------+-----------------------------------------------------------------
     urbrate |      19  12144187.3       40.29      14.54      20.97      74.92


. by year, sort: sum urbrate if napoleon==1 [aweight=totalpop1750], format

-------------------------------------------------------------------------------
-> year = 1700

    Variable |     Obs      Weight        Mean   Std. dev.       Min        Max
-------------+-----------------------------------------------------------------
     urbrate |       5  2536356.31        6.35       5.93       0.00      14.17

-------------------------------------------------------------------------------
-> year = 1750

    Variable |     Obs      Weight        Mean   Std. dev.       Min        Max
-------------+-----------------------------------------------------------------
     urbrate |       8  4658559.31        8.09       4.40       2.09      19.41

-------------------------------------------------------------------------------
-> year = 1800

    Variable |     Obs      Weight        Mean   Std. dev.       Min        Max
-------------+-----------------------------------------------------------------
     urbrate |       8  4658559.31       11.75       4.71       5.20      18.64

-------------------------------------------------------------------------------
-> year = 1850

    Variable |     Obs      Weight        Mean   Std. dev.       Min        Max
-------------+-----------------------------------------------------------------
     urbrate |       8  4658559.31       14.96       6.65       5.44      22.83

-------------------------------------------------------------------------------
-> year = 1875

    Variable |     Obs      Weight        Mean   Std. dev.       Min        Max
-------------+-----------------------------------------------------------------
     urbrate |       8  4658559.31       28.67      11.69      16.09      42.82

-------------------------------------------------------------------------------
-> year = 1900

    Variable |     Obs      Weight        Mean   Std. dev.       Min        Max
-------------+-----------------------------------------------------------------
     urbrate |       8  4658559.31       43.55      15.20      23.53      74.92


. by year, sort: sum urbrate if napoleon==0 [aweight=totalpop1750], format

-------------------------------------------------------------------------------
-> year = 1700

    Variable |     Obs      Weight        Mean   Std. dev.       Min        Max
-------------+-----------------------------------------------------------------
     urbrate |       9     5822956        7.40       5.75       0.00      19.03

-------------------------------------------------------------------------------
-> year = 1750

    Variable |     Obs      Weight        Mean   Std. dev.       Min        Max
-------------+-----------------------------------------------------------------
     urbrate |      11     7485628        8.90       4.91       2.77      18.96

-------------------------------------------------------------------------------
-> year = 1800

    Variable |     Obs      Weight        Mean   Std. dev.       Min        Max
-------------+-----------------------------------------------------------------
     urbrate |      11     7485628       10.22       5.16       3.39      22.51

-------------------------------------------------------------------------------
-> year = 1850

    Variable |     Obs      Weight        Mean   Std. dev.       Min        Max
-------------+-----------------------------------------------------------------
     urbrate |      11     7485628       14.45       7.90       8.29      33.29

-------------------------------------------------------------------------------
-> year = 1875

    Variable |     Obs      Weight        Mean   Std. dev.       Min        Max
-------------+-----------------------------------------------------------------
     urbrate |      11     7485628       25.19      11.20      15.05      50.23

-------------------------------------------------------------------------------
-> year = 1900

    Variable |     Obs      Weight        Mean   Std. dev.       Min        Max
-------------+-----------------------------------------------------------------
     urbrate |      11     7485628       38.27      14.40      20.97      68.48


. 
. sum protestant latitude longitude distpa [aweight=totalpop1750]

    Variable |     Obs      Weight        Mean   Std. dev.       Min        Max
-------------+-----------------------------------------------------------------
  protestant |     114  72865123.9    .6544285   .3304862        .05          1
    latitude |     114  72865123.9    51.13919   1.851429   48.13334   54.73333
   longitude |     114  72865123.9    11.34197   3.418309        7.6   20.48333
      distpa |     114  72865123.9    712.8788   251.0056   413.0552   1401.567

. sum protestant latitude longitude distpa if napoleon==1 [aweight=totalpop1750
> ]

    Variable |     Obs      Weight        Mean   Std. dev.       Min        Max
-------------+-----------------------------------------------------------------
  protestant |      48  27951355.9    .6184135    .302984        .25        .95
    latitude |      48  27951355.9    51.41224   .9765205   49.31944   52.36666
   longitude |      48  27951355.9    9.027449   1.505143        7.6   11.61667
      distpa |      48  27951355.9     558.657   128.1925   413.0552    748.983

. sum protestant latitude longitude distpa if napoleon==0 [aweight=totalpop1750
> ]

    Variable |     Obs      Weight        Mean   Std. dev.       Min        Max
-------------+-----------------------------------------------------------------
  protestant |      66    44913768    .6768419   .3467146        .05          1
    latitude |      66    44913768    50.96926   2.220491   48.13334   54.73333
   longitude |      66    44913768    12.78237   3.490838        8.4   20.48333
      distpa |      66    44913768    808.8563   261.3894   441.8782   1401.567

. 
. log close t2
      name:  t2
       log:  C:/Users/Usuario/Documents/GitHub/twfe_survey/replications/2010-20
> 12/Acemoglu et al. (2011)/full/table2.log
  log type:  text
 closed on:   6 May 2026, 00:03:52
-------------------------------------------------------------------------------
