-------------------------------------------------------------------------------
      name:  <unnamed>
       log:  C:\Users\Usuario\Documents\GitHub\twfe_survey\data\2010-2012\Aaron
> son et al. (2012)\Supplemental-Files-for-AAF\unix_files\cps_cleanhhdata.log
  log type:  text
 opened on:   4 May 2026, 16:36:07

. 
. use temp_matched.dta

. * Drop people who weren't matched
. gen fmatch = match[_n+1]
(6,649,540 missing values generated)

. drop if match==. & fmatch==.
(4,203,344 observations deleted)

. drop fmatch match

. 
. gen dperson = person-person[_n-1] if mis==8
(2,515,916 missing values generated)

. tab dperson if mis==8, missing

    dperson |      Freq.     Percent        Cum.
------------+-----------------------------------
         -1 |      8,971        0.37        0.37
          0 |  2,367,505       96.78       97.15
          . |     69,720        2.85      100.00
------------+-----------------------------------
      Total |  2,446,196      100.00

. drop dperson 

. 
. count
  4,892,392

. save ogr_next3_79, replace
(file ogr_next3_79.dta not found)
file ogr_next3_79.dta saved

. 
. 
. use ogr_next3_79.dta

. ************************************************
. * Transform Data in to Household Level Dataset *
. ************************************************  
. 
. *Wage
. gen w1 = wage if (person==1 & mis==4) | (lperson==1 & mis==8)
(4,070,424 missing values generated)

. gen w2 = wage if (person==2 & mis==4) | (lperson==2 & mis==8)
(4,188,057 missing values generated)

. 
. *Quarterly Income
. gen qi1 = qtrincome if (person==1 & mis==4) | (lperson==1 & mis==8)
(4,071,718 missing values generated)

. gen qi2 = qtrincome if (person==2 & mis==4) | (lperson==2 & mis==8)          
>                      
(4,189,335 missing values generated)

. 
. *Hours
. gen h1 = hours if (person==1 & mis==4) | (lperson==1 & mis==8)
(3,203,230 missing values generated)

. gen h2 = hours if (person==2 & mis==4) | (lperson==2 & mis==8)               
>              
(3,730,432 missing values generated)

. 
. *Employment
. gen e1 = (mlr==1 | mlr==2) if ~missing(mlr) & ((person==1 & mis==4) | (lperso
> n==1 & mis==8))
(2,014,315 missing values generated)

. gen e2 = (mlr==1 | mlr==2) if ~missing(mlr) & ((person==2 & mis==4) | (lperso
> n==2 & mis==8))                              
(2,881,310 missing values generated)

. 
. 
. * Now Fill in Variables Generated Above for Everyone in the Household
. sort _hhid month state hhnum year

. by _hhid month state hhnum year : egen wage1 = max(w1)
(3,491,037 missing values generated)

. by _hhid month state hhnum year : egen wage2 = max(w2)
(3,512,591 missing values generated)

. by _hhid month state hhnum year : egen qtrincome1 = max(qi1)
(3,493,197 missing values generated)

. by _hhid month state hhnum year : egen qtrincome2 = max(qi2)
(3,515,092 missing values generated)

. by _hhid month state hhnum year : egen hrs1 = max(h1)
(1,983,084 missing values generated)

. by _hhid month state hhnum year : egen hrs2 = max(h2)
(2,612,314 missing values generated)

. by _hhid month state hhnum year : egen emp1 = max(e1)
(95,513 missing values generated)

. by _hhid month state hhnum year : egen emp2 = max(e2)
(960,038 missing values generated)

. 
. gen miss1 = 1 if qtrincome1==.
(1,399,195 missing values generated)

. gen miss2 = 1 if qtrincome2==.
(1,377,300 missing values generated)

.  replace qtrincome1 = 0 if qtrincome1==.
(3,493,197 real changes made)

.  replace qtrincome2 = 0 if qtrincome2==.
(3,515,092 real changes made)

. 
. 
. 
. *Create Weight
. gen wt1 = wgt if person==1 & mis==4
(3,453,535 missing values generated)

. by _hhid month state hhnum year: egen wgt1 = max(wt1) if mis==4
(2,494,303 missing values generated)

. drop wt1

. 
. *************************************
. * Generate Variables for Exclusions *
. *************************************
. by _hhid month state hhnum year: egen npersons_matched = count(month)

. 
. gen firstyear = .
(4,892,392 missing values generated)

. replace firstyear = year if mis==4
(2,446,196 real changes made)

. replace firstyear = year-1 if mis==8
(2,446,196 real changes made)

. 
. *Self Employed
. by _hhid month state hhnum year: egen hselfemp = max(selfemp)

. 
. *Age of Household Head - This was modified to account for households where on
> ly 2nd person is matched
. gen age1 = age if person==1
(2,002,421 missing values generated)

. replace age1 = age if person==2 & npersons_matched==1 
(78,145 real changes made)

. replace age1 = age if lperson==2 & npersons_matched==1 & person==. 
(2,714 real changes made)

. by _hhid month state hhnum year: egen agehead = max(age1)

. 
. count if missing(agehead)
  0

. count if missing(agehead) & mis==4
  0

. gen noagehead = agehead==.

. bysort _hhid month state hhnum firstyear: egen _noagehead = max(noagehead)

. list  _hhid month state hhnum year mis person agehead age dage if _noagehead=
> =1

. drop _noagehead noagehead

. 
. *Household Head Has No College at Start of the Sample
. gen nocollege = . 
(4,892,392 missing values generated)

. replace nocollege = 1 if person==1 & edgrp<=2 & mis==4
(792,677 real changes made)

. replace nocollege = 0 if person==1 & edgrp>=3 & mis==4
(647,823 real changes made)

. bysort _hhid month state hhnum year: egen nocollege1 = max(nocollege)
(2,491,111 missing values generated)

. 
. 
. *Limit Sample to One Household Member
. sort  _hhid month state hhnum year lineno

. by _hhid month state hhnum year: keep if lineno==lineno[1]
(1,921,562 observations deleted)

. 
. ds
hhid          aernwk        minlineno_hh  dhead         hrs2
age           edgrp         ishh          dyear         emp1
ernwgt        nonwhite      nonheadhas~e  dage          emp2
hhnum         female        multiples     dmis          miss1
lineno        state         fwage         w1            miss2
mis           mon           person        w2            wgt1
mlr           num           head          qi1           npersons_m~d
month         uhhid         npersons      qi2           firstyear
relhd         _hhid         l_hhid        h1            hselfemp
wgt           kids          lmonth        h2            age1
year          adults        lstate        e1            agehead
hhwgt         wage          lhhnum        e2            nocollege
serial        hours         llineno       wage1         nocollege1
chld          qtrincome     lfemale       wage2
chldnm        hincqtr       lnonwhite     qtrincome1
hhid2         F1            lperson       qtrincome2
selfemp       householdh~d  lnpersons     hrs1

. 
. *keep _hhid month state hhnum year mis ///
>          wage1 wage2 hincqtr qtrincome1 qtrincome2 hrs1 hrs2 emp1 emp2 F1 ///
>          kids adults hselfemp agehead nocollege1  ///
>          hhwgt wgt1 miss1 miss2
.          
. 
.          
. count
  2,970,830

. save ogr_next4_79, replace
(file ogr_next4_79.dta not found)
file ogr_next4_79.dta saved

. 
. 
. use ogr_next4_79

. *******************************
. * Bring in State Minimum Wage *
. *******************************
. 
. destring state, replace
state: all characters numeric; replaced as byte

. sort state year month

. merge state year month using mw7909a, keep(minwage)
(you are using old merge syntax; see [D] merge for new syntax)
variables state year month do not uniquely identify observations in the
    master data
(variable state was byte, now float to accommodate using data's values)
(variable year was int, now float to accommodate using data's values)
(variable month was byte, now float to accommodate using data's values)

. tab _m

     _merge |      Freq.     Percent        Cum.
------------+-----------------------------------
          1 |     30,100        1.01        1.01
          2 |      1,500        0.05        1.06
          3 |  2,940,730       98.94      100.00
------------+-----------------------------------
      Total |  2,972,330      100.00

. drop if _m==2
(1,500 observations deleted)

. 
. 
. 
. 
. ************* GENERATE S *****************
. * The share of income coming from jobs   *
. * paying less than 120% of minimum wage. *
. ******************************************
. 
. gen ratio1 = wage1/minwage if mis==4
(2,557,500 missing values generated)

. gen ratio2 = wage2/minwage if mis==4
(2,606,638 missing values generated)

. 
. gen earnmw1 = 0

. replace earnmw1 = 1 if ratio1<=1.2
(39,333 real changes made)

. replace earnmw1 = . if ratio1==. & ratio2==.
(2,346,725 real changes made, 2,346,725 to missing)

. 
. gen earnmw2 = 0

. replace earnmw2 = 1 if ratio2<=1.2
(69,776 real changes made)

. replace earnmw2 = . if ratio1==. & ratio2==.
(2,346,725 real changes made, 2,346,725 to missing)

. 
. gen sharemw = (qtrincome1*earnmw1+qtrincome2*earnmw2)/F if mis==4
(2,347,027 missing values generated)

.  replace sharemw = 1 if (qtrincome1*earnmw1+qtrincome2*earnmw2)>0 & (qtrincom
> e1*earnmw1+qtrincome2*earnmw2)<. & F<=0
(0 real changes made)

. 
.  
.  
.  
.  
. ************* GENERATE S' *****************
. * The share of income coming from jobs    *
. * paying 120-300% of minimum wage.        *
. *******************************************
. 
. gen earnmw1_120300 = 0

. replace earnmw1_120300 = 1 if ratio1>1.2 & ratio1<=3
(250,267 real changes made)

. replace earnmw1_120300 = . if (ratio1<=1.2 & qtrincome1>0 & qtrincome1<. | ra
> tio2<=1.2 & qtrincome2>0 & qtrincome2<.) | (ratio1==. & ratio2==.)
(2,451,049 real changes made, 2,451,049 to missing)

. 
. gen earnmw2_120300 = 0

. replace earnmw2_120300 = 1 if ratio2>1.2 & ratio2<=3
(239,467 real changes made)

. replace earnmw2_120300 = . if (ratio1<=1.2 & qtrincome1>0 & qtrincome1<. | ra
> tio2<=1.2 & qtrincome2>0 & qtrincome2<.) | (ratio1==. & ratio2==.)
(2,451,049 real changes made, 2,451,049 to missing)

. 
. gen sharemw_120300 = (qtrincome1*earnmw1_120300+qtrincome2*earnmw2_120300)/F 
> if mis==4
(2,451,351 missing values generated)

.  replace sharemw_120300 = 1 if (qtrincome1*earnmw1_120300+qtrincome2*earnmw2_
> 120300)>0 & (qtrincome1*earnmw1_120300+qtrincome2*earnmw2_120300)<. & F<=0
(0 real changes made)

. 
.  
.  
.  
.  
.  
. ************* GENERATE S'' ******************
. * The share of income coming from jobs      *
. * paying 200-300% of minimum wage.          *
. *********************************************
. 
. gen earnmw1_200300 = 0

. replace earnmw1_200300 = 1 if ratio1>2 & ratio1<=3
(129,059 real changes made)

. replace earnmw1_200300 = . if (ratio1<=2 & qtrincome1>0 & qtrincome1<. | rati
> o2<=2 & qtrincome2>0 & qtrincome2<.) | (ratio1==. & ratio2==.)
(2,686,519 real changes made, 2,686,519 to missing)

. 
. gen earnmw2_200300 = 0

. replace earnmw2_200300 = 1 if ratio2>2 & ratio2<=3
(91,017 real changes made)

. replace earnmw2_200300 = . if (ratio1<=2 & qtrincome1>0 & qtrincome1<. | rati
> o2<=2 & qtrincome2>0 & qtrincome2<.) | (ratio1==. & ratio2==.)
(2,686,519 real changes made, 2,686,519 to missing)

. 
. gen sharemw_200300 = (qtrincome1*earnmw1_200300+qtrincome2*earnmw2_200300)/F 
> if mis==4
(2,686,821 missing values generated)

.  replace sharemw_200300 = 1 if (qtrincome1*earnmw1_200300+qtrincome2*earnmw2_
> 200300)>0 & (qtrincome1*earnmw1_200300+qtrincome2*earnmw2_200300)<. & F<=0
(0 real changes made)

. 
.  
.  
.  
.  
. ************* GENERATE S''' *****************
. * The share of income coming from jobs      *
. * paying 120-200% of minimum wage.          *
. *********************************************
. 
. gen earnmw1_120200 = 0

. replace earnmw1_120200 = 1 if ratio1>1.2 & ratio1<=2
(121,208 real changes made)

. replace earnmw1_120200 = . if (ratio1<=1.2 & qtrincome1>0 & qtrincome1<. | ra
> tio2<=1.2 & qtrincome2>0 & qtrincome2<.) | (ratio1==. & ratio2==.)
(2,451,049 real changes made, 2,451,049 to missing)

. 
. gen earnmw2_120200 = 0

. replace earnmw2_120200 = 1 if ratio2>1.2 & ratio2<=2
(148,450 real changes made)

. replace earnmw2_120200 = . if (ratio1<=1.2 & qtrincome1>0 & qtrincome1<. | ra
> tio2<=1.2 & qtrincome2>0 & qtrincome2<.) | (ratio1==. & ratio2==.)
(2,451,049 real changes made, 2,451,049 to missing)

. 
. gen sharemw_120200 = (qtrincome1*earnmw1_120200+qtrincome2*earnmw2_120200)/F 
> if mis==4
(2,451,351 missing values generated)

.  replace sharemw_120200 = 1 if (qtrincome1*earnmw1_120200+qtrincome2*earnmw2_
> 120200)>0 & (qtrincome1*earnmw1_120200+qtrincome2*earnmw2_120200)<. & F<=0
(0 real changes made)

. 
.  
. gen tot_inc = qtrincome1 + qtrincome2

. 
.  
. **** real values of income. pce deflator, chain weighted. revised in 2009.
. 
. 
. gen pce = 0

. 
.  replace pce=0.4212 if year == 1979
(57,520 real changes made)

.  replace pce=0.4664 if year == 1980
(122,095 real changes made)

.  replace pce=0.5081 if year == 1981
(127,494 real changes made)

.  replace pce=0.5362 if year == 1982
(125,412 real changes made)

.  replace pce=0.5592 if year == 1983
(123,936 real changes made)

.  replace pce=0.5804 if year == 1984
(91,515 real changes made)

.  replace pce=0.5994 if year == 1985
(45,216 real changes made)

.  replace pce=0.6140 if year == 1986
(74,904 real changes made)

.  replace pce=0.6359 if year == 1987
(117,680 real changes made)

.  replace pce=0.6612 if year == 1988
(113,918 real changes made)

.  replace pce=0.6899 if year == 1989
(115,686 real changes made)

.  replace pce=0.7215 if year == 1990
(121,657 real changes made)

.  replace pce=0.7476 if year == 1991
(123,171 real changes made)

.  replace pce=0.7695 if year == 1992
(122,095 real changes made)

.  replace pce=0.7864 if year == 1993
(119,371 real changes made)

.  replace pce=0.8027 if year == 1994
(80,849 real changes made)

.  replace pce=0.8204 if year == 1995
(39,830 real changes made)

.  replace pce=0.8383 if year == 1996
(71,145 real changes made)

.  replace pce=0.8539 if year == 1997
(107,332 real changes made)

.  replace pce=0.8621 if year == 1998
(107,639 real changes made)

.  replace pce=0.8760 if year == 1999
(108,697 real changes made)

.  replace pce=0.8978 if year == 2000
(108,228 real changes made)

.  replace pce=0.9149 if year == 2001
(109,636 real changes made)

.  replace pce=0.9274 if year == 2002
(118,948 real changes made)

.  replace pce=0.9462 if year == 2003
(113,635 real changes made)

.  replace pce=0.9710 if year == 2004
(106,364 real changes made)

.  replace pce=1.0000 if year == 2005
(116,159 real changes made)

.  replace pce=1.0275 if year == 2006
(120,646 real changes made)

.  replace pce=1.0550 if year == 2007
(60,052 real changes made)

.  replace pce=1.0903 if year == 2008
(0 real changes made)

. 
.  
.  tab year if pce~=0

Year of CPS |
     Survey |      Freq.     Percent        Cum.
------------+-----------------------------------
       1979 |     57,520        1.94        1.94
       1980 |    122,095        4.11        6.05
       1981 |    127,494        4.29       10.34
       1982 |    125,412        4.22       14.56
       1983 |    123,936        4.17       18.73
       1984 |     91,515        3.08       21.81
       1985 |     45,216        1.52       23.33
       1986 |     74,904        2.52       25.85
       1987 |    117,680        3.96       29.82
       1988 |    113,918        3.83       33.65
       1989 |    115,686        3.89       37.54
       1990 |    121,657        4.10       41.64
       1991 |    123,171        4.15       45.79
       1992 |    122,095        4.11       49.90
       1993 |    119,371        4.02       53.91
       1994 |     80,849        2.72       56.63
       1995 |     39,830        1.34       57.98
       1996 |     71,145        2.39       60.37
       1997 |    107,332        3.61       63.98
       1998 |    107,639        3.62       67.61
       1999 |    108,697        3.66       71.27
       2000 |    108,228        3.64       74.91
       2001 |    109,636        3.69       78.60
       2002 |    118,948        4.00       82.60
       2003 |    113,635        3.83       86.43
       2004 |    106,364        3.58       90.01
       2005 |    116,159        3.91       93.92
       2006 |    120,646        4.06       97.98
       2007 |     60,052        2.02      100.00
------------+-----------------------------------
      Total |  2,970,830      100.00

.  tab year  

Year of CPS |
     Survey |      Freq.     Percent        Cum.
------------+-----------------------------------
       1979 |     57,520        1.94        1.94
       1980 |    122,095        4.11        6.05
       1981 |    127,494        4.29       10.34
       1982 |    125,412        4.22       14.56
       1983 |    123,936        4.17       18.73
       1984 |     91,515        3.08       21.81
       1985 |     45,216        1.52       23.33
       1986 |     74,904        2.52       25.85
       1987 |    117,680        3.96       29.82
       1988 |    113,918        3.83       33.65
       1989 |    115,686        3.89       37.54
       1990 |    121,657        4.10       41.64
       1991 |    123,171        4.15       45.79
       1992 |    122,095        4.11       49.90
       1993 |    119,371        4.02       53.91
       1994 |     80,849        2.72       56.63
       1995 |     39,830        1.34       57.98
       1996 |     71,145        2.39       60.37
       1997 |    107,332        3.61       63.98
       1998 |    107,639        3.62       67.61
       1999 |    108,697        3.66       71.27
       2000 |    108,228        3.64       74.91
       2001 |    109,636        3.69       78.60
       2002 |    118,948        4.00       82.60
       2003 |    113,635        3.83       86.43
       2004 |    106,364        3.58       90.01
       2005 |    116,159        3.91       93.92
       2006 |    120,646        4.06       97.98
       2007 |     60,052        2.02      100.00
------------+-----------------------------------
      Total |  2,970,830      100.00

. gen wage1nom = wage1
(2,148,862 missing values generated)

. gen wage2nom = wage2
(2,266,495 missing values generated)

. 
. replace qtrincome1 = qtrincome1 / pce 
(786,162 real changes made)

. replace qtrincome2 = qtrincome2 / pce 
(674,288 real changes made)

. replace wage1 = wage1 / pce
(787,691 real changes made)

. replace wage2 = wage2 / pce 
(675,947 real changes made)

. replace F1 = F1 / pce 
(2,161,885 real changes made)

. replace hincqtr = hincqtr / pce 
(1,276,536 real changes made)

. replace minwage = minwage / pce 
(2,826,138 real changes made)

. replace tot_inc = tot_inc / pce  
(1,176,172 real changes made)

.  
. summ hincqtr, detail 

                           hincqtr
-------------------------------------------------------------
      Percentiles      Smallest
 1%            0              0
 5%            0              0
10%            0              0       Obs           2,970,830
25%            0              0       Sum of wgt.   2,970,830

50%            0                      Mean           3878.776
                        Largest       Std. dev.      5963.769
75%     6560.247       144995.8
90%     12308.46       156772.8       Variance       3.56e+07
95%     15956.52       167791.9       Skewness       2.117464
99%     24149.49       180617.5       Kurtosis       11.03708

. summ qtrincome1, detail 

                         qtrincome1
-------------------------------------------------------------
      Percentiles      Smallest
 1%            0              0
 5%            0              0
10%            0              0       Obs           2,970,830
25%            0              0       Sum of wgt.   2,970,830

50%            0                      Mean           2121.286
                        Largest       Std. dev.      4169.904
75%     2852.267       123907.9
90%      8485.64       137971.7       Variance       1.74e+07
95%     11052.94       156772.8       Skewness       2.681844
99%     16200.41       180617.5       Kurtosis       18.59427

. summ qtrincome2, detail 

                         qtrincome2
-------------------------------------------------------------
      Percentiles      Smallest
 1%            0              0
 5%            0              0
10%            0              0       Obs           2,970,830
25%            0              0       Sum of wgt.   2,970,830

50%            0                      Mean           1312.471
                        Largest       Std. dev.      2970.672
75%            0       108814.2
90%     5419.452       108814.2       Variance        8824894
95%     7591.241       113250.8       Skewness       3.474334
99%     12622.62       117534.3       Kurtosis       28.49978

. summ tot_inc, detail 

                           tot_inc
-------------------------------------------------------------
      Percentiles      Smallest
 1%            0              0
 5%            0              0
10%            0              0       Obs           2,970,830
25%            0              0       Sum of wgt.   2,970,830

50%            0                      Mean           3433.757
                        Largest       Std. dev.      5474.988
75%     5830.323       142359.5
90%     11294.27       156772.8       Variance       3.00e+07
95%     14606.74       166730.6       Skewness       2.195541
99%        21840       180617.5       Kurtosis       12.32371

. 
. gen qtr = . 
(2,970,830 missing values generated)

.  replace qtr=1 if month>=1 & month<=3 
(757,592 real changes made)

.  replace qtr=2 if month>=4 & month<=6 
(736,426 real changes made)

.  replace qtr=3 if month>=7 & month<=9 
(712,258 real changes made)

.  replace qtr=4 if month>=10 & month<=12 
(764,554 real changes made)

. 
. tab year, gen(y)

Year of CPS |
     Survey |      Freq.     Percent        Cum.
------------+-----------------------------------
       1979 |     57,520        1.94        1.94
       1980 |    122,095        4.11        6.05
       1981 |    127,494        4.29       10.34
       1982 |    125,412        4.22       14.56
       1983 |    123,936        4.17       18.73
       1984 |     91,515        3.08       21.81
       1985 |     45,216        1.52       23.33
       1986 |     74,904        2.52       25.85
       1987 |    117,680        3.96       29.82
       1988 |    113,918        3.83       33.65
       1989 |    115,686        3.89       37.54
       1990 |    121,657        4.10       41.64
       1991 |    123,171        4.15       45.79
       1992 |    122,095        4.11       49.90
       1993 |    119,371        4.02       53.91
       1994 |     80,849        2.72       56.63
       1995 |     39,830        1.34       57.98
       1996 |     71,145        2.39       60.37
       1997 |    107,332        3.61       63.98
       1998 |    107,639        3.62       67.61
       1999 |    108,697        3.66       71.27
       2000 |    108,228        3.64       74.91
       2001 |    109,636        3.69       78.60
       2002 |    118,948        4.00       82.60
       2003 |    113,635        3.83       86.43
       2004 |    106,364        3.58       90.01
       2005 |    116,159        3.91       93.92
       2006 |    120,646        4.06       97.98
       2007 |     60,052        2.02      100.00
------------+-----------------------------------
      Total |  2,970,830      100.00

. tab qtr, gen(q) 

        qtr |      Freq.     Percent        Cum.
------------+-----------------------------------
          1 |    757,592       25.50       25.50
          2 |    736,426       24.79       50.29
          3 |    712,258       23.98       74.26
          4 |    764,554       25.74      100.00
------------+-----------------------------------
      Total |  2,970,830      100.00

. 
. count
  2,970,830

. save ogr_next5_79_300, replace
(file ogr_next5_79_300.dta not found)
file ogr_next5_79_300.dta saved

. 
. **************
. * Exclusions *
. **************
. 
. replace hhnum = 0 if hhnum==.
(210 real changes made)

. sort _hhid month state hhnum year

. egen id = group(_hhid month state hhnum firstyear)

. bysort id: egen seq = seq()

. tab seq

        seq |      Freq.     Percent        Cum.
------------+-----------------------------------
          1 |  1,485,415       50.00       50.00
          2 |  1,485,415       50.00      100.00
------------+-----------------------------------
      Total |  2,970,830      100.00

. drop seq

. bysort id: egen seq = seq() if mis==4
(1,485,415 missing values generated)

. tab seq

        seq |      Freq.     Percent        Cum.
------------+-----------------------------------
          1 |  1,485,415      100.00      100.00
------------+-----------------------------------
      Total |  1,485,415      100.00

. drop seq

. bysort id: egen seq = seq() if mis==8
(1,485,415 missing values generated)

. tab seq

        seq |      Freq.     Percent        Cum.
------------+-----------------------------------
          1 |  1,485,415      100.00      100.00
------------+-----------------------------------
      Total |  1,485,415      100.00

. drop seq

. 
. 
. duplicates tag _hhid month state hhnum, generate(dup)

Duplicates in terms of _hhid month state hhnum

. duplicates tag _hhid month state hhnum year, generate(dupyear)

Duplicates in terms of _hhid month state hhnum year

. 
. tab dup, missing

        dup |      Freq.     Percent        Cum.
------------+-----------------------------------
          1 |    911,228       30.67       30.67
          3 |    803,892       27.06       57.73
          5 |    787,182       26.50       84.23
          7 |    400,008       13.46       97.69
          9 |     68,520        2.31      100.00
------------+-----------------------------------
      Total |  2,970,830      100.00

. tab dupyear, missing

    dupyear |      Freq.     Percent        Cum.
------------+-----------------------------------
          0 |  2,970,830      100.00      100.00
------------+-----------------------------------
      Total |  2,970,830      100.00

. 
. gen drop = .
(2,970,830 missing values generated)

. 
. replace drop = 1 if state==. 
(0 real changes made)

. replace drop = 1 if miss1==1 & miss2==1
(1,744,071 real changes made)

. replace drop = 1 if hselfemp>=1
(89,284 real changes made)

. replace drop = 1 if agehead<18
(887 real changes made)

. replace drop = 1 if agehead>64 & agehead<.
(82,179 real changes made)

. 
. replace drop = 1 if ratio1>=0 & ratio1<.6
(1,910 real changes made)

. replace drop = 1 if ratio1>40 & ratio1<. //Note that this is not exactly cons
> istent with CEX, but it doesn't make a difference... probably
(0 real changes made)

. count if ratio1>39 & ratio1<.
  0

. replace drop = 1 if ratio2>=0 & ratio2<.6
(2,418 real changes made)

. replace drop = 1 if ratio2>40 & ratio2<. 
(0 real changes made)

. count if ratio2>39 & ratio2<.
  0

. 
. gen dkids = kids[_n]-kids[_n-1]
(1 missing value generated)

. gen dadults = adults[_n]-adults[_n-1]
(1 missing value generated)

. replace drop = 1 if mis==8 & (abs(dkids)>2 | abs(dadults)>2) & dkids<. & dadu
> lts<.
(4,740 real changes made)

. 
. gen fwage1 = wage1[_n+1]
(2,148,862 missing values generated)

. gen fwage2 = wage2[_n+1]
(2,266,495 missing values generated)

. 
. replace drop = 1 if mis==4 & (abs(ln(fwage1)-ln(wage1))>=1.5 | abs(ln(fwage2)
> -ln(wage2))>=1.5) & wage1<. & wage2<. & fwage1<. & fwage2<. 
(491 real changes made)

. // Also not exactly the same as CEX since >1.5 in CEX
. 
. by id: egen _drop = min(drop)
(831,312 missing values generated)

. tab drop mis

           |    Month in sample
      drop |         4          8 |     Total
-----------+----------------------+----------
         1 |   949,925    976,055 | 1,925,980 
-----------+----------------------+----------
     Total |   949,925    976,055 | 1,925,980 

. drop if _drop==1
(2,139,518 observations deleted)

. 
. count if id~=.
  831,312

. count if id~=. & mis==4
  415,656

. count if id~=. & mis==8
  415,656

. tab year

Year of CPS |
     Survey |      Freq.     Percent        Cum.
------------+-----------------------------------
       1979 |     16,348        1.97        1.97
       1980 |     34,399        4.14        6.10
       1981 |     34,019        4.09       10.20
       1982 |     32,536        3.91       14.11
       1983 |     32,898        3.96       18.07
       1984 |     24,667        2.97       21.04
       1985 |     12,701        1.53       22.56
       1986 |     21,324        2.57       25.13
       1987 |     33,423        4.02       29.15
       1988 |     32,379        3.89       33.04
       1989 |     32,843        3.95       36.99
       1990 |     34,379        4.14       41.13
       1991 |     34,702        4.17       45.30
       1992 |     34,713        4.18       49.48
       1993 |     33,542        4.03       53.51
       1994 |     22,366        2.69       56.21
       1995 |     11,337        1.36       57.57
       1996 |     20,518        2.47       60.04
       1997 |     30,793        3.70       63.74
       1998 |     30,694        3.69       67.43
       1999 |     30,823        3.71       71.14
       2000 |     30,548        3.67       74.82
       2001 |     31,717        3.82       78.63
       2002 |     34,081        4.10       82.73
       2003 |     31,641        3.81       86.54
       2004 |     29,889        3.60       90.13
       2005 |     32,608        3.92       94.05
       2006 |     33,163        3.99       98.04
       2007 |     16,261        1.96      100.00
------------+-----------------------------------
      Total |    831,312      100.00

. tab year if mis==4

Year of CPS |
     Survey |      Freq.     Percent        Cum.
------------+-----------------------------------
       1979 |     16,348        3.93        3.93
       1980 |     18,051        4.34        8.28
       1981 |     15,968        3.84       12.12
       1982 |     16,568        3.99       16.10
       1983 |     16,330        3.93       20.03
       1984 |      8,337        2.01       22.04
       1985 |      4,364        1.05       23.09
       1986 |     16,960        4.08       27.17
       1987 |     16,463        3.96       31.13
       1988 |     15,916        3.83       34.96
       1989 |     16,927        4.07       39.03
       1990 |     17,452        4.20       43.23
       1991 |     17,250        4.15       47.38
       1992 |     17,463        4.20       51.58
       1993 |     16,079        3.87       55.45
       1994 |      6,287        1.51       56.96
       1995 |      5,050        1.21       58.18
       1996 |     15,468        3.72       61.90
       1997 |     15,325        3.69       65.58
       1998 |     15,369        3.70       69.28
       1999 |     15,454        3.72       73.00
       2000 |     15,094        3.63       76.63
       2001 |     16,623        4.00       80.63
       2002 |     17,458        4.20       84.83
       2003 |     14,183        3.41       88.24
       2004 |     15,706        3.78       92.02
       2005 |     16,902        4.07       96.09
       2006 |     16,261        3.91      100.00
------------+-----------------------------------
      Total |    415,656      100.00

. tab year if mis==8

Year of CPS |
     Survey |      Freq.     Percent        Cum.
------------+-----------------------------------
       1980 |     16,348        3.93        3.93
       1981 |     18,051        4.34        8.28
       1982 |     15,968        3.84       12.12
       1983 |     16,568        3.99       16.10
       1984 |     16,330        3.93       20.03
       1985 |      8,337        2.01       22.04
       1986 |      4,364        1.05       23.09
       1987 |     16,960        4.08       27.17
       1988 |     16,463        3.96       31.13
       1989 |     15,916        3.83       34.96
       1990 |     16,927        4.07       39.03
       1991 |     17,452        4.20       43.23
       1992 |     17,250        4.15       47.38
       1993 |     17,463        4.20       51.58
       1994 |     16,079        3.87       55.45
       1995 |      6,287        1.51       56.96
       1996 |      5,050        1.21       58.18
       1997 |     15,468        3.72       61.90
       1998 |     15,325        3.69       65.58
       1999 |     15,369        3.70       69.28
       2000 |     15,454        3.72       73.00
       2001 |     15,094        3.63       76.63
       2002 |     16,623        4.00       80.63
       2003 |     17,458        4.20       84.83
       2004 |     14,183        3.41       88.24
       2005 |     15,706        3.78       92.02
       2006 |     16,902        4.07       96.09
       2007 |     16,261        3.91      100.00
------------+-----------------------------------
      Total |    415,656      100.00

. 
. *People who should have been dropped from original CPS sample
. drop _drop

. *replace drop = 1 if agehead==.
. replace drop = 1 if state==11
(5,348 real changes made)

. by id: egen _drop = min(drop)
(825,964 missing values generated)

. tab _drop mis

           |    Month in sample
     _drop |         4          8 |     Total
-----------+----------------------+----------
         1 |     2,674      2,674 |     5,348 
-----------+----------------------+----------
     Total |     2,674      2,674 |     5,348 

. drop if _drop==1
(5,348 observations deleted)

. 
. count
  825,964

. save ogr_next6_79_300, replace
(file ogr_next6_79_300.dta not found)
file ogr_next6_79_300.dta saved

. 
. ****** Round Weights ********
. replace hhwgt = round(hhwgt)
(821,584 real changes made)

. replace wgt1 = round(wgt1)
(399,804 real changes made)

. 
. save rep_cps.dta, replace
(file rep_cps.dta not found)
file rep_cps.dta saved

. 
. use rep_cps

. 
. * Share of Income from Minimum Wage at Beginning of Panel
. count if sharemw==.
  413,020

. gen firstsharemw = sharemw if mis==4
(413,020 missing values generated)

. sort id year

. by id: gen _firstsharemw = firstsharemw[1]
(76 missing values generated)

. drop firstsharemw

. ren _firstsharemw firstsharemw

. tab mis if missing(firstsharemw)

   Month in |
     sample |      Freq.     Percent        Cum.
------------+-----------------------------------
          4 |         38       50.00       50.00
          8 |         38       50.00      100.00
------------+-----------------------------------
      Total |         76      100.00

. 
. *Share of Income from 120-300% Minimum Wage at Beginning of Panel
. gen firstsharemw_120300 = sharemw_120300 if mis==4
(475,728 missing values generated)

. sort id year

. by id: gen _firstsharemw_120300 = firstsharemw_120300[1]
(125,492 missing values generated)

. drop firstsharemw_120300

. ren _firstsharemw_120300 firstsharemw_120300

. tab mis if missing(firstsharemw_120300)

   Month in |
     sample |      Freq.     Percent        Cum.
------------+-----------------------------------
          4 |     62,746       50.00       50.00
          8 |     62,746       50.00      100.00
------------+-----------------------------------
      Total |    125,492      100.00

. 
. *Share of Income from 200-300% Minimum Wage at Beginning of Panel
. gen firstsharemw_200300 = sharemw_200300 if mis==4
(635,490 missing values generated)

. sort id year

. by id: gen _firstsharemw_200300 = firstsharemw_200300[1]
(445,016 missing values generated)

. drop firstsharemw_200300

. ren _firstsharemw_200300 firstsharemw_200300

. tab mis if missing(firstsharemw_200300)

   Month in |
     sample |      Freq.     Percent        Cum.
------------+-----------------------------------
          4 |    222,508       50.00       50.00
          8 |    222,508       50.00      100.00
------------+-----------------------------------
      Total |    445,016      100.00

. 
. *Share of Income from 120-200% Minimum Wage at Beginning of Panel
. gen firstsharemw_120200 = sharemw_120200 if mis==4
(475,728 missing values generated)

. sort id year

. by id: gen _firstsharemw_120200 = firstsharemw_120200[1]
(125,492 missing values generated)

. drop firstsharemw_120200

. ren _firstsharemw_120200 firstsharemw_120200

. tab mis if missing(firstsharemw_120200)

   Month in |
     sample |      Freq.     Percent        Cum.
------------+-----------------------------------
          4 |     62,746       50.00       50.00
          8 |     62,746       50.00      100.00
------------+-----------------------------------
      Total |    125,492      100.00

. 
. *Confirm everyone has 2 observations
. by id: egen seq=seq()

. by id: egen maxseq=max(seq)

. drop if maxseq~=2
(0 observations deleted)

. 
. drop if year==1979 //1979 had been excluded from old CPS table
(16,277 observations deleted)

. drop y1-y29

. tab year, gen(y)

Year of CPS |
     Survey |      Freq.     Percent        Cum.
------------+-----------------------------------
       1980 |     34,198        4.22        4.22
       1981 |     33,787        4.17        8.40
       1982 |     32,312        3.99       12.39
       1983 |     32,660        4.03       16.42
       1984 |     24,485        3.02       19.44
       1985 |     12,598        1.56       21.00
       1986 |     21,154        2.61       23.61
       1987 |     33,183        4.10       27.71
       1988 |     32,173        3.97       31.69
       1989 |     32,646        4.03       35.72
       1990 |     34,170        4.22       39.94
       1991 |     34,485        4.26       44.20
       1992 |     34,494        4.26       48.46
       1993 |     33,345        4.12       52.57
       1994 |     22,250        2.75       55.32
       1995 |     11,271        1.39       56.71
       1996 |     20,380        2.52       59.23
       1997 |     30,612        3.78       63.01
       1998 |     30,527        3.77       66.78
       1999 |     30,637        3.78       70.57
       2000 |     30,353        3.75       74.32
       2001 |     31,491        3.89       78.20
       2002 |     33,849        4.18       82.38
       2003 |     31,440        3.88       86.27
       2004 |     29,692        3.67       89.93
       2005 |     32,387        4.00       93.93
       2006 |     32,945        4.07       98.00
       2007 |     16,163        2.00      100.00
------------+-----------------------------------
      Total |    809,687      100.00

. 
. xtset id mis

Panel variable: id (unbalanced)
 Time variable: mis, 4 to 8, but with gaps
         Delta: 1 unit

. 
. capture log close
