------------------------------------------------------------------------------------------------------------------------------
      name:  <unnamed>
       log:  /Users/anzony.quisperojas/Documents/GitHub/twfe_survey/replications/2010-2012/Hornbeck (2012)/run_twowayfe.log
  log type:  text
 opened on:  23 Jun 2026, 09:25:42

. 
. * Install packages if needed
. cap which twowayfeweights

. if _rc ssc install twowayfeweights, replace

. 
. * Helper program: significance stars
. cap program drop _stars

. program define _stars, rclass
  1.     args b se
  2.     local s ""
  3.     if `se' > 0 & `se' < . {
  4.         local t = abs(`b'/`se')
  5.         if `t' > 2.576      local s "***"
  6.         else if `t' > 1.960 local s "**"
  7.         else if `t' > 1.645 local s "*"
  8.     }
  9.     return local s "`s'"
 10. end

. 
. 
. /*==============================================================================
>   STEP 1: DATA PREPARATION
>   Follows original Analyze_DustBowl.do variable creation pipeline:
>   1. Keep 12 Dust Bowl states, drop 1935
>   2. Create outcome: value_landbuildings_f = ln(value_landbuildings/farmland)
>   3. Balance sample (15 years of non-missing outcome)
>   4. Drop non-Plains counties (frac_grassland_tot < 0.5)
>   5. Create farmland_weight (1930 farmland acres)
>   6. Create id_stateyear
>   7. Create time-varying treatment D_post
> ==============================================================================*/
. 
. use "$datadir/DustBowl_All_base1910.dta", clear

. 
. di _n "=== RAW DATA SUMMARY ==="

=== RAW DATA SUMMARY ===

. di "Observations: " _N
Observations: 52874

. desc, short

Contains data from /Users/anzony.quisperojas/Documents/GitHub/twfe_survey/data/2010-2012/Hornbeck (2012)/AER-2009-1347_Data_Co
> de/Analyze-Data/DustBowl_All_base1910.dta
 Observations:        52,874                  
    Variables:            89                  18 Jul 2011 16:06
Sorted by: fips  year

. 
. * Keep only 12 Dust Bowl states (following original code line 45)
. keep if state==8|state==19|state==20|state==27|state==30|state==31| ///
>         state==35|state==38|state==40|state==46|state==48|state==56
(35,833 observations deleted)

. 
. * Drop year 1935 (not used in main analysis)
. drop if year == 1935
(946 observations deleted)

. 
. * Drop missing farmland (line 72)
. drop if farmland == .
(82 observations deleted)

. 
. * Fill in missing county_acres (lines 51-53)
. sort fips year

. by fips: replace county_acres = county_acres[_n+1] if county_acres==.
(8 real changes made)

. by fips: replace county_acres = county_acres[_n+1] if county_acres==.
(0 real changes made)

. by fips: replace county_acres = county_acres[_n-1] if county_acres==.
(29 real changes made)

. 
. * Create outcome variable: log value of farmland+buildings per acre (line 94)
. gen value_landbuildings_f = ln(value_landbuildings/farmland)
(953 missing values generated)

. * Drop outlier errors (line 96)
. replace value_landbuildings_f = . if value_landbuildings_f < -1
(2 real changes made, 2 to missing)

. 
. * Balance sample: need 15 years of non-missing value_landbuildings_f
. * (following original lines 131-158, simplified)
. replace value_landbuildings_f = . if year==1974
(940 real changes made, 940 to missing)

. sort fips

. by fips: egen balance_vlf = count(value_landbuildings_f)

. drop if balance_vlf != 15
(428 observations deleted)

. drop balance_vlf

. 
. * Drop non-Plains counties (line 161)
. cap drop if frac_grassland_tot < .5

. * Drop non-contiguous counties (line 163)
. cap drop if fips==48043 | fips==48243 | fips==35013 | fips==35017 | fips==30007

. 
. * Generate farmland weight: 1930 baseline farmland acres (lines 182-186)
. gen farmland_w = farmland if year==1930
(12,558 missing values generated)

. sort fips year

. by fips: egen farmland_weight = max(farmland_w)

. drop farmland_w

. 
. * Generate state x year ID (line 192)
. gen double id_stateyear = state*10000 + year

. 
. di _n "--- Panel structure ---"

--- Panel structure ---

. qui tab fips

. di "Counties (G): " r(r)
Counties (G): 785

. qui tab year

. di "Years (T): " r(r)
Years (T): 17

. tab year

       year |      Freq.     Percent        Cum.
------------+-----------------------------------
       1910 |        785        5.88        5.88
       1920 |        785        5.88       11.77
       1925 |        785        5.88       17.65
       1930 |        785        5.88       23.53
       1940 |        785        5.88       29.42
       1945 |        785        5.88       35.30
       1950 |        785        5.88       41.18
       1954 |        785        5.88       47.07
       1959 |        785        5.88       52.95
       1964 |        785        5.88       58.83
       1969 |        785        5.88       64.72
       1974 |        785        5.88       70.60
       1978 |        785        5.88       76.48
       1982 |        785        5.88       82.37
       1987 |        785        5.88       88.25
       1992 |        785        5.88       94.13
       1997 |        783        5.87      100.00
------------+-----------------------------------
      Total |     13,343      100.00

. di ""


. di "--- Erosion variables (treatment) ---"
--- Erosion variables (treatment) ---

. di "m1_0 = share in LOW erosion (<25% topsoil loss)"
m1_0 = share in LOW erosion (<25% topsoil loss)

. di "m1_1 = share in MEDIUM erosion (25-75% topsoil loss)"
m1_1 = share in MEDIUM erosion (25-75% topsoil loss)

. di "m1_2 = share in HIGH erosion (>75% topsoil loss)"
m1_2 = share in HIGH erosion (>75% topsoil loss)

. summ m1_0 m1_1 m1_2

    Variable |        Obs        Mean    Std. dev.       Min        Max
-------------+---------------------------------------------------------
        m1_0 |     13,343    .3674429    .3674809  -1.03e-07          1
        m1_1 |     13,343    .4803509     .353944          0          1
        m1_2 |     13,343    .1522062    .2689051          0          1

. di ""


. di "--- Outcome: value_landbuildings_f (log value farmland+buildings/acre) ---"
--- Outcome: value_landbuildings_f (log value farmland+buildings/acre) ---

. summ value_landbuildings_f

    Variable |        Obs        Mean    Std. dev.       Min        Max
-------------+---------------------------------------------------------
value_land~f |     11,775    4.632896    1.360325   .9046342   8.659949

. di ""


. di "--- Weight: farmland_weight (county farmland acres, 1930) ---"
--- Weight: farmland_weight (county farmland acres, 1930) ---

. summ farmland_weight

    Variable |        Obs        Mean    Std. dev.       Min        Max
-------------+---------------------------------------------------------
farmland_w~t |     13,343    553886.7      526334   42072.42    6159509

. 
. * --- Create time-varying treatment ---
. * D_post = m1_2 * I(year > 1930): captures post-Dust Bowl effect
. * of high erosion intensity
. gen D_high_post = m1_2 * (year > 1930)

. gen D_med_post  = m1_1 * (year > 1930)

. label var D_high_post "High erosion x post-1930"

. label var D_med_post  "Medium erosion x post-1930"

. 
. di _n "--- Time-varying treatment summary ---"

--- Time-varying treatment summary ---

. di "D_high_post (m1_2 * I(year>1930)):"
D_high_post (m1_2 * I(year>1930)):

. tab year, summ(D_high_post)

            | Summary of High erosion x post-1930
       year |        Mean   Std. dev.       Freq.
------------+------------------------------------
       1910 |           0           0         785
       1920 |           0           0         785
       1925 |           0           0         785
       1930 |           0           0         785
       1940 |   .15218339    .2690527         785
       1945 |   .15218339    .2690527         785
       1950 |   .15218339    .2690527         785
       1954 |   .15218339    .2690527         785
       1959 |   .15218339    .2690527         785
       1964 |   .15218339    .2690527         785
       1969 |   .15218339    .2690527         785
       1974 |   .15218339    .2690527         785
       1978 |   .15218339    .2690527         785
       1982 |   .15218339    .2690527         785
       1987 |   .15218339    .2690527         785
       1992 |   .15218339    .2690527         785
       1997 |    .1525721    .2692863         783
------------+------------------------------------
      Total |   .11639297   .24385353      13,343

. di ""


. di "D_med_post (m1_1 * I(year>1930)):"
D_med_post (m1_1 * I(year>1930)):

. tab year, summ(D_med_post)

            |     Summary of Medium erosion x
            |              post-1930
       year |        Mean   Std. dev.       Freq.
------------+------------------------------------
       1910 |           0           0         785
       1920 |           0           0         785
       1925 |           0           0         785
       1930 |           0           0         785
       1940 |   .48035657   .35413136         785
       1945 |   .48035657   .35413136         785
       1950 |   .48035657   .35413136         785
       1954 |   .48035657   .35413136         785
       1959 |   .48035657   .35413136         785
       1964 |   .48035657   .35413136         785
       1969 |   .48035657   .35413136         785
       1974 |   .48035657   .35413136         785
       1978 |   .48035657   .35413136         785
       1982 |   .48035657   .35413136         785
       1987 |   .48035657   .35413136         785
       1992 |   .48035657   .35413136         785
       1997 |   .48025985   .35455771         783
------------+------------------------------------
      Total |   .36730888   .37057132      13,343

. 
. * --- Sample restriction: keep counties with non-missing weight ---
. drop if farmland_weight == . | farmland_weight == 0
(0 observations deleted)

. qui tab fips

. di _n "After sample restrictions: " _N " obs, " r(r) " counties"

After sample restrictions: 13343 obs, 785 counties

. 
end of do-file

. do "/var/folders/gb/56xms55d53n734tnp7xq55bh0000gq/T//SD24177.000000"

. 
. di _n "=============================================="

==============================================

. di "  STEP 6: SAVE CLEAN PANEL .dta (G, T, D)"
  STEP 6: SAVE CLEAN PANEL .dta (G, T, D)

. di "=============================================="
==============================================

. 
. keep fips year D_high_post value_landbuildings_f

. 
. label variable fips                   "G: County FIPS code"

. label variable year                   "T: Census year (1910-1997)"

. label variable D_high_post            "D: High erosion x post-1930"

. label variable value_landbuildings_f  "Y: Log farm land+buildings value"

. 
. rename fips G

. rename year T

. rename D_high_post D

. rename value_landbuildings_f Y

. 
. save "$outdir/panel_GTD.dta", replace
file /Users/anzony.quisperojas/Documents/GitHub/twfe_survey/replications/2010-2012/Hornbeck (2012)/panel_GTD.dta saved

. di "  -> panel_GTD.dta saved with " _N " observations"
  -> panel_GTD.dta saved with 13343 observations

. di "  G = fips, T = year, D = D_high_post"
  G = fips, T = year, D = D_high_post

. 
. log close _all
      name:  <unnamed>
       log:  /Users/anzony.quisperojas/Documents/GitHub/twfe_survey/replications/2010-2012/Hornbeck (2012)/run_twowayfe.log
  log type:  text
 closed on:  23 Jun 2026, 09:26:14
------------------------------------------------------------------------------------------------------------------------------
