------------------------------------------------------------------------------------------------------------------------------------------------------
      name:  <unnamed>
       log:  /Users/anzony.quisperojas/Documents/GitHub/twfe_survey/replications/2010-2012/Zhang and Zhu (2011)/run_twowayfe.log
  log type:  text
 opened on:  23 Jun 2026, 15:56:58

. 
. * Install packages if needed
. cap which estout

. if _rc ssc install estout, replace

. cap which twowayfeweights

. if _rc ssc install twowayfeweights, replace

. 
. 
. /*==============================================================================
>   STEP 0: DATA PREPARATION (replicate main.do data construction)
> ==============================================================================*/
. 
. di _n "=============================================="

==============================================

. di    "STEP 0: DATA PREPARATION"
STEP 0: DATA PREPARATION

. di    "=============================================="
==============================================

. 
. use "$datadir/daily_contribution.dta", clear

. 
. * Create join and last dates
. egen joindate = min(date), by(id)

. egen lastdate = max(date) if (date < mdy(10, 10, 2006) | date > mdy(11, 17, 2006)) & Total > 0, by(id)
(7,323,462 missing values generated)

. egen temp = max(lastdate), by(id)
(215,184 missing values generated)

. replace lastdate = temp if lastdate==.
(7,108,278 real changes made)

. drop temp

. format lastdate %d

. 
. * Identify contributors during 1st block
. gen contributed_during_1st_block = Total > 0 & Total!=. & (date >= mdy(6, 2, 2004) & date <= mdy(6, 17, 2004))

. egen temp = max(contributed_during_1st_block), by(id)

. replace contributed_during_1st_block = temp
(201,423 real changes made)

. drop temp

. 
. * Identify nonblocked contributors
. gen nonblocked = 0

. replace nonblocked = 1 if joindate < mdy(10, 19, 2005) & lastdate >= mdy(11, 1, 2005) & lastdate !=.
(1,027,806 real changes made)

. replace nonblocked = 1 if joindate < mdy(10, 19, 2005) & contributed_during_1st_block == 1
(145,091 real changes made)

. drop contributed_during_1st_block

. 
. * Merge language statistics
. sort id

. merge id using "$datadir/userlangstat_percentage.dta"
(you are using old merge syntax; see [D] merge for new syntax)
variable id does not uniquely identify observations in the master data

. drop if _merge == 2
(108 observations deleted)

. drop _merge

. 
. gen overseas = .
(7,494,072 missing values generated)

. replace overseas = percentage > 0.5 & percentage!=.
(7,494,072 real changes made)

. drop percentage

. replace nonblocked = 1 if overseas==1 & joindate < mdy(10, 19, 2005)
(58,584 real changes made)

. 
. * Generate week variable
. gen week = .
(7,494,072 missing values generated)

. quietly do "$datadir/genweek.do"

. 
. * Keep nonblocked contributors only
. drop if nonblocked == 0
(6,262,591 observations deleted)

. 
. * Create weekly aggregates
. gen id_week = string(id) + "_" + string(week)

. egen weekly_Addition = total(Addition), by(id_week)

. egen weekly_Deletion = total(Deletion), by(id_week)

. egen min_date = min(date), by(id_week)

. duplicates drop id_week, force

Duplicates in terms of id_week

(1,055,322 observations deleted)

. replace date = min_date
(0 real changes made)

. drop min_date

. format joindate %d

. 
. * Create analysis variables
. gen age = round((date - joindate)/7)

. gen agesqr = age^2

. gen logAddition = log(weekly_Addition + 1)

. gen logDeletion = log(weekly_Deletion + 1)

. gen logTotal = log(weekly_Addition + weekly_Deletion + 1)

. gen after = week > 0

. 
. * Merge social participation data (for Table 3)
. sort id

. merge id using "$datadir/userpagestat2005.dta"
(you are using old merge syntax; see [D] merge for new syntax)
variable id does not uniquely identify observations in the master data

. drop if _merge==2
(1,451 observations deleted)

. drop _merge

. sort id

. merge id using "$datadir/usertalkstat2005.dta"
(you are using old merge syntax; see [D] merge for new syntax)
variable id does not uniquely identify observations in the master data

. drop if _merge==2
(1,085 observations deleted)

. drop _merge

. 
. replace userpage2005_add = 0 if userpage2005_add==.
(85,840 real changes made)

. replace userpage2005_deleted = 0 if userpage2005_deleted ==.
(85,840 real changes made)

. replace usertalk2005_add = 0 if usertalk2005_add ==.
(110,191 real changes made)

. replace usertalk2005_deleted = 0 if usertalk2005_deleted ==.
(110,191 real changes made)

. 
. gen social_participation = userpage2005_add + userpage2005_deleted + usertalk2005_add + usertalk2005_deleted

. replace social_participation = 0 if social_participation == .
(0 real changes made)

. 
. gen temp = age if week == 0
(174,452 missing values generated)

. egen age_to_block = max(temp), by(id)

. replace social_participation = social_participation/(age_to_block+1)
(100,526 real changes made)

. replace social_participation = log(social_participation+1)
(100,739 real changes made)

. drop temp age_to_block

. 
. gen social_participation_after = social_participation * after

. 
. * Merge percent_blocked data (for Table 4)
. sort id

. merge id using "$datadir/percent_blocked.dta"
(you are using old merge syntax; see [D] merge for new syntax)
variable id does not uniquely identify observations in the master data

. drop if _merge==2
(4,432 observations deleted)

. drop _merge

. 
. gen percent_blocked_after = percent_blocked * after

. 
. * Sample restriction: weeks -4 to 4, excluding week 0
. gen insample = ((week >= -4 & week < 0) | (week > 0 & week <= 4))

. 
. di "Total observations in sample: "
Total observations in sample: 

. count if insample == 1
  13,376

. di "Unique contributors: "
Unique contributors: 

. qui tab id if insample == 1

. di r(r)
1707

. 
. 
. /*==============================================================================
>   STEP 1: TABLE 3 - COLS 4-6 (Individual FE with social participation)
> ==============================================================================*/
. 
. di _n "=============================================="

==============================================

. di    "TABLE 3: COLS 4-6 (Individual FE)"
TABLE 3: COLS 4-6 (Individual FE)

. di    "=============================================="
==============================================

. 
. * Col 4: logTotal
. di _n "--- Table 3, Column 4: Log(Total Contributions) ---"

--- Table 3, Column 4: Log(Total Contributions) ---

. xtreg logTotal after social_participation_after social_participation ///
>     age agesqr if insample == 1, i(id) fe r
note: social_participation omitted because of collinearity.

Fixed-effects (within) regression               Number of obs     =     13,376
Group variable: id                              Number of groups  =      1,707

R-squared:                                      Obs per group:
     Within  = 0.0547                                         min =          5
     Between = 0.0286                                         avg =        7.8
     Overall = 0.0053                                         max =          8

                                                F(4, 1706)        =      52.22
corr(u_i, Xb) = -0.5450                         Prob > F          =     0.0000

                                               (Std. err. adjusted for 1,707 clusters in id)
--------------------------------------------------------------------------------------------
                           |               Robust
                  logTotal | Coefficient  std. err.      t    P>|t|     [95% conf. interval]
---------------------------+----------------------------------------------------------------
                     after |  -.2123229   .0856191    -2.48   0.013    -.3802524   -.0443935
social_participation_after |  -.1899138   .0240112    -7.91   0.000    -.2370083   -.1428193
      social_participation |          0  (omitted)
                       age |  -.0620709   .0153722    -4.04   0.000    -.0922213   -.0319205
                    agesqr |   .0008433   .0001105     7.63   0.000     .0006266      .00106
                     _cons |   1.903201   .4005707     4.75   0.000     1.117539    2.688862
---------------------------+----------------------------------------------------------------
                   sigma_u |   2.393397
                   sigma_e |  1.7062398
                       rho |  .66303381   (fraction of variance due to u_i)
--------------------------------------------------------------------------------------------

. 
end of do-file

. do "/var/folders/gb/56xms55d53n734tnp7xq55bh0000gq/T//SD39892.000000"

. xtreg logAddition after social_participation_after social_participation ///
>     age agesqr if insample == 1, i(id) fe r
note: social_participation omitted because of collinearity.

Fixed-effects (within) regression               Number of obs     =     13,376
Group variable: id                              Number of groups  =      1,707

R-squared:                                      Obs per group:
     Within  = 0.0527                                         min =          5
     Between = 0.0252                                         avg =        7.8
     Overall = 0.0040                                         max =          8

                                                F(4, 1706)        =      48.24
corr(u_i, Xb) = -0.5205                         Prob > F          =     0.0000

                                               (Std. err. adjusted for 1,707 clusters in id)
--------------------------------------------------------------------------------------------
                           |               Robust
               logAddition | Coefficient  std. err.      t    P>|t|     [95% conf. interval]
---------------------------+----------------------------------------------------------------
                     after |  -.1696689   .0821785    -2.06   0.039    -.3308502   -.0084876
social_participation_after |   -.181731    .023404    -7.76   0.000    -.2276346   -.1358273
      social_participation |          0  (omitted)
                       age |  -.0623646   .0148181    -4.21   0.000    -.0914281    -.033301
                    agesqr |   .0008016   .0001053     7.61   0.000     .0005951    .0010082
                     _cons |   1.887985   .3875686     4.87   0.000     1.127825    2.648144
---------------------------+----------------------------------------------------------------
                   sigma_u |  2.2440449
                   sigma_e |  1.6403129
                       rho |  .65176033   (fraction of variance due to u_i)
--------------------------------------------------------------------------------------------

. 
end of do-file

. do "/var/folders/gb/56xms55d53n734tnp7xq55bh0000gq/T//SD39892.000000"

. keep if insample == 1
(162,783 observations deleted)

. 
end of do-file

. tab week

       week |      Freq.     Percent        Cum.
------------+-----------------------------------
         -4 |      1,566       11.71       11.71
         -3 |      1,612       12.05       23.76
         -2 |      1,663       12.43       36.19
         -1 |      1,707       12.76       48.95
          1 |      1,707       12.76       61.72
          2 |      1,707       12.76       74.48
          3 |      1,707       12.76       87.24
          4 |      1,707       12.76      100.00
------------+-----------------------------------
      Total |     13,376      100.00

. do "/var/folders/gb/56xms55d53n734tnp7xq55bh0000gq/T//SD39892.000000"

. gen week_num = week + 5

. 
end of do-file

. tab week_num

   week_num |      Freq.     Percent        Cum.
------------+-----------------------------------
          1 |      1,566       11.71       11.71
          2 |      1,612       12.05       23.76
          3 |      1,663       12.43       36.19
          4 |      1,707       12.76       48.95
          6 |      1,707       12.76       61.72
          7 |      1,707       12.76       74.48
          8 |      1,707       12.76       87.24
          9 |      1,707       12.76      100.00
------------+-----------------------------------
      Total |     13,376      100.00

. do "/var/folders/gb/56xms55d53n734tnp7xq55bh0000gq/T//SD39892.000000"

. replace week_num = week + 4 if week > 0
(6,828 real changes made)

. 
end of do-file

. tab week_num

   week_num |      Freq.     Percent        Cum.
------------+-----------------------------------
          1 |      1,566       11.71       11.71
          2 |      1,612       12.05       23.76
          3 |      1,663       12.43       36.19
          4 |      1,707       12.76       48.95
          5 |      1,707       12.76       61.72
          6 |      1,707       12.76       74.48
          7 |      1,707       12.76       87.24
          8 |      1,707       12.76      100.00
------------+-----------------------------------
      Total |     13,376      100.00

. do "/var/folders/gb/56xms55d53n734tnp7xq55bh0000gq/T//SD39892.000000"

. 
. keep id week_num  social_participation_after after logTotal social_participation age agesqr

. 
. label variable id        "G: Contributor ID"

. label variable week_num  "T: Week number (1-8)"

. label variable social_participation_after     "D: Post X Treat social_participation"

. label variable logTotal  "Y: Log total contributions"

. 
. label variable after "Post Treatment"  

. label varaible social_participation "Dose of Treatment "
invalid syntax
r(198);

end of do-file

r(198);

. do "/var/folders/gb/56xms55d53n734tnp7xq55bh0000gq/T//SD39892.000000"

. label variable social_participation "Dose of Treatment "

. local variable age  "Age"

. local variable agesqr "AgeSq"

.         
. rename id G

. rename week_num T

. rename social_participation_after D

. rename logTotal Y

. rename after Post

. rename social_participation TR

. rename age control1

. rename agesqr control2

. 
. save "$outdir/panel_GTD.dta", replace
file /Users/anzony.quisperojas/Documents/GitHub/twfe_survey/replications/2010-2012/Zhang and Zhu (2011)/panel_GTD.dta saved

. di "  -> panel_GTD.dta saved with " _N " observations"
  -> panel_GTD.dta saved with 13376 observations

. di "  G = id, T = week_num, D = after"
  G = id, T = week_num, D = after

. 
. log close _all
      name:  <unnamed>
       log:  /Users/anzony.quisperojas/Documents/GitHub/twfe_survey/replications/2010-2012/Zhang and Zhu (2011)/run_twowayfe.log
  log type:  text
 closed on:  23 Jun 2026, 16:06:23
------------------------------------------------------------------------------------------------------------------------------------------------------
