------------------------------------------------------------------------------------------------------------------------------------------------------------------------
      name:  <unnamed>
       log:  /Users/anzony.quisperojas/Documents/GitHub/twfe_survey/replications/2010-2012/Gentzkow et al. (2011)/run_twowayfe.log
  log type:  text
 opened on:  26 Jun 2026, 13:07:18

. set more off

. set matsize 5000
set matsize ignored.
    Matrix sizes are no longer limited by c(matsize) in modern Statas.  Matrix sizes are now limited by edition of Stata.  See limits for more details.

. 
end of do-file

. do "/var/folders/gb/56xms55d53n734tnp7xq55bh0000gq/T//SD06260.000000"

. 
. 
. * --- Load custom ado files and parameters ---
. adopath + "$datadir/external"
  [1]  (BASE)      "/Applications/StataNow/ado/base/"
  [2]  (SITE)      "/Applications/StataNow/ado/site/"
  [3]              "."
  [4]  (PERSONAL)  "/Users/anzony.quisperojas/Documents/Stata/ado/personal/"
  [5]  (PLUS)      "/Users/anzony.quisperojas/Library/Application Support/Stata/ado/plus/"
  [6]  (OLDPLACE)  "~/ado/"
  [7]              "/Users/anzony.quisperojas/Documents/GitHub/twfe_survey/data/2010-2012/Gentzkow et al. (2011)/20091316_data/external"

. 
. * Manual globals from input_param.txt (loadglob fails in modern Stata)
. global samplestart 1872

. global sampleend 1928

. global datastart 1868

. global dataend 2004

. global maxpolyorder 3

. global maxwindow 1

. global maxhorizon 40

. global localgraphwindow 6

. global panelvar "cnty90"

. global yearvar "year"

. global delta 4

. global polymidpoint .5

. global maxchange -9999

. global demolist "D_ishare_foreign D_ishare_manuf D_ishare_male D_ishare_urb D_ishare_town D_ishare_white D_ilog_manufout_ctrl"

. global misdemolist "mis_D_ishare_foreign mis_D_ishare_manuf mis_D_ishare_male mis_D_ishare_urb mis_D_ishare_town mis_D_ishare_white mis_D_ilog_manufout_ctrl"

. 
. 
. use "$datadir/temp/voting_cnty_clean.dta", clear

. 
. 
. di _n "============================================================"

============================================================

. di "  STEP 6: SAVE CLEAN PANEL .dta (G, T, D)"
  STEP 6: SAVE CLEAN PANEL .dta (G, T, D)

. di "============================================================"
============================================================

. define_event x, changein(numdailies) maxchange($maxchange) window(1)
command placevar is unrecognized
r(199);

end of do-file

r(199);

. help placevar

. see helpvar
command see is unrecognized
r(199);

. help placevar

. do "/var/folders/gb/56xms55d53n734tnp7xq55bh0000gq/T//SD06260.000000"

. 
. * --- Load custom ado files and parameters ---
. adopath + "$datadir/external"
  [1]  (BASE)      "/Applications/StataNow/ado/base/"
  [2]  (SITE)      "/Applications/StataNow/ado/site/"
  [3]              "."
  [4]  (PERSONAL)  "/Users/anzony.quisperojas/Documents/Stata/ado/personal/"
  [5]  (PLUS)      "/Users/anzony.quisperojas/Library/Application Support/Stata/ado/plus/"
  [6]  (OLDPLACE)  "~/ado/"
  [7]              "/Users/anzony.quisperojas/Documents/GitHub/twfe_survey/data/2010-2012/Gentzkow et al. (2011)/20091316_data/external"

. 
. * Manual globals from input_param.txt (loadglob fails in modern Stata)
. global samplestart 1872

. global sampleend 1928

. global datastart 1868

. global dataend 2004

. global maxpolyorder 3

. global maxwindow 1

. global maxhorizon 40

. global localgraphwindow 6

. global panelvar "cnty90"

. global yearvar "year"

. global delta 4

. global polymidpoint .5

. global maxchange -9999

. global demolist "D_ishare_foreign D_ishare_manuf D_ishare_male D_ishare_urb D_ishare_town D_ishare_white D_ilog_manufout_ctrl"

. global misdemolist "mis_D_ishare_foreign mis_D_ishare_manuf mis_D_ishare_male mis_D_ishare_urb mis_D_ishare_town mis_D_ishare_white mis_D_ilog_manufout_ctrl"

. 
. 
. use "$datadir/temp/voting_cnty_clean.dta", clear

. 
. 
. di _n "============================================================"

============================================================

. di "  STEP 6: SAVE CLEAN PANEL .dta (G, T, D)"
  STEP 6: SAVE CLEAN PANEL .dta (G, T, D)

. di "============================================================"
============================================================

. define_event x, changein(numdailies) maxchange($maxchange) window(1)

. 
. keep if mainsample
(127,617 observations deleted)

. keep cnty90 year numdailies prestout styr x0
variable x0 not found
r(111);

end of do-file

r(111);

. tab x
x ambiguous abbreviation
r(111);

. do "/var/folders/gb/56xms55d53n734tnp7xq55bh0000gq/T//SD06260.000000"

. 
. use "$datadir/temp/voting_cnty_clean.dta", clear

. 
. 
. di _n "============================================================"

============================================================

. di "  STEP 6: SAVE CLEAN PANEL .dta (G, T, D)"
  STEP 6: SAVE CLEAN PANEL .dta (G, T, D)

. di "============================================================"
============================================================

. define_event x, changein(numdailies) maxchange($maxchange) window(1)

. 
. keep if mainsample
(127,617 observations deleted)

. keep cnty90 year numdailies prestout styr x_0

. 
. label variable cnty90      "G: County ID (1990 boundaries)"

. label variable year        "T: Election year"

. label variable x_00  "D: Any daily newspapers"
variable x_00 not found
r(111);

end of do-file

r(111);

. do "/var/folders/gb/56xms55d53n734tnp7xq55bh0000gq/T//SD06260.000000"

. 
. label variable cnty90      "G: County ID (1990 boundaries)"

. label variable year        "T: Election year"

. label variable x_0  "D: Any daily newspapers"

. label variable prestout    "Y: Presidential turnout"

. label variable styr    "STY: State X Year"

. 
. egen aux = group(year)

. replace year = aux
(15,627 real changes made)

. drop aux 

. 
. rename cnty90 G

. rename x0 D
variable x0 not found
r(111);

end of do-file

r(111);

. do "/var/folders/gb/56xms55d53n734tnp7xq55bh0000gq/T//SD06260.000000"

. rename x_0 D

. rename year T

. rename prestout Y

. rename styr FE1

. 
. 
. 
. save "$outdir/panel_GTD.dta", replace
file /Users/anzony.quisperojas/Documents/GitHub/twfe_survey/replications/2010-2012/Gentzkow et al. (2011)/panel_GTD.dta saved

. di "  -> panel_GTD.dta saved with " _N " observations"
  -> panel_GTD.dta saved with 15627 observations

. di "  G = cnty90, T = year, D = numdailies"
  G = cnty90, T = year, D = numdailies

. 
. log close
      name:  <unnamed>
       log:  /Users/anzony.quisperojas/Documents/GitHub/twfe_survey/replications/2010-2012/Gentzkow et al. (2011)/run_twowayfe.log
  log type:  text
 closed on:  26 Jun 2026, 13:18:08
------------------------------------------------------------------------------------------------------------------------------------------------------------------------
